07-17 00:04:14.057 E/WifiVendorHal( 1437): $r8$lambda$s6w0pmKyq6-tDdqCEDbOV_xqgVE(l.1179) failed {.code = ERROR_NOT_SUPPORTED, .description = }
07-17 00:04:14.167 E/msys    ( 5558): E[N mns:TigonMNS]_OnResolverSuccess(359)=>Cache refresh succeeded with system DNS resolver. IP count: 1
07-17 00:04:14.167 E/msys    ( 5558): E[N mns:TigonMNS]_OnResolverSuccess(359)=>Cache refresh succeeded with system DNS resolver. IP count: 1
07-17 00:04:14.207 E/msys    ( 5558): E[N mns:TigonMNS]_OnResolverSuccess(359)=>Cache refresh succeeded with system DNS resolver. IP count: 1
07-17 00:04:14.229 E/msys    ( 5558): E[N mns:TigonMNS]_OnResolverSuccess(359)=>Cache refresh succeeded with system DNS resolver. IP count: 1
07-17 00:04:14.234 E/audit   (  820): type=1400 audit(1784228654.233:84323): avc:  denied  { write } for  pid=4096 comm="ThreadPoolForeg" name="traced_producer" dev="tmpfs" ino=10975 scontext=u:r:gmscore_app:s0:c512,c768 tcontext=u:object_r:traced_producer_socket:s0 tclass=sock_file permissive=0 SEPF_SM-A325F_12_0001 audit_filtered
07-17 00:04:14.234 E/audit   (  820): type=1300 audit(1784228654.233:84323): arch=c00000b7 syscall=203 success=no exit=-13 a0=c6 a1=b400007af5d41440 a2=1e a3=ffffffff95aa3570 items=0 ppid=838 pid=4096 auid=4294967295 uid=10217 gid=10217 euid=10217 suid=10217 fsuid=10217 egid=10217 sgid=10217 fsgid=10217 tty=(none) ses=4294967295 comm="ThreadPoolForeg" exe="/system/bin/app_process64" subj=u:r:gmscore_app:s0:c512,c768 key=(null)
07-17 00:04:14.235 E/audit   (  820): type=1327 audit(1784228654.233:84323): proctitle="com.google.android.gms.persistent"
07-17 00:04:14.346 E/audit   (  820): type=1400 audit(1784228654.341:84324): avc:  granted  { execute } for  pid=5558 comm="SWPool3_t1of1" path="/data/data/com.instagram.android/lib-compressed/libarfxmerged.so" dev="dm-47" ino=60901 scontext=u:r:untrusted_app:s0:c44,c257,c512,c768 tcontext=u:object_r:app_data_file:s0:c44,c257,c512,c768 tclass=file SEPF_SM-A325F_12_0001 audit_filtered
07-17 00:04:14.346 E/ActionQueryTaskListener( 5558): 0 onTaskComplete [true,false,] BACKGROUND modules: [pytorch] actions: [LOAD=[pytorch],COMPLETE_SUCCESS=[pytorch]]
07-17 00:04:14.379 E/JavaBinder( 1437): !!! FAILED BINDER TRANSACTION !!!  (parcel size = 529480)
07-17 00:04:14.512 E/FirebaseMessaging( 5960): Topic sync or token retrieval failed on hard failure exceptions: java.util.concurrent.ExecutionException: java.io.IOException: FIS_AUTH_ERROR. Won't retry the operation.
07-17 00:04:14.627 E/ActionQueryTaskListener( 5558): 1 onTaskStart BACKGROUND modules: [executorch] actions: [LOAD=[executorch],COMPLETE_SUCCESS=[executorch]]
07-17 00:04:14.638 E/ActionQueryTaskListener( 5558): 1 onLoadBatchStart BACKGROUND modules: [executorch] actions: [LOAD=[executorch],COMPLETE_SUCCESS=[executorch]]
07-17 00:04:14.680 E/ActionQueryTaskListener( 5558): 1 onLoadBatchComplete exception: null BACKGROUND modules: [executorch] actions: [LOAD=[executorch],COMPLETE_SUCCESS=[executorch]]
07-17 00:04:15.050 E/PhoneRestrictionPolicy( 1437): getEmergencyCall >>false
07-17 00:04:15.051 E/PhoneRestrictionPolicy( 1437): getEmergencyCall >>false
07-17 00:04:15.056 E/PhoneRestrictionPolicy( 1437): getEmergencyCall >>false
07-17 00:04:15.057 E/PhoneRestrictionPolicy( 1437): getEmergencyCall >>false
07-17 00:04:15.093 E/PhoneRestrictionPolicy( 1437): getEmergencyCall >>false
07-17 00:04:15.094 E/PhoneRestrictionPolicy( 1437): getEmergencyCall >>false
07-17 00:04:15.094 E/PhoneRestrictionPolicy( 1437): getEmergencyCall >>false
07-17 00:04:15.095 E/PhoneRestrictionPolicy( 1437): getEmergencyCall >>false
07-17 00:04:15.124 E/PhoneRestrictionPolicy( 1437): getEmergencyCall >>false
07-17 00:04:15.125 E/PhoneRestrictionPolicy( 1437): getEmergencyCall >>false
07-17 00:04:15.133 E/PhoneRestrictionPolicy( 1437): getEmergencyCall >>false
07-17 00:04:15.134 E/PhoneRestrictionPolicy( 1437): getEmergencyCall >>false
07-17 00:04:15.146 E/PhoneRestrictionPolicy( 1437): getEmergencyCall >>false
07-17 00:04:15.147 E/PhoneRestrictionPolicy( 1437): getEmergencyCall >>false
07-17 00:04:15.148 E/PhoneRestrictionPolicy( 1437): getEmergencyCall >>false
07-17 00:04:15.150 E/PhoneRestrictionPolicy( 1437): getEmergencyCall >>false
07-17 00:04:15.206 E/PhoneRestrictionPolicy( 1437): getEmergencyCall >>false
07-17 00:04:15.207 E/PhoneRestrictionPolicy( 1437): getEmergencyCall >>false
07-17 00:04:15.221 E/PhoneRestrictionPolicy( 1437): getEmergencyCall >>false
07-17 00:04:15.228 E/PhoneRestrictionPolicy( 1437): getEmergencyCall >>false
07-17 00:04:15.378 E/ActionQueryTaskListener( 5558): 1 onTaskComplete [true,false,] BACKGROUND modules: [executorch] actions: [LOAD=[executorch],COMPLETE_SUCCESS=[executorch]]
07-17 00:04:15.401 E/audit   (  820): type=1400 audit(1784228655.397:84327): avc:  granted  { execute } for  pid=5558 comm="SWPool3_t1of1" path="/data/data/com.instagram.android/modules/executorch_9bf7b6c9332c3624e0f7c1c980503798fba2b1853fed2ecd0a86a483daa9e221/lib-compressed/arm64-v8a/1017398439/asset-libs/libdynamic_executorch.so" dev="dm-47" ino=118463 scontext=u:r:untrusted_app:s0:c44,c257,c512,c768 tcontext=u:object_r:app_data_file:s0:c44,c257,c512,c768 tclass=file SEPF_SM-A325F_12_0001 audit_filtered
07-17 00:04:15.401 E/audit   (  820): type=1300 audit(1784228655.397:84327): arch=c00000b7 syscall=222 success=yes exit=525537423360 a0=7a5c78b000 a1=7e9e90 a2=5 a3=12 items=0 ppid=838 pid=5558 auid=4294967295 uid=10300 gid=10300 euid=10300 suid=10300 fsuid=10300 egid=10300 sgid=10300 fsgid=10300 tty=(none) ses=4294967295 comm="SWPool3_t1of1" exe="/system/bin/app_process64" subj=u:r:untrusted_app:s0:c44,c257,c512,c768 key=(null)
07-17 00:04:15.401 E/audit   (  820): type=1327 audit(1784228655.397:84327): proctitle="com.instagram.android"
07-17 00:04:15.412 E/audit   (  820): type=1400 audit(1784228655.409:84328): avc:  denied  { read } for  pid=5558 comm="SWPool3_t1of1" name="u:object_r:media_plat_prop:s0" dev="tmpfs" ino=1351 scontext=u:r:untrusted_app:s0:c44,c257,c512,c768 tcontext=u:object_r:media_plat_prop:s0 tclass=file permissive=0 SEPF_SM-A325F_12_0001 audit_filtered
07-17 00:04:15.860 E/PhoneRestrictionPolicy( 1437): getEmergencyCall >>false
07-17 00:04:15.861 E/PhoneRestrictionPolicy( 1437): getEmergencyCall >>false
07-17 00:04:15.873 E/PhoneRestrictionPolicy( 1437): getEmergencyCall >>false
07-17 00:04:15.874 E/PhoneRestrictionPolicy( 1437): getEmergencyCall >>false
07-17 00:04:15.903 E/PhoneRestrictionPolicy( 1437): getEmergencyCall >>false
07-17 00:04:15.904 E/PhoneRestrictionPolicy( 1437): getEmergencyCall >>false
07-17 00:04:15.923 E/PhoneRestrictionPolicy( 1437): getEmergencyCall >>false
07-17 00:04:15.924 E/PhoneRestrictionPolicy( 1437): getEmergencyCall >>false
07-17 00:04:15.941 E/PhoneRestrictionPolicy( 1437): getEmergencyCall >>false
07-17 00:04:15.942 E/PhoneRestrictionPolicy( 1437): getEmergencyCall >>false
07-17 00:04:15.975 E/PhoneRestrictionPolicy( 1437): getEmergencyCall >>false
07-17 00:04:15.977 E/PhoneRestrictionPolicy( 1437): getEmergencyCall >>false
07-17 00:04:16.321 E/ActivityThread( 3806): Failed to find provider info for com.samsung.android.app.deepsky.DeepSkyQuery.provider
07-17 00:04:16.322 E/SmartSuggestionsHelper( 3806): isSmartSuggestionsEnabled: Attempt to invoke virtual method 'android.os.Bundle android.content.ContentProviderClient.call(java.lang.String, java.lang.String, android.os.Bundle)' on a null object reference
07-17 00:04:16.323 E/JavaBinder( 1437): !!! FAILED BINDER TRANSACTION !!!  (parcel size = 529480)
07-17 00:04:16.546 E/JavaBinder( 1437): !!! FAILED BINDER TRANSACTION !!!  (parcel size = 529480)
07-17 00:04:16.726 E/audit   (  820): type=1400 audit(1784228656.725:84331): avc:  denied  { write } for  pid=4828 comm="ThreadPoolForeg" name="traced_producer" dev="tmpfs" ino=10975 scontext=u:r:gmscore_app:s0:c512,c768 tcontext=u:object_r:traced_producer_socket:s0 tclass=sock_file permissive=0 SEPF_SM-A325F_12_0001 audit_filtered
07-17 00:04:16.726 E/audit   (  820): type=1300 audit(1784228656.725:84331): arch=c00000b7 syscall=203 success=no exit=-13 a0=76 a1=b400007c4629a2e0 a2=1e a3=ffffffff95aa3570 items=0 ppid=838 pid=4828 auid=4294967295 uid=10217 gid=10217 euid=10217 suid=10217 fsuid=10217 egid=10217 sgid=10217 fsgid=10217 tty=(none) ses=4294967295 comm="ThreadPoolForeg" exe="/system/bin/app_process64" subj=u:r:gmscore_app:s0:c512,c768 key=(null)
07-17 00:04:16.726 E/audit   (  820): type=1327 audit(1784228656.725:84331): proctitle="com.google.android.gms"
07-17 00:04:16.967 E/AppOps  ( 1437): evalMode() Foreground mode : uid - 10207, op - 27, capability - 0
07-17 00:04:16.967 E/AppOps  ( 1437): evalMode() Foreground mode : uid - 10207, op - 1, capability - 0
07-17 00:04:17.038 E/JavaBinder( 1437): !!! FAILED BINDER TRANSACTION !!!  (parcel size = 529480)
07-17 00:04:17.063 E/WifiVendorHal( 1437): $r8$lambda$s6w0pmKyq6-tDdqCEDbOV_xqgVE(l.1179) failed {.code = ERROR_NOT_SUPPORTED, .description = }
07-17 00:04:17.314 E/JavaBinder( 1437): !!! FAILED BINDER TRANSACTION !!!  (parcel size = 529480)
07-17 00:04:17.716 E/JavaBinder( 1437): !!! FAILED BINDER TRANSACTION !!!  (parcel size = 529480)
07-17 00:04:17.970 E/JavaBinder( 1437): !!! FAILED BINDER TRANSACTION !!!  (parcel size = 529480)
07-17 00:04:18.380 E/JavaBinder( 1437): !!! FAILED BINDER TRANSACTION !!!  (parcel size = 529480)
07-17 00:04:18.632 E/JavaBinder( 1437): !!! FAILED BINDER TRANSACTION !!!  (parcel size = 529480)
07-17 00:04:18.729 E/audit   (  820): type=1400 audit(1784228658.725:84332): avc:  denied  { write } for  pid=4828 comm="ThreadPoolForeg" name="traced_producer" dev="tmpfs" ino=10975 scontext=u:r:gmscore_app:s0:c512,c768 tcontext=u:object_r:traced_producer_socket:s0 tclass=sock_file permissive=0 SEPF_SM-A325F_12_0001 audit_filtered
07-17 00:04:18.729 E/audit   (  820): type=1300 audit(1784228658.725:84332): arch=c00000b7 syscall=203 success=no exit=-13 a0=76 a1=b400007c463c3b00 a2=1e a3=ffffffff95aa3570 items=0 ppid=838 pid=4828 auid=4294967295 uid=10217 gid=10217 euid=10217 suid=10217 fsuid=10217 egid=10217 sgid=10217 fsgid=10217 tty=(none) ses=4294967295 comm="ThreadPoolForeg" exe="/system/bin/app_process64" subj=u:r:gmscore_app:s0:c512,c768 key=(null)
07-17 00:04:18.729 E/audit   (  820): type=1327 audit(1784228658.725:84332): proctitle="com.google.android.gms"
07-17 00:04:18.943 E/JavaBinder( 1437): !!! FAILED BINDER TRANSACTION !!!  (parcel size = 529480)
07-17 00:04:19.134 E/JavaBinder( 1437): !!! FAILED BINDER TRANSACTION !!!  (parcel size = 529480)
07-17 00:04:19.239 E/audit   (  820): type=1400 audit(1784228659.237:84333): avc:  denied  { write } for  pid=4096 comm="ThreadPoolForeg" name="traced_producer" dev="tmpfs" ino=10975 scontext=u:r:gmscore_app:s0:c512,c768 tcontext=u:object_r:traced_producer_socket:s0 tclass=sock_file permissive=0 SEPF_SM-A325F_12_0001 audit_filtered
07-17 00:04:19.239 E/audit   (  820): type=1300 audit(1784228659.237:84333): arch=c00000b7 syscall=203 success=no exit=-13 a0=f5 a1=b400007af5d41420 a2=1e a3=ffffffff95aa3570 items=0 ppid=838 pid=4096 auid=4294967295 uid=10217 gid=10217 euid=10217 suid=10217 fsuid=10217 egid=10217 sgid=10217 fsgid=10217 tty=(none) ses=4294967295 comm="ThreadPoolForeg" exe="/system/bin/app_process64" subj=u:r:gmscore_app:s0:c512,c768 key=(null)
07-17 00:04:19.375 E/tflite  ( 5303): third_party/tensorflow/lite/core/subgraph.cc:1089 tensor.data.raw != nullptr was not true.
07-17 00:04:19.413 E/JavaBinder( 1437): !!! FAILED BINDER TRANSACTION !!!  (parcel size = 529480)
07-17 00:04:19.482 E/native  ( 5303): E0000 00:00:1784228659.482414    5392 re2.cc:250] Error parsing '^|[^\p{Letter}\\]': invalid character class range: \p{Letter}
07-17 00:04:19.482 E/native  ( 5303): E0000 00:00:1784228659.482824    5392 replacement_rule.cc:40] Invalid context regexp: invalid character class range: \p{Letter}
07-17 00:04:19.482 E/native  ( 5303): E0000 00:00:1784228659.482898    5392 replacement_rule.cc:151] Error creating replacement rule.
07-17 00:04:19.483 E/native  ( 5303): E0000 00:00:1784228659.482981    5392 regexp_rewriter.cc:35] Error creating rule MessageLite at 0xb400007aea147860.
07-17 00:04:19.696 E/JavaBinder( 1437): !!! FAILED BINDER TRANSACTION !!!  (parcel size = 529480)
07-17 00:04:20.027 E/JavaBinder( 1437): !!! FAILED BINDER TRANSACTION !!!  (parcel size = 529480)
07-17 00:04:20.071 E/WifiVendorHal( 1437): $r8$lambda$s6w0pmKyq6-tDdqCEDbOV_xqgVE(l.1179) failed {.code = ERROR_NOT_SUPPORTED, .description = }
07-17 00:04:20.201 E/JavaBinder( 1437): !!! FAILED BINDER TRANSACTION !!!  (parcel size = 529480)
07-17 00:04:20.475 E/JavaBinder( 1437): !!! FAILED BINDER TRANSACTION !!!  (parcel size = 529480)
07-17 00:04:20.570 E/SP.Service.AiAi( 4251): captions_i18n_v0_en-US is opened by other clients. It will stay open until all clients close it.
07-17 00:04:20.585 E/SP.Service.AiAi( 4251): captions_i18n_v0_mandatory is opened by other clients. It will stay open until all clients close it.
07-17 00:04:20.813 E/JavaBinder( 1437): !!! FAILED BINDER TRANSACTION !!!  (parcel size = 529480)
07-17 00:04:21.123 E/JavaBinder( 1437): !!! FAILED BINDER TRANSACTION !!!  (parcel size = 529480)
07-17 00:04:21.295 E/JavaBinder( 1437): !!! FAILED BINDER TRANSACTION !!!  (parcel size = 529480)
07-17 00:04:21.591 E/JavaBinder( 1437): !!! FAILED BINDER TRANSACTION !!!  (parcel size = 529480)
07-17 00:04:21.733 E/audit   (  820): type=1400 audit(1784228661.729:84334): avc:  denied  { write } for  pid=4828 comm="ThreadPoolForeg" name="traced_producer" dev="tmpfs" ino=10975 scontext=u:r:gmscore_app:s0:c512,c768 tcontext=u:object_r:traced_producer_socket:s0 tclass=sock_file permissive=0 SEPF_SM-A325F_12_0001 audit_filtered
07-17 00:04:21.733 E/audit   (  820): type=1300 audit(1784228661.729:84334): arch=c00000b7 syscall=203 success=no exit=-13 a0=7e a1=b400007c4629a2c0 a2=1e a3=ffffffff95aa3570 items=0 ppid=838 pid=4828 auid=4294967295 uid=10217 gid=10217 euid=10217 suid=10217 fsuid=10217 egid=10217 sgid=10217 fsgid=10217 tty=(none) ses=4294967295 comm="ThreadPoolForeg" exe="/system/bin/app_process64" subj=u:r:gmscore_app:s0:c512,c768 key=(null)
07-17 00:04:21.733 E/audit   (  820): type=1327 audit(1784228661.729:84334): proctitle="com.google.android.gms"
07-17 00:04:21.864 E/JavaBinder( 1437): !!! FAILED BINDER TRANSACTION !!!  (parcel size = 529480)
07-17 00:04:22.155 E/JavaBinder( 1437): !!! FAILED BINDER TRANSACTION !!!  (parcel size = 529480)
07-17 00:04:22.322 E/JavaBinder( 1437): !!! FAILED BINDER TRANSACTION !!!  (parcel size = 529480)
07-17 00:04:22.362 E/audit   (  820): type=1400 audit(1784228662.361:84335): avc:  denied  { read } for  pid=4096 comm="lowpool[7]" name="u:object_r:media_plat_prop:s0" dev="tmpfs" ino=1351 scontext=u:r:gmscore_app:s0:c512,c768 tcontext=u:object_r:media_plat_prop:s0 tclass=file permissive=0 SEPF_SM-A325F_12_0001 audit_filtered
07-17 00:04:22.546 E/android.hardware.health@2.1-service-samsung(  853): Could not open /sys/class/power_supply/battery/lrp
07-17 00:04:22.553 E/SecPowerUI.Notification( 1881): no saved value, so we do nothing !!
07-17 00:04:22.637 E/JavaBinder( 1437): !!! FAILED BINDER TRANSACTION !!!  (parcel size = 529480)
07-17 00:04:23.005 E/JavaBinder( 1437): !!! FAILED BINDER TRANSACTION !!!  (parcel size = 529480)
07-17 00:04:23.078 E/WifiVendorHal( 1437): $r8$lambda$s6w0pmKyq6-tDdqCEDbOV_xqgVE(l.1179) failed {.code = ERROR_NOT_SUPPORTED, .description = }
07-17 00:04:23.243 E/audit   (  820): type=1400 audit(1784228663.241:84336): avc:  denied  { write } for  pid=4096 comm="ThreadPoolForeg" name="traced_producer" dev="tmpfs" ino=10975 scontext=u:r:gmscore_app:s0:c512,c768 tcontext=u:object_r:traced_producer_socket:s0 tclass=sock_file permissive=0 SEPF_SM-A325F_12_0001 audit_filtered
07-17 00:04:23.243 E/audit   (  820): type=1300 audit(1784228663.241:84336): arch=c00000b7 syscall=203 success=no exit=-13 a0=f6 a1=b400007af5d00700 a2=1e a3=ffffffff95aa3570 items=0 ppid=838 pid=4096 auid=4294967295 uid=10217 gid=10217 euid=10217 suid=10217 fsuid=10217 egid=10217 sgid=10217 fsgid=10217 tty=(none) ses=4294967295 comm="ThreadPoolForeg" exe="/system/bin/app_process64" subj=u:r:gmscore_app:s0:c512,c768 key=(null)
07-17 00:04:23.243 E/audit   (  820): type=1327 audit(1784228663.241:84336): proctitle="com.google.android.gms.persistent"
07-17 00:04:23.301 E/JavaBinder( 1437): !!! FAILED BINDER TRANSACTION !!!  (parcel size = 529480)
07-17 00:04:23.537 E/JavaBinder( 1437): !!! FAILED BINDER TRANSACTION !!!  (parcel size = 529480)
07-17 00:04:23.835 E/JavaBinder( 1437): !!! FAILED BINDER TRANSACTION !!!  (parcel size = 529480)
07-17 00:04:24.013 E/JavaBinder( 1437): !!! FAILED BINDER TRANSACTION !!!  (parcel size = 529480)
07-17 00:04:24.371 E/JavaBinder( 1437): !!! FAILED BINDER TRANSACTION !!!  (parcel size = 529480)
07-17 00:04:24.557 E/JavaBinder( 1437): !!! FAILED BINDER TRANSACTION !!!  (parcel size = 529480)
07-17 00:04:24.808 E/JavaBinder( 1437): !!! FAILED BINDER TRANSACTION !!!  (parcel size = 529480)
07-17 00:04:25.119 E/JavaBinder( 1437): !!! FAILED BINDER TRANSACTION !!!  (parcel size = 529480)
07-17 00:04:25.416 E/JavaBinder( 1437): !!! FAILED BINDER TRANSACTION !!!  (parcel size = 529480)
07-17 00:04:25.589 E/JavaBinder( 1437): !!! FAILED BINDER TRANSACTION !!!  (parcel size = 529480)
07-17 00:04:25.735 E/audit   (  820): type=1400 audit(1784228665.733:84337): avc:  denied  { write } for  pid=4828 comm="ThreadPoolForeg" name="traced_producer" dev="tmpfs" ino=10975 scontext=u:r:gmscore_app:s0:c512,c768 tcontext=u:object_r:traced_producer_socket:s0 tclass=sock_file permissive=0 SEPF_SM-A325F_12_0001 audit_filtered
07-17 00:04:25.735 E/audit   (  820): type=1300 audit(1784228665.733:84337): arch=c00000b7 syscall=203 success=no exit=-13 a0=83 a1=b400007b718e2b60 a2=1e a3=ffffffff95aa3570 items=0 ppid=838 pid=4828 auid=4294967295 uid=10217 gid=10217 euid=10217 suid=10217 fsuid=10217 egid=10217 sgid=10217 fsgid=10217 tty=(none) ses=4294967295 comm="ThreadPoolForeg" exe="/system/bin/app_process64" subj=u:r:gmscore_app:s0:c512,c768 key=(null)
07-17 00:04:25.735 E/audit   (  820): type=1327 audit(1784228665.733:84337): proctitle="com.google.android.gms"
07-17 00:04:25.967 E/msys    ( 5558): E[N mns:TigonMNS]_OnResolverSuccess(359)=>Cache refresh succeeded with system DNS resolver. IP count: 1
07-17 00:04:25.967 E/msys    ( 5558): E[N mns:TigonMNS]_OnResolverSuccess(359)=>Cache refresh succeeded with system DNS resolver. IP count: 1
07-17 00:04:25.998 E/JavaBinder( 1437): !!! FAILED BINDER TRANSACTION !!!  (parcel size = 529480)
07-17 00:04:26.088 E/WifiVendorHal( 1437): $r8$lambda$s6w0pmKyq6-tDdqCEDbOV_xqgVE(l.1179) failed {.code = ERROR_NOT_SUPPORTED, .description = }
07-17 00:04:26.171 E/JavaBinder( 1437): !!! FAILED BINDER TRANSACTION !!!  (parcel size = 529480)
07-17 00:04:26.485 E/JavaBinder( 1437): !!! FAILED BINDER TRANSACTION !!!  (parcel size = 529480)
07-17 00:04:26.863 E/JavaBinder( 1437): !!! FAILED BINDER TRANSACTION !!!  (parcel size = 529480)
07-17 00:04:27.156 E/JavaBinder( 1437): !!! FAILED BINDER TRANSACTION !!!  (parcel size = 529480)
07-17 00:04:27.410 E/JavaBinder( 1437): !!! FAILED BINDER TRANSACTION !!!  (parcel size = 529480)
07-17 00:04:27.467 E/GlobalSettingsRepoBase( 2214): globalgcsettings No matched key : separate_vo5g_icon
07-17 00:04:27.723 E/JavaBinder( 1437): !!! FAILED BINDER TRANSACTION !!!  (parcel size = 529480)
07-17 00:04:27.891 E/JavaBinder( 1437): !!! FAILED BINDER TRANSACTION !!!  (parcel size = 529480)
07-17 00:04:28.250 E/audit   (  820): type=1400 audit(1784228668.245:84338): avc:  denied  { write } for  pid=4096 comm="ThreadPoolForeg" name="traced_producer" dev="tmpfs" ino=10975 scontext=u:r:gmscore_app:s0:c512,c768 tcontext=u:object_r:traced_producer_socket:s0 tclass=sock_file permissive=0 SEPF_SM-A325F_12_0001 audit_filtered
07-17 00:04:28.250 E/audit   (  820): type=1300 audit(1784228668.245:84338): arch=c00000b7 syscall=203 success=no exit=-13 a0=9a a1=b400007af5d43980 a2=1e a3=ffffffff95aa3570 items=0 ppid=838 pid=4096 auid=4294967295 uid=10217 gid=10217 euid=10217 suid=10217 fsuid=10217 egid=10217 sgid=10217 fsgid=10217 tty=(none) ses=4294967295 comm="ThreadPoolForeg" exe="/system/bin/app_process64" subj=u:r:gmscore_app:s0:c512,c768 key=(null)
07-17 00:04:28.250 E/audit   (  820): type=1327 audit(1784228668.245:84338): proctitle="com.google.android.gms.persistent"
07-17 00:04:28.263 E/JavaBinder( 1437): !!! FAILED BINDER TRANSACTION !!!  (parcel size = 529480)
07-17 00:04:28.450 E/JavaBinder( 1437): !!! FAILED BINDER TRANSACTION !!!  (parcel size = 529480)
07-17 00:04:28.662 E/JavaBinder( 1437): !!! FAILED BINDER TRANSACTION !!!  (parcel size = 529480)
07-17 00:04:28.832 E/JavaBinder( 1437): !!! FAILED BINDER TRANSACTION !!!  (parcel size = 529480)
07-17 00:04:29.003 E/JavaBinder( 1437): !!! FAILED BINDER TRANSACTION !!!  (parcel size = 529480)
07-17 00:04:29.098 E/WifiVendorHal( 1437): $r8$lambda$s6w0pmKyq6-tDdqCEDbOV_xqgVE(l.1179) failed {.code = ERROR_NOT_SUPPORTED, .description = }
07-17 00:04:29.280 E/JavaBinder( 1437): !!! FAILED BINDER TRANSACTION !!!  (parcel size = 529480)
07-17 00:04:29.455 E/JavaBinder( 1437): !!! FAILED BINDER TRANSACTION !!!  (parcel size = 529480)
07-17 00:04:29.628 E/JavaBinder( 1437): !!! FAILED BINDER TRANSACTION !!!  (parcel size = 529480)
07-17 00:04:29.811 E/JavaBinder( 1437): !!! FAILED BINDER TRANSACTION !!!  (parcel size = 529480)
07-17 00:04:29.981 E/JavaBinder( 1437): !!! FAILED BINDER TRANSACTION !!!  (parcel size = 529480)
07-17 00:04:30.332 E/JavaBinder( 1437): !!! FAILED BINDER TRANSACTION !!!  (parcel size = 529480)
07-17 00:04:30.502 E/JavaBinder( 1437): !!! FAILED BINDER TRANSACTION !!!  (parcel size = 529480)
07-17 00:04:30.743 E/audit   (  820): type=1400 audit(1784228670.741:84339): avc:  denied  { write } for  pid=4828 comm="ThreadPoolForeg" name="traced_producer" dev="tmpfs" ino=10975 scontext=u:r:gmscore_app:s0:c512,c768 tcontext=u:object_r:traced_producer_socket:s0 tclass=sock_file permissive=0 SEPF_SM-A325F_12_0001 audit_filtered
07-17 00:04:30.744 E/audit   (  820): type=1300 audit(1784228670.741:84339): arch=c00000b7 syscall=203 success=no exit=-13 a0=83 a1=b400007b719068a0 a2=1e a3=ffffffff95aa3570 items=0 ppid=838 pid=4828 auid=4294967295 uid=10217 gid=10217 euid=10217 suid=10217 fsuid=10217 egid=10217 sgid=10217 fsgid=10217 tty=(none) ses=4294967295 comm="ThreadPoolForeg" exe="/system/bin/app_process64" subj=u:r:gmscore_app:s0:c512,c768 key=(null)
07-17 00:04:30.744 E/audit   (  820): type=1327 audit(1784228670.741:84339): proctitle="com.google.android.gms"
07-17 00:04:30.966 E/JavaBinder( 1437): !!! FAILED BINDER TRANSACTION !!!  (parcel size = 529480)
07-17 00:04:31.151 E/JavaBinder( 1437): !!! FAILED BINDER TRANSACTION !!!  (parcel size = 529480)
07-17 00:04:31.472 E/JavaBinder( 1437): !!! FAILED BINDER TRANSACTION !!!  (parcel size = 529480)
07-17 00:04:31.644 E/JavaBinder( 1437): !!! FAILED BINDER TRANSACTION !!!  (parcel size = 529480)
07-17 00:04:32.067 E/JavaBinder( 1437): !!! FAILED BINDER TRANSACTION !!!  (parcel size = 529480)
07-17 00:04:32.107 E/WifiVendorHal( 1437): $r8$lambda$s6w0pmKyq6-tDdqCEDbOV_xqgVE(l.1179) failed {.code = ERROR_NOT_SUPPORTED, .description = }
07-17 00:04:32.244 E/JavaBinder( 1437): !!! FAILED BINDER TRANSACTION !!!  (parcel size = 529480)
07-17 00:04:32.540 E/JavaBinder( 1437): !!! FAILED BINDER TRANSACTION !!!  (parcel size = 529480)
07-17 00:04:32.591 E/android.hardware.health@2.1-service-samsung(  853): Could not open /sys/class/power_supply/battery/lrp
07-17 00:04:32.601 E/SecPowerUI.Notification( 1881): no saved value, so we do nothing !!
07-17 00:04:32.719 E/JavaBinder( 1437): !!! FAILED BINDER TRANSACTION !!!  (parcel size = 529480)
07-17 00:04:33.170 E/JavaBinder( 1437): !!! FAILED BINDER TRANSACTION !!!  (parcel size = 529480)
07-17 00:04:33.344 E/JavaBinder( 1437): !!! FAILED BINDER TRANSACTION !!!  (parcel size = 529480)
07-17 00:04:33.633 E/JavaBinder( 1437): !!! FAILED BINDER TRANSACTION !!!  (parcel size = 529480)
07-17 00:04:33.936 E/JavaBinder( 1437): !!! FAILED BINDER TRANSACTION !!!  (parcel size = 529480)
07-17 00:04:34.244 E/JavaBinder( 1437): !!! FAILED BINDER TRANSACTION !!!  (parcel size = 529480)
07-17 00:04:34.257 E/audit   (  820): type=1400 audit(1784228674.253:84340): avc:  denied  { write } for  pid=4096 comm="ThreadPoolForeg" name="traced_producer" dev="tmpfs" ino=10975 scontext=u:r:gmscore_app:s0:c512,c768 tcontext=u:object_r:traced_producer_socket:s0 tclass=sock_file permissive=0 SEPF_SM-A325F_12_0001 audit_filtered
07-17 00:04:34.257 E/audit   (  820): type=1300 audit(1784228674.253:84340): arch=c00000b7 syscall=203 success=no exit=-13 a0=9a a1=b400007af5d43960 a2=1e a3=ffffffff95aa3570 items=0 ppid=838 pid=4096 auid=4294967295 uid=10217 gid=10217 euid=10217 suid=10217 fsuid=10217 egid=10217 sgid=10217 fsgid=10217 tty=(none) ses=4294967295 comm="ThreadPoolForeg" exe="/system/bin/app_process64" subj=u:r:gmscore_app:s0:c512,c768 key=(null)
07-17 00:04:34.257 E/audit   (  820): type=1327 audit(1784228674.253:84340): proctitle="com.google.android.gms.persistent"
07-17 00:04:34.419 E/JavaBinder( 1437): !!! FAILED BINDER TRANSACTION !!!  (parcel size = 529480)
07-17 00:04:34.832 E/JavaBinder( 1437): !!! FAILED BINDER TRANSACTION !!!  (parcel size = 529480)
07-17 00:04:35.013 E/JavaBinder( 1437): !!! FAILED BINDER TRANSACTION !!!  (parcel size = 529480)
07-17 00:04:35.119 E/WifiVendorHal( 1437): $r8$lambda$s6w0pmKyq6-tDdqCEDbOV_xqgVE(l.1179) failed {.code = ERROR_NOT_SUPPORTED, .description = }
07-17 00:04:35.313 E/JavaBinder( 1437): !!! FAILED BINDER TRANSACTION !!!  (parcel size = 529480)
07-17 00:04:35.485 E/JavaBinder( 1437): !!! FAILED BINDER TRANSACTION !!!  (parcel size = 529480)
07-17 00:04:35.828 E/JavaBinder( 1437): !!! FAILED BINDER TRANSACTION !!!  (parcel size = 529480)
07-17 00:04:36.007 E/JavaBinder( 1437): !!! FAILED BINDER TRANSACTION !!!  (parcel size = 529480)
07-17 00:04:36.185 E/JavaBinder( 1437): !!! FAILED BINDER TRANSACTION !!!  (parcel size = 529480)
07-17 00:04:36.364 E/JavaBinder( 1437): !!! FAILED BINDER TRANSACTION !!!  (parcel size = 529480)
07-17 00:04:36.540 E/JavaBinder( 1437): !!! FAILED BINDER TRANSACTION !!!  (parcel size = 529480)
07-17 00:04:36.751 E/audit   (  820): type=1400 audit(1784228676.749:84341): avc:  denied  { write } for  pid=4828 comm="ThreadPoolForeg" name="traced_producer" dev="tmpfs" ino=10975 scontext=u:r:gmscore_app:s0:c512,c768 tcontext=u:object_r:traced_producer_socket:s0 tclass=sock_file permissive=0 SEPF_SM-A325F_12_0001 audit_filtered
07-17 00:04:36.751 E/audit   (  820): type=1300 audit(1784228676.749:84341): arch=c00000b7 syscall=203 success=no exit=-13 a0=83 a1=b400007c4629a300 a2=1e a3=ffffffff95aa3570 items=0 ppid=838 pid=4828 auid=4294967295 uid=10217 gid=10217 euid=10217 suid=10217 fsuid=10217 egid=10217 sgid=10217 fsgid=10217 tty=(none) ses=4294967295 comm="ThreadPoolForeg" exe="/system/bin/app_process64" subj=u:r:gmscore_app:s0:c512,c768 key=(null)
07-17 00:04:36.751 E/audit   (  820): type=1327 audit(1784228676.749:84341): proctitle="com.google.android.gms"
07-17 00:04:36.816 E/JavaBinder( 1437): !!! FAILED BINDER TRANSACTION !!!  (parcel size = 529480)
07-17 00:04:36.987 E/JavaBinder( 1437): !!! FAILED BINDER TRANSACTION !!!  (parcel size = 529480)
07-17 00:04:37.158 E/JavaBinder( 1437): !!! FAILED BINDER TRANSACTION !!!  (parcel size = 529480)
07-17 00:04:37.329 E/JavaBinder( 1437): !!! FAILED BINDER TRANSACTION !!!  (parcel size = 529480)
07-17 00:04:37.500 E/JavaBinder( 1437): !!! FAILED BINDER TRANSACTION !!!  (parcel size = 529480)
07-17 00:04:37.741 E/netd    (  837): Error adding route 119.160.95.248/32 -> 10.7.16.1 wlan0 to table 99: File exists
07-17 00:04:37.893 E/JavaBinder( 1437): !!! FAILED BINDER TRANSACTION !!!  (parcel size = 529480)
07-17 00:04:38.064 E/JavaBinder( 1437): !!! FAILED BINDER TRANSACTION !!!  (parcel size = 529480)
07-17 00:04:38.125 E/WifiVendorHal( 1437): $r8$lambda$s6w0pmKyq6-tDdqCEDbOV_xqgVE(l.1179) failed {.code = ERROR_NOT_SUPPORTED, .description = }
07-17 00:04:38.352 E/JavaBinder( 1437): !!! FAILED BINDER TRANSACTION !!!  (parcel size = 529480)
07-17 00:04:38.692 E/JavaBinder( 1437): !!! FAILED BINDER TRANSACTION !!!  (parcel size = 529480)
07-17 00:04:38.989 E/JavaBinder( 1437): !!! FAILED BINDER TRANSACTION !!!  (parcel size = 529480)
07-17 00:04:39.298 E/JavaBinder( 1437): !!! FAILED BINDER TRANSACTION !!!  (parcel size = 529480)
07-17 00:04:39.609 E/JavaBinder( 1437): !!! FAILED BINDER TRANSACTION !!!  (parcel size = 529480)
07-17 00:04:39.785 E/JavaBinder( 1437): !!! FAILED BINDER TRANSACTION !!!  (parcel size = 529480)
07-17 00:04:40.080 E/JavaBinder( 1437): !!! FAILED BINDER TRANSACTION !!!  (parcel size = 529480)
07-17 00:04:40.402 E/JavaBinder( 1437): !!! FAILED BINDER TRANSACTION !!!  (parcel size = 529480)
07-17 00:04:40.702 E/JavaBinder( 1437): !!! FAILED BINDER TRANSACTION !!!  (parcel size = 529480)
07-17 00:04:40.887 E/JavaBinder( 1437): !!! FAILED BINDER TRANSACTION !!!  (parcel size = 529480)
07-17 00:04:41.135 E/WifiVendorHal( 1437): $r8$lambda$s6w0pmKyq6-tDdqCEDbOV_xqgVE(l.1179) failed {.code = ERROR_NOT_SUPPORTED, .description = }
07-17 00:04:41.266 E/audit   (  820): type=1400 audit(1784228681.261:84342): avc:  denied  { write } for  pid=4096 comm="ThreadPoolForeg" name="traced_producer" dev="tmpfs" ino=10975 scontext=u:r:gmscore_app:s0:c512,c768 tcontext=u:object_r:traced_producer_socket:s0 tclass=sock_file permissive=0 SEPF_SM-A325F_12_0001 audit_filtered
07-17 00:04:41.266 E/audit   (  820): type=1300 audit(1784228681.261:84342): arch=c00000b7 syscall=203 success=no exit=-13 a0=7a a1=b400007af5d41440 a2=1e a3=ffffffff95aa3570 items=0 ppid=838 pid=4096 auid=4294967295 uid=10217 gid=10217 euid=10217 suid=10217 fsuid=10217 egid=10217 sgid=10217 fsgid=10217 tty=(none) ses=4294967295 comm="ThreadPoolForeg" exe="/system/bin/app_process64" subj=u:r:gmscore_app:s0:c512,c768 key=(null)
07-17 00:04:41.266 E/audit   (  820): type=1327 audit(1784228681.261:84342): proctitle="com.google.android.gms.persistent"
07-17 00:04:41.967 E/Watchdog( 1437): !@Sync: 7375 heap: 136 / 159 FD: 943 [2026-07-17 00:04:41.967]
07-17 00:04:42.643 E/android.hardware.health@2.1-service-samsung(  853): Could not open /sys/class/power_supply/battery/lrp
07-17 00:04:42.658 E/SecPowerUI.Notification( 1881): no saved value, so we do nothing !!
07-17 00:04:43.760 E/audit   (  820): type=1400 audit(1784228683.757:84343): avc:  denied  { write } for  pid=4828 comm="ThreadPoolForeg" name="traced_producer" dev="tmpfs" ino=10975 scontext=u:r:gmscore_app:s0:c512,c768 tcontext=u:object_r:traced_producer_socket:s0 tclass=sock_file permissive=0 SEPF_SM-A325F_12_0001 audit_filtered
07-17 00:04:43.760 E/audit   (  820): type=1300 audit(1784228683.757:84343): arch=c00000b7 syscall=203 success=no exit=-13 a0=83 a1=b400007c4629a2e0 a2=1e a3=ffffffff95aa3570 items=0 ppid=838 pid=4828 auid=4294967295 uid=10217 gid=10217 euid=10217 suid=10217 fsuid=10217 egid=10217 sgid=10217 fsgid=10217 tty=(none) ses=4294967295 comm="ThreadPoolForeg" exe="/system/bin/app_process64" subj=u:r:gmscore_app:s0:c512,c768 key=(null)
07-17 00:04:43.760 E/audit   (  820): type=1327 audit(1784228683.757:84343): proctitle="com.google.android.gms"
07-17 00:04:44.146 E/WifiVendorHal( 1437): $r8$lambda$s6w0pmKyq6-tDdqCEDbOV_xqgVE(l.1179) failed {.code = ERROR_NOT_SUPPORTED, .description = }
07-17 00:04:44.169 E/OpenGLRenderer( 1437): Device claims wide gamut support, cannot find matching config, error = EGL_SUCCESS
07-17 00:04:44.208 E/WindowManager( 1437): win=Window{2290cb8 u0 com.samsung.android.app.cocktailbarservice/com.samsung.android.app.cocktailbarservice.CocktailBarService} destroySurfaces: appStopped=true cleanupOnResume=false win.mWindowRemovalAllowed=false win.mRemoveOnExit=false win.mViewVisibility=8 caller=com.android.server.wm.WindowManagerService.tryStartExitingAnimation:3016 com.android.server.wm.WindowManagerService.relayoutWindow:2727 com.android.server.wm.Session.relayout:274 android.view.IWindowSession$Stub.onTransact:779 com.android.server.wm.Session.onTransact:188 android.os.Binder.execTransactInternal:1316 android.os.Binder.execTransact:1280 
07-17 00:04:46.417 E/WindowManager( 1437): win=Window{8ba4968 u0 NotificationShade} destroySurfaces: appStopped=true cleanupOnResume=false win.mWindowRemovalAllowed=false win.mRemoveOnExit=false win.mViewVisibility=4 caller=com.android.server.wm.WindowManagerService.tryStartExitingAnimation:3016 com.android.server.wm.WindowManagerService.relayoutWindow:2727 com.android.server.wm.Session.relayout:274 android.view.IWindowSession$Stub.onTransact:779 com.android.server.wm.Session.onTransact:188 android.os.Binder.execTransactInternal:1316 android.os.Binder.execTransact:1280 
07-17 00:04:46.678 E/pageboostd( 3014): alp start : app comandroidstk2
07-17 00:04:46.681 E/ActivityTaskManager( 1437): TouchDown intent received, starting ActiveLaunch
07-17 00:04:46.708 E/pageboostd( 3014): comandroidstk2, amt 4725712 scnt 2 fcnt 0
07-17 00:04:46.708 E/pageboostd( 3014): comandroidstk2, amt 0 scnt 0 fcnt 0
07-17 00:04:46.708 E/pageboostd( 3014): alp end : app comandroidstk2 data_amount 4725712
07-17 00:04:46.778 E/pageboostd( 3014): Received HALT command code 2
07-17 00:04:47.152 E/WifiVendorHal( 1437): $r8$lambda$s6w0pmKyq6-tDdqCEDbOV_xqgVE(l.1179) failed {.code = ERROR_NOT_SUPPORTED, .description = }
07-17 00:04:47.245 E/pageboostd( 3014): Received HALT command code 2
07-17 00:04:47.452 E/pageboostd( 3014): alp start : app comwhatsappw4b
07-17 00:04:47.455 E/ActivityTaskManager( 1437): TouchDown intent received, starting ActiveLaunch
07-17 00:04:47.553 E/pageboostd( 3014): Received HALT command code 2
07-17 00:04:47.554 E/pageboostd( 3014): comwhatsappw4b, amt 25245120 scnt 3 fcnt 4
07-17 00:04:47.554 E/pageboostd( 3014): alp end : app comwhatsappw4b data_amount 25245120
07-17 00:04:47.554 E/pageboostd( 3014): alp halted comwhatsappw4b
07-17 00:04:47.578 E/libprocessgroup( 1437): Failed to find cgroup for tid 2443
07-17 00:04:47.606 E/pageboostd( 3014): Received HALT command code 2
07-17 00:04:47.883 E/audit   (  820): type=1400 audit(1784228687.881:84344): avc:  granted  { execute } for  pid=6878 comm="om.whatsapp.w4b" path="/data/data/com.whatsapp.w4b/files/decompressed/libs.spo/libwa_log.so" dev="dm-47" ino=18911 scontext=u:r:untrusted_app:s0:c54,c257,c512,c768 tcontext=u:object_r:app_data_file:s0:c54,c257,c512,c768 tclass=file SEPF_SM-A325F_12_0001 audit_filtered
07-17 00:04:47.883 E/audit   (  820): type=1300 audit(1784228687.881:84344): arch=c00000b7 syscall=222 success=yes exit=530089070592 a0=7b6bc55000 a1=27b8 a2=5 a3=12 items=0 ppid=838 pid=6878 auid=4294967295 uid=10310 gid=10310 euid=10310 suid=10310 fsuid=10310 egid=10310 sgid=10310 fsgid=10310 tty=(none) ses=4294967295 comm="om.whatsapp.w4b" exe="/system/bin/app_process64" subj=u:r:untrusted_app:s0:c54,c257,c512,c768 key=(null)
07-17 00:04:47.884 E/audit   (  820): type=1327 audit(1784228687.881:84344): proctitle="com.whatsapp.w4b"
07-17 00:04:47.897 E/audit   (  820): type=1400 audit(1784228687.893:84345): avc:  granted  { execute } for  pid=6878 comm="om.whatsapp.w4b" path="/data/data/com.whatsapp.w4b/files/decompressed/libs.spo/libc++_shared.so" dev="dm-47" ino=17628 scontext=u:r:untrusted_app:s0:c54,c257,c512,c768 tcontext=u:object_r:app_data_file:s0:c54,c257,c512,c768 tclass=file SEPF_SM-A325F_12_0001 audit_filtered
07-17 00:04:47.898 E/audit   (  820): type=1300 audit(1784228687.893:84345): arch=c00000b7 syscall=222 success=yes exit=528573788160 a0=7b1173f000 a1=43180 a2=5 a3=12 items=0 ppid=838 pid=6878 auid=4294967295 uid=10310 gid=10310 euid=10310 suid=10310 fsuid=10310 egid=10310 sgid=10310 fsgid=10310 tty=(none) ses=4294967295 comm="om.whatsapp.w4b" exe="/system/bin/app_process64" subj=u:r:untrusted_app:s0:c54,c257,c512,c768 key=(null)
07-17 00:04:47.898 E/audit   (  820): type=1327 audit(1784228687.893:84345): proctitle="com.whatsapp.w4b"
07-17 00:04:47.944 E/rtvip   ( 6878): error 10 (0xd503245f)
07-17 00:04:47.944 E/rtvip   ( 6878): error 2
07-17 00:04:48.191 E/pageboostd( 3014): Received HALT command code 2
07-17 00:04:48.267 E/QT      ( 6878): [QT]file does not exist
07-17 00:04:48.305 E/OpenGLRenderer( 6878): Device claims wide gamut support, cannot find matching config, error = EGL_SUCCESS
07-17 00:04:48.567 E/msys    ( 6878): E[ADNSUCTIMH WAJMNSRuntime]WAJContextInitMNSRuntime(465)=>[LogLevel:I] Secondary DNS resolver enabled
07-17 00:04:48.569 E/msys    ( 6878): E[N WA]_WAJMNSStreamImplMNSTCPStreamCreate(371)=>[LogLevel:I] WAJMNSStream/impl/tcpStreamCreate/MNSStreamRaw/p=0xb400007ac894d900
07-17 00:04:48.570 E/msys    ( 6878): E[N WA]WAJMNSStreamImplCreate(431)=>[LogLevel:I] WAJMNSStream/impl/create/p=0xb400007ac894d900 (mnsConn=0xb400007ac8a011c0)
07-17 00:04:48.570 E/msys    ( 6878): E[N WA]_WAJMNSStreamCreateMnsIpsFromIpAddressStrings(90)=>[LogLevel:I] no ip addresses provided, using DNS resolution
07-17 00:04:48.570 E/msys    ( 6878): E[N WA]WAJMNSStreamImplConnect(460)=>[LogLevel:I] WAJMNSStream/impl/connect/p=0xb400007ac894d900 (endpoint=g.whatsapp.net:5222)(ipAddressCount=0)
07-17 00:04:48.570 E/msys    ( 6878): E[N WA]_WAJMNSStreamImplUpdateStreamState(233)=>[LogLevel:I] WAJMNSStream/impl/state-changed/p=0xb400007ac894d900 (initial=>connecting)
07-17 00:04:48.602 E/msys    ( 6878): E[ADNSUCTIMH WAJMNSDNSResolver]_MNSDNSResolutionSuccess(35)=>[LogLevel:I] DNS Resolution Successful with 8 IPs, Persistent Cache Hit: 1, secondary resolver used: 0
07-17 00:04:48.602 E/msys    ( 6878): E[ADNSUCTIMH WAJMNSDNSResolver]_MNSDNSResolutionSuccess(55)=>[LogLevel:I] Resolved IP Address: 2001:4860:4806::
07-17 00:04:48.602 E/msys    ( 6878): E[ADNSUCTIMH WAJMNSDNSResolver]_MNSDNSResolutionSuccess(55)=>[LogLevel:I] Resolved IP Address: 2001:4860:4806:8::
07-17 00:04:48.602 E/msys    ( 6878): E[ADNSUCTIMH WAJMNSDNSResolver]_MNSDNSResolutionSuccess(55)=>[LogLevel:I] Resolved IP Address: 2001:4860:4806:4::
07-17 00:04:48.602 E/msys    ( 6878): E[ADNSUCTIMH WAJMNSDNSResolver]_MNSDNSResolutionSuccess(55)=>[LogLevel:I] Resolved IP Address: 2001:4860:4806:c::
07-17 00:04:48.602 E/msys    ( 6878): E[ADNSUCTIMH WAJMNSDNSResolver]_MNSDNSResolutionSuccess(55)=>[LogLevel:I] Resolved IP Address: 216.239.35.12
07-17 00:04:48.602 E/msys    ( 6878): E[ADNSUCTIMH WAJMNSDNSResolver]_MNSDNSResolutionSuccess(55)=>[LogLevel:I] Resolved IP Address: 216.239.35.0
07-17 00:04:48.602 E/msys    ( 6878): E[ADNSUCTIMH WAJMNSDNSResolver]_MNSDNSResolutionSuccess(55)=>[LogLevel:I] Resolved IP Address: 216.239.35.4
07-17 00:04:48.602 E/msys    ( 6878): E[ADNSUCTIMH WAJMNSDNSResolver]_MNSDNSResolutionSuccess(55)=>[LogLevel:I] Resolved IP Address: 216.239.35.8
07-17 00:04:48.646 E/msys    ( 6878): E[N WA]_WAJMNSStreamImplOnMNSReady(262)=>[LogLevel:I] WAJMNSStream/impl/callback/onMNSReady/p=0xb400007ac894d900
07-17 00:04:48.646 E/msys    ( 6878): E[N WA]_WAJMNSStreamImplCreateConnectionReport(197)=>[LogLevel:I] WAJMNSStream/impl/report port=5222, connectedIPVersion=4, resolvedIPAddressCount=2, dnsResolutionStartTimeMS=221377156, dnsResolutionEndTimeMS=221377160, dnsCacheHit=Yes, connectStartTimeMS=221377160, connectEndTimeMS=221377232, proxyConnectStartTimeMS=0, proxyConnectEndTimeMS=0
07-17 00:04:48.646 E/msys    ( 6878): E[N WA]_WAJMNSStreamImplUpdateStreamState(233)=>[LogLevel:I] WAJMNSStream/impl/state-changed/p=0xb400007ac894d900 (connecting=>connected)
07-17 00:04:48.680 E/msys    ( 6878): E[N mns]_OnResolverSuccess(359)=>Cache refresh succeeded with system DNS resolver. IP count: 1
07-17 00:04:48.682 E/msys    ( 6878): E[N mns]_OnResolverSuccess(359)=>Cache refresh succeeded with system DNS resolver. IP count: 4
07-17 00:04:48.705 E/FBI     ( 6878): Can't load library: dlopen failed: library "libmagtsync.so" not found
07-17 00:04:48.708 E/HWComposer(  901): getSupportedContentTypes: getSupportedContentTypes failed for display 0: Unsupported (8)
07-17 00:04:48.719 E/ion     ( 6878): ioctl c0044901 failed with code -1: Invalid argument
07-17 00:04:48.900 E/libprocessgroup( 1437): Failed to find cgroup for tid 2443
07-17 00:04:48.937 E/pageboostd( 3014): Received HALT command code 2
07-17 00:04:48.941 E/WindowManager( 1437): win=Window{fbc95ff u0 com.sec.android.app.launcher/com.sec.android.app.launcher.activities.LauncherActivity} destroySurfaces: appStopped=true cleanupOnResume=false win.mWindowRemovalAllowed=false win.mRemoveOnExit=false win.mViewVisibility=8 caller=com.android.server.wm.ActivityRecord.destroySurfaces:6539 com.android.server.wm.ActivityRecord.destroySurfaces:6520 com.android.server.wm.ActivityRecord.notifyAppStopped:6584 com.android.server.wm.ActivityRecord.activityStopped:7172 com.android.server.wm.ActivityClientController.activityStopped:269 android.app.IActivityClientController$Stub.onTransact:613 com.android.server.wm.ActivityClientController.onTransact:147 
07-17 00:04:49.015 E/audit   (  820): type=1400 audit(1784228689.013:84368): avc:  granted  { execute } for  pid=6878 comm=576861747341707020576F726B6572 path="/data/data/com.whatsapp.w4b/files/decompressed/libs.spo/libtigon-ue-reporter.so" dev="dm-47" ino=13102 scontext=u:r:untrusted_app:s0:c54,c257,c512,c768 tcontext=u:object_r:app_data_file:s0:c54,c257,c512,c768 tclass=file SEPF_SM-A325F_12_0001 audit_filtered
07-17 00:04:49.015 E/audit   (  820): type=1300 audit(1784228689.013:84368): arch=c00000b7 syscall=222 success=yes exit=527614705664 a0=7ad8498000 a1=1d90 a2=5 a3=12 items=0 ppid=838 pid=6878 auid=4294967295 uid=10310 gid=10310 euid=10310 suid=10310 fsuid=10310 egid=10310 sgid=10310 fsgid=10310 tty=(none) ses=4294967295 comm=576861747341707020576F726B6572 exe="/system/bin/app_process64" subj=u:r:untrusted_app:s0:c54,c257,c512,c768 key=(null)
07-17 00:04:49.015 E/audit   (  820): type=1327 audit(1784228689.013:84368): proctitle="com.whatsapp.w4b"
07-17 00:04:49.029 E/QPLProvider( 6878): QuickPerformanceLogger instance wasn't installed in provider, returning noop. Please call QuickPerformanceLoggerProvider.setQuickPerformanceLogger() before getting the instance.
07-17 00:04:49.029 E/QPLProvider( 6878): java.lang.IllegalStateException: No QPL instance provided
07-17 00:04:49.029 E/QPLProvider( 6878): 	at X.1Nx.A00(:35)
07-17 00:04:49.029 E/QPLProvider( 6878): 	at com.facebook.quicklog.QuickPerformanceLoggerNativeProvider.getQPLInstance(:0)
07-17 00:04:49.029 E/QPLProvider( 6878): 	at com.facebook.common.jniexecutors.NativeRunnable.nativeRun(Native Method)
07-17 00:04:49.029 E/QPLProvider( 6878): 	at com.facebook.common.jniexecutors.NativeRunnable.runNativeDirectly(:0)
07-17 00:04:49.029 E/QPLProvider( 6878): 	at com.facebook.common.jniexecutors.PooledNativeRunnable.run(:0)
07-17 00:04:49.029 E/QPLProvider( 6878): 	at X.1c7.run(:47)
07-17 00:04:49.029 E/QPLProvider( 6878): 	at java.util.concurrent.ThreadPoolExecutor.runWorker(ThreadPoolExecutor.java:1100)
07-17 00:04:49.029 E/QPLProvider( 6878): 	at java.util.concurrent.ThreadPoolExecutor$Worker.run(ThreadPoolExecutor.java:624)
07-17 00:04:49.029 E/QPLProvider( 6878): 	at X.1dY.run(:3424)
07-17 00:04:49.029 E/QPLProvider( 6878): 	at java.lang.Thread.run(Thread.java:1572)
07-17 00:04:49.032 E/QPLProvider( 6878): QuickPerformanceLogger instance wasn't installed in provider, returning noop. Please call QuickPerformanceLoggerProvider.setQuickPerformanceLogger() before getting the instance.
07-17 00:04:49.032 E/QPLProvider( 6878): java.lang.IllegalStateException: No QPL instance provided
07-17 00:04:49.032 E/QPLProvider( 6878): 	at X.1Nx.A00(:35)
07-17 00:04:49.032 E/QPLProvider( 6878): 	at com.facebook.quicklog.QuickPerformanceLoggerNativeProvider.getQPLInstance(:0)
07-17 00:04:49.032 E/QPLProvider( 6878): 	at com.facebook.common.jniexecutors.NativeRunnable.nativeRun(Native Method)
07-17 00:04:49.032 E/QPLProvider( 6878): 	at com.facebook.common.jniexecutors.NativeRunnable.runNativeDirectly(:0)
07-17 00:04:49.032 E/QPLProvider( 6878): 	at com.facebook.common.jniexecutors.PooledNativeRunnable.run(:0)
07-17 00:04:49.032 E/QPLProvider( 6878): 	at X.1c7.run(:47)
07-17 00:04:49.032 E/QPLProvider( 6878): 	at java.util.concurrent.ThreadPoolExecutor.runWorker(ThreadPoolExecutor.java:1100)
07-17 00:04:49.032 E/QPLProvider( 6878): 	at java.util.concurrent.ThreadPoolExecutor$Worker.run(ThreadPoolExecutor.java:624)
07-17 00:04:49.032 E/QPLProvider( 6878): 	at X.1dY.run(:3424)
07-17 00:04:49.032 E/QPLProvider( 6878): 	at java.lang.Thread.run(Thread.java:1572)
07-17 00:04:49.033 E/QPLProvider( 6878): QuickPerformanceLogger instance wasn't installed in provider, returning noop. Please call QuickPerformanceLoggerProvider.setQuickPerformanceLogger() before getting the instance.
07-17 00:04:49.033 E/QPLProvider( 6878): java.lang.IllegalStateException: No QPL instance provided
07-17 00:04:49.033 E/QPLProvider( 6878): 	at X.1Nx.A00(:35)
07-17 00:04:49.033 E/QPLProvider( 6878): 	at com.facebook.quicklog.QuickPerformanceLoggerNativeProvider.getQPLInstance(:0)
07-17 00:04:49.033 E/QPLProvider( 6878): 	at com.facebook.common.jniexecutors.NativeRunnable.nativeRun(Native Method)
07-17 00:04:49.033 E/QPLProvider( 6878): 	at com.facebook.common.jniexecutors.NativeRunnable.runNativeDirectly(:0)
07-17 00:04:49.033 E/QPLProvider( 6878): 	at com.facebook.common.jniexecutors.PooledNativeRunnable.run(:0)
07-17 00:04:49.033 E/QPLProvider( 6878): 	at X.1c7.run(:47)
07-17 00:04:49.033 E/QPLProvider( 6878): 	at java.util.concurrent.ThreadPoolExecutor.runWorker(ThreadPoolExecutor.java:1100)
07-17 00:04:49.033 E/QPLProvider( 6878): 	at java.util.concurrent.ThreadPoolExecutor$Worker.run(ThreadPoolExecutor.java:624)
07-17 00:04:49.033 E/QPLProvider( 6878): 	at X.1dY.run(:3424)
07-17 00:04:49.033 E/QPLProvider( 6878): 	at java.lang.Thread.run(Thread.java:1572)
07-17 00:04:49.275 E/audit   (  820): type=1400 audit(1784228689.273:84369): avc:  denied  { write } for  pid=4096 comm="ThreadPoolForeg" name="traced_producer" dev="tmpfs" ino=10975 scontext=u:r:gmscore_app:s0:c512,c768 tcontext=u:object_r:traced_producer_socket:s0 tclass=sock_file permissive=0 SEPF_SM-A325F_12_0001 audit_filtered
07-17 00:04:49.284 E/QPLProvider( 6878): QuickPerformanceLogger instance wasn't installed in provider, returning noop. Please call QuickPerformanceLoggerProvider.setQuickPerformanceLogger() before getting the instance.
07-17 00:04:49.284 E/QPLProvider( 6878): java.lang.IllegalStateException: No QPL instance provided
07-17 00:04:49.284 E/QPLProvider( 6878): 	at X.1Nx.A00(:35)
07-17 00:04:49.284 E/QPLProvider( 6878): 	at com.facebook.quicklog.QuickPerformanceLoggerNativeProvider.getQPLInstance(:0)
07-17 00:04:49.284 E/QPLProvider( 6878): 	at com.facebook.common.jniexecutors.NativeRunnable.nativeRun(Native Method)
07-17 00:04:49.284 E/QPLProvider( 6878): 	at com.facebook.common.jniexecutors.NativeRunnable.runNativeDirectly(:0)
07-17 00:04:49.284 E/QPLProvider( 6878): 	at com.facebook.common.jniexecutors.PooledNativeRunnable.run(:0)
07-17 00:04:49.284 E/QPLProvider( 6878): 	at X.1c7.run(:47)
07-17 00:04:49.284 E/QPLProvider( 6878): 	at java.util.concurrent.ThreadPoolExecutor.runWorker(ThreadPoolExecutor.java:1100)
07-17 00:04:49.284 E/QPLProvider( 6878): 	at java.util.concurrent.ThreadPoolExecutor$Worker.run(ThreadPoolExecutor.java:624)
07-17 00:04:49.284 E/QPLProvider( 6878): 	at X.1dY.run(:3424)
07-17 00:04:49.284 E/QPLProvider( 6878): 	at java.lang.Thread.run(Thread.java:1572)
07-17 00:04:49.299 E/msys    ( 6878): E[N mns:TigonMNS]_OnResolverSuccess(359)=>Cache refresh succeeded with system DNS resolver. IP count: 1
07-17 00:04:49.299 E/msys    ( 6878): E[N mns:TigonMNS]_OnResolverSuccess(359)=>Cache refresh succeeded with system DNS resolver. IP count: 1
07-17 00:04:49.405 E/QPLProvider( 6878): QuickPerformanceLogger instance wasn't installed in provider, returning noop. Please call QuickPerformanceLoggerProvider.setQuickPerformanceLogger() before getting the instance.
07-17 00:04:49.405 E/QPLProvider( 6878): java.lang.IllegalStateException: No QPL instance provided
07-17 00:04:49.405 E/QPLProvider( 6878): 	at X.1Nx.A00(:35)
07-17 00:04:49.405 E/QPLProvider( 6878): 	at com.facebook.quicklog.QuickPerformanceLoggerNativeProvider.getQPLInstance(:0)
07-17 00:04:49.405 E/QPLProvider( 6878): 	at com.facebook.common.jniexecutors.NativeRunnable.nativeRun(Native Method)
07-17 00:04:49.405 E/QPLProvider( 6878): 	at com.facebook.common.jniexecutors.NativeRunnable.runNativeDirectly(:0)
07-17 00:04:49.405 E/QPLProvider( 6878): 	at com.facebook.common.jniexecutors.PooledNativeRunnable.run(:0)
07-17 00:04:49.405 E/QPLProvider( 6878): 	at X.1c7.run(:47)
07-17 00:04:49.405 E/QPLProvider( 6878): 	at java.util.concurrent.ThreadPoolExecutor.runWorker(ThreadPoolExecutor.java:1100)
07-17 00:04:49.405 E/QPLProvider( 6878): 	at java.util.concurrent.ThreadPoolExecutor$Worker.run(ThreadPoolExecutor.java:624)
07-17 00:04:49.405 E/QPLProvider( 6878): 	at X.1dY.run(:3424)
07-17 00:04:49.405 E/QPLProvider( 6878): 	at java.lang.Thread.run(Thread.java:1572)
07-17 00:04:49.406 E/QPLProvider( 6878): QuickPerformanceLogger instance wasn't installed in provider, returning noop. Please call QuickPerformanceLoggerProvider.setQuickPerformanceLogger() before getting the instance.
07-17 00:04:49.406 E/QPLProvider( 6878): java.lang.IllegalStateException: No QPL instance provided
07-17 00:04:49.406 E/QPLProvider( 6878): 	at X.1Nx.A00(:35)
07-17 00:04:49.406 E/QPLProvider( 6878): 	at com.facebook.quicklog.QuickPerformanceLoggerNativeProvider.getQPLInstance(:0)
07-17 00:04:49.406 E/QPLProvider( 6878): 	at com.facebook.common.jniexecutors.NativeRunnable.nativeRun(Native Method)
07-17 00:04:49.406 E/QPLProvider( 6878): 	at com.facebook.common.jniexecutors.NativeRunnable.runNativeDirectly(:0)
07-17 00:04:49.406 E/QPLProvider( 6878): 	at com.facebook.common.jniexecutors.PooledNativeRunnable.run(:0)
07-17 00:04:49.406 E/QPLProvider( 6878): 	at X.1c7.run(:47)
07-17 00:04:49.406 E/QPLProvider( 6878): 	at java.util.concurrent.ThreadPoolExecutor.runWorker(ThreadPoolExecutor.java:1100)
