07-17 00:04:49.406 E/QPLProvider( 6878): 	at java.util.concurrent.ThreadPoolExecutor$Worker.run(ThreadPoolExecutor.java:624)
07-17 00:04:49.406 E/QPLProvider( 6878): 	at X.1dY.run(:3424)
07-17 00:04:49.406 E/QPLProvider( 6878): 	at java.lang.Thread.run(Thread.java:1572)
07-17 00:04:49.408 E/QPLProvider( 6878): QuickPerformanceLogger instance wasn't installed in provider, returning noop. Please call QuickPerformanceLoggerProvider.setQuickPerformanceLogger() before getting the instance.
07-17 00:04:49.408 E/QPLProvider( 6878): java.lang.IllegalStateException: No QPL instance provided
07-17 00:04:49.408 E/QPLProvider( 6878): 	at X.1Nx.A00(:35)
07-17 00:04:49.408 E/QPLProvider( 6878): 	at com.facebook.quicklog.QuickPerformanceLoggerNativeProvider.getQPLInstance(:0)
07-17 00:04:49.408 E/QPLProvider( 6878): 	at com.facebook.common.jniexecutors.NativeRunnable.nativeRun(Native Method)
07-17 00:04:49.408 E/QPLProvider( 6878): 	at com.facebook.common.jniexecutors.NativeRunnable.runNativeDirectly(:0)
07-17 00:04:49.408 E/QPLProvider( 6878): 	at com.facebook.common.jniexecutors.PooledNativeRunnable.run(:0)
07-17 00:04:49.408 E/QPLProvider( 6878): 	at X.1c7.run(:47)
07-17 00:04:49.408 E/QPLProvider( 6878): 	at java.util.concurrent.ThreadPoolExecutor.runWorker(ThreadPoolExecutor.java:1100)
07-17 00:04:49.408 E/QPLProvider( 6878): 	at java.util.concurrent.ThreadPoolExecutor$Worker.run(ThreadPoolExecutor.java:624)
07-17 00:04:49.408 E/QPLProvider( 6878): 	at X.1dY.run(:3424)
07-17 00:04:49.408 E/QPLProvider( 6878): 	at java.lang.Thread.run(Thread.java:1572)
07-17 00:04:49.413 E/QPLProvider( 6878): QuickPerformanceLogger instance wasn't installed in provider, returning noop. Please call QuickPerformanceLoggerProvider.setQuickPerformanceLogger() before getting the instance.
07-17 00:04:49.413 E/QPLProvider( 6878): java.lang.IllegalStateException: No QPL instance provided
07-17 00:04:49.413 E/QPLProvider( 6878): 	at X.1Nx.A00(:35)
07-17 00:04:49.413 E/QPLProvider( 6878): 	at com.facebook.quicklog.QuickPerformanceLoggerNativeProvider.getQPLInstance(:0)
07-17 00:04:49.413 E/QPLProvider( 6878): 	at com.facebook.common.jniexecutors.NativeRunnable.nativeRun(Native Method)
07-17 00:04:49.413 E/QPLProvider( 6878): 	at com.facebook.common.jniexecutors.NativeRunnable.runNativeDirectly(:0)
07-17 00:04:49.413 E/QPLProvider( 6878): 	at com.facebook.common.jniexecutors.PooledNativeRunnable.run(:0)
07-17 00:04:49.413 E/QPLProvider( 6878): 	at X.1c7.run(:47)
07-17 00:04:49.413 E/QPLProvider( 6878): 	at java.util.concurrent.ThreadPoolExecutor.runWorker(ThreadPoolExecutor.java:1100)
07-17 00:04:49.413 E/QPLProvider( 6878): 	at java.util.concurrent.ThreadPoolExecutor$Worker.run(ThreadPoolExecutor.java:624)
07-17 00:04:49.413 E/QPLProvider( 6878): 	at X.1dY.run(:3424)
07-17 00:04:49.413 E/QPLProvider( 6878): 	at java.lang.Thread.run(Thread.java:1572)
07-17 00:04:49.615 E/QPLProvider( 6878): QuickPerformanceLogger instance wasn't installed in provider, returning noop. Please call QuickPerformanceLoggerProvider.setQuickPerformanceLogger() before getting the instance.
07-17 00:04:49.615 E/QPLProvider( 6878): java.lang.IllegalStateException: No QPL instance provided
07-17 00:04:49.615 E/QPLProvider( 6878): 	at X.1Nx.A00(:35)
07-17 00:04:49.615 E/QPLProvider( 6878): 	at com.facebook.quicklog.QuickPerformanceLoggerNativeProvider.getQPLInstance(:0)
07-17 00:04:49.615 E/QPLProvider( 6878): 	at com.facebook.common.jniexecutors.NativeRunnable.nativeRun(Native Method)
07-17 00:04:49.615 E/QPLProvider( 6878): 	at com.facebook.common.jniexecutors.NativeRunnable.runNativeDirectly(:0)
07-17 00:04:49.615 E/QPLProvider( 6878): 	at com.facebook.common.jniexecutors.PooledNativeRunnable.run(:0)
07-17 00:04:49.615 E/QPLProvider( 6878): 	at X.1c7.run(:47)
07-17 00:04:49.615 E/QPLProvider( 6878): 	at java.util.concurrent.ThreadPoolExecutor.runWorker(ThreadPoolExecutor.java:1100)
07-17 00:04:49.615 E/QPLProvider( 6878): 	at java.util.concurrent.ThreadPoolExecutor$Worker.run(ThreadPoolExecutor.java:624)
07-17 00:04:49.615 E/QPLProvider( 6878): 	at X.1dY.run(:3424)
07-17 00:04:49.615 E/QPLProvider( 6878): 	at java.lang.Thread.run(Thread.java:1572)
07-17 00:04:49.622 E/QPLProvider( 6878): QuickPerformanceLogger instance wasn't installed in provider, returning noop. Please call QuickPerformanceLoggerProvider.setQuickPerformanceLogger() before getting the instance.
07-17 00:04:49.622 E/QPLProvider( 6878): java.lang.IllegalStateException: No QPL instance provided
07-17 00:04:49.622 E/QPLProvider( 6878): 	at X.1Nx.A00(:35)
07-17 00:04:49.622 E/QPLProvider( 6878): 	at com.facebook.quicklog.QuickPerformanceLoggerNativeProvider.getQPLInstance(:0)
07-17 00:04:49.622 E/QPLProvider( 6878): 	at com.facebook.common.jniexecutors.NativeRunnable.nativeRun(Native Method)
07-17 00:04:49.622 E/QPLProvider( 6878): 	at com.facebook.common.jniexecutors.NativeRunnable.runNativeDirectly(:0)
07-17 00:04:49.622 E/QPLProvider( 6878): 	at com.facebook.common.jniexecutors.PooledNativeRunnable.run(:0)
07-17 00:04:49.622 E/QPLProvider( 6878): 	at X.1c7.run(:47)
07-17 00:04:49.622 E/QPLProvider( 6878): 	at java.util.concurrent.ThreadPoolExecutor.runWorker(ThreadPoolExecutor.java:1100)
07-17 00:04:49.622 E/QPLProvider( 6878): 	at java.util.concurrent.ThreadPoolExecutor$Worker.run(ThreadPoolExecutor.java:624)
07-17 00:04:49.622 E/QPLProvider( 6878): 	at X.1dY.run(:3424)
07-17 00:04:49.622 E/QPLProvider( 6878): 	at java.lang.Thread.run(Thread.java:1572)
07-17 00:04:49.834 E/QPLProvider( 6878): QuickPerformanceLogger instance wasn't installed in provider, returning noop. Please call QuickPerformanceLoggerProvider.setQuickPerformanceLogger() before getting the instance.
07-17 00:04:49.834 E/QPLProvider( 6878): java.lang.IllegalStateException: No QPL instance provided
07-17 00:04:49.834 E/QPLProvider( 6878): 	at X.1Nx.A00(:35)
07-17 00:04:49.834 E/QPLProvider( 6878): 	at com.facebook.quicklog.QuickPerformanceLoggerNativeProvider.getQPLInstance(:0)
07-17 00:04:49.834 E/QPLProvider( 6878): 	at com.facebook.common.jniexecutors.NativeRunnable.nativeRun(Native Method)
07-17 00:04:49.834 E/QPLProvider( 6878): 	at com.facebook.common.jniexecutors.NativeRunnable.runNativeDirectly(:0)
07-17 00:04:49.834 E/QPLProvider( 6878): 	at com.facebook.common.jniexecutors.PooledNativeRunnable.run(:0)
07-17 00:04:49.834 E/QPLProvider( 6878): 	at X.1c7.run(:47)
07-17 00:04:49.834 E/QPLProvider( 6878): 	at java.util.concurrent.ThreadPoolExecutor.runWorker(ThreadPoolExecutor.java:1100)
07-17 00:04:49.834 E/QPLProvider( 6878): 	at java.util.concurrent.ThreadPoolExecutor$Worker.run(ThreadPoolExecutor.java:624)
07-17 00:04:49.834 E/QPLProvider( 6878): 	at X.1dY.run(:3424)
07-17 00:04:49.834 E/QPLProvider( 6878): 	at java.lang.Thread.run(Thread.java:1572)
07-17 00:04:49.860 E/QPLProvider( 6878): QuickPerformanceLogger instance wasn't installed in provider, returning noop. Please call QuickPerformanceLoggerProvider.setQuickPerformanceLogger() before getting the instance.
07-17 00:04:49.860 E/QPLProvider( 6878): java.lang.IllegalStateException: No QPL instance provided
07-17 00:04:49.860 E/QPLProvider( 6878): 	at X.1Nx.A00(:35)
07-17 00:04:49.860 E/QPLProvider( 6878): 	at com.facebook.quicklog.QuickPerformanceLoggerNativeProvider.getQPLInstance(:0)
07-17 00:04:49.860 E/QPLProvider( 6878): 	at com.facebook.common.jniexecutors.NativeRunnable.nativeRun(Native Method)
07-17 00:04:49.860 E/QPLProvider( 6878): 	at com.facebook.common.jniexecutors.NativeRunnable.runNativeDirectly(:0)
07-17 00:04:49.860 E/QPLProvider( 6878): 	at com.facebook.common.jniexecutors.PooledNativeRunnable.run(:0)
07-17 00:04:49.860 E/QPLProvider( 6878): 	at X.1c7.run(:47)
07-17 00:04:49.860 E/QPLProvider( 6878): 	at java.util.concurrent.ThreadPoolExecutor.runWorker(ThreadPoolExecutor.java:1100)
07-17 00:04:49.860 E/QPLProvider( 6878): 	at java.util.concurrent.ThreadPoolExecutor$Worker.run(ThreadPoolExecutor.java:624)
07-17 00:04:49.860 E/QPLProvider( 6878): 	at X.1dY.run(:3424)
07-17 00:04:49.860 E/QPLProvider( 6878): 	at java.lang.Thread.run(Thread.java:1572)
07-17 00:04:50.153 E/pageboostd( 3014): Received HALT command code 2
07-17 00:04:50.162 E/WifiVendorHal( 1437): $r8$lambda$s6w0pmKyq6-tDdqCEDbOV_xqgVE(l.1179) failed {.code = ERROR_NOT_SUPPORTED, .description = }
07-17 00:04:50.285 E/om.whatsapp.w4b( 6878): Invalid ID 0x00000000.
07-17 00:04:50.285 E/om.whatsapp.w4b( 6878): Invalid ID 0x00000000.
07-17 00:04:50.285 E/om.whatsapp.w4b( 6878): Invalid ID 0x00000000.
07-17 00:04:50.286 E/om.whatsapp.w4b( 6878): Invalid ID 0x00000000.
07-17 00:04:50.287 E/om.whatsapp.w4b( 6878): Invalid ID 0x00000000.
07-17 00:04:50.289 E/om.whatsapp.w4b( 6878): Invalid ID 0x00000000.
07-17 00:04:50.289 E/om.whatsapp.w4b( 6878): Invalid ID 0x00000000.
07-17 00:04:50.290 E/om.whatsapp.w4b( 6878): Invalid ID 0x00000000.
07-17 00:04:50.290 E/om.whatsapp.w4b( 6878): Invalid ID 0x00000000.
07-17 00:04:50.290 E/om.whatsapp.w4b( 6878): Invalid ID 0x00000000.
07-17 00:04:50.290 E/om.whatsapp.w4b( 6878): Invalid ID 0x00000000.
07-17 00:04:50.290 E/om.whatsapp.w4b( 6878): Invalid ID 0x00000000.
07-17 00:04:50.290 E/om.whatsapp.w4b( 6878): Invalid ID 0x00000000.
07-17 00:04:50.290 E/om.whatsapp.w4b( 6878): Invalid ID 0x00000000.
07-17 00:04:50.291 E/om.whatsapp.w4b( 6878): Invalid ID 0x00000000.
07-17 00:04:50.291 E/om.whatsapp.w4b( 6878): Invalid ID 0x00000000.
07-17 00:04:50.673 E/pageboostd( 3014): Received HALT command code 2
07-17 00:04:50.734 E/mtkpower@impl(  865): [setMode] unknown type
07-17 00:04:51.074 E/libprocessgroup( 1437): Failed to find cgroup for tid 2443
07-17 00:04:51.100 E/mtkpower@impl(  865): [setMode] unknown type
07-17 00:04:51.193 E/WindowManager( 1437): win=Window{a62383 u0 com.whatsapp.w4b/com.whatsapp.home.ui.HomeActivity} destroySurfaces: appStopped=true cleanupOnResume=false win.mWindowRemovalAllowed=false win.mRemoveOnExit=false win.mViewVisibility=8 caller=com.android.server.wm.ActivityRecord.destroySurfaces:6539 com.android.server.wm.ActivityRecord.destroySurfaces:6520 com.android.server.wm.ActivityRecord.notifyAppStopped:6584 com.android.server.wm.ActivityRecord.activityStopped:7172 com.android.server.wm.ActivityClientController.activityStopped:269 android.app.IActivityClientController$Stub.onTransact:613 com.android.server.wm.ActivityClientController.onTransact:147 
07-17 00:04:51.261 E/om.whatsapp.w4b( 6878): No implementation found for void com.facebook.quicklog.QuickPerformanceLoggerNativeProvider.nativeUpdateQPLInstance() (tried Java_com_facebook_quicklog_QuickPerformanceLoggerNativeProvider_nativeUpdateQPLInstance and Java_com_facebook_quicklog_QuickPerformanceLoggerNativeProvider_nativeUpdateQPLInstance__) - is the library loaded, e.g. System.loadLibrary?
07-17 00:04:51.289 E/audit   (  820): type=1400 audit(1784228691.285:84370): avc:  granted  { execute } for  pid=6878 comm=576861747341707020576F726B6572 path="/data/data/com.whatsapp.w4b/files/decompressed/libs.spo/libfbsocketthreadlocalscope.so" dev="dm-47" ino=15375 scontext=u:r:untrusted_app:s0:c54,c257,c512,c768 tcontext=u:object_r:app_data_file:s0:c54,c257,c512,c768 tclass=file SEPF_SM-A325F_12_0001 audit_filtered
07-17 00:04:51.290 E/audit   (  820): type=1300 audit(1784228691.285:84370): arch=c00000b7 syscall=222 success=yes exit=528362643456 a0=7b04de2000 a1=878 a2=5 a3=12 items=0 ppid=838 pid=6878 auid=4294967295 uid=10310 gid=10310 euid=10310 suid=10310 fsuid=10310 egid=10310 sgid=10310 fsgid=10310 tty=(none) ses=4294967295 comm=576861747341707020576F726B6572 exe="/system/bin/app_process64" subj=u:r:untrusted_app:s0:c54,c257,c512,c768 key=(null)
07-17 00:04:51.290 E/audit   (  820): type=1327 audit(1784228691.285:84370): proctitle="com.whatsapp.w4b"
07-17 00:04:51.294 E/audit   (  820): type=1400 audit(1784228691.289:84371): avc:  granted  { execute } for  pid=6878 comm=576861747341707020576F726B6572 path="/data/data/com.whatsapp.w4b/files/decompressed/libs.spo/libfb_sqlite_3530200.so" dev="dm-47" ino=18105 scontext=u:r:untrusted_app:s0:c54,c257,c512,c768 tcontext=u:object_r:app_data_file:s0:c54,c257,c512,c768 tclass=file SEPF_SM-A325F_12_0001 audit_filtered
07-17 00:04:51.484 E/msys    ( 6878): E[N mns:TigonMNS]_OnResolverSuccess(359)=>Cache refresh succeeded with system DNS resolver. IP count: 1
07-17 00:04:52.727 E/android.hardware.health@2.1-service-samsung(  853): Could not open /sys/class/power_supply/battery/lrp
07-17 00:04:52.738 E/SecPowerUI.Notification( 1881): no saved value, so we do nothing !!
07-17 00:04:53.164 E/ShortcutService( 1437): Invalid icon type in shortcut 27707001839788@lid. Bitmaps are not allowed in long-lived shortcuts. Use Resource icons, or Uri-based icons instead.
07-17 00:04:53.171 E/WifiVendorHal( 1437): $r8$lambda$s6w0pmKyq6-tDdqCEDbOV_xqgVE(l.1179) failed {.code = ERROR_NOT_SUPPORTED, .description = }
07-17 00:04:53.186 E/audit   (  820): type=1400 audit(1784228693.181:84374): avc:  denied  { read } for  pid=7088 comm="ps" name="pid_max" dev="proc" ino=23495973 scontext=u:r:untrusted_app:s0:c54,c257,c512,c768 tcontext=u:object_r:proc_pid_max:s0 tclass=file permissive=0 SEPF_SM-A325F_12_0001 audit_filtered
07-17 00:04:53.186 E/audit   (  820): type=1300 audit(1784228693.181:84374): arch=c00000b7 syscall=56 success=no exit=-13 a0=ffffff9c a1=60531ff8c0 a2=0 a3=0 items=0 ppid=6878 pid=7088 auid=4294967295 uid=10310 gid=10310 euid=10310 suid=10310 fsuid=10310 egid=10310 sgid=10310 fsgid=10310 tty=(none) ses=4294967295 comm="ps" exe="/system/bin/toybox" subj=u:r:untrusted_app:s0:c54,c257,c512,c768 key=(null)
07-17 00:04:53.186 E/audit   (  820): type=1327 audit(1784228693.181:84374): proctitle="ps"
07-17 00:04:53.194 E/audit   (  820): type=1400 audit(1784228693.189:84375): avc:  denied  { read } for  pid=6878 comm=4173796E635461736B202331 name="osrelease" dev="proc" ino=23488126 scontext=u:r:untrusted_app:s0:c54,c257,c512,c768 tcontext=u:object_r:proc:s0 tclass=file permissive=0 SEPF_SM-A325F_12_0001 audit_filtered
07-17 00:04:53.736 E/msys    ( 6878): E[N WCIHTTPImplNetworkSession]WCIHTTPTaskImplCreateRegular(556)=>[I] http/task/regular/create/start
07-17 00:04:53.737 E/msys    ( 6878): E[N WCIHTTPImplNetworkSession]WCIHTTPTaskImplCreateRegular(591)=>[I] http/task/regular/create/execute
07-17 00:04:53.738 E/msys    ( 6878): E[N WCIHTTPImplNetworkSession]WCIHTTPTaskImplCreateRegular(614)=>[I] http/task/regular/create/success
07-17 00:04:53.759 E/om.whatsapp.w4b( 6878): hiddenapi: Accessing hidden method Lcom/android/org/conscrypt/OpenSSLSocketImpl;->setUseSessionTickets(Z)V (runtime_flags=CorePlatformApi, domain=core-platform, api=max-target-q,core-platform-api) from LX/1J6; (domain=app, TargetSdkVersion=36) using reflection: denied
07-17 00:04:53.760 E/om.whatsapp.w4b( 6878): hiddenapi: Accessing hidden method Lcom/android/org/conscrypt/AbstractConscryptSocket;->setUseSessionTickets(Z)V (runtime_flags=0, domain=core-platform, api=max-target-q) from LX/1J6; (domain=app, TargetSdkVersion=36) using reflection: denied
07-17 00:04:56.179 E/WifiVendorHal( 1437): $r8$lambda$s6w0pmKyq6-tDdqCEDbOV_xqgVE(l.1179) failed {.code = ERROR_NOT_SUPPORTED, .description = }
07-17 00:04:56.674 E/ShortcutService( 1437): Invalid icon type in shortcut 27707001839788@lid. Bitmaps are not allowed in long-lived shortcuts. Use Resource icons, or Uri-based icons instead.
07-17 00:04:58.282 E/audit   (  820): type=1400 audit(1784228698.281:84380): avc:  denied  { write } for  pid=4096 comm="ThreadPoolForeg" name="traced_producer" dev="tmpfs" ino=10975 scontext=u:r:gmscore_app:s0:c512,c768 tcontext=u:object_r:traced_producer_socket:s0 tclass=sock_file permissive=0 SEPF_SM-A325F_12_0001 audit_filtered
07-17 00:04:58.282 E/audit   (  820): type=1300 audit(1784228698.281:84380): arch=c00000b7 syscall=203 success=no exit=-13 a0=99 a1=b400007af5d41420 a2=1e a3=ffffffff95aa3570 items=0 ppid=838 pid=4096 auid=4294967295 uid=10217 gid=10217 euid=10217 suid=10217 fsuid=10217 egid=10217 sgid=10217 fsgid=10217 tty=(none) ses=4294967295 comm="ThreadPoolForeg" exe="/system/bin/app_process64" subj=u:r:gmscore_app:s0:c512,c768 key=(null)
07-17 00:04:58.282 E/audit   (  820): type=1327 audit(1784228698.281:84380): proctitle="com.google.android.gms.persistent"
07-17 00:04:58.329 E/netd    (  837): Error adding route 119.160.95.248/32 -> 10.7.16.1 wlan0 to table 99: File exists
07-17 00:04:59.186 E/WifiVendorHal( 1437): $r8$lambda$s6w0pmKyq6-tDdqCEDbOV_xqgVE(l.1179) failed {.code = ERROR_NOT_SUPPORTED, .description = }
07-17 00:05:00.778 E/audit   (  820): type=1400 audit(1784228700.773:84381): avc:  denied  { write } for  pid=4828 comm="ThreadPoolForeg" name="traced_producer" dev="tmpfs" ino=10975 scontext=u:r:gmscore_app:s0:c512,c768 tcontext=u:object_r:traced_producer_socket:s0 tclass=sock_file permissive=0 SEPF_SM-A325F_12_0001 audit_filtered
07-17 00:05:00.778 E/audit   (  820): type=1300 audit(1784228700.773:84381): arch=c00000b7 syscall=203 success=no exit=-13 a0=74 a1=b400007c4629a2c0 a2=1e a3=ffffffff95aa3570 items=0 ppid=838 pid=4828 auid=4294967295 uid=10217 gid=10217 euid=10217 suid=10217 fsuid=10217 egid=10217 sgid=10217 fsgid=10217 tty=(none) ses=4294967295 comm="ThreadPoolForeg" exe="/system/bin/app_process64" subj=u:r:gmscore_app:s0:c512,c768 key=(null)
07-17 00:05:00.778 E/audit   (  820): type=1327 audit(1784228700.773:84381): proctitle="com.google.android.gms"
07-17 00:05:02.196 E/WifiVendorHal( 1437): $r8$lambda$s6w0pmKyq6-tDdqCEDbOV_xqgVE(l.1179) failed {.code = ERROR_NOT_SUPPORTED, .description = }
07-17 00:05:02.761 E/android.hardware.health@2.1-service-samsung(  853): Could not open /sys/class/power_supply/battery/lrp
07-17 00:05:02.772 E/SecPowerUI.Notification( 1881): no saved value, so we do nothing !!
07-17 00:05:05.210 E/WifiVendorHal( 1437): $r8$lambda$s6w0pmKyq6-tDdqCEDbOV_xqgVE(l.1179) failed {.code = ERROR_NOT_SUPPORTED, .description = }
07-17 00:05:08.225 E/WifiVendorHal( 1437): $r8$lambda$s6w0pmKyq6-tDdqCEDbOV_xqgVE(l.1179) failed {.code = ERROR_NOT_SUPPORTED, .description = }
07-17 00:05:08.295 E/audit   (  820): type=1400 audit(1784228708.293:84382): avc:  denied  { write } for  pid=4096 comm="ThreadPoolForeg" name="traced_producer" dev="tmpfs" ino=10975 scontext=u:r:gmscore_app:s0:c512,c768 tcontext=u:object_r:traced_producer_socket:s0 tclass=sock_file permissive=0 SEPF_SM-A325F_12_0001 audit_filtered
07-17 00:05:08.295 E/audit   (  820): type=1300 audit(1784228708.293:84382): arch=c00000b7 syscall=203 success=no exit=-13 a0=9a a1=b400007af5d00700 a2=1e a3=ffffffff95aa3570 items=0 ppid=838 pid=4096 auid=4294967295 uid=10217 gid=10217 euid=10217 suid=10217 fsuid=10217 egid=10217 sgid=10217 fsgid=10217 tty=(none) ses=4294967295 comm="ThreadPoolForeg" exe="/system/bin/app_process64" subj=u:r:gmscore_app:s0:c512,c768 key=(null)
07-17 00:05:08.295 E/audit   (  820): type=1327 audit(1784228708.293:84382): proctitle="com.google.android.gms.persistent"
07-17 00:05:08.715 E/#IMSREGI( 2214): (1, Jazz_PK) [LTE] LATCH(DataConnect changed) : 364456.576s
07-17 00:05:08.719 E/GlobalSettingsRepoBase( 2214): globalgcsettings No matched key : separate_vo5g_icon
07-17 00:05:08.728 E/#IMSCR  ( 2214): 07-17 00:05:08 0x30000009:1,18->13
07-17 00:05:08.728 E/#IMSCR  ( 2214): 07-17 00:05:08 0x40000000:1,none
07-17 00:05:08.730 E/GlobalSettingsRepoBase( 2214): globalgcsettings No matched key : ss_domain_setting
07-17 00:05:08.730 E/CapabilityUtil<1>( 2214): checkModuleReady: mConfig.isAvailable == false
07-17 00:05:08.730 E/CapabilityUtil<1>( 2214): checkModuleReady: mConfig.isAvailable == false
07-17 00:05:08.752 E/GlobalSettingsRepoBase( 2214): globalgcsettings No matched key : dual_rcs_policy
07-17 00:05:08.771 E/PhoneRestrictionPolicy( 1437): getEmergencyCall >>false
07-17 00:05:08.772 E/PhoneRestrictionPolicy( 1437): getEmergencyCall >>false
07-17 00:05:08.778 E/GlobalSettingsRepoBase( 2214): globalgcsettings No matched key : use_usim_on_invalid_isim
07-17 00:05:08.778 E/GlobalSettingsRepoBase( 2214): globalgcsettings No matched key : use_usim_on_invalid_isim
07-17 00:05:08.778 E/GlobalSettingsRepoBase( 2214): globalgcsettings No matched key : ss_enable_in_roaming
07-17 00:05:10.789 E/audit   (  820): type=1400 audit(1784228710.785:84383): avc:  denied  { write } for  pid=4828 comm="ThreadPoolForeg" name="traced_producer" dev="tmpfs" ino=10975 scontext=u:r:gmscore_app:s0:c512,c768 tcontext=u:object_r:traced_producer_socket:s0 tclass=sock_file permissive=0 SEPF_SM-A325F_12_0001 audit_filtered
07-17 00:05:10.789 E/audit   (  820): type=1300 audit(1784228710.785:84383): arch=c00000b7 syscall=203 success=no exit=-13 a0=74 a1=b400007b718e2b60 a2=1e a3=ffffffff95aa3570 items=0 ppid=838 pid=4828 auid=4294967295 uid=10217 gid=10217 euid=10217 suid=10217 fsuid=10217 egid=10217 sgid=10217 fsgid=10217 tty=(none) ses=4294967295 comm="ThreadPoolForeg" exe="/system/bin/app_process64" subj=u:r:gmscore_app:s0:c512,c768 key=(null)
07-17 00:05:10.789 E/audit   (  820): type=1327 audit(1784228710.785:84383): proctitle="com.google.android.gms"
07-17 00:05:11.237 E/WifiVendorHal( 1437): $r8$lambda$s6w0pmKyq6-tDdqCEDbOV_xqgVE(l.1179) failed {.code = ERROR_NOT_SUPPORTED, .description = }
07-17 00:05:11.972 E/Watchdog( 1437): !@Sync: 7376 heap: 132 / 137 FD: 975 [2026-07-17 00:05:11.972]
07-17 00:05:12.776 E/android.hardware.health@2.1-service-samsung(  853): Could not open /sys/class/power_supply/battery/lrp
07-17 00:05:12.784 E/SecPowerUI.Notification( 1881): no saved value, so we do nothing !!
07-17 00:05:14.007 E/msys    ( 5558): E[N mns:TigonMNS]_OnResolverSuccess(359)=>Cache refresh succeeded with system DNS resolver. IP count: 1
07-17 00:05:14.248 E/WifiVendorHal( 1437): $r8$lambda$s6w0pmKyq6-tDdqCEDbOV_xqgVE(l.1179) failed {.code = ERROR_NOT_SUPPORTED, .description = }
07-17 00:05:17.261 E/WifiVendorHal( 1437): $r8$lambda$s6w0pmKyq6-tDdqCEDbOV_xqgVE(l.1179) failed {.code = ERROR_NOT_SUPPORTED, .description = }
07-17 00:05:20.275 E/WifiVendorHal( 1437): $r8$lambda$s6w0pmKyq6-tDdqCEDbOV_xqgVE(l.1179) failed {.code = ERROR_NOT_SUPPORTED, .description = }
07-17 00:05:22.823 E/android.hardware.health@2.1-service-samsung(  853): Could not open /sys/class/power_supply/battery/lrp
07-17 00:05:22.836 E/SecPowerUI.Notification( 1881): no saved value, so we do nothing !!
07-17 00:05:23.291 E/WifiVendorHal( 1437): $r8$lambda$s6w0pmKyq6-tDdqCEDbOV_xqgVE(l.1179) failed {.code = ERROR_NOT_SUPPORTED, .description = }
07-17 00:05:26.310 E/WifiVendorHal( 1437): $r8$lambda$s6w0pmKyq6-tDdqCEDbOV_xqgVE(l.1179) failed {.code = ERROR_NOT_SUPPORTED, .description = }
07-17 00:05:26.439 E/SecVibrator-HAL-AIDL-CORE(  877): V_2_0: Vibrator on for timeoutMs: 45
07-17 00:05:26.439 E/SecVibrator-HAL-AIDL-CORE(  877): HW_API: do_on for timeoutMs: 45
07-17 00:05:26.440 E/SecVibrator-HAL-AIDL-CORE(  877): HW_API: >> writeNode node:/timed_output/vibrator/enable val:45
07-17 00:05:26.442 E/SecVibrator-HAL-AIDL-CORE(  877): HW_API: << writeNode node OK : 3
07-17 00:05:26.488 E/SecVibrator-HAL-AIDL-CORE(  877): V_2_0: Vibrator off
07-17 00:05:26.488 E/SecVibrator-HAL-AIDL-CORE(  877): HW_API: do_off
07-17 00:05:26.488 E/SecVibrator-HAL-AIDL-CORE(  877): HW_API: >> writeNode node:/timed_output/vibrator/enable val:0
07-17 00:05:26.489 E/SecVibrator-HAL-AIDL-CORE(  877): HW_API: << writeNode node OK : 2
07-17 00:05:26.546 E/pageboostd( 3014): Received HALT command code 2
07-17 00:05:26.566 E/pageboostd( 3014): Received HALT command code 2
07-17 00:05:26.593 E/pageboostd( 3014): Received HALT command code 2
07-17 00:05:26.746 E/PQ      (  852): [PQ][PQSessionManager] PQSessionManager::getPQSession m_PQSupport == 0
07-17 00:05:26.763 E/PQ      (  852): [PQ][PQSessionManager] PQSessionManager::getPQSession m_PQSupport == 0
07-17 00:05:26.790 E/PQ      (  852): [PQ][PQSessionManager] PQSessionManager::getPQSession m_PQSupport == 0
07-17 00:05:26.825 E/PQ      (  852): [PQ][PQSessionManager] PQSessionManager::getPQSession m_PQSupport == 0
07-17 00:05:26.841 E/PQ      (  852): [PQ][PQSessionManager] PQSessionManager::getPQSession m_PQSupport == 0
07-17 00:05:26.860 E/PQ      (  852): [PQ][PQSessionManager] PQSessionManager::getPQSession m_PQSupport == 0
07-17 00:05:26.882 E/PQ      (  852): [PQ][PQSessionManager] PQSessionManager::getPQSession m_PQSupport == 0
07-17 00:05:26.894 E/PQ      (  852): [PQ][PQSessionManager] PQSessionManager::getPQSession m_PQSupport == 0
07-17 00:05:26.946 E/PQ      (  852): [PQ][PQSessionManager] PQSessionManager::getPQSession m_PQSupport == 0
07-17 00:05:27.006 E/WindowManager( 1437): win=Window{328d295 u0 com.whatsapp.w4b/com.whatsapp.Conversation} destroySurfaces: appStopped=true cleanupOnResume=false win.mWindowRemovalAllowed=false win.mRemoveOnExit=false win.mViewVisibility=8 caller=com.android.server.wm.ActivityRecord.destroySurfaces:6539 com.android.server.wm.ActivityRecord.destroySurfaces:6520 com.android.server.wm.ActivityRecord.notifyAppStopped:6584 com.android.server.wm.ActivityRecord.activityStopped:7172 com.android.server.wm.ActivityClientController.activityStopped:269 android.app.IActivityClientController$Stub.onTransact:613 com.android.server.wm.ActivityClientController.onTransact:147 
07-17 00:05:29.331 E/WifiVendorHal( 1437): $r8$lambda$s6w0pmKyq6-tDdqCEDbOV_xqgVE(l.1179) failed {.code = ERROR_NOT_SUPPORTED, .description = }
07-17 00:05:29.622 E/FrameEvents( 3806): updateAcquireFence: Did not find frame.
07-17 00:05:31.960 E/AppOps  ( 1437): evalMode() Foreground mode : uid - 10310, op - 27, capability - 0
07-17 00:05:31.961 E/AppOps  ( 1437): evalMode() Foreground mode : uid - 10310, op - 26, capability - 0
07-17 00:05:32.343 E/WifiVendorHal( 1437): $r8$lambda$s6w0pmKyq6-tDdqCEDbOV_xqgVE(l.1179) failed {.code = ERROR_NOT_SUPPORTED, .description = }
07-17 00:05:32.871 E/android.hardware.health@2.1-service-samsung(  853): Could not open /sys/class/power_supply/battery/lrp
07-17 00:05:32.888 E/SecPowerUI.Notification( 1881): no saved value, so we do nothing !!
07-17 00:05:35.356 E/WifiVendorHal( 1437): $r8$lambda$s6w0pmKyq6-tDdqCEDbOV_xqgVE(l.1179) failed {.code = ERROR_NOT_SUPPORTED, .description = }
07-17 00:05:38.322 E/audit   (  820): type=1400 audit(1784228738.317:84384): avc:  denied  { write } for  pid=4096 comm="ThreadPoolForeg" name="traced_producer" dev="tmpfs" ino=10975 scontext=u:r:gmscore_app:s0:c512,c768 tcontext=u:object_r:traced_producer_socket:s0 tclass=sock_file permissive=0 SEPF_SM-A325F_12_0001 audit_filtered
07-17 00:05:38.323 E/audit   (  820): type=1300 audit(1784228738.317:84384): arch=c00000b7 syscall=203 success=no exit=-13 a0=7e a1=b400007af5d43980 a2=1e a3=ffffffff95aa3570 items=0 ppid=838 pid=4096 auid=4294967295 uid=10217 gid=10217 euid=10217 suid=10217 fsuid=10217 egid=10217 sgid=10217 fsgid=10217 tty=(none) ses=4294967295 comm="ThreadPoolForeg" exe="/system/bin/app_process64" subj=u:r:gmscore_app:s0:c512,c768 key=(null)
07-17 00:05:38.323 E/audit   (  820): type=1327 audit(1784228738.317:84384): proctitle="com.google.android.gms.persistent"
07-17 00:05:38.373 E/WifiVendorHal( 1437): $r8$lambda$s6w0pmKyq6-tDdqCEDbOV_xqgVE(l.1179) failed {.code = ERROR_NOT_SUPPORTED, .description = }
07-17 00:05:40.817 E/audit   (  820): type=1400 audit(1784228740.813:84385): avc:  denied  { write } for  pid=4828 comm="ThreadPoolForeg" name="traced_producer" dev="tmpfs" ino=10975 scontext=u:r:gmscore_app:s0:c512,c768 tcontext=u:object_r:traced_producer_socket:s0 tclass=sock_file permissive=0 SEPF_SM-A325F_12_0001 audit_filtered
07-17 00:05:40.817 E/audit   (  820): type=1300 audit(1784228740.813:84385): arch=c00000b7 syscall=203 success=no exit=-13 a0=5f a1=b400007b719068a0 a2=1e a3=ffffffff95aa3570 items=0 ppid=838 pid=4828 auid=4294967295 uid=10217 gid=10217 euid=10217 suid=10217 fsuid=10217 egid=10217 sgid=10217 fsgid=10217 tty=(none) ses=4294967295 comm="ThreadPoolForeg" exe="/system/bin/app_process64" subj=u:r:gmscore_app:s0:c512,c768 key=(null)
07-17 00:05:40.817 E/audit   (  820): type=1327 audit(1784228740.813:84385): proctitle="com.google.android.gms"
07-17 00:05:41.394 E/WifiVendorHal( 1437): $r8$lambda$s6w0pmKyq6-tDdqCEDbOV_xqgVE(l.1179) failed {.code = ERROR_NOT_SUPPORTED, .description = }
07-17 00:05:41.986 E/Watchdog( 1437): !@Sync: 7377 heap: 123 / 138 FD: 1009 [2026-07-17 00:05:41.985]
07-17 00:05:42.913 E/android.hardware.health@2.1-service-samsung(  853): Could not open /sys/class/power_supply/battery/lrp
07-17 00:05:42.928 E/SecPowerUI.Notification( 1881): no saved value, so we do nothing !!
07-17 00:05:44.407 E/WifiVendorHal( 1437): $r8$lambda$s6w0pmKyq6-tDdqCEDbOV_xqgVE(l.1179) failed {.code = ERROR_NOT_SUPPORTED, .description = }
07-17 00:05:47.421 E/WifiVendorHal( 1437): $r8$lambda$s6w0pmKyq6-tDdqCEDbOV_xqgVE(l.1179) failed {.code = ERROR_NOT_SUPPORTED, .description = }
07-17 00:05:50.436 E/WifiVendorHal( 1437): $r8$lambda$s6w0pmKyq6-tDdqCEDbOV_xqgVE(l.1179) failed {.code = ERROR_NOT_SUPPORTED, .description = }
07-17 00:05:52.956 E/android.hardware.health@2.1-service-samsung(  853): Could not open /sys/class/power_supply/battery/lrp
07-17 00:05:52.971 E/SecPowerUI.Notification( 1881): no saved value, so we do nothing !!
07-17 00:05:53.448 E/WifiVendorHal( 1437): $r8$lambda$s6w0pmKyq6-tDdqCEDbOV_xqgVE(l.1179) failed {.code = ERROR_NOT_SUPPORTED, .description = }
07-17 00:05:56.466 E/WifiVendorHal( 1437): $r8$lambda$s6w0pmKyq6-tDdqCEDbOV_xqgVE(l.1179) failed {.code = ERROR_NOT_SUPPORTED, .description = }
07-17 00:05:57.591 E/GlobalSettingsRepoBase( 2214): globalgcsettings No matched key : support_configserver
07-17 00:05:57.600 E/GlobalSettingsRepoBase( 2214): globalgcsettings No matched key : support_configserver
07-17 00:05:57.630 E/GlobalSettingsRepoBase( 2214): globalgcsettings No matched key : support_configserver
07-17 00:05:57.637 E/GlobalSettingsRepoBase( 2214): globalgcsettings No matched key : support_configserver
07-17 00:05:59.481 E/WifiVendorHal( 1437): $r8$lambda$s6w0pmKyq6-tDdqCEDbOV_xqgVE(l.1179) failed {.code = ERROR_NOT_SUPPORTED, .description = }
07-17 00:06:02.497 E/WifiVendorHal( 1437): $r8$lambda$s6w0pmKyq6-tDdqCEDbOV_xqgVE(l.1179) failed {.code = ERROR_NOT_SUPPORTED, .description = }
07-17 00:06:02.986 E/android.hardware.health@2.1-service-samsung(  853): Could not open /sys/class/power_supply/battery/lrp
07-17 00:06:03.004 E/SecPowerUI.Notification( 1881): no saved value, so we do nothing !!
07-17 00:06:05.513 E/WifiVendorHal( 1437): $r8$lambda$s6w0pmKyq6-tDdqCEDbOV_xqgVE(l.1179) failed {.code = ERROR_NOT_SUPPORTED, .description = }
07-17 00:06:08.327 E/audit   (  820): type=1400 audit(1784228768.325:84386): avc:  denied  { write } for  pid=4096 comm="ThreadPoolForeg" name="traced_producer" dev="tmpfs" ino=10975 scontext=u:r:gmscore_app:s0:c512,c768 tcontext=u:object_r:traced_producer_socket:s0 tclass=sock_file permissive=0 SEPF_SM-A325F_12_0001 audit_filtered
07-17 00:06:08.328 E/audit   (  820): type=1300 audit(1784228768.325:84386): arch=c00000b7 syscall=203 success=no exit=-13 a0=58 a1=b400007af5d43960 a2=1e a3=ffffffff95aa3570 items=0 ppid=838 pid=4096 auid=4294967295 uid=10217 gid=10217 euid=10217 suid=10217 fsuid=10217 egid=10217 sgid=10217 fsgid=10217 tty=(none) ses=4294967295 comm="ThreadPoolForeg" exe="/system/bin/app_process64" subj=u:r:gmscore_app:s0:c512,c768 key=(null)
07-17 00:06:08.328 E/audit   (  820): type=1327 audit(1784228768.325:84386): proctitle="com.google.android.gms.persistent"
07-17 00:06:08.528 E/WifiVendorHal( 1437): $r8$lambda$s6w0pmKyq6-tDdqCEDbOV_xqgVE(l.1179) failed {.code = ERROR_NOT_SUPPORTED, .description = }
07-17 00:06:10.850 E/audit   (  820): type=1400 audit(1784228770.845:84387): avc:  denied  { write } for  pid=4828 comm="ThreadPoolForeg" name="traced_producer" dev="tmpfs" ino=10975 scontext=u:r:gmscore_app:s0:c512,c768 tcontext=u:object_r:traced_producer_socket:s0 tclass=sock_file permissive=0 SEPF_SM-A325F_12_0001 audit_filtered
07-17 00:06:10.850 E/audit   (  820): type=1300 audit(1784228770.845:84387): arch=c00000b7 syscall=203 success=no exit=-13 a0=5f a1=b400007c4629a300 a2=1e a3=ffffffff95aa3570 items=0 ppid=838 pid=4828 auid=4294967295 uid=10217 gid=10217 euid=10217 suid=10217 fsuid=10217 egid=10217 sgid=10217 fsgid=10217 tty=(none) ses=4294967295 comm="ThreadPoolForeg" exe="/system/bin/app_process64" subj=u:r:gmscore_app:s0:c512,c768 key=(null)
07-17 00:06:10.850 E/audit   (  820): type=1327 audit(1784228770.845:84387): proctitle="com.google.android.gms"
07-17 00:06:11.545 E/WifiVendorHal( 1437): $r8$lambda$s6w0pmKyq6-tDdqCEDbOV_xqgVE(l.1179) failed {.code = ERROR_NOT_SUPPORTED, .description = }
07-17 00:06:12.000 E/Watchdog( 1437): !@Sync: 7378 heap: 130 / 138 FD: 1009 [2026-07-17 00:06:11.999]
07-17 00:06:12.392 E/pageboostd( 3014): alp start : app comandroidvending
07-17 00:06:12.394 E/ActivityTaskManager( 1437): TouchDown intent received, starting ActiveLaunch
07-17 00:06:12.493 E/pageboostd( 3014): Received HALT command code 2
07-17 00:06:12.495 E/pageboostd( 3014): comandroidvending, amt 25048804 scnt 3 fcnt 0
07-17 00:06:12.495 E/pageboostd( 3014): alp end : app comandroidvending data_amount 25048804
07-17 00:06:12.495 E/pageboostd( 3014): alp halted comandroidvending
07-17 00:06:12.634 E/pageboostd( 3014): Received HALT command code 2
07-17 00:06:13.008 E/android.hardware.health@2.1-service-samsung(  853): Could not open /sys/class/power_supply/battery/lrp
07-17 00:06:13.013 E/SecPowerUI.Notification( 1881): no saved value, so we do nothing !!
07-17 00:06:13.153 E/pageboostd( 3014): alp start : app comnetflixmediaclient
07-17 00:06:13.154 E/ActivityTaskManager( 1437): TouchDown intent received, starting ActiveLaunch
07-17 00:06:13.253 E/pageboostd( 3014): Received HALT command code 2
07-17 00:06:13.265 E/pageboostd( 3014): comnetflixmediaclient, amt 24117248 scnt 1 fcnt 10
07-17 00:06:13.266 E/pageboostd( 3014): alp end : app comnetflixmediaclient data_amount 24117248
07-17 00:06:13.266 E/pageboostd( 3014): alp halted comnetflixmediaclient
07-17 00:06:13.478 E/pageboostd( 3014): Received HALT command code 2
07-17 00:06:13.479 E/ActivityTaskManager( 1437): Checking for the Active launch isPkgEverLaunched :false, isPkgStopped : true, isPkgSuspended : false
07-17 00:06:13.479 E/pageboostd( 3014): alp start : app commenuspringeetgolootlo
07-17 00:06:13.537 E/pageboostd( 3014): commenuspringeetgolootlo, amt 13891036 scnt 3 fcnt 0
07-17 00:06:13.537 E/pageboostd( 3014): commenuspringeetgolootlo, amt 0 scnt 0 fcnt 0
07-17 00:06:13.537 E/pageboostd( 3014): alp end : app commenuspringeetgolootlo data_amount 13891036
07-17 00:06:13.580 E/pageboostd( 3014): Received HALT command code 2
07-17 00:06:13.889 E/pageboostd( 3014): Received HALT command code 2
07-17 00:06:14.269 E/pageboostd( 3014): alp start : app commojojojoososifyapp
07-17 00:06:14.271 E/ActivityTaskManager( 1437): TouchDown intent received, starting ActiveLaunch
07-17 00:06:14.362 E/libprocessgroup( 1437): Failed to find cgroup for tid 2443
07-17 00:06:14.369 E/pageboostd( 3014): Received HALT command code 2
07-17 00:06:14.372 E/pageboostd( 3014): commojojojoososifyapp, amt 22020096 scnt 1 fcnt 6
07-17 00:06:14.372 E/pageboostd( 3014): alp end : app commojojojoososifyapp data_amount 22020096
07-17 00:06:14.372 E/pageboostd( 3014): alp halted commojojojoososifyapp
07-17 00:06:14.372 E/pageboostd( 3014): Received HALT command code 2
07-17 00:06:14.547 E/audit   (  820): type=1400 audit(1784228774.545:84388): avc:  denied  { read } for  pid=7295 comm="lix.mediaclient" name="policy" dev="selinuxfs" ino=20 scontext=u:r:untrusted_app:s0:c51,c257,c512,c768 tcontext=u:object_r:selinuxfs:s0 tclass=file permissive=0 SEPF_SM-A325F_12_0001 audit_filtered
07-17 00:06:14.547 E/audit   (  820): type=1300 audit(1784228774.545:84388): arch=c00000b7 syscall=56 success=no exit=-13 a0=ffffff9c a1=b400007af1a3de60 a2=0 a3=0 items=0 ppid=838 pid=7295 auid=4294967295 uid=10307 gid=10307 euid=10307 suid=10307 fsuid=10307 egid=10307 sgid=10307 fsgid=10307 tty=(none) ses=4294967295 comm="lix.mediaclient" exe="/system/bin/app_process64" subj=u:r:untrusted_app:s0:c51,c257,c512,c768 key=(null)
07-17 00:06:14.547 E/audit   (  820): type=1327 audit(1784228774.545:84388): proctitle="com.netflix.mediaclient"
07-17 00:06:14.562 E/WifiVendorHal( 1437): $r8$lambda$s6w0pmKyq6-tDdqCEDbOV_xqgVE(l.1179) failed {.code = ERROR_NOT_SUPPORTED, .description = }
07-17 00:06:14.620 E/audit   (  820): type=1400 audit(1784228774.617:84389): avc:  denied  { getattr } for  pid=7295 comm="lix.mediaclient" path="/dev/pmsg0" dev="tmpfs" ino=13346 scontext=u:r:untrusted_app:s0:c51,c257,c512,c768 tcontext=u:object_r:pmsg_device:s0 tclass=chr_file permissive=0 SEPF_SM-A325F_12_0001 audit_filtered
07-17 00:06:14.620 E/audit   (  820): type=1300 audit(1784228774.617:84389): arch=c00000b7 syscall=80 success=no exit=-13 a0=4 a1=7fe0288250 a2=4 a3=7fe02884d8 items=0 ppid=838 pid=7295 auid=4294967295 uid=10307 gid=10307 euid=10307 suid=10307 fsuid=10307 egid=10307 sgid=10307 fsgid=10307 tty=(none) ses=4294967295 comm="lix.mediaclient" exe="/system/bin/app_process64" subj=u:r:untrusted_app:s0:c51,c257,c512,c768 key=(null)
07-17 00:06:14.620 E/audit   (  820): type=1327 audit(1784228774.617:84389): proctitle="com.netflix.mediaclient"
07-17 00:06:14.772 E/QT      ( 7408): [QT]file does not exist
07-17 00:06:14.789 E/OpenGLRenderer( 7408): Device claims wide gamut support, cannot find matching config, error = EGL_SUCCESS
07-17 00:06:14.901 E/FBI     ( 7408): Can't load library: dlopen failed: library "libmagtsync.so" not found
07-17 00:06:14.904 E/HWComposer(  901): getSupportedContentTypes: getSupportedContentTypes failed for display 0: Unsupported (8)
07-17 00:06:14.913 E/ion     ( 7408): ioctl c0044901 failed with code -1: Invalid argument
07-17 00:06:15.181 E/AVManager( 7408): Cannot install JSI bindings for AV module because JS context is not available
07-17 00:06:15.256 I/ReactNativeJS( 7408): Running "main"
07-17 00:06:15.385 I/ReactNativeJS( 7408): [Android Wi-Fi Direct] Native WifiP2pManager initialized.
07-17 00:06:15.400 I/ReactNativeJS( 7408): '[P2P Bootstrap] AppState transition to:', 'active', '(Transports kept active)'
07-17 00:06:15.538 I/ReactNativeJS( 7408): [P2P Bootstrap] Initializing transports for user: edca4f97-3e3c-44f2-880c-65ca12020728
07-17 00:06:15.538 I/ReactNativeJS( 7408): [P2P Cleanup - Bootstrap] Starting robust P2P cleanup sequence...
07-17 00:06:15.573 E/libprocessgroup( 1437): Failed to find cgroup for tid 2443
07-17 00:06:15.597 E/pageboostd( 3014): Received HALT command code 2
07-17 00:06:15.610 E/WindowManager( 1437): win=Window{fbc95ff u0 com.sec.android.app.launcher/com.sec.android.app.launcher.activities.LauncherActivity} destroySurfaces: appStopped=true cleanupOnResume=false win.mWindowRemovalAllowed=false win.mRemoveOnExit=false win.mViewVisibility=8 caller=com.android.server.wm.ActivityRecord.destroySurfaces:6539 com.android.server.wm.ActivityRecord.destroySurfaces:6520 com.android.server.wm.ActivityRecord.notifyAppStopped:6584 com.android.server.wm.ActivityRecord.activityStopped:7172 com.android.server.wm.ActivityClientController.activityStopped:269 android.app.IActivityClientController$Stub.onTransact:613 com.android.server.wm.ActivityClientController.onTransact:147 
07-17 00:06:16.081 E/WifiP2pService( 1437): Permission violation - none of NETWORK_SETTING, NETWORK_STACK, or READ_WIFI_CREDENTIAL permission, uid = 10371
07-17 00:06:16.589 W/ReactNativeJS( 7408): '[P2P Cleanup] removeGroup attempt 1 failed:', { [Error: Reason code: 2]
07-17 00:06:16.589 W/ReactNativeJS( 7408):   nativeStackAndroid: [],
07-17 00:06:16.589 W/ReactNativeJS( 7408):   userInfo: null,
07-17 00:06:16.589 W/ReactNativeJS( 7408):   code: 'DISCONNECT_FAILED' }
07-17 00:06:17.200 W/ReactNativeJS( 7408): '[P2P Cleanup] removeGroup attempt 2 failed:', { [Error: Reason code: 2]
07-17 00:06:17.200 W/ReactNativeJS( 7408):   nativeStackAndroid: [],
07-17 00:06:17.200 W/ReactNativeJS( 7408):   userInfo: null,
07-17 00:06:17.200 W/ReactNativeJS( 7408):   code: 'DISCONNECT_FAILED' }
07-17 00:06:17.571 E/WifiVendorHal( 1437): $r8$lambda$s6w0pmKyq6-tDdqCEDbOV_xqgVE(l.1179) failed {.code = ERROR_NOT_SUPPORTED, .description = }
07-17 00:06:17.812 W/ReactNativeJS( 7408): '[P2P Cleanup] removeGroup attempt 3 failed:', { [Error: Reason code: 2]
07-17 00:06:17.812 W/ReactNativeJS( 7408):   nativeStackAndroid: [],
07-17 00:06:17.812 W/ReactNativeJS( 7408):   userInfo: null,
07-17 00:06:17.812 W/ReactNativeJS( 7408):   code: 'DISCONNECT_FAILED' }
07-17 00:06:17.853 E/BtGatt.GattService( 2183): [GSIM LOG]: gsimLogHandler, msg: MESSAGE_ADV_SET_START, appName: com.mojojojoo.sosifyapp, id: 0, isLegacy: true
07-17 00:06:17.855 I/ReactNativeJS( 7408): [BLE Advertiser] Advertising started. Role: user, ID: edca4f97-3e3c-44f2-880c-65ca12020728
07-17 00:06:17.856 I/ReactNativeJS( 7408): [BLE Scanner] Periodic scanning started.
07-17 00:06:17.863 E/libprocessgroup( 1437): Failed to find cgroup for tid 2443
07-17 00:06:17.893 W/ReactNativeJS( 7408): [expo-av]: Expo AV has been deprecated and will be removed in SDK 54. Use the `expo-audio` and `expo-video` packages to replace the required functionality.
07-17 00:06:17.896 E/BtGatt.GattService( 2183): [GSIM LOG]: gsimLogHandler, msg: MESSAGE_SCAN_START, appName: com.mojojojoo.sosifyapp, scannerId: 5, reportDelayMillis=0
07-17 00:06:18.473 E/ShortcutService( 1437): Invalid icon type in shortcut 27707001839788@lid. Bitmaps are not allowed in long-lived shortcuts. Use Resource icons, or Uri-based icons instead.
07-17 00:06:18.534 E/libc    ( 7523): SetHeapTaggingLevel: re-enabling tagging after it was disabled is not supported
07-17 00:06:19.164 E/libprocessgroup( 1437): Failed to find cgroup for tid 2443
07-17 00:06:19.172 E/pageboostd( 3014): Received HALT command code 2
07-17 00:06:19.421 I/ReactNativeJS( 7408): '[P2P Bootstrap] AppState transition to:', 'background', '(Transports kept active)'
07-17 00:06:19.447 E/QT      ( 4983): [QT]file does not exist
07-17 00:06:19.457 I/ReactNativeJS( 7408): '[WebView Console Log]', '[Map] Initialized at 33.6844,73.0479'
07-17 00:06:19.471 E/OpenGLRenderer( 4983): Device claims wide gamut support, cannot find matching config, error = EGL_SUCCESS
07-17 00:06:19.626 E/GPUAUX  ( 7408): [AUX]GuiExtAuxCheckAuxPath:663: Null anb
07-17 00:06:19.626 E/GPUAUX  ( 7408): [AUX]GuiExtAuxCheckAuxPath:663: Null anb
07-17 00:06:19.627 E/GPUAUX  ( 7408): [AUX]GuiExtAuxCheckAuxPath:663: Null anb
07-17 00:06:19.627 E/GPUAUX  ( 7408): [AUX]GuiExtAuxCheckAuxPath:663: Null anb
07-17 00:06:19.627 E/GPUAUX  ( 7408): [AUX]GuiExtAuxCheckAuxPath:663: Null anb
07-17 00:06:19.627 E/GPUAUX  ( 7408): [AUX]GuiExtAuxCheckAuxPath:663: Null anb
07-17 00:06:19.628 E/GPUAUX  ( 7408): [AUX]GuiExtAuxCheckAuxPath:663: Null anb
07-17 00:06:19.628 E/GPUAUX  ( 7408): [AUX]GuiExtAuxCheckAuxPath:663: Null anb
07-17 00:06:19.628 E/GPUAUX  ( 7408): [AUX]GuiExtAuxCheckAuxPath:663: Null anb
07-17 00:06:19.628 E/GPUAUX  ( 7408): [AUX]GuiExtAuxCheckAuxPath:663: Null anb
07-17 00:06:19.629 E/GPUAUX  ( 7408): [AUX]GuiExtAuxCheckAuxPath:663: Null anb
07-17 00:06:19.629 E/GPUAUX  ( 7408): [AUX]GuiExtAuxCheckAuxPath:663: Null anb
07-17 00:06:19.740 E/GPUAUX  ( 7408): [AUX]GuiExtAuxCheckAuxPath:663: Null anb
07-17 00:06:19.743 E/GPUAUX  ( 7408): [AUX]GuiExtAuxCheckAuxPath:663: Null anb
07-17 00:06:19.743 E/GPUAUX  ( 7408): [AUX]GuiExtAuxCheckAuxPath:663: Null anb
07-17 00:06:19.743 E/GPUAUX  ( 7408): [AUX]GuiExtAuxCheckAuxPath:663: Null anb
07-17 00:06:19.768 E/FBI     ( 4983): Can't load library: dlopen failed: library "libmagtsync.so" not found
07-17 00:06:19.773 E/HWComposer(  901): getSupportedContentTypes: getSupportedContentTypes failed for display 0: Unsupported (8)
07-17 00:06:19.785 E/libprocessgroup( 1437): Failed to find cgroup for tid 2443
07-17 00:06:19.789 E/ion     ( 4983): ioctl c0044901 failed with code -1: Invalid argument
07-17 00:06:19.792 E/pageboostd( 3014): Received HALT command code 2
07-17 00:06:19.874 E/GPUAUX  ( 7408): [AUX]GuiExtAuxCheckAuxPath:663: Null anb
07-17 00:06:19.874 E/GPUAUX  ( 7408): [AUX]GuiExtAuxCheckAuxPath:663: Null anb
07-17 00:06:19.874 E/GPUAUX  ( 7408): [AUX]GuiExtAuxCheckAuxPath:663: Null anb
07-17 00:06:19.874 E/GPUAUX  ( 7408): [AUX]GuiExtAuxCheckAuxPath:663: Null anb
07-17 00:06:19.874 E/GPUAUX  ( 7408): [AUX]GuiExtAuxCheckAuxPath:663: Null anb
07-17 00:06:19.874 E/GPUAUX  ( 7408): [AUX]GuiExtAuxCheckAuxPath:663: Null anb
07-17 00:06:19.941 I/ReactNativeJS( 7408): '[P2P Bootstrap] AppState transition to:', 'active', '(Transports kept active)'
07-17 00:06:20.000 E/GPUAUX  ( 7408): [AUX]GuiExtAuxCheckAuxPath:663: Null anb
07-17 00:06:20.001 E/GPUAUX  ( 7408): [AUX]GuiExtAuxCheckAuxPath:663: Null anb
07-17 00:06:20.001 E/GPUAUX  ( 7408): [AUX]GuiExtAuxCheckAuxPath:663: Null anb
07-17 00:06:20.002 E/GPUAUX  ( 7408): [AUX]GuiExtAuxCheckAuxPath:663: Null anb
07-17 00:06:20.002 E/GPUAUX  ( 7408): [AUX]GuiExtAuxCheckAuxPath:663: Null anb
07-17 00:06:20.002 E/GPUAUX  ( 7408): [AUX]GuiExtAuxCheckAuxPath:663: Null anb
07-17 00:06:20.002 E/GPUAUX  ( 7408): [AUX]GuiExtAuxCheckAuxPath:663: Null anb
07-17 00:06:20.003 E/GPUAUX  ( 7408): [AUX]GuiExtAuxCheckAuxPath:663: Null anb
07-17 00:06:20.003 E/GPUAUX  ( 7408): [AUX]GuiExtAuxCheckAuxPath:663: Null anb
07-17 00:06:20.003 E/GPUAUX  ( 7408): [AUX]GuiExtAuxCheckAuxPath:663: Null anb
07-17 00:06:20.003 E/GPUAUX  ( 7408): [AUX]GuiExtAuxCheckAuxPath:663: Null anb
07-17 00:06:20.003 E/GPUAUX  ( 7408): [AUX]GuiExtAuxCheckAuxPath:663: Null anb
07-17 00:06:20.003 E/GPUAUX  ( 7408): [AUX]GuiExtAuxCheckAuxPath:663: Null anb
07-17 00:06:20.003 E/GPUAUX  ( 7408): [AUX]GuiExtAuxCheckAuxPath:663: Null anb
07-17 00:06:20.003 E/GPUAUX  ( 7408): [AUX]GuiExtAuxCheckAuxPath:663: Null anb
07-17 00:06:20.003 E/GPUAUX  ( 7408): [AUX]GuiExtAuxCheckAuxPath:663: Null anb
07-17 00:06:20.147 E/GPUAUX  ( 7408): [AUX]GuiExtAuxCheckAuxPath:663: Null anb
07-17 00:06:20.147 E/GPUAUX  ( 7408): [AUX]GuiExtAuxCheckAuxPath:663: Null anb
07-17 00:06:20.147 E/GPUAUX  ( 7408): [AUX]GuiExtAuxCheckAuxPath:663: Null anb
07-17 00:06:20.147 E/GPUAUX  ( 7408): [AUX]GuiExtAuxCheckAuxPath:663: Null anb
07-17 00:06:20.147 E/GPUAUX  ( 7408): [AUX]GuiExtAuxCheckAuxPath:663: Null anb
07-17 00:06:20.147 E/GPUAUX  ( 7408): [AUX]GuiExtAuxCheckAuxPath:663: Null anb
07-17 00:06:20.147 E/GPUAUX  ( 7408): [AUX]GuiExtAuxCheckAuxPath:663: Null anb
07-17 00:06:20.147 E/GPUAUX  ( 7408): [AUX]GuiExtAuxCheckAuxPath:663: Null anb
07-17 00:06:20.147 E/GPUAUX  ( 7408): [AUX]GuiExtAuxCheckAuxPath:663: Null anb
07-17 00:06:20.147 E/GPUAUX  ( 7408): [AUX]GuiExtAuxCheckAuxPath:663: Null anb
07-17 00:06:20.147 E/GPUAUX  ( 7408): [AUX]GuiExtAuxCheckAuxPath:663: Null anb
07-17 00:06:20.147 E/GPUAUX  ( 7408): [AUX]GuiExtAuxCheckAuxPath:663: Null anb
07-17 00:06:20.148 E/GPUAUX  ( 7408): [AUX]GuiExtAuxCheckAuxPath:663: Null anb
07-17 00:06:20.148 E/GPUAUX  ( 7408): [AUX]GuiExtAuxCheckAuxPath:663: Null anb
07-17 00:06:20.148 E/GPUAUX  ( 7408): [AUX]GuiExtAuxCheckAuxPath:663: Null anb
07-17 00:06:20.243 E/GPUAUX  ( 7408): [AUX]GuiExtAuxCheckAuxPath:663: Null anb
07-17 00:06:20.244 E/GPUAUX  ( 7408): [AUX]GuiExtAuxCheckAuxPath:663: Null anb
07-17 00:06:20.244 E/GPUAUX  ( 7408): [AUX]GuiExtAuxCheckAuxPath:663: Null anb
07-17 00:06:20.244 E/GPUAUX  ( 7408): [AUX]GuiExtAuxCheckAuxPath:663: Null anb
07-17 00:06:20.245 E/GPUAUX  ( 7408): [AUX]GuiExtAuxCheckAuxPath:663: Null anb
07-17 00:06:20.245 E/GPUAUX  ( 7408): [AUX]GuiExtAuxCheckAuxPath:663: Null anb
07-17 00:06:20.245 E/GPUAUX  ( 7408): [AUX]GuiExtAuxCheckAuxPath:663: Null anb
07-17 00:06:20.245 E/GPUAUX  ( 7408): [AUX]GuiExtAuxCheckAuxPath:663: Null anb
07-17 00:06:20.245 E/GPUAUX  ( 7408): [AUX]GuiExtAuxCheckAuxPath:663: Null anb
07-17 00:06:20.245 E/GPUAUX  ( 7408): [AUX]GuiExtAuxCheckAuxPath:663: Null anb
07-17 00:06:20.245 E/GPUAUX  ( 7408): [AUX]GuiExtAuxCheckAuxPath:663: Null anb
07-17 00:06:20.245 E/GPUAUX  ( 7408): [AUX]GuiExtAuxCheckAuxPath:663: Null anb
07-17 00:06:20.245 E/GPUAUX  ( 7408): [AUX]GuiExtAuxCheckAuxPath:663: Null anb
07-17 00:06:20.246 E/GPUAUX  ( 7408): [AUX]GuiExtAuxCheckAuxPath:663: Null anb
07-17 00:06:20.246 E/GPUAUX  ( 7408): [AUX]GuiExtAuxCheckAuxPath:663: Null anb
07-17 00:06:20.246 E/GPUAUX  ( 7408): [AUX]GuiExtAuxCheckAuxPath:663: Null anb
07-17 00:06:20.292 E/GPUAUX  ( 7408): [AUX]GuiExtAuxCheckAuxPath:663: Null anb
07-17 00:06:20.293 E/GPUAUX  ( 7408): [AUX]GuiExtAuxCheckAuxPath:663: Null anb
07-17 00:06:20.293 E/GPUAUX  ( 7408): [AUX]GuiExtAuxCheckAuxPath:663: Null anb
07-17 00:06:20.293 E/GPUAUX  ( 7408): [AUX]GuiExtAuxCheckAuxPath:663: Null anb
07-17 00:06:20.293 E/GPUAUX  ( 7408): [AUX]GuiExtAuxCheckAuxPath:663: Null anb
07-17 00:06:20.294 E/GPUAUX  ( 7408): [AUX]GuiExtAuxCheckAuxPath:663: Null anb
07-17 00:06:20.294 E/GPUAUX  ( 7408): [AUX]GuiExtAuxCheckAuxPath:663: Null anb
07-17 00:06:20.318 E/GPUAUX  ( 7408): [AUX]GuiExtAuxCheckAuxPath:663: Null anb
07-17 00:06:20.318 E/GPUAUX  ( 7408): [AUX]GuiExtAuxCheckAuxPath:663: Null anb
07-17 00:06:20.318 E/GPUAUX  ( 7408): [AUX]GuiExtAuxCheckAuxPath:663: Null anb
07-17 00:06:20.318 E/GPUAUX  ( 7408): [AUX]GuiExtAuxCheckAuxPath:663: Null anb
07-17 00:06:20.318 E/GPUAUX  ( 7408): [AUX]GuiExtAuxCheckAuxPath:663: Null anb
07-17 00:06:20.318 E/GPUAUX  ( 7408): [AUX]GuiExtAuxCheckAuxPath:663: Null anb
07-17 00:06:20.319 E/GPUAUX  ( 7408): [AUX]GuiExtAuxCheckAuxPath:663: Null anb
07-17 00:06:20.319 E/GPUAUX  ( 7408): [AUX]GuiExtAuxCheckAuxPath:663: Null anb
07-17 00:06:20.319 E/GPUAUX  ( 7408): [AUX]GuiExtAuxCheckAuxPath:663: Null anb
07-17 00:06:20.319 E/GPUAUX  ( 7408): [AUX]GuiExtAuxCheckAuxPath:663: Null anb
07-17 00:06:20.319 E/GPUAUX  ( 7408): [AUX]GuiExtAuxCheckAuxPath:663: Null anb
07-17 00:06:20.319 E/GPUAUX  ( 7408): [AUX]GuiExtAuxCheckAuxPath:663: Null anb
07-17 00:06:20.319 E/GPUAUX  ( 7408): [AUX]GuiExtAuxCheckAuxPath:663: Null anb
07-17 00:06:20.319 E/GPUAUX  ( 7408): [AUX]GuiExtAuxCheckAuxPath:663: Null anb
07-17 00:06:20.319 E/GPUAUX  ( 7408): [AUX]GuiExtAuxCheckAuxPath:663: Null anb
07-17 00:06:20.584 E/WifiVendorHal( 1437): $r8$lambda$s6w0pmKyq6-tDdqCEDbOV_xqgVE(l.1179) failed {.code = ERROR_NOT_SUPPORTED, .description = }
