07-17 00:19:31.818 E/HeatmapThread(  987): !@ CAM Could not access BSOH EFS
07-17 00:19:31.818 E/HeatmapThread(  987): !@ CAM New BSOH: 0
07-17 00:19:32.818 E/HeatmapThread(  987): ECT Thread time in milliseconds: 1784229572
07-17 00:19:32.819 E/HeatmapThread(  987): !@Could not open '/efs/FactoryApp/bsoh', errno = 13
07-17 00:19:32.819 E/HeatmapThread(  987): !@ CAM Could not access BSOH EFS
07-17 00:19:32.819 E/HeatmapThread(  987): !@ CAM New BSOH: 0
07-17 00:19:33.819 E/HeatmapThread(  987): ECT Thread time in milliseconds: 1784229573
07-17 00:19:33.819 E/HeatmapThread(  987): !@Could not open '/efs/FactoryApp/bsoh', errno = 13
07-17 00:19:33.819 E/HeatmapThread(  987): !@ CAM Could not access BSOH EFS
07-17 00:19:33.819 E/HeatmapThread(  987): !@ CAM New BSOH: 0
07-17 00:19:34.818 E/HeatmapThread(  987): ECT Thread time in milliseconds: 1784229574
07-17 00:19:34.819 E/HeatmapThread(  987): !@Could not open '/efs/FactoryApp/bsoh', errno = 13
07-17 00:19:34.819 E/HeatmapThread(  987): !@ CAM Could not access BSOH EFS
07-17 00:19:34.819 E/HeatmapThread(  987): !@ CAM New BSOH: 0
07-17 00:19:35.818 E/HeatmapThread(  987): ECT Thread time in milliseconds: 1784229575
07-17 00:19:35.818 E/HeatmapThread(  987): !@Could not open '/efs/FactoryApp/bsoh', errno = 13
07-17 00:19:35.818 E/HeatmapThread(  987): !@ CAM Could not access BSOH EFS
07-17 00:19:35.819 E/HeatmapThread(  987): !@ CAM New BSOH: 0
07-17 00:19:36.818 E/HeatmapThread(  987): ECT Thread time in milliseconds: 1784229576
07-17 00:19:36.819 E/HeatmapThread(  987): !@Could not open '/efs/FactoryApp/bsoh', errno = 13
07-17 00:19:36.819 E/HeatmapThread(  987): !@ CAM Could not access BSOH EFS
07-17 00:19:36.819 E/HeatmapThread(  987): !@ CAM New BSOH: 0
07-17 00:19:37.818 E/HeatmapThread(  987): ECT Thread time in milliseconds: 1784229577
07-17 00:19:37.818 E/HeatmapThread(  987): !@Could not open '/efs/FactoryApp/bsoh', errno = 13
07-17 00:19:37.819 E/HeatmapThread(  987): !@ CAM Could not access BSOH EFS
07-17 00:19:37.819 E/HeatmapThread(  987): !@ CAM New BSOH: 0
07-17 00:19:38.818 E/HeatmapThread(  987): ECT Thread time in milliseconds: 1784229578
07-17 00:19:38.818 E/HeatmapThread(  987): !@Could not open '/efs/FactoryApp/bsoh', errno = 13
07-17 00:19:38.818 E/HeatmapThread(  987): !@ CAM Could not access BSOH EFS
07-17 00:19:38.818 E/HeatmapThread(  987): !@ CAM New BSOH: 0
07-17 00:19:39.818 E/HeatmapThread(  987): ECT Thread time in milliseconds: 1784229579
07-17 00:19:39.819 E/HeatmapThread(  987): !@Could not open '/efs/FactoryApp/bsoh', errno = 13
07-17 00:19:39.819 E/HeatmapThread(  987): !@ CAM Could not access BSOH EFS
07-17 00:19:39.819 E/HeatmapThread(  987): !@ CAM New BSOH: 0
07-17 00:19:40.818 E/HeatmapThread(  987): ECT Thread time in milliseconds: 1784229580
07-17 00:19:40.818 E/HeatmapThread(  987): !@Could not open '/efs/FactoryApp/bsoh', errno = 13
07-17 00:19:40.818 E/HeatmapThread(  987): !@ CAM Could not access BSOH EFS
07-17 00:19:40.818 E/HeatmapThread(  987): !@ CAM New BSOH: 0
07-17 00:19:41.818 E/HeatmapThread(  987): ECT Thread time in milliseconds: 1784229581
07-17 00:19:41.818 E/HeatmapThread(  987): !@Could not open '/efs/FactoryApp/bsoh', errno = 13
07-17 00:19:41.819 E/HeatmapThread(  987): !@ CAM Could not access BSOH EFS
07-17 00:19:41.819 E/HeatmapThread(  987): !@ CAM New BSOH: 0
07-17 00:19:42.268 E/PlayCommon( 8614): [135] Failed to connect to server for server timestamp: java.net.UnknownHostException: Unable to resolve host "play.googleapis.com": No address associated with hostname
07-17 00:19:42.323 E/AuthPII ( 3417): [RequestTokenManager] getToken() -> NETWORK_ERROR. App: com.android.vending, Service: oauth2:https://www.googleapis.com/auth/googleplay
07-17 00:19:42.323 E/AuthPII ( 3417): axud: Error when calling server using GmsNetworkStack.
07-17 00:19:42.323 E/AuthPII ( 3417): 	at abws.b(:com.google.android.gms@252431035@25.24.31 (260400-772615181):1366)
07-17 00:19:42.323 E/AuthPII ( 3417): 	at abwq.a(:com.google.android.gms@252431035@25.24.31 (260400-772615181):557)
07-17 00:19:42.323 E/AuthPII ( 3417): 	at abwp.b(:com.google.android.gms@252431035@25.24.31 (260400-772615181):115)
07-17 00:19:42.323 E/AuthPII ( 3417): 	at vie.h(:com.google.android.gms@252431035@25.24.31 (260400-772615181):528)
07-17 00:19:42.323 E/AuthPII ( 3417): 	at vie.d(:com.google.android.gms@252431035@25.24.31 (260400-772615181):140)
07-17 00:19:42.323 E/AuthPII ( 3417): 	at abpw.getAuthToken(:com.google.android.gms@252431035@25.24.31 (260400-772615181):410)
07-17 00:19:42.323 E/AuthPII ( 3417): 	at android.accounts.AbstractAccountAuthenticator$Transport.getAuthToken(AbstractAccountAuthenticator.java:248)
07-17 00:19:42.323 E/AuthPII ( 3417): 	at android.accounts.IAccountAuthenticator$Stub.onTransact(IAccountAuthenticator.java:254)
07-17 00:19:42.323 E/AuthPII ( 3417): 	at android.os.Binder.transact(Binder.java:1309)
07-17 00:19:42.323 E/AuthPII ( 3417): 	at bzec.onTransact(:com.google.android.gms@252431035@25.24.31 (260400-772615181):10)
07-17 00:19:42.323 E/AuthPII ( 3417): 	at android.os.Binder.transact(Binder.java:1309)
07-17 00:19:42.323 E/AuthPII ( 3417): 	at bpel.onTransact(:com.google.android.gms@252431035@25.24.31 (260400-772615181):148)
07-17 00:19:42.323 E/AuthPII ( 3417): 	at android.os.Binder.execTransactInternal(Binder.java:1462)
07-17 00:19:42.323 E/AuthPII ( 3417): 	at android.os.Binder.execTransact(Binder.java:1401)
07-17 00:19:42.323 E/AuthPII ( 3417): Caused by: axud: Error requesting token.
07-17 00:19:42.323 E/AuthPII ( 3417): 	at abws.d(:com.google.android.gms@252431035@25.24.31 (260400-772615181):212)
07-17 00:19:42.323 E/AuthPII ( 3417): 	at abws.b(:com.google.android.gms@252431035@25.24.31 (260400-772615181):51)
07-17 00:19:42.323 E/AuthPII ( 3417): 	... 13 more
07-17 00:19:42.323 E/AuthPII ( 3417): Caused by: java.util.concurrent.ExecutionException: chmq: Failed to process request
07-17 00:19:42.323 E/AuthPII ( 3417): 	at gdxa.j(:com.google.android.gms@252431035@25.24.31 (260400-772615181):44)
07-17 00:19:42.323 E/AuthPII ( 3417): 	at gdxj.v(:com.google.android.gms@252431035@25.24.31 (260400-772615181):107)
07-17 00:19:42.323 E/AuthPII ( 3417): 	at abws.d(:com.google.android.gms@252431035@25.24.31 (260400-772615181):197)
07-17 00:19:42.323 E/AuthPII ( 3417): 	... 14 more
07-17 00:19:42.323 E/AuthPII ( 3417): Caused by: chmq: Failed to process request
07-17 00:19:42.323 E/AuthPII ( 3417): 	at chmw.a(:com.google.android.gms@252431035@25.24.31 (260400-772615181):23)
07-17 00:19:42.323 E/AuthPII ( 3417): 	at chqp.b(:com.google.android.gms@252431035@25.24.31 (260400-772615181):15)
07-17 00:19:42.323 E/AuthPII ( 3417): 	at chrg.onFailed(:com.google.android.gms@252431035@25.24.31 (260400-772615181):15)
07-17 00:19:42.323 E/AuthPII ( 3417): 	at m1.mx.onFailed(:com.google.android.gms.dynamite_cronetdynamite@252431035@25.24.31 (260400-0):3)
07-17 00:19:42.323 E/AuthPII ( 3417): 	at m1.lx.run(:com.google.android.gms.dynamite_cronetdynamite@252431035@25.24.31 (260400-0):16)
07-17 00:19:42.323 E/AuthPII ( 3417): 	at ayze.c(:com.google.android.gms@252431035@25.24.31 (260400-772615181):50)
07-17 00:19:42.323 E/AuthPII ( 3417): 	at ayze.run(:com.google.android.gms@252431035@25.24.31 (260400-772615181):70)
07-17 00:19:42.323 E/AuthPII ( 3417): 	at java.util.concurrent.ThreadPoolExecutor.runWorker(ThreadPoolExecutor.java:1100)
07-17 00:19:42.323 E/AuthPII ( 3417): 	at java.util.concurrent.ThreadPoolExecutor$Worker.run(ThreadPoolExecutor.java:624)
07-17 00:19:42.323 E/AuthPII ( 3417): 	at azes.run(:com.google.android.gms@252431035@25.24.31 (260400-772615181):8)
07-17 00:19:42.323 E/AuthPII ( 3417): 	at java.lang.Thread.run(Thread.java:1572)
07-17 00:19:42.323 E/AuthPII ( 3417): Caused by: m1.mh: Exception in CronetUrlRequest: net::ERR_INTERNET_DISCONNECTED, ErrorCode=2, InternalErrorCode=-106, Retryable=false
07-17 00:19:42.323 E/AuthPII ( 3417): 	at org.chromium.net.impl.CronetUrlRequest.onError(:com.google.android.gms.dynamite_cronetdynamite@252431035@25.24.31 (260400-0):3)
07-17 00:19:42.323 E/AuthPII ( 3417): Message is Error when calling server using GmsNetworkStack.
07-17 00:19:42.323 E/AuthPII ( 3417): axud: Error when calling server using GmsNetworkStack.
07-17 00:19:42.323 E/AuthPII ( 3417): 	at abws.b(:com.google.android.gms@252431035@25.24.31 (260400-772615181):1366)
07-17 00:19:42.323 E/AuthPII ( 3417): 	at abwq.a(:com.google.android.gms@252431035@25.24.31 (260400-772615181):557)
07-17 00:19:42.323 E/AuthPII ( 3417): 	at abwp.b(:com.google.android.gms@252431035@25.24.31 (260400-772615181):115)
07-17 00:19:42.323 E/AuthPII ( 3417): 	at vie.h(:com.google.android.gms@252431035@25.24.31 (260400-772615181):528)
07-17 00:19:42.323 E/AuthPII ( 3417): 	at vie.d(:com.google.android.gms@252431035@25.24.31 (260400-772615181):140)
07-17 00:19:42.323 E/AuthPII ( 3417): 	at abpw.getAuthToken(:com.google.android.gms@252431035@25.24.31 (260400-772615181):410)
07-17 00:19:42.323 E/AuthPII ( 3417): 	at android.accounts.AbstractAccountAuthenticator$Transport.getAuthToken(AbstractAccountAuthenticator.java:248)
07-17 00:19:42.323 E/AuthPII ( 3417): 	at android.accounts.IAccountAuthenticator$Stub.onTransact(IAccountAuthenticator.java:254)
07-17 00:19:42.323 E/AuthPII ( 3417): 	at android.os.Binder.transact(Binder.java:1309)
07-17 00:19:42.323 E/AuthPII ( 3417): 	at bzec.onTransact(:com.google.android.gms@252431035@25.24.31 (260400-772615181):10)
07-17 00:19:42.323 E/AuthPII ( 3417): 	at android.os.Binder.transact(Binder.java:1309)
07-17 00:19:42.323 E/AuthPII ( 3417): 	at bpel.onTransact(:com.google.android.gms@252431035@25.24.31 (260400-772615181):148)
07-17 00:19:42.323 E/AuthPII ( 3417): 	at android.os.Binder.execTransactInternal(Binder.java:1462)
07-17 00:19:42.323 E/AuthPII ( 3417): 	at android.os.Binder.execTransact(Binder.java:1401)
07-17 00:19:42.323 E/AuthPII ( 3417): Caused by: axud: Error requesting token.
07-17 00:19:42.323 E/AuthPII ( 3417): 	at abws.d(:com.google.android.gms@252431035@25.24.31 (260400-772615181):212)
07-17 00:19:42.323 E/AuthPII ( 3417): 	at abws.b(:com.google.android.gms@252431035@25.24.31 (260400-772615181):51)
07-17 00:19:42.323 E/AuthPII ( 3417): 	... 13 more
07-17 00:19:42.323 E/AuthPII ( 3417): Caused by: java.util.concurrent.ExecutionException: chmq: Failed to process request
07-17 00:19:42.323 E/AuthPII ( 3417): 	at gdxa.j(:com.google.android.gms@252431035@25.24.31 (260400-772615181):44)
07-17 00:19:42.323 E/AuthPII ( 3417): 	at gdxj.v(:com.google.android.gms@252431035@25.24.31 (260400-772615181):107)
07-17 00:19:42.323 E/AuthPII ( 3417): 	at abws.d(:com.google.android.gms@252431035@25.24.31 (260400-772615181):197)
07-17 00:19:42.323 E/AuthPII ( 3417): 	... 14 more
07-17 00:19:42.323 E/AuthPII ( 3417): Caused by: chmq: Failed to process request
07-17 00:19:42.323 E/AuthPII ( 3417): 	at chmw.a(:com.google.android.gms@252431035@25.24.31 (260400-772615181):23)
07-17 00:19:42.323 E/AuthPII ( 3417): 	at chqp.b(:com.google.android.gms@252431035@25.24.31 (260400-772615181):15)
07-17 00:19:42.323 E/AuthPII ( 3417): 	at chrg.onFailed(:com.google.android.gms@252431035@25.24.31 (260400-772615181):15)
07-17 00:19:42.323 E/AuthPII ( 3417): 	at m1.mx.onFailed(:com.google.android.gms.dynamite_cronetdynamite@252431035@25.24.31 (260400-0):3)
07-17 00:19:42.323 E/AuthPII ( 3417): 	at m1.lx.run(:com.google.android.gms.dynamite_cronetdynamite@252431035@25.24.31 (260400-0):16)
07-17 00:19:42.323 E/AuthPII ( 3417): 	at ayze.c(:com.google.android.gms@252431035@25.24.31 (260400-772615181):50)
07-17 00:19:42.323 E/AuthPII ( 3417): 	at ayze.run(:com.google.android.gms@252431035@25.24.31 (260400-772615181):70)
07-17 00:19:42.323 E/AuthPII ( 3417): 	at java.util.concurrent.ThreadPoolExecutor.runWorker(ThreadPoolExecutor.java:1100)
07-17 00:19:42.323 E/AuthPII ( 3417): 	at java.util.concurrent.ThreadPoolExecutor$Worker.run(ThreadPoolExecutor.java:624)
07-17 00:19:42.323 E/AuthPII ( 3417): 	at azes.run(:com.google.android.gms@252431035@25.24.31 (260400-772615181):8)
07-17 00:19:42.323 E/AuthPII ( 3417): 	at java.lang.Thread.run(Thread.java:1572)
07-17 00:19:42.323 E/AuthPII ( 3417): Caused by: m1.mh: Exception in CronetUrlRequest: net::ERR_INTERNET_DISCONNECTED, ErrorCode=2, InternalErrorCode=-106, Retryable=false
07-17 00:19:42.323 E/AuthPII ( 3417): 	at org.chromium.net.impl.CronetUrlRequest.onError(:com.google.android.gms.dynamite_cronetdynamite@252431035@25.24.31 (260400-0):3)
07-17 00:19:42.327 E/PlayCommon( 8614): [135] Failed to get auth token: java.io.IOException: NetworkError
07-17 00:19:42.451 E/Watchdog( 1348): !@Sync: 1544 heap(MB): 120 / 159 FD: 1245 [2026-07-17 00:19:42.451]
07-17 00:19:42.818 E/HeatmapThread(  987): ECT Thread time in milliseconds: 1784229582
07-17 00:19:42.819 E/HeatmapThread(  987): !@Could not open '/efs/FactoryApp/bsoh', errno = 13
07-17 00:19:42.819 E/HeatmapThread(  987): !@ CAM Could not access BSOH EFS
07-17 00:19:42.819 E/HeatmapThread(  987): !@ CAM New BSOH: 0
07-17 00:19:43.818 E/HeatmapThread(  987): ECT Thread time in milliseconds: 1784229583
07-17 00:19:43.818 E/HeatmapThread(  987): !@Could not open '/efs/FactoryApp/bsoh', errno = 13
07-17 00:19:43.818 E/HeatmapThread(  987): !@ CAM Could not access BSOH EFS
07-17 00:19:43.819 E/HeatmapThread(  987): !@ CAM New BSOH: 0
07-17 00:19:44.818 E/HeatmapThread(  987): ECT Thread time in milliseconds: 1784229584
07-17 00:19:44.818 E/HeatmapThread(  987): !@Could not open '/efs/FactoryApp/bsoh', errno = 13
07-17 00:19:44.818 E/HeatmapThread(  987): !@ CAM Could not access BSOH EFS
07-17 00:19:44.818 E/HeatmapThread(  987): !@ CAM New BSOH: 0
07-17 00:19:45.818 E/HeatmapThread(  987): ECT Thread time in milliseconds: 1784229585
07-17 00:19:45.819 E/HeatmapThread(  987): !@Could not open '/efs/FactoryApp/bsoh', errno = 13
07-17 00:19:45.819 E/HeatmapThread(  987): !@ CAM Could not access BSOH EFS
07-17 00:19:45.819 E/HeatmapThread(  987): !@ CAM New BSOH: 0
07-17 00:19:46.818 E/HeatmapThread(  987): ECT Thread time in milliseconds: 1784229586
07-17 00:19:46.819 E/HeatmapThread(  987): !@Could not open '/efs/FactoryApp/bsoh', errno = 13
07-17 00:19:46.819 E/HeatmapThread(  987): !@ CAM Could not access BSOH EFS
07-17 00:19:46.819 E/HeatmapThread(  987): !@ CAM New BSOH: 0
07-17 00:19:47.818 E/HeatmapThread(  987): ECT Thread time in milliseconds: 1784229587
07-17 00:19:47.818 E/HeatmapThread(  987): !@Could not open '/efs/FactoryApp/bsoh', errno = 13
07-17 00:19:47.819 E/HeatmapThread(  987): !@ CAM Could not access BSOH EFS
07-17 00:19:47.819 E/HeatmapThread(  987): !@ CAM New BSOH: 0
07-17 00:19:48.818 E/HeatmapThread(  987): ECT Thread time in milliseconds: 1784229588
07-17 00:19:48.818 E/HeatmapThread(  987): !@Could not open '/efs/FactoryApp/bsoh', errno = 13
07-17 00:19:48.818 E/HeatmapThread(  987): !@ CAM Could not access BSOH EFS
07-17 00:19:48.819 E/HeatmapThread(  987): !@ CAM New BSOH: 0
07-17 00:19:48.834 E/NativeCustomFrequencyManager( 1006): [NativeCFMS] BpCustomFrequencyManager::acquire()
07-17 00:19:49.818 E/HeatmapThread(  987): ECT Thread time in milliseconds: 1784229589
07-17 00:19:49.819 E/HeatmapThread(  987): !@Could not open '/efs/FactoryApp/bsoh', errno = 13
07-17 00:19:49.819 E/HeatmapThread(  987): !@ CAM Could not access BSOH EFS
07-17 00:19:49.819 E/HeatmapThread(  987): !@ CAM New BSOH: 0
07-17 00:19:50.818 E/HeatmapThread(  987): ECT Thread time in milliseconds: 1784229590
07-17 00:19:50.818 E/HeatmapThread(  987): !@Could not open '/efs/FactoryApp/bsoh', errno = 13
07-17 00:19:50.818 E/HeatmapThread(  987): !@ CAM Could not access BSOH EFS
07-17 00:19:50.818 E/HeatmapThread(  987): !@ CAM New BSOH: 0
07-17 00:19:51.818 E/HeatmapThread(  987): ECT Thread time in milliseconds: 1784229591
07-17 00:19:51.819 E/HeatmapThread(  987): !@Could not open '/efs/FactoryApp/bsoh', errno = 13
07-17 00:19:51.819 E/HeatmapThread(  987): !@ CAM Could not access BSOH EFS
07-17 00:19:51.819 E/HeatmapThread(  987): !@ CAM New BSOH: 0
07-17 00:19:52.818 E/HeatmapThread(  987): ECT Thread time in milliseconds: 1784229592
07-17 00:19:52.819 E/HeatmapThread(  987): !@Could not open '/efs/FactoryApp/bsoh', errno = 13
07-17 00:19:52.819 E/HeatmapThread(  987): !@ CAM Could not access BSOH EFS
07-17 00:19:52.819 E/HeatmapThread(  987): !@ CAM New BSOH: 0
07-17 00:19:53.818 E/HeatmapThread(  987): ECT Thread time in milliseconds: 1784229593
07-17 00:19:53.819 E/HeatmapThread(  987): !@Could not open '/efs/FactoryApp/bsoh', errno = 13
07-17 00:19:53.819 E/HeatmapThread(  987): !@ CAM Could not access BSOH EFS
07-17 00:19:53.819 E/HeatmapThread(  987): !@ CAM New BSOH: 0
07-17 00:19:54.818 E/HeatmapThread(  987): ECT Thread time in milliseconds: 1784229594
07-17 00:19:54.819 E/HeatmapThread(  987): !@Could not open '/efs/FactoryApp/bsoh', errno = 13
07-17 00:19:54.819 E/HeatmapThread(  987): !@ CAM Could not access BSOH EFS
07-17 00:19:54.819 E/HeatmapThread(  987): !@ CAM New BSOH: 0
07-17 00:19:55.818 E/HeatmapThread(  987): ECT Thread time in milliseconds: 1784229595
07-17 00:19:55.818 E/HeatmapThread(  987): !@Could not open '/efs/FactoryApp/bsoh', errno = 13
07-17 00:19:55.819 E/HeatmapThread(  987): !@ CAM Could not access BSOH EFS
07-17 00:19:55.819 E/HeatmapThread(  987): !@ CAM New BSOH: 0
07-17 00:19:56.818 E/HeatmapThread(  987): ECT Thread time in milliseconds: 1784229596
07-17 00:19:56.819 E/HeatmapThread(  987): !@Could not open '/efs/FactoryApp/bsoh', errno = 13
07-17 00:19:56.819 E/HeatmapThread(  987): !@ CAM Could not access BSOH EFS
07-17 00:19:56.819 E/HeatmapThread(  987): !@ CAM New BSOH: 0
07-17 00:19:57.818 E/HeatmapThread(  987): ECT Thread time in milliseconds: 1784229597
07-17 00:19:57.819 E/HeatmapThread(  987): !@Could not open '/efs/FactoryApp/bsoh', errno = 13
07-17 00:19:57.819 E/HeatmapThread(  987): !@ CAM Could not access BSOH EFS
07-17 00:19:57.819 E/HeatmapThread(  987): !@ CAM New BSOH: 0
07-17 00:19:58.818 E/HeatmapThread(  987): ECT Thread time in milliseconds: 1784229598
07-17 00:19:58.818 E/HeatmapThread(  987): !@Could not open '/efs/FactoryApp/bsoh', errno = 13
07-17 00:19:58.818 E/HeatmapThread(  987): !@ CAM Could not access BSOH EFS
07-17 00:19:58.818 E/HeatmapThread(  987): !@ CAM New BSOH: 0
07-17 00:19:59.818 E/HeatmapThread(  987): ECT Thread time in milliseconds: 1784229599
07-17 00:19:59.819 E/HeatmapThread(  987): !@Could not open '/efs/FactoryApp/bsoh', errno = 13
07-17 00:19:59.819 E/HeatmapThread(  987): !@ CAM Could not access BSOH EFS
07-17 00:19:59.819 E/HeatmapThread(  987): !@ CAM New BSOH: 0
07-17 00:20:00.542 E/NativeCustomFrequencyManager( 1006): [NativeCFMS] BpCustomFrequencyManager::acquire()
07-17 00:20:00.818 E/HeatmapThread(  987): ECT Thread time in milliseconds: 1784229600
07-17 00:20:00.819 E/HeatmapThread(  987): !@Could not open '/efs/FactoryApp/bsoh', errno = 13
07-17 00:20:00.819 E/HeatmapThread(  987): !@ CAM Could not access BSOH EFS
07-17 00:20:00.819 E/HeatmapThread(  987): !@ CAM New BSOH: 0
07-17 00:20:01.818 E/HeatmapThread(  987): ECT Thread time in milliseconds: 1784229601
07-17 00:20:01.818 E/HeatmapThread(  987): !@Could not open '/efs/FactoryApp/bsoh', errno = 13
07-17 00:20:01.819 E/HeatmapThread(  987): !@ CAM Could not access BSOH EFS
07-17 00:20:01.819 E/HeatmapThread(  987): !@ CAM New BSOH: 0
07-17 00:20:02.777 E/SecVibrator-HAL-AIDL-CORE(  973): V_2_0: Vibrator on for timeoutMs: 45
07-17 00:20:02.778 E/SecVibrator-HAL-AIDL-CORE(  973): HW_API: do_on for timeoutMs: 45
07-17 00:20:02.778 E/SecVibrator-HAL-AIDL-CORE(  973): HW_API: >> writeNode node:/timed_output/vibrator/enable val:45
07-17 00:20:02.780 E/SecVibrator-HAL-AIDL-CORE(  973): HW_API: << writeNode node OK : 3
07-17 00:20:02.818 E/HeatmapThread(  987): ECT Thread time in milliseconds: 1784229602
07-17 00:20:02.818 E/HeatmapThread(  987): !@Could not open '/efs/FactoryApp/bsoh', errno = 13
07-17 00:20:02.819 E/HeatmapThread(  987): !@ CAM Could not access BSOH EFS
07-17 00:20:02.819 E/HeatmapThread(  987): !@ CAM New BSOH: 0
07-17 00:20:02.827 E/SecVibrator-HAL-AIDL-CORE(  973): V_2_0: Vibrator off
07-17 00:20:02.827 E/SecVibrator-HAL-AIDL-CORE(  973): HW_API: do_off
07-17 00:20:02.827 E/SecVibrator-HAL-AIDL-CORE(  973): HW_API: >> writeNode node:/timed_output/vibrator/enable val:0
07-17 00:20:02.828 E/SecVibrator-HAL-AIDL-CORE(  973): HW_API: << writeNode node OK : 2
07-17 00:20:02.910 E/pageboostd( 3189): Received HALT command code 2
07-17 00:20:02.915 I/ReactNativeJS(10444): '[P2P Bootstrap] AppState transition to:', 'background', '(Transports kept active)'
07-17 00:20:02.995 E/AppIconSolution( 2637): Couldn't get theme package resources, package is null
07-17 00:20:03.025 E/SurfaceFlinger( 1006): alpha changed 1.000 -> 0.000 - Surface(name=Task=1)/@0x4f4672_transition-leash#5884
07-17 00:20:03.047 E/SurfaceFlinger( 1006): alpha changed 0.000 -> 1.000 - Surface(name=Task=1)/@0x4f4672_transition-leash#5884
07-17 00:20:03.058 E/NativeCustomFrequencyManager( 1006): [NativeCFMS] BpCustomFrequencyManager::acquire()
07-17 00:20:03.092 E/SurfaceFlinger( 1006): alpha changed 1.000 -> 0.000 - Surface(name=5e7ef38 InputMethod)/@0x754e476 - animation-leash of insets_animation#5887
07-17 00:20:03.107 E/AtomicFile( 4331): Failed to rename /data/user_de/0/com.samsung.android.honeyboard/files/selected.json.new to /data/user_de/0/com.samsung.android.honeyboard/files/selected.json
07-17 00:20:03.192 E/SurfaceComposerClient( 2637): SurfaceComposerClient::Transaction::setAlpha: invalid alpha -0.018285, clamping
07-17 00:20:03.203 E/SurfaceFlinger( 1006): alpha changed 0.013 -> 0.000 - Surface(name=Task=101)/@0xce48f40_transition-leash#5885
07-17 00:20:03.204 E/SurfaceComposerClient( 2637): SurfaceComposerClient::Transaction::setAlpha: invalid alpha -0.037041, clamping
07-17 00:20:03.214 E/SurfaceComposerClient( 2637): SurfaceComposerClient::Transaction::setAlpha: invalid alpha -0.047403, clamping
07-17 00:20:03.226 E/SurfaceComposerClient( 2637): SurfaceComposerClient::Transaction::setAlpha: invalid alpha -0.050268, clamping
07-17 00:20:03.237 E/SurfaceComposerClient( 2637): SurfaceComposerClient::Transaction::setAlpha: invalid alpha -0.047553, clamping
07-17 00:20:03.249 E/SurfaceComposerClient( 2637): SurfaceComposerClient::Transaction::setAlpha: invalid alpha -0.042060, clamping
07-17 00:20:03.259 E/SurfaceComposerClient( 2637): SurfaceComposerClient::Transaction::setAlpha: invalid alpha -0.032512, clamping
07-17 00:20:03.270 E/SurfaceComposerClient( 2637): SurfaceComposerClient::Transaction::setAlpha: invalid alpha -0.020584, clamping
07-17 00:20:03.282 E/SurfaceComposerClient( 2637): SurfaceComposerClient::Transaction::setAlpha: invalid alpha -0.006433, clamping
07-17 00:20:03.327 E/WindowManager( 1348): win=Window{d2000ad u0 com.mojojojoo.sosifyapp/com.mojojojoo.sosifyapp.MainActivity} destroySurfaces: appStopped=true cleanupOnResume=false win.mWindowRemovalAllowed=false win.mRemoveOnExit=false win.mViewVisibility=8 caller=com.android.server.wm.ActivityRecord.destroySurfaces:25 com.android.server.wm.ActivityRecord.activityStopped:192 com.android.server.wm.ActivityClientController.activityStopped:97 android.app.IActivityClientController$Stub.onTransact:740 com.android.server.wm.ActivityClientController.onTransact:1 android.os.Binder.execTransactInternal:1462 android.os.Binder.execTransact:1401 
07-17 00:20:03.432 E/SecVibrator-HAL-AIDL-CORE(  973): V_2_0: Vibrator on for timeoutMs: 45
07-17 00:20:03.432 E/SecVibrator-HAL-AIDL-CORE(  973): HW_API: do_on for timeoutMs: 45
07-17 00:20:03.432 E/SecVibrator-HAL-AIDL-CORE(  973): HW_API: >> writeNode node:/timed_output/vibrator/enable val:45
07-17 00:20:03.433 E/SecVibrator-HAL-AIDL-CORE(  973): HW_API: << writeNode node OK : 3
07-17 00:20:03.479 E/SecVibrator-HAL-AIDL-CORE(  973): V_2_0: Vibrator off
07-17 00:20:03.479 E/SecVibrator-HAL-AIDL-CORE(  973): HW_API: do_off
07-17 00:20:03.479 E/SecVibrator-HAL-AIDL-CORE(  973): HW_API: >> writeNode node:/timed_output/vibrator/enable val:0
07-17 00:20:03.479 E/SecVibrator-HAL-AIDL-CORE(  973): HW_API: << writeNode node OK : 2
07-17 00:20:03.532 E/pageboostd( 3189): Received HALT command code 2
07-17 00:20:03.543 E/HoneySpace.StackRecentsView( 2637): setChildCornerInfo, invalid position = -1
07-17 00:20:03.594 E/SurfaceFlinger( 1006): alpha changed 1.000 -> 0.000 - Surface(name=Task=12)/@0xda1cc14_transition-leash#5892
07-17 00:20:03.594 E/SurfaceFlinger( 1006): alpha changed 0.000 -> 0.000 - Surface(name=Task=12)/@0xda1cc14_transition-leash#5892
07-17 00:20:03.594 E/SurfaceFlinger( 1006): alpha changed 0.000 -> 0.000 - Surface(name=Task=12)/@0xda1cc14_transition-leash#5892
07-17 00:20:03.616 E/SurfaceFlinger( 1006): alpha changed 0.000 -> 0.003 - Surface(name=Task=12)/@0xda1cc14_transition-leash#5892
07-17 00:20:03.650 E/SurfaceFlinger( 1006): alpha changed 1.000 -> 0.000 - Surface(name=5e7ef38 InputMethod)/@0x754e476 - animation-leash of insets_animation#5894
07-17 00:20:03.818 E/HeatmapThread(  987): ECT Thread time in milliseconds: 1784229603
07-17 00:20:03.818 E/HeatmapThread(  987): !@Could not open '/efs/FactoryApp/bsoh', errno = 13
07-17 00:20:03.819 E/HeatmapThread(  987): !@ CAM Could not access BSOH EFS
07-17 00:20:03.819 E/HeatmapThread(  987): !@ CAM New BSOH: 0
07-17 00:20:03.906 E/SurfaceFlinger( 1006): alpha changed 0.003 -> 0.000 - Surface(name=Task=1)/@0xa34265b_transition-leash#5893
07-17 00:20:03.924 E/WindowManager( 1348): win=Window{358ab0d u0 com.sec.android.app.launcher/com.sec.android.app.launcher.activities.LauncherActivity} destroySurfaces: appStopped=true cleanupOnResume=false win.mWindowRemovalAllowed=false win.mRemoveOnExit=false win.mViewVisibility=8 caller=com.android.server.wm.ActivityRecord.destroySurfaces:25 com.android.server.wm.ActivityRecord.activityStopped:192 com.android.server.wm.ActivityClientController.activityStopped:97 android.app.IActivityClientController$Stub.onTransact:740 com.android.server.wm.ActivityClientController.onTransact:1 android.os.Binder.execTransactInternal:1462 android.os.Binder.execTransact:1401 
07-17 00:20:04.331 E/SecVibrator-HAL-AIDL-CORE(  973): V_2_0: Vibrator on for timeoutMs: 45
07-17 00:20:04.331 E/SecVibrator-HAL-AIDL-CORE(  973): HW_API: do_on for timeoutMs: 45
07-17 00:20:04.331 E/SecVibrator-HAL-AIDL-CORE(  973): HW_API: >> writeNode node:/timed_output/vibrator/enable val:45
07-17 00:20:04.333 E/SecVibrator-HAL-AIDL-CORE(  973): HW_API: << writeNode node OK : 3
07-17 00:20:04.379 E/SecVibrator-HAL-AIDL-CORE(  973): V_2_0: Vibrator off
07-17 00:20:04.379 E/SecVibrator-HAL-AIDL-CORE(  973): HW_API: do_off
07-17 00:20:04.379 E/SecVibrator-HAL-AIDL-CORE(  973): HW_API: >> writeNode node:/timed_output/vibrator/enable val:0
07-17 00:20:04.379 E/SecVibrator-HAL-AIDL-CORE(  973): HW_API: << writeNode node OK : 2
07-17 00:20:04.649 E/pageboostd( 3189): Received HALT command code 2
07-17 00:20:04.694 E/TaskPersister( 1348): File error accessing recents directory (directory doesn't exist?).
07-17 00:20:04.728 E/TaskPersister( 1348): File error accessing recents directory (directory doesn't exist?).
07-17 00:20:04.728 E/TaskPersister( 1348): File error accessing recents directory (directory doesn't exist?).
07-17 00:20:04.743 E/SurfaceFlinger( 1006): alpha changed 1.000 -> 0.000 - Surface(name=Task=1)/@0x9ba7d48_transition-leash#5899
07-17 00:20:04.743 E/SurfaceFlinger( 1006): alpha changed 0.000 -> 0.000 - Surface(name=Task=1)/@0x9ba7d48_transition-leash#5899
07-17 00:20:04.743 E/SurfaceFlinger( 1006): alpha changed 0.000 -> 0.000 - Surface(name=Task=1)/@0x9ba7d48_transition-leash#5899
07-17 00:20:04.765 E/SurfaceFlinger( 1006): alpha changed 0.000 -> 0.005 - Surface(name=Task=1)/@0x9ba7d48_transition-leash#5899
07-17 00:20:04.809 E/SurfaceFlinger( 1006): alpha changed 1.000 -> 0.000 - Surface(name=5e7ef38 InputMethod)/@0x754e476 - animation-leash of insets_animation#5901
07-17 00:20:04.815 E/BtGatt.AdvertiseManager( 2219): [GSIM LOG]: gsimLogHandler, msg: MESSAGE_ADV_SET_STOP, appName: com.mojojojoo.sosifyapp, id: 2, isLegacy: true
07-17 00:20:04.818 E/HeatmapThread(  987): ECT Thread time in milliseconds: 1784229604
07-17 00:20:04.818 E/HeatmapThread(  987): !@Could not open '/efs/FactoryApp/bsoh', errno = 13
07-17 00:20:04.818 E/HeatmapThread(  987): !@ CAM Could not access BSOH EFS
07-17 00:20:04.818 E/HeatmapThread(  987): !@ CAM New BSOH: 0
07-17 00:20:04.841 E/ScanManager( 2219): [GSIM LOG]: gsimLogHandler, msg: MESSAGE_SCAN_STOP, appName: com.mojojojoo.sosifyapp, scannerId: 9, reportDelayMillis=0
07-17 00:20:05.010 E/SurfaceFlinger( 1006): alpha changed 0.001 -> 0.000 - Surface(name=Task=12)/@0x846c906_transition-leash#5900
07-17 00:20:05.030 E/WindowManager( 1348): win=Window{d98789d u0 com.sec.android.app.launcher/com.android.quickstep.RecentsActivity} destroySurfaces: appStopped=true cleanupOnResume=false win.mWindowRemovalAllowed=false win.mRemoveOnExit=false win.mViewVisibility=8 caller=com.android.server.wm.ActivityRecord.destroySurfaces:25 com.android.server.wm.ActivityRecord.activityStopped:192 com.android.server.wm.ActivityClientController.activityStopped:97 android.app.IActivityClientController$Stub.onTransact:740 com.android.server.wm.ActivityClientController.onTransact:1 android.os.Binder.execTransactInternal:1462 android.os.Binder.execTransact:1401 
07-17 00:20:05.258 E/pageboostd( 3189): alp start : app commojangminecraftpe
07-17 00:20:05.282 E/pageboostd( 3189): commojangminecraftpe, amt 4661124 scnt 3 fcnt 0
07-17 00:20:05.282 E/pageboostd( 3189): commojangminecraftpe, amt 0 scnt 0 fcnt 0
07-17 00:20:05.282 E/pageboostd( 3189): alp end : app commojangminecraftpe data_amount 4661124
07-17 00:20:05.359 E/pageboostd( 3189): Received HALT command code 2
07-17 00:20:05.597 E/ashmem  (11004): Pinning is deprecated since Android Q. Please use trim or other methods.
07-17 00:20:05.818 E/HeatmapThread(  987): ECT Thread time in milliseconds: 1784229605
07-17 00:20:05.819 E/HeatmapThread(  987): !@Could not open '/efs/FactoryApp/bsoh', errno = 13
07-17 00:20:05.819 E/HeatmapThread(  987): !@ CAM Could not access BSOH EFS
07-17 00:20:05.819 E/HeatmapThread(  987): !@ CAM New BSOH: 0
07-17 00:20:06.476 E/pageboostd( 3189): alp start : app commojojojoososifyapp
07-17 00:20:06.481 E/pageboostd( 3189): commojojojoososifyapp, amt 39753424 scnt 5 fcnt 0
07-17 00:20:06.508 E/pageboostd( 3189): commojojojoososifyapp, amt 38486016 scnt 21 fcnt 38
07-17 00:20:06.508 E/pageboostd( 3189): alp end : app commojojojoososifyapp data_amount 78239440
07-17 00:20:06.574 E/pageboostd( 3189): Received HALT command code 2
07-17 00:20:06.587 E/pageboostd( 3189): Received HALT command code 2
07-17 00:20:06.600 E/ashmem  (11035): Pinning is deprecated since Android Q. Please use trim or other methods.
07-17 00:20:06.660 E/SurfaceFlinger( 1006): alpha changed 1.000 -> 0.000 - Surface(name=Task=102)/@0x5704c13_transition-leash#5909
07-17 00:20:06.705 E/SurfaceFlinger( 1006): alpha changed 0.000 -> 0.869 - Surface(name=Task=102)/@0x5704c13_transition-leash#5909
07-17 00:20:06.715 E/NativeCustomFrequencyManager( 1006): [NativeCFMS] BpCustomFrequencyManager::acquire()
07-17 00:20:06.818 E/HeatmapThread(  987): ECT Thread time in milliseconds: 1784229606
07-17 00:20:06.818 E/HeatmapThread(  987): !@Could not open '/efs/FactoryApp/bsoh', errno = 13
07-17 00:20:06.819 E/HeatmapThread(  987): !@ CAM Could not access BSOH EFS
07-17 00:20:06.819 E/HeatmapThread(  987): !@ CAM New BSOH: 0
07-17 00:20:06.852 E/AVManager(11035): Cannot install JSI bindings for AV module because JS context is not available
07-17 00:20:06.889 I/ReactNativeJS(11035): Running "main"
07-17 00:20:06.942 E/RefreshRateSelector( 1006): Can't find HRR max refresh rate by policy with the same group 0
07-17 00:20:06.959 I/ReactNativeJS(11035): [Android Wi-Fi Direct] Native WifiP2pManager initialized.
07-17 00:20:06.977 I/ReactNativeJS(11035): '[P2P Bootstrap] AppState transition to:', 'active', '(Transports kept active)'
07-17 00:20:07.025 I/ReactNativeJS(11035): [P2P Bootstrap] Initializing transports for user: 3de7b028-6fc9-44d6-8281-c4e4647f5771
07-17 00:20:07.025 I/ReactNativeJS(11035): [P2P Cleanup - Bootstrap] Starting robust P2P cleanup sequence...
07-17 00:20:07.050 E/pageboostd( 3189): Received HALT command code 2
07-17 00:20:07.062 E/WindowManager( 1348): win=Window{358ab0d u0 com.sec.android.app.launcher/com.sec.android.app.launcher.activities.LauncherActivity} destroySurfaces: appStopped=true cleanupOnResume=false win.mWindowRemovalAllowed=false win.mRemoveOnExit=false win.mViewVisibility=8 caller=com.android.server.wm.ActivityRecord.destroySurfaces:25 com.android.server.wm.ActivityRecord.activityStopped:192 com.android.server.wm.ActivityClientController.activityStopped:97 android.app.IActivityClientController$Stub.onTransact:740 com.android.server.wm.ActivityClientController.onTransact:1 android.os.Binder.execTransactInternal:1462 android.os.Binder.execTransact:1401 
07-17 00:20:07.095 E/SurfaceFlinger( 1006): alpha changed 1.000 -> 0.000 - Surface(name=5e7ef38 InputMethod)/@0x754e476 - animation-leash of insets_animation#5919
07-17 00:20:07.098 E/RefreshRateSelector( 1006): Can't find HRR max refresh rate by policy with the same group 0
07-17 00:20:07.475 E/WifiScoringParams( 1348): Invalid frequency(-1), using 5G as default rssi array
07-17 00:20:07.544 E/WifiP2pService( 1348): Permission violation - none of NETWORK_SETTING, NETWORK_STACK, or READ_WIFI_CREDENTIAL permission, uid = 10373
07-17 00:20:07.818 E/HeatmapThread(  987): ECT Thread time in milliseconds: 1784229607
07-17 00:20:07.818 E/HeatmapThread(  987): !@Could not open '/efs/FactoryApp/bsoh', errno = 13
07-17 00:20:07.818 E/HeatmapThread(  987): !@ CAM Could not access BSOH EFS
07-17 00:20:07.818 E/HeatmapThread(  987): !@ CAM New BSOH: 0
07-17 00:20:08.059 W/ReactNativeJS(11035): '[P2P Cleanup] removeGroup attempt 1 failed:', { [Error: Reason code: 2]
07-17 00:20:08.059 W/ReactNativeJS(11035):   nativeStackAndroid: [],
07-17 00:20:08.059 W/ReactNativeJS(11035):   userInfo: null,
07-17 00:20:08.059 W/ReactNativeJS(11035):   code: 'DISCONNECT_FAILED' }
07-17 00:20:08.329 E/TaskPersister( 1348): File error accessing recents directory (directory doesn't exist?).
07-17 00:20:08.330 E/TaskPersister( 1348): File error accessing recents directory (directory doesn't exist?).
07-17 00:20:08.330 E/TaskPersister( 1348): File error accessing recents directory (directory doesn't exist?).
07-17 00:20:08.670 W/ReactNativeJS(11035): '[P2P Cleanup] removeGroup attempt 2 failed:', { [Error: Reason code: 2]
07-17 00:20:08.670 W/ReactNativeJS(11035):   nativeStackAndroid: [],
07-17 00:20:08.670 W/ReactNativeJS(11035):   userInfo: null,
07-17 00:20:08.670 W/ReactNativeJS(11035):   code: 'DISCONNECT_FAILED' }
07-17 00:20:08.818 E/HeatmapThread(  987): ECT Thread time in milliseconds: 1784229608
07-17 00:20:08.819 E/HeatmapThread(  987): !@Could not open '/efs/FactoryApp/bsoh', errno = 13
07-17 00:20:08.819 E/HeatmapThread(  987): !@ CAM Could not access BSOH EFS
07-17 00:20:08.819 E/HeatmapThread(  987): !@ CAM New BSOH: 0
07-17 00:20:09.284 W/ReactNativeJS(11035): '[P2P Cleanup] removeGroup attempt 3 failed:', { [Error: Reason code: 2]
07-17 00:20:09.284 W/ReactNativeJS(11035):   nativeStackAndroid: [],
07-17 00:20:09.284 W/ReactNativeJS(11035):   userInfo: null,
07-17 00:20:09.284 W/ReactNativeJS(11035):   code: 'DISCONNECT_FAILED' }
07-17 00:20:09.308 E/BtGatt.AdvertiseManager( 2219): [GSIM LOG]: gsimLogHandler, msg: MESSAGE_ADV_SET_START, appName: com.mojojojoo.sosifyapp, id: 2, isLegacy: true
07-17 00:20:09.309 I/ReactNativeJS(11035): [BLE Advertiser] Advertising started. Role: user, ID: 3de7b028-6fc9-44d6-8281-c4e4647f5771
07-17 00:20:09.309 I/ReactNativeJS(11035): [BLE Scanner] Periodic scanning started.
07-17 00:20:09.329 W/ReactNativeJS(11035): [expo-av]: Expo AV has been deprecated and will be removed in SDK 54. Use the `expo-audio` and `expo-video` packages to replace the required functionality.
07-17 00:20:09.333 E/ScanManager( 2219): [GSIM LOG]: gsimLogHandler, msg: MESSAGE_SCAN_START, appName: com.mojojojoo.sosifyapp, scannerId: 9, reportDelayMillis=0
07-17 00:20:09.504 E/chromium(11035): [0717/002009.504156:ERROR:variations_seed_loader.cc(39)] Seed missing signature.
07-17 00:20:09.739 E/pageboostd( 3189): Received HALT command code 2
07-17 00:20:09.770 I/ReactNativeJS(11035): '[P2P Bootstrap] AppState transition to:', 'background', '(Transports kept active)'
07-17 00:20:09.818 E/HeatmapThread(  987): ECT Thread time in milliseconds: 1784229609
07-17 00:20:09.818 E/HeatmapThread(  987): !@Could not open '/efs/FactoryApp/bsoh', errno = 13
07-17 00:20:09.818 E/HeatmapThread(  987): !@ CAM Could not access BSOH EFS
07-17 00:20:09.818 E/HeatmapThread(  987): !@ CAM New BSOH: 0
07-17 00:20:09.861 E/SurfaceFlinger( 1006): alpha changed 1.000 -> 0.000 - ActivityRecord{3346827 u0 com.google.android.permissioncontroller/com.android.permissioncontroller.permission.ui.GrantPermissionsActivity t102}#5920
07-17 00:20:09.861 E/SurfaceFlinger( 1006): alpha changed 0.000 -> 1.000 - ActivityRecord{3346827 u0 com.google.android.permissioncontroller/com.android.permissioncontroller.permission.ui.GrantPermissionsActivity t102}#5920
07-17 00:20:09.871 E/pageboostd( 3189): Received HALT command code 2
07-17 00:20:09.874 E/RefreshRateSelector( 1006): Can't find HRR max refresh rate by policy with the same group 0
07-17 00:20:09.901 I/ReactNativeJS(11035): '[P2P Bootstrap] AppState transition to:', 'active', '(Transports kept active)'
07-17 00:20:09.930 E/RefreshRateSelector( 1006): Can't find HRR max refresh rate by policy with the same group 0
07-17 00:20:09.955 I/ReactNativeJS(11035): '[WebView Console Log]', '[Map] Initialized at 33.6844,73.0479'
07-17 00:20:10.818 E/HeatmapThread(  987): ECT Thread time in milliseconds: 1784229610
07-17 00:20:10.818 E/HeatmapThread(  987): !@Could not open '/efs/FactoryApp/bsoh', errno = 13
07-17 00:20:10.818 E/HeatmapThread(  987): !@ CAM Could not access BSOH EFS
07-17 00:20:10.818 E/HeatmapThread(  987): !@ CAM New BSOH: 0
07-17 00:20:11.818 E/HeatmapThread(  987): ECT Thread time in milliseconds: 1784229611
07-17 00:20:11.818 E/HeatmapThread(  987): !@Could not open '/efs/FactoryApp/bsoh', errno = 13
07-17 00:20:11.819 E/HeatmapThread(  987): !@ CAM Could not access BSOH EFS
07-17 00:20:11.819 E/HeatmapThread(  987): !@ CAM New BSOH: 0
07-17 00:20:12.457 E/Watchdog( 1348): !@Sync: 1545 heap(MB): 112 / 159 FD: 1245 [2026-07-17 00:20:12.457]
07-17 00:20:12.818 E/HeatmapThread(  987): ECT Thread time in milliseconds: 1784229612
07-17 00:20:12.818 E/HeatmapThread(  987): !@Could not open '/efs/FactoryApp/bsoh', errno = 13
07-17 00:20:12.819 E/HeatmapThread(  987): !@ CAM Could not access BSOH EFS
07-17 00:20:12.819 E/HeatmapThread(  987): !@ CAM New BSOH: 0
07-17 00:20:13.818 E/HeatmapThread(  987): ECT Thread time in milliseconds: 1784229613
07-17 00:20:13.818 E/HeatmapThread(  987): !@Could not open '/efs/FactoryApp/bsoh', errno = 13
07-17 00:20:13.819 E/HeatmapThread(  987): !@ CAM Could not access BSOH EFS
07-17 00:20:13.819 E/HeatmapThread(  987): !@ CAM New BSOH: 0
07-17 00:20:14.818 E/HeatmapThread(  987): ECT Thread time in milliseconds: 1784229614
07-17 00:20:14.818 E/HeatmapThread(  987): !@Could not open '/efs/FactoryApp/bsoh', errno = 13
07-17 00:20:14.818 E/HeatmapThread(  987): !@ CAM Could not access BSOH EFS
07-17 00:20:14.819 E/HeatmapThread(  987): !@ CAM New BSOH: 0
07-17 00:20:15.818 E/HeatmapThread(  987): ECT Thread time in milliseconds: 1784229615
07-17 00:20:15.819 E/HeatmapThread(  987): !@Could not open '/efs/FactoryApp/bsoh', errno = 13
07-17 00:20:15.819 E/HeatmapThread(  987): !@ CAM Could not access BSOH EFS
07-17 00:20:15.819 E/HeatmapThread(  987): !@ CAM New BSOH: 0
07-17 00:20:16.818 E/HeatmapThread(  987): ECT Thread time in milliseconds: 1784229616
07-17 00:20:16.819 E/HeatmapThread(  987): !@Could not open '/efs/FactoryApp/bsoh', errno = 13
07-17 00:20:16.819 E/HeatmapThread(  987): !@ CAM Could not access BSOH EFS
07-17 00:20:16.819 E/HeatmapThread(  987): !@ CAM New BSOH: 0
07-17 00:20:17.818 E/HeatmapThread(  987): ECT Thread time in milliseconds: 1784229617
07-17 00:20:17.819 E/HeatmapThread(  987): !@Could not open '/efs/FactoryApp/bsoh', errno = 13
07-17 00:20:17.819 E/HeatmapThread(  987): !@ CAM Could not access BSOH EFS
07-17 00:20:17.819 E/HeatmapThread(  987): !@ CAM New BSOH: 0
07-17 00:20:18.818 E/HeatmapThread(  987): ECT Thread time in milliseconds: 1784229618
07-17 00:20:18.819 E/HeatmapThread(  987): !@Could not open '/efs/FactoryApp/bsoh', errno = 13
07-17 00:20:18.819 E/HeatmapThread(  987): !@ CAM Could not access BSOH EFS
07-17 00:20:18.819 E/HeatmapThread(  987): !@ CAM New BSOH: 0
07-17 00:20:19.818 E/HeatmapThread(  987): ECT Thread time in milliseconds: 1784229619
07-17 00:20:19.818 E/HeatmapThread(  987): !@Could not open '/efs/FactoryApp/bsoh', errno = 13
07-17 00:20:19.819 E/HeatmapThread(  987): !@ CAM Could not access BSOH EFS
07-17 00:20:19.819 E/HeatmapThread(  987): !@ CAM New BSOH: 0
07-17 00:20:20.818 E/HeatmapThread(  987): ECT Thread time in milliseconds: 1784229620
07-17 00:20:20.818 E/HeatmapThread(  987): !@Could not open '/efs/FactoryApp/bsoh', errno = 13
07-17 00:20:20.818 E/HeatmapThread(  987): !@ CAM Could not access BSOH EFS
07-17 00:20:20.818 E/HeatmapThread(  987): !@ CAM New BSOH: 0
07-17 00:20:21.818 E/HeatmapThread(  987): ECT Thread time in milliseconds: 1784229621
07-17 00:20:21.819 E/HeatmapThread(  987): !@Could not open '/efs/FactoryApp/bsoh', errno = 13
07-17 00:20:21.819 E/HeatmapThread(  987): !@ CAM Could not access BSOH EFS
07-17 00:20:21.819 E/HeatmapThread(  987): !@ CAM New BSOH: 0
07-17 00:20:22.818 E/HeatmapThread(  987): ECT Thread time in milliseconds: 1784229622
07-17 00:20:22.818 E/HeatmapThread(  987): !@Could not open '/efs/FactoryApp/bsoh', errno = 13
07-17 00:20:22.819 E/HeatmapThread(  987): !@ CAM Could not access BSOH EFS
07-17 00:20:22.819 E/HeatmapThread(  987): !@ CAM New BSOH: 0
07-17 00:20:23.818 E/HeatmapThread(  987): ECT Thread time in milliseconds: 1784229623
07-17 00:20:23.819 E/HeatmapThread(  987): !@Could not open '/efs/FactoryApp/bsoh', errno = 13
07-17 00:20:23.819 E/HeatmapThread(  987): !@ CAM Could not access BSOH EFS
07-17 00:20:23.819 E/HeatmapThread(  987): !@ CAM New BSOH: 0
07-17 00:20:24.818 E/HeatmapThread(  987): ECT Thread time in milliseconds: 1784229624
07-17 00:20:24.819 E/HeatmapThread(  987): !@Could not open '/efs/FactoryApp/bsoh', errno = 13
07-17 00:20:24.819 E/HeatmapThread(  987): !@ CAM Could not access BSOH EFS
07-17 00:20:24.819 E/HeatmapThread(  987): !@ CAM New BSOH: 0
07-17 00:20:25.818 E/HeatmapThread(  987): ECT Thread time in milliseconds: 1784229625
07-17 00:20:25.818 E/HeatmapThread(  987): !@Entered the read from path function
07-17 00:20:25.818 E/HeatmapThread(  987): !@Could not open '/efs/FactoryApp/extended_heatmap', errno = 13
07-17 00:20:25.819 E/HeatmapThread(  987): !@Extended_heatmap efs Forced Reset
07-17 00:20:25.819 E/HeatmapThread(  987): !@Read Extended_heatmap from efs is: 
07-17 00:20:25.819 E/HeatmapThread(  987): !@Write Extended Heatmap to efs is: 0 0 0 0 0 0 0 0 0 0 0 0 0 0 0 0 0 0 0 0 0 0 0 0 0 0 0 0 0 0 0 0 0 0 0 0 0 0 0 0 0 0 0 0 0 0 0 0 0 0 0 0 0 0 0 0 0 0 0 0 0 0 0 0 0 0 0 0 0 0 0 0 0 0 0 0 0 0 0 0 0 0 0 0 0 0 0 0 0 0 0 0 0 0 0 0 0 0 0 0 0 0 0 0 0 0 0 0 0 0 0 0 0 0 0 0 0 0 0 0 0 0 0 0 0 0 0 0 0 0 0 0 0 0 0 0 0 0 0 0 0 0 0 0 0 0 0 0 0 0 0 0 0 0 0 0 0 0 0 0 0 0 0 0 0 0 0 0 0 0 0 0 0 0 0 0 0 0 0 0 0 0 0 0 0 0 0 0 0 0 0 0 0 0 0 0 0 0 0 0 0 0 0 0 0 0 0 0 0 0 0 0 0 0 0 0 0 0 0 0 0 0 0 0 0 0 0 0 0 0 0 0 0 0 0 0 0 0 0 0 0 0 0 0 0 0 0 0 0 0 0 0 0 0 0 0 0 0 0 0 0 0 0 0 0 0 0 0 0 0 0 0 0 0 0 0 0 0 0 0 0 0 0 0 0 0 0 0 0 0 0 0 0 0 0 0 0 0 0 0 0 0 0 0 0 0 0 0 0 0 0 0 0 0 0 0 0 0 0 0 0 0 0 0 0 0 0 0 0 0 0 0 0 0 0 0 0 0 0 0 0 0 0 0 0 0 0 0 0 0 0 0 0 0 0 0 0 0 0 0 0 0 0 0 0 0 0 0 0 0 0 0 0 0 0 0 0 0 0 0 0 0 0 0 0 0 0 0 0 0 0 0 0 0 0 0 0 0 0 0 0 0 0 0 0 0 0 0 0 0 0 0 0 0 0 0 0 0 0 0 0 0 0 0 0 0 0 0 0 0 0 0 0 0 0 0 0 0 0 0 0 0 0 0 0 0 0 0 0 0 0 0 0 0 0 0 0 0 0 0 0 0 0 0 0 0 0 0 0 0 0 0 0 0 0 0 0 0 0 0 0 0 0 0 0 0 0 0 0 0 0 0 0 0
07-17 00:20:25.819 E/HeatmapThread(  987): !@Could not open '/efs/FactoryApp/extended_heatmap', errno = 13
07-17 00:20:25.819 E/HeatmapThread(  987): !@Could not open '/efs/FactoryApp/bsoh', errno = 13
07-17 00:20:25.819 E/HeatmapThread(  987): !@ CAM Could not access BSOH EFS
07-17 00:20:25.819 E/HeatmapThread(  987): !@ CAM New BSOH: 0
07-17 00:20:26.096 I/ReactNativeJS(11035): '[ChatListScreen] Active connected peer IDs updated:', []
07-17 00:20:26.752 E/NativeCustomFrequencyManager( 1006): [NativeCFMS] BpCustomFrequencyManager::acquire()
07-17 00:20:26.818 E/HeatmapThread(  987): ECT Thread time in milliseconds: 1784229626
07-17 00:20:26.818 E/HeatmapThread(  987): !@Could not open '/efs/FactoryApp/bsoh', errno = 13
07-17 00:20:26.818 E/HeatmapThread(  987): !@ CAM Could not access BSOH EFS
07-17 00:20:26.819 E/HeatmapThread(  987): !@ CAM New BSOH: 0
07-17 00:20:27.818 E/HeatmapThread(  987): ECT Thread time in milliseconds: 1784229627
07-17 00:20:27.819 E/HeatmapThread(  987): !@Could not open '/efs/FactoryApp/bsoh', errno = 13
07-17 00:20:27.819 E/HeatmapThread(  987): !@ CAM Could not access BSOH EFS
07-17 00:20:27.819 E/HeatmapThread(  987): !@ CAM New BSOH: 0
07-17 00:20:28.819 E/HeatmapThread(  987): ECT Thread time in milliseconds: 1784229628
07-17 00:20:28.819 E/HeatmapThread(  987): !@Could not open '/efs/FactoryApp/bsoh', errno = 13
07-17 00:20:28.819 E/HeatmapThread(  987): !@ CAM Could not access BSOH EFS
07-17 00:20:28.819 E/HeatmapThread(  987): !@ CAM New BSOH: 0
07-17 00:20:29.042 E/RefreshRateSelector( 1006): Can't find HRR max refresh rate by policy with the same group 0
07-17 00:20:29.208 E/GmsCoreLogger( 2943): Missing account for FACET_USAGE_GAIA_UNSAMPLED [CONTEXT service_id=299 ]
07-17 00:20:29.254 E/SatelliteController( 1763): registerForSatelliteModemStateChanged: mSatelliteSessionController is not initialized yet
07-17 00:20:29.269 E/SatelliteController( 1763): registerForSatelliteModemStateChanged: mSatelliteSessionController is not initialized yet
07-17 00:20:29.319 E/SurfaceFlinger( 1006): alpha changed 1.000 -> 0.000 - Surface(name=WindowToken{dd577ac type=2000 android.os.BinderProxy@9dbcdb9})/@0x1835137 - animation-leash of token_transform#5930
07-17 00:20:29.319 E/SurfaceFlinger( 1006): alpha changed 1.000 -> 0.000 - Surface(name=WindowToken{9d556e2 type=2226 android.os.BinderProxy@9b663ad})/@0x40cebbe - animation-leash of token_transform#5931
07-17 00:20:29.351 E/WindowManager( 1348): win=Window{51b0a73 u0 com.sec.android.app.launcher/com.samsung.app.honeyspace.edge.edgepanel.app.CocktailBarService} destroySurfaces: appStopped=true cleanupOnResume=false win.mWindowRemovalAllowed=false win.mRemoveOnExit=false win.mViewVisibility=8 caller=com.android.server.wm.WindowManagerService.tryStartExitingAnimation:134 com.android.server.wm.WindowManagerService.relayoutWindow:1160 com.android.server.wm.Session.relayout:27 android.view.IWindowSession$Stub.onTransact:829 com.android.server.wm.Session.onTransact:1 android.os.Binder.execTransactInternal:1457 android.os.Binder.execTransact:1401 
07-17 00:20:29.352 E/NativeCustomFrequencyManager( 1006): [NativeCFMS] BpCustomFrequencyManager::acquire()
07-17 00:20:29.387 E/SurfaceFlinger( 1006): alpha changed 1.000 -> 0.000 - Surface(name=WindowToken{9d556e2 type=2226 android.os.BinderProxy@9b663ad})/@0x40cebbe - animation-leash of token_transform#5936
07-17 00:20:29.409 E/SurfaceFlinger( 1006): alpha changed 0.000 -> 0.107 - Surface(name=WindowToken{9d556e2 type=2226 android.os.BinderProxy@9b663ad})/@0x40cebbe - animation-leash of token_transform#5936
07-17 00:20:29.454 E/SurfaceFlinger( 1006): alpha changed 0.069 -> 0.000 - Animation leash of screenshot rotation#5934
07-17 00:20:29.568 E/SystemUIImageView( 2278): white-bg res invalid = 0
07-17 00:20:29.577 E/SurfaceFlinger( 1006): alpha changed 1.000 -> 0.000 - Surface(name=WindowToken{dd577ac type=2000 android.os.BinderProxy@9dbcdb9})/@0x1835137 - animation-leash of token_transform#5937
07-17 00:20:29.577 E/SurfaceFlinger( 1006): alpha changed 0.000 -> 0.000 - Surface(name=WindowToken{dd577ac type=2000 android.os.BinderProxy@9dbcdb9})/@0x1835137 - animation-leash of token_transform#5937
07-17 00:20:29.588 E/SurfaceFlinger( 1006): alpha changed 0.000 -> 0.107 - Surface(name=WindowToken{dd577ac type=2000 android.os.BinderProxy@9dbcdb9})/@0x1835137 - animation-leash of token_transform#5937
07-17 00:20:29.789 E/RefreshRateSelector( 1006): Can't find HRR max refresh rate by policy with the same group 0
07-17 00:20:29.818 E/HeatmapThread(  987): ECT Thread time in milliseconds: 1784229629
07-17 00:20:29.819 E/HeatmapThread(  987): !@Could not open '/efs/FactoryApp/bsoh', errno = 13
07-17 00:20:29.819 E/HeatmapThread(  987): !@ CAM Could not access BSOH EFS
07-17 00:20:29.819 E/HeatmapThread(  987): !@ CAM New BSOH: 0
07-17 00:20:29.843 E/GmsCoreLogger( 2943): Missing account for FACET_USAGE_GAIA_UNSAMPLED [CONTEXT service_id=299 ]
07-17 00:20:29.930 E/SatelliteController( 1763): registerForSatelliteModemStateChanged: mSatelliteSessionController is not initialized yet
07-17 00:20:29.939 E/SatelliteController( 1763): registerForSatelliteModemStateChanged: mSatelliteSessionController is not initialized yet
07-17 00:20:29.989 E/SurfaceFlinger( 1006): alpha changed 1.000 -> 0.000 - Surface(name=WindowToken{dd577ac type=2000 android.os.BinderProxy@9dbcdb9})/@0x1835137 - animation-leash of token_transform#5938
07-17 00:20:30.122 E/SurfaceFlinger( 1006): alpha changed 0.069 -> 0.000 - Animation leash of screenshot rotation#5941
07-17 00:20:30.200 E/SurfaceFlinger( 1006): alpha changed 1.000 -> 0.000 - Surface(name=WindowToken{dd577ac type=2000 android.os.BinderProxy@9dbcdb9})/@0x1835137 - animation-leash of token_transform#5944
07-17 00:20:30.200 E/SurfaceFlinger( 1006): alpha changed 0.000 -> 0.000 - Surface(name=WindowToken{dd577ac type=2000 android.os.BinderProxy@9dbcdb9})/@0x1835137 - animation-leash of token_transform#5944
