--------- beginning of main
07-17 00:03:56.631 E/SamsungAccount( 4060): [StatusSuggestionController] performSdkInit, not supported one ui version
07-17 00:03:56.785 E/BtGatt.GattService( 2183): [GSIM LOG]: gsimLogHandler, msg: MESSAGE_SCAN_START, appName: android.uid.bcmgr, scannerId: 3, reportDelayMillis=0
07-17 00:03:56.803 E/AppsEdge.DataProvider( 4496): Creating the DB From AppsEdgeDataProvider
07-17 00:03:56.822 E/IC_a[1.2.93]( 3960): restoreState() - Signed in before an account registered, retrieved account: {id: maryam369121518@gmail.com, hash: -23, -119, saVer: 15.7.01.1, userName: null, userNameFrom: -1}
07-17 00:03:56.824 E/IC_Service[1.2.93]( 3960): getPassiveScanFilter() - error: java.lang.NoSuchMethodException: parameter type is null
07-17 00:03:56.824 E/IC_Service[1.2.93]( 3960): NDS set buds filter, st filter : true
07-17 00:03:56.826 E/BtGatt.GattService( 2183): [GSIM LOG]: gsimLogHandler, msg: MESSAGE_SCAN_STOP, appName: android.uid.bcmgr, scannerId: 3, reportDelayMillis=0
07-17 00:03:56.826 E/BtGatt.ContextMap( 2183): remove() - removed: 3
07-17 00:03:56.844 E/OpenGLRenderer( 3806): Device claims wide gamut support, cannot find matching config, error = EGL_SUCCESS
07-17 00:03:56.957 E/BtGatt.GattService( 2183): [GSIM LOG]: gsimLogHandler, msg: MESSAGE_SCAN_START, appName: android.uid.bcmgr, scannerId: 3, reportDelayMillis=0
07-17 00:03:56.978 E/BtGatt.ContextMap( 2183): remove() - removed: 3
07-17 00:03:59.506 E/WorkSourceUtil( 4096): Could not find package: gms_cast_prober
07-17 00:03:59.512 E/WorkSourceUtil( 4096): Could not find package: gms_cast_prober
07-17 00:03:59.513 E/WorkSourceUtil( 4096): Could not find package: gms_cast_prober
07-17 00:03:59.516 E/WorkSourceUtil( 4096): Could not find package: gms_cast_prober
07-17 00:03:59.526 E/WorkSourceUtil( 4096): Could not find package: gms_cast_prober
07-17 00:03:59.539 E/WorkSourceUtil( 4096): Could not find package: gms_cast_prober
07-17 00:03:59.541 E/WorkSourceUtil( 4096): Could not find package: gms_cast_prober
07-17 00:03:59.544 E/WorkSourceUtil( 4096): Could not find package: gms_cast_prober
07-17 00:03:59.619 E/audit   (  820): type=1400 audit(1784228639.617:84295): avc:  denied  { search } for  pid=4983 comm="ssioncontroller" name="/" dev="mmcblk0p47" ino=2 scontext=u:r:permissioncontroller_app:s0:c249,c256,c512,c768 tcontext=u:object_r:omr_file:s0 tclass=dir permissive=0 SEPF_SM-A325F_12_0001 audit_filtered
07-17 00:03:59.619 E/audit   (  820): type=1300 audit(1784228639.617:84295): arch=c00000b7 syscall=48 success=no exit=-13 a0=ffffff9c a1=b400007b717eca30 a2=0 a3=0 items=0 ppid=838 pid=4983 auid=4294967295 uid=10249 gid=10249 euid=10249 suid=10249 fsuid=10249 egid=10249 sgid=10249 fsgid=10249 tty=(none) ses=4294967295 comm="ssioncontroller" exe="/system/bin/app_process64" subj=u:r:permissioncontroller_app:s0:c249,c256,c512,c768 key=(null)
07-17 00:03:59.619 E/audit   (  820): type=1327 audit(1784228639.617:84295): proctitle="com.google.android.permissioncontroller"
07-17 00:03:59.621 E/audit   (  820): type=1400 audit(1784228639.617:84296): avc:  denied  { search } for  pid=4983 comm="ssioncontroller" name="/" dev="mmcblk0p47" ino=2 scontext=u:r:permissioncontroller_app:s0:c249,c256,c512,c768 tcontext=u:object_r:omr_file:s0 tclass=dir permissive=0 SEPF_SM-A325F_12_0001 audit_filtered
07-17 00:03:59.808 E/GlobalSettingsRepoBase( 2214): globalgcsettings No matched key : support_configserver
07-17 00:03:59.871 E/.gms.persistent( 4096): hiddenapi: Accessing hidden method Landroid/net/ConnectivityManager;->isNetworkTypeMobile(I)Z (runtime_flags=0, domain=platform, api=max-target-p) from Lcehd; (domain=app, TargetSdkVersion=37) using reflection: denied
07-17 00:03:59.872 E/.gms.persistent( 4096): hiddenapi: Accessing hidden method Landroid/os/PowerManager;->isLightDeviceIdleMode()Z (runtime_flags=0, domain=platform, api=max-target-s) from Lcehd; (domain=app, TargetSdkVersion=37) using reflection: denied
07-17 00:03:59.968 E/GlobalSettingsRepoBase( 2214): globalgcsettings No matched key : support_configserver
07-17 00:04:00.056 E/RoleControllerServiceImpl( 4983): Default/fallback role holder package doesn't qualify for the role, package: com.google.android.gms.supervision, role: android.app.role.SYSTEM_SUPERVISION, user: 0
07-17 00:04:00.320 E/GlobalSettingsRepoBase( 2214): globalgcsettings No matched key : support_configserver
07-17 00:04:00.485 E/.osp.app.signin( 4060): No package ID 6a found for ID 0x6a0b0013.
07-17 00:04:00.500 E/SamsungAccount( 4060): [SettingCustomizationRequester] Programs are null. - It will be set as default
07-17 00:04:00.543 E/GlobalSettingsRepoBase( 2214): globalgcsettings No matched key : support_configserver
07-17 00:04:00.569 E/GlobalSettingsRepoBase( 2214): globalgcsettings No matched key : support_configserver
07-17 00:04:00.571 E/ung.android.fmm( 3957): No package ID 6a found for ID 0x6a0b0013.
07-17 00:04:00.816 E/Parcel  ( 1437): Reading a NULL string not supported here.
07-17 00:04:00.816 E/ARProxy ( 1437): Unknown descriptor: 
07-17 00:04:00.964 E/GlobalSettingsRepoBase( 2214): globalgcsettings No matched key : support_configserver
07-17 00:04:01.255 E/GlobalSettingsRepoBase( 2214): globalgcsettings No matched key : support_disable_vowifi_5gsa
07-17 00:04:01.255 E/GlobalSettingsRepoBase( 2214): globalgcsettings No matched key : support_vowifi_deprioritize_nr5g
07-17 00:04:01.428 E/Routine@Core[4.2.00.52]: WearDataLayerHelper( 3890): getNodeOfCompanionWatchSupportModeMirror return null
07-17 00:04:01.430 E/RequestManager_FLP( 4240): [FusedLocationApi] Location request 41a302e(Listener) PRIORITY_NO_POWER interval=0ms from com.sec.location.nsflp2 (5013_FINE_fg_svc_false_foreground)
07-17 00:04:01.447 E/GlobalSettingsRepoBase( 2214): globalgcsettings No matched key : support_configserver
07-17 00:04:01.499 E/RequestManager_FLP( 4240): [LocationManager] Location request 11D42510(Listener) passive (min=0ms) from com.google.android.gms.persistent[WorkSource com.google.android.gms(10217)] (10217_FINE_fg_true_foreground)
07-17 00:04:01.501 E/com.dti.samsung( 3956): No package ID 6a found for ID 0x6a0b0013.
07-17 00:04:01.640 E/GlobalSettingsRepoBase( 2214): globalgcsettings No matched key : support_disable_vowifi_5gsa
07-17 00:04:01.640 E/GlobalSettingsRepoBase( 2214): globalgcsettings No matched key : support_vowifi_deprioritize_nr5g
--------- beginning of system
07-17 00:04:01.812 E/ActivityThread( 3806): Failed to find provider info for com.samsung.android.app.deepsky.DeepSkyQuery.provider
07-17 00:04:01.866 E/HBD     ( 4231): t It's not ldb file 
07-17 00:04:01.872 E/AppsEdge.LiveData( 3834): onActive
07-17 00:04:01.877 E/HBD     ( 4231): t It's not ldb file 
07-17 00:04:01.877 E/HBD     ( 4231): t It's not ldb file 
07-17 00:04:01.877 E/HBD     ( 4231): t It's not ldb file 
07-17 00:04:01.877 E/HBD     ( 4231): t It's not ldb file 
07-17 00:04:01.877 E/HBD     ( 4231): t It's not ldb file 
07-17 00:04:01.877 E/HBD     ( 4231): t It's not ldb file 
07-17 00:04:01.877 E/HBD     ( 4231): t It's not ldb file 
07-17 00:04:01.877 E/HBD     ( 4231): t It's not ldb file 
07-17 00:04:01.877 E/HBD     ( 4231): t It's not ldb file 
07-17 00:04:01.877 E/HBD     ( 4231): t It's not ldb file 
07-17 00:04:01.877 E/HBD     ( 4231): t It's not ldb file 
07-17 00:04:01.877 E/HBD     ( 4231): t It's not ldb file 
07-17 00:04:01.888 E/AppsEdge.LiveData( 3834): onActive
07-17 00:04:02.002 E/WifiVendorHal( 1437): $r8$lambda$s6w0pmKyq6-tDdqCEDbOV_xqgVE(l.1179) failed {.code = ERROR_NOT_SUPPORTED, .description = }
07-17 00:04:02.021 E/pageboostd( 3014): Received HALT command code 2
07-17 00:04:02.099 E/HBD     ( 4231): HoneyBoardService onAppPrivateCommand DISPLAY_ID failed, component is not initialized 
07-17 00:04:02.486 E/android.hardware.health@2.1-service-samsung(  853): Could not open /sys/class/power_supply/battery/lrp
07-17 00:04:02.522 E/SecPowerUI.Notification( 1881): no saved value, so we do nothing !!
07-17 00:04:02.703 E/BRListParser( 1437): isInAllowList() Intent=android.net.conn.CONNECTIVITY_CHANGE Package=com.sec.epdg is not in allowlist!
07-17 00:04:02.704 E/BRListParser( 1437): isInAllowList() Intent=android.intent.action.BATTERY_CHANGED Package=com.sec.epdg is not in allowlist!
07-17 00:04:02.875 E/GlobalSettingsRepoBase( 2214): globalgcsettings No matched key : support_configserver
07-17 00:04:02.909 E/GlobalSettingsRepoBase( 2214): globalgcsettings No matched key : support_configserver
07-17 00:04:02.982 E/IceCone ( 4231): a updateBeeInfo failed 
07-17 00:04:03.024 E/EPDG -- ( 4388): getSecChannelProxy: notify Connected
07-17 00:04:03.183 E/GlobalSettingsRepoBase( 2214): globalgcsettings No matched key : support_disable_vowifi_5gsa
07-17 00:04:03.183 E/GlobalSettingsRepoBase( 2214): globalgcsettings No matched key : support_vowifi_deprioritize_nr5g
07-17 00:04:03.200 E/AppsEdge.Theme( 3834): Attempt to invoke virtual method 'java.lang.String java.lang.String.concat(java.lang.String)' on a null object reference
07-17 00:04:03.241 E/EPDG -- SIM1 [IfomTable]( 4388): Empty IFOM DB
07-17 00:04:03.243 E/EPDG -- SIM1 [PolicyMgr]( 4388): createPolicyTable: error to create IFOM table
07-17 00:04:03.325 E/SharedPreferencesImpl( 3834): Couldn't create directory for SharedPreferences file /data/user/0/com.samsung.android.app.appsedge/shared_prefs/themePreference.xml
07-17 00:04:03.630 E/JavaBinder( 1437): !!! FAILED BINDER TRANSACTION !!!  (parcel size = 529344)
07-17 00:04:03.733 E/SQLiteLog( 3958): (1) no such table: SleepPatternAnalyzerConfiguration in "SELECT * from SleepPatternAnalyzerConfiguration"
07-17 00:04:03.821 E/wificond( 1091): NL80211_CMD_TRIGGER_SCAN failed: Device or resource busy
07-17 00:04:03.822 E/WificondScannerImpl( 1437): Failed to start scan, freqs={2412, 2417, 2422, 2427, 2432, 2437, 2442, 2447, 2452, 2457, 2462, 2467, 2472, 5745, 5765, 5785, 5805, 5825}
07-17 00:04:03.830 E/GlobalSettingsRepoBase( 2214): globalgcsettings No matched key : separate_vo5g_icon
07-17 00:04:03.951 E/#IMSCR  ( 2214): 07-17 00:04:03 0x30000009:1,13->18
07-17 00:04:04.039 E/#IMSCR  ( 2214): 07-17 00:04:04 0x40000000:1,none
07-17 00:04:04.060 E/GlobalSettingsRepoBase( 2214): globalgcsettings No matched key : ss_domain_setting
07-17 00:04:04.060 E/CapabilityUtil<1>( 2214): checkModuleReady: mConfig.isAvailable == false
07-17 00:04:04.060 E/CapabilityUtil<1>( 2214): checkModuleReady: mConfig.isAvailable == false
07-17 00:04:04.064 E/GlobalSettingsRepoBase( 2214): globalgcsettings No matched key : use_usim_on_invalid_isim
07-17 00:04:04.070 E/GlobalSettingsRepoBase( 2214): globalgcsettings No matched key : use_usim_on_invalid_isim
07-17 00:04:04.070 E/GlobalSettingsRepoBase( 2214): globalgcsettings No matched key : ss_enable_in_roaming
07-17 00:04:04.180 E/RoleControllerServiceImpl( 4983): Default/fallback role holder package doesn't qualify for the role, package: com.google.android.gms.supervision, role: android.app.role.SYSTEM_SUPERVISION, user: 0
07-17 00:04:04.256 E/AppsEdge.TaskInfoReflection( 3834): java.lang.NoSuchFieldException: userId
07-17 00:04:04.354 E/SHEALTH#WI#WearableServiceManager( 4238): sendMessage() arg1 : 101, mIsFirstConnection : true
07-17 00:04:04.360 E/SHEALTH#WI#WearableRegisterMonitorInternal( 4238): WearableRegisterMonitorInternal()
07-17 00:04:04.373 E/SHEALTH#WI#WearableDeviceStatusHelperUtil( 4238): isBluetoothPermissionGranted is false
07-17 00:04:04.426 E/SHD#PhdSdkPolicyWorker( 4238): Failed to enqueue PhdSdkPolicyWorker
07-17 00:04:04.457 E/Rubin   ( 3958): [2] com.samsung.android.rubin.inferenceengine.personalanalytics.searchrecommend.common.c.b(SourceFile:3) : ContextHolder : Context was already set.
07-17 00:04:04.460 E/SQLiteLog( 3958): (1) no such table: SleepMonitorConfiguration in "SELECT * from SleepMonitorConfiguration"
07-17 00:04:04.464 E/SQLiteLog( 3958): (1) no such table: WakeupMonitorConfiguration in "SELECT * from WakeupMonitorConfiguration"
07-17 00:04:04.513 E/ActivityThread( 4238): Failed to find provider info for com.samsung.android.wms
07-17 00:04:04.592 E/HBD     ( 4231): SogouWrapper not Sogou model!!! don't init engine 
07-17 00:04:04.708 E/SHEALTH#WI#WearableConnectionMonitorInternal( 4238): wearableDeviceList size is 0
07-17 00:04:04.772 E/SHEALTH#WI#WearableDataManager( 4238): dataConsoleJoined() deivceList == null or deivceList.size() == 0
07-17 00:04:05.013 E/WifiVendorHal( 1437): $r8$lambda$s6w0pmKyq6-tDdqCEDbOV_xqgVE(l.1179) failed {.code = ERROR_NOT_SUPPORTED, .description = }
07-17 00:04:05.095 E/JavaBinder( 1437): !!! FAILED BINDER TRANSACTION !!!  (parcel size = 529344)
07-17 00:04:05.618 E/SHEALTH#WI#WearableDataManager( 4238): dataConsoleJoined() deivceList == null or deivceList.size() == 0
07-17 00:04:05.809 E/AppOps  ( 1437): attributionTag SLocationService not declared in manifest of android
07-17 00:04:05.897 E/SHEALTH#WI#WearOsNodeStatusHelper( 4238): PERF_GMS getAllCapabilities(1) addOnFailureListener :com.google.android.gms.common.api.ApiException: 17: API: Wearable.API is not available on this device. Connection failed with: ConnectionResult{statusCode=API_UNAVAILABLE, resolution=null, message=null, clientMethodKey=null}
07-17 00:04:05.898 E/SHEALTH#WI#WearOsNodeStatusHelper( 4238): PERF_GMS getAllCapabilities(1) addOnFailureListener :com.google.android.gms.common.api.ApiException: 17: API: Wearable.API is not available on this device. Connection failed with: ConnectionResult{statusCode=API_UNAVAILABLE, resolution=null, message=null, clientMethodKey=null}
07-17 00:04:05.976 E/AppOps  ( 1437): attributionTag SLocationService not declared in manifest of android
07-17 00:04:06.083 E/AppOps  ( 1437): attributionTag SLocationService not declared in manifest of android
07-17 00:04:06.097 E/RequestManager_FLP( 4240): [LocationManager] Location request 35E4D34C(Listener) network interval=0ms (min=0ms) from system(slocation) (1000_FINE_unknown_false_foreground)
07-17 00:04:06.143 E/HBD     ( 4231): a getPackageInfo, NameNotFoundException(com.samsung.android.keyscafe) 
07-17 00:04:06.143 E/HBD     ( 4231): a Cannot find pkgName = com.samsung.android.keyscafe 
07-17 00:04:06.290 E/SharedPreferencesImpl( 3834): Couldn't create directory for SharedPreferences file /data/user/0/com.samsung.android.app.appsedge/shared_prefs/pref_recent.xml
07-17 00:04:06.444 E/FaultDetector[1.4]( 1437): setPedometerInfo: fdr not ready
07-17 00:04:06.504 E/SemContext.CaeProvider( 1437): setAttribute() : attribute is null!
07-17 00:04:06.530 E/AppOps  ( 1437): attributionTag  not declared in manifest of android
07-17 00:04:06.533 E/[SCA][M][1.0.0000]( 4360): [ScaMdeException][rcode]: 70000001, [rmsg]: Family MDE is not supported on this platform version(140100).
07-17 00:04:06.590 E/audit   (  820): type=1400 audit(1784228646.589:84300): avc:  denied  { read } for  pid=5558 comm="Lacrima_single_" name="sdcard" dev="tmpfs" ino=2045 scontext=u:r:untrusted_app:s0:c44,c257,c512,c768 tcontext=u:object_r:mnt_sdcard_file:s0 tclass=lnk_file permissive=0 SEPF_SM-A325F_12_0001 audit_filtered
07-17 00:04:06.590 E/audit   (  820): type=1300 audit(1784228646.589:84300): arch=c00000b7 syscall=48 success=no exit=-13 a0=ffffff9c a1=b400007b08c5ff40 a2=0 a3=0 items=0 ppid=838 pid=5558 auid=4294967295 uid=10300 gid=10300 euid=10300 suid=10300 fsuid=10300 egid=10300 sgid=10300 fsgid=10300 tty=(none) ses=4294967295 comm="Lacrima_single_" exe="/system/bin/app_process64" subj=u:r:untrusted_app:s0:c44,c257,c512,c768 key=(null)
07-17 00:04:06.590 E/audit   (  820): type=1327 audit(1784228646.589:84300): proctitle="com.instagram.android"
07-17 00:04:06.594 E/audit   (  820): type=1400 audit(1784228646.589:84301): avc:  denied  { read } for  pid=5558 comm="Thread-3" name="zoneinfo" dev="proc" ino=4026531860 scontext=u:r:untrusted_app:s0:c44,c257,c512,c768 tcontext=u:object_r:proc_zoneinfo:s0 tclass=file permissive=0 SEPF_SM-A325F_12_0001 audit_filtered
07-17 00:04:06.790 E/AppOps  ( 1437): attributionTag SLocationService not declared in manifest of android
07-17 00:04:06.830 E/PhoneRestrictionPolicy( 1437): getEmergencyCall >>false
07-17 00:04:06.832 E/PhoneRestrictionPolicy( 1437): getEmergencyCall >>false
07-17 00:04:06.847 E/AppOps  ( 1437): attributionTag SLocationService not declared in manifest of android
07-17 00:04:06.855 E/AppOps  ( 1437): attributionTag SLocationService not declared in manifest of android
07-17 00:04:06.856 E/QT      ( 5558): [QT]file does not exist
07-17 00:04:06.856 E/RequestManager_FLP( 4240): [LocationManager] Location remove 35E4D34C from system
07-17 00:04:06.863 E/SystemServiceRegistry( 3958): create SemLocationManager service
07-17 00:04:06.899 E/Rubin   ( 3958): [678] com.samsung.android.rubin.inferenceengine.utils.GeofenceManager.s(SourceFile:8) : Failed to register a fence - code(-5)
07-17 00:04:06.915 E/Rubin   ( 3958): [678] com.samsung.android.rubin.inferenceengine.utils.GeofenceManager.s(SourceFile:8) : Failed to register a fence - code(-5)
07-17 00:04:06.925 E/Rubin   ( 3958): [678] com.samsung.android.rubin.inferenceengine.utils.GeofenceManager.s(SourceFile:8) : Failed to register a fence - code(-5)
07-17 00:04:06.951 E/libEGL  ( 5558): call to OpenGL ES API with no current context (logged once per thread)
07-17 00:04:06.952 E/libEGL  ( 5558): call to OpenGL ES API with no current context (logged once per thread)
07-17 00:04:06.952 E/libEGL  ( 5558): call to OpenGL ES API with no current context (logged once per thread)
07-17 00:04:06.952 E/HBD     ( 4231): HoneyBoardService onAppPrivateCommand DISPLAY_ID failed, component is not initialized 
07-17 00:04:06.956 E/FBI     ( 5558): Can't load library: dlopen failed: library "libmagtsync.so" not found
07-17 00:04:06.967 E/HBD     ( 4231): r Invalid window - setImeNavigationBar 
07-17 00:04:06.975 E/libEGL  ( 5558): call to OpenGL ES API with no current context (logged once per thread)
07-17 00:04:07.068 E/RequestManager_FLP( 4240): [LocationManager] Location request DDDB40B8(Listener) passive (min=60000ms) from com.samsung.android.rubin.app (5010_FINE_svc_false_background)
07-17 00:04:07.089 E/Rubin   ( 3958): [678] com.samsung.android.rubin.inferenceengine.utils.GeofenceManager.s(SourceFile:8) : Failed to register a fence - code(-5)
07-17 00:04:07.152 E/Rubin   ( 3958): [678] com.samsung.android.rubin.inferenceengine.utils.GeofenceManager.s(SourceFile:8) : Failed to register a fence - code(-5)
07-17 00:04:07.169 E/stagram.android( 5558): hiddenapi: Accessing hidden method Landroid/os/MessageQueue;->isPolling()Z (runtime_flags=0, domain=platform, api=max-target-o) from LX/1AA; (domain=app, TargetSdkVersion=36) using reflection: denied
07-17 00:04:07.170 E/MQD     ( 5558): Failed to resolve method MessageQueue.isPolling: java.lang.NoSuchMethodException: android.os.MessageQueue.isPolling []
07-17 00:04:07.170 E/MQD     ( 5558): Failed to resolve method MessageQueue.isIdling: java.lang.NoSuchMethodException: android.os.MessageQueue.isIdling []
07-17 00:04:07.171 E/stagram.android( 5558): hiddenapi: Accessing hidden method Landroid/os/MessageQueue;-><init>(Z)V (runtime_flags=0, domain=platform, api=max-target-o) from LX/1AA; (domain=app, TargetSdkVersion=36) using reflection: denied
07-17 00:04:07.171 E/MQD     ( 5558): Failed to resolve MessageQueue(boolean) constructor: java.lang.NoSuchMethodException: android.os.MessageQueue.<init> [boolean]
07-17 00:04:07.171 E/stagram.android( 5558): hiddenapi: Accessing hidden field Landroid/os/Handler;->mQueue:Landroid/os/MessageQueue; (runtime_flags=0, domain=platform, api=max-target-o) from LX/1AA; (domain=app, TargetSdkVersion=36) using reflection: denied
07-17 00:04:07.172 E/MQD     ( 5558): Failed to resolve field Handler.mQueue: java.lang.NoSuchFieldException: No field mQueue in class Landroid/os/Handler; (declaration of 'android.os.Handler' appears in /system/framework/framework.jar!classes3.dex)
07-17 00:04:07.212 E/RequestManager_FLP( 4240): [LocationManager] Location request 149B1C23(Listener) passive (min=600000ms) from com.samsung.android.rubin.app (5010_FINE_svc_false_background)
07-17 00:04:07.218 E/HeliumCrashReporter( 5558): Pending crash path /data/data/com.instagram.android/cache/webview_embedded/Helium Crashpad/pending/ is not a directory
07-17 00:04:07.241 E/RoleControllerServiceImpl( 4983): Default/fallback role holder package doesn't qualify for the role, package: com.google.android.gms.supervision, role: android.app.role.SYSTEM_SUPERVISION, user: 0
07-17 00:04:07.246 E/rtvip   ( 5558): error 10 (0xd503245f)
07-17 00:04:07.246 E/rtvip   ( 5558): error 2
07-17 00:04:07.277 E/NearbyDiscovery( 4096): Timed out getting SPOT reporting status [CONTEXT service_id=265 ]
07-17 00:04:07.401 E/MemoryLeakHandler( 5556): initialize - not working for release
07-17 00:04:07.404 E/ActivityThread( 3958): Failed to find provider info for com.sec.android.app.sbrowser.browser
07-17 00:04:07.409 E/PhoneRestrictionPolicy( 1437): getEmergencyCall >>false
07-17 00:04:07.411 E/PhoneRestrictionPolicy( 1437): getEmergencyCall >>false
07-17 00:04:07.507 E/AppProfiloInitializer( 5558): Cold start trace failed: no marker
07-17 00:04:07.611 E/AppProfiloInitializer( 5558): Cold start trace failed: no marker
07-17 00:04:07.660 E/NotificationService( 1437): Suppressing notification from package com.sec.android.app.shealth by user request.
07-17 00:04:07.686 E/audit   (  820): type=1400 audit(1784228647.685:84307): avc:  denied  { read } for  pid=5558 comm="Lacrima_startup" name="memory.usage_in_bytes" dev="cgroup" ino=8 scontext=u:r:untrusted_app:s0:c44,c257,c512,c768 tcontext=u:object_r:cgroup:s0 tclass=file permissive=0 SEPF_SM-A325F_12_0001 audit_filtered
07-17 00:04:07.686 E/audit   (  820): type=1300 audit(1784228647.685:84307): arch=c00000b7 syscall=56 success=no exit=-13 a0=ffffff9c a1=b400007b7bd4f9b0 a2=0 a3=0 items=0 ppid=838 pid=5558 auid=4294967295 uid=10300 gid=10300 euid=10300 suid=10300 fsuid=10300 egid=10300 sgid=10300 fsgid=10300 tty=(none) ses=4294967295 comm="Lacrima_startup" exe="/system/bin/app_process64" subj=u:r:untrusted_app:s0:c44,c257,c512,c768 key=(null)
07-17 00:04:07.687 E/audit   (  820): type=1327 audit(1784228647.685:84307): proctitle="com.instagram.android"
07-17 00:04:07.935 E/Rubin   ( 3958): [2] tc.t.l(SourceFile:2) : policy is null
07-17 00:04:07.960 E/HiddenApis2( 5558): Failed to init DecodeJObjectFuncPtr
07-17 00:04:07.966 E/QPLProvider( 5558): QuickPerformanceLogger instance wasn't installed in provider, returning noop. Please call QuickPerformanceLoggerProvider.setQuickPerformanceLogger() before getting the instance.
07-17 00:04:07.966 E/QPLProvider( 5558): java.lang.IllegalStateException: No QPL instance provided
07-17 00:04:07.966 E/QPLProvider( 5558): 	at com.facebook.quicklog.QuickPerformanceLoggerProvider.getQPLInstance(:35)
07-17 00:04:07.966 E/QPLProvider( 5558): 	at X.2a6.<init>(:12)
07-17 00:04:07.966 E/QPLProvider( 5558): 	at X.6BG.apply(:207)
07-17 00:04:07.966 E/QPLProvider( 5558): 	at java.util.concurrent.ConcurrentHashMap.computeIfAbsent(ConcurrentHashMap.java:1729)
07-17 00:04:07.966 E/QPLProvider( 5558): 	at X.2a1.A00(:65)
07-17 00:04:07.966 E/QPLProvider( 5558): 	at X.2AM.<init>(:5)
07-17 00:04:07.966 E/QPLProvider( 5558): 	at X.2AJ.A06(:2)
07-17 00:04:07.966 E/QPLProvider( 5558): 	at X.1yo.E0x(:32)
07-17 00:04:07.966 E/QPLProvider( 5558): 	at X.1ni.run(:155)
07-17 00:04:07.966 E/QPLProvider( 5558): 	at java.util.concurrent.ThreadPoolExecutor.runWorker(ThreadPoolExecutor.java:1100)
07-17 00:04:07.966 E/QPLProvider( 5558): 	at java.util.concurrent.ThreadPoolExecutor$Worker.run(ThreadPoolExecutor.java:624)
07-17 00:04:07.966 E/QPLProvider( 5558): 	at X.1nl.run(:21)
07-17 00:04:07.966 E/QPLProvider( 5558): 	at java.lang.Thread.run(Thread.java:1572)
07-17 00:04:08.031 E/WifiVendorHal( 1437): $r8$lambda$s6w0pmKyq6-tDdqCEDbOV_xqgVE(l.1179) failed {.code = ERROR_NOT_SUPPORTED, .description = }
07-17 00:04:08.109 E/QPLProvider( 5558): QuickPerformanceLogger instance wasn't installed in provider, returning noop. Please call QuickPerformanceLoggerProvider.setQuickPerformanceLogger() before getting the instance.
07-17 00:04:08.109 E/QPLProvider( 5558): java.lang.IllegalStateException: No QPL instance provided
07-17 00:04:08.109 E/QPLProvider( 5558): 	at com.facebook.quicklog.QuickPerformanceLoggerProvider.getQPLInstance(:35)
07-17 00:04:08.109 E/QPLProvider( 5558): 	at com.facebook.quicklog.QuickPerformanceLoggerNativeProvider.getQPLInstance(:0)
07-17 00:04:08.109 E/QPLProvider( 5558): 	at com.instagram.pando.livetree.LiveTreeJNI.updateStringValueNative(Native Method)
07-17 00:04:08.109 E/QPLProvider( 5558): 	at com.instagram.pando.livetree.LiveTreeJNI.updateStringValueByHashCode(:7)
07-17 00:04:08.109 E/QPLProvider( 5558): 	at com.instagram.pando.livetree.LiveTreeJNI.updateOptionalStringValueByHashCode(:6)
07-17 00:04:08.109 E/QPLProvider( 5558): 	at com.instagram.pando.livetree.LiveTreeJNI.updateOptionalIDValueByHashCode(:6)
07-17 00:04:08.109 E/QPLProvider( 5558): 	at com.instagram.user.model.LiveTreeUserDict.AAX(:47)
07-17 00:04:08.109 E/QPLProvider( 5558): 	at com.instagram.user.model.User.<init>(:213)
07-17 00:04:08.109 E/QPLProvider( 5558): 	at X.2fu.apply(:45)
07-17 00:04:08.109 E/QPLProvider( 5558): 	at java.util.concurrent.ConcurrentMap.computeIfAbsent(ConcurrentMap.java:330)
07-17 00:04:08.109 E/QPLProvider( 5558): 	at com.instagram.user.model.UserCache.A04(:43)
07-17 00:04:08.109 E/QPLProvider( 5558): 	at X.2bu.A01(:16)
07-17 00:04:08.109 E/QPLProvider( 5558): 	at X.2bu.A00(:20)
07-17 00:04:08.109 E/QPLProvider( 5558): 	at X.2at.<init>(:245)
07-17 00:04:08.109 E/QPLProvider( 5558): 	at X.6Gi.invoke(:296)
07-17 00:04:08.109 E/QPLProvider( 5558): 	at X.3e3.getValue(:25)
07-17 00:04:08.109 E/QPLProvider( 5558): 	at X.2au.A00(:4)
07-17 00:04:08.109 E/QPLProvider( 5558): 	at X.2au.A09(:4)
07-17 00:04:08.109 E/QPLProvider( 5558): 	at X.1yr.A06(:78)
07-17 00:04:08.109 E/QPLProvider( 5558): 	at X.1yo.E0x(:32)
07-17 00:04:08.109 E/QPLProvider( 5558): 	at X.1ni.run(:155)
07-17 00:04:08.109 E/QPLProvider( 5558): 	at java.util.concurrent.ThreadPoolExecutor.runWorker(ThreadPoolExecutor.java:1100)
07-17 00:04:08.109 E/QPLProvider( 5558): 	at java.util.concurrent.ThreadPoolExecutor$Worker.run(ThreadPoolExecutor.java:624)
07-17 00:04:08.109 E/QPLProvider( 5558): 	at X.1nl.run(:21)
07-17 00:04:08.109 E/QPLProvider( 5558): 	at java.lang.Thread.run(Thread.java:1572)
07-17 00:04:08.377 E/AppInitScheduler|Schedule( 5558): Call to schedule after shutdown: -2147483648:DeferredProduct_164_Uab, deps=[164]
07-17 00:04:08.549 E/AppOps  ( 1437): Bad call made by uid 10217. Package "com.google.android.gms" does not belong to uid 5010.
07-17 00:04:08.592 E/AppOps  ( 1437): Bad call made by uid 10217. Package "com.google.android.gms" does not belong to uid 5010.
07-17 00:04:08.760 E/AppOps  ( 1437): evalMode() Foreground Record OP returned IGNORE, uid - 10207, capability - 8
07-17 00:04:08.760 E/AppOps  ( 1437): evalMode() Foreground Location OP returned IGNORE, uid - 10207, capability - 8
07-17 00:04:08.910 E/HBD     ( 4231): a getPackageInfo, NameNotFoundException(com.samsung.android.keyscafe) 
07-17 00:04:08.911 E/HBD     ( 4231): a Cannot find pkgName = com.samsung.android.keyscafe 
07-17 00:04:09.015 E/stagram.android( 5558): No implementation found for void com.facebook.quicklog.QuickPerformanceLoggerNativeProvider.nativeUpdateQPLInstance() (tried Java_com_facebook_quicklog_QuickPerformanceLoggerNativeProvider_nativeUpdateQPLInstance and Java_com_facebook_quicklog_QuickPerformanceLoggerNativeProvider_nativeUpdateQPLInstance__) - is the library loaded, e.g. System.loadLibrary?
07-17 00:04:09.261 E/audit   (  820): type=1400 audit(1784228649.257:84308): avc:  denied  { read } for  pid=5303 comm="gle.android.tts" name="u:object_r:media_plat_prop:s0" dev="tmpfs" ino=1351 scontext=u:r:untrusted_app:s0:c225,c256,c512,c768 tcontext=u:object_r:media_plat_prop:s0 tclass=file permissive=0 SEPF_SM-A325F_12_0001 audit_filtered
07-17 00:04:09.261 E/audit   (  820): type=1300 audit(1784228649.257:84308): arch=c00000b7 syscall=56 success=no exit=-13 a0=ffffff9c a1=7fe0287a58 a2=88000 a3=0 items=0 ppid=838 pid=5303 auid=4294967295 uid=10225 gid=10225 euid=10225 suid=10225 fsuid=10225 egid=10225 sgid=10225 fsgid=10225 tty=(none) ses=4294967295 comm="gle.android.tts" exe="/system/bin/app_process64" subj=u:r:untrusted_app:s0:c225,c256,c512,c768 key=(null)
07-17 00:04:09.261 E/audit   (  820): type=1327 audit(1784228649.257:84308): proctitle="com.google.android.tts"
07-17 00:04:09.267 E/tflite  ( 5303): third_party/tensorflow/lite/core/subgraph.cc:1089 tensor.data.raw != nullptr was not true.
07-17 00:04:09.276 E/NotificationService( 1437): Suppressing notification from package com.sec.android.app.shealth by user request.
07-17 00:04:09.468 E/native  ( 5303): E0000 00:00:1784228649.468017    5303 re2.cc:250] Error parsing '^|[^\p{Letter}\\]': invalid character class range: \p{Letter}
07-17 00:04:09.468 E/native  ( 5303): E0000 00:00:1784228649.468225    5303 replacement_rule.cc:40] Invalid context regexp: invalid character class range: \p{Letter}
07-17 00:04:09.468 E/native  ( 5303): E0000 00:00:1784228649.468255    5303 replacement_rule.cc:151] Error creating replacement rule.
07-17 00:04:09.468 E/native  ( 5303): E0000 00:00:1784228649.468279    5303 regexp_rewriter.cc:35] Error creating rule MessageLite at 0xb400007b0422bb30.
07-17 00:04:09.506 E/JavaBinder( 1437): !!! FAILED BINDER TRANSACTION !!!  (parcel size = 529344)
07-17 00:04:09.827 E/JavaBinder( 1437): !!! FAILED BINDER TRANSACTION !!!  (parcel size = 529344)
07-17 00:04:09.862 E/MlockOptimization( 5558): mlock 0x7b15ed4a54 9955324 failed for 7b15ed4000-7b16854000 r--p 0762f000 fd:2f 108461                         /data/app/~~QHWf7FwmZSSwLroGmhzRVw==/com.instagram.android-q8pOZRiF4J_Xs46N9AF1bQ==/base.apk
07-17 00:04:09.879 E/MlockOptimization( 5558): mlock 0x7b156f8720 8238212 failed for 7b156f8000-7b15ed4000 r--p 08124000 fd:2f 108461                         /data/app/~~QHWf7FwmZSSwLroGmhzRVw==/com.instagram.android-q8pOZRiF4J_Xs46N9AF1bQ==/base.apk
07-17 00:04:09.882 E/MlockOptimization( 5558): mlock 0x7b14d74bd0 9972040 failed for 7b14d74000-7b156f8000 r--p 088ff000 fd:2f 108461                         /data/app/~~QHWf7FwmZSSwLroGmhzRVw==/com.instagram.android-q8pOZRiF4J_Xs46N9AF1bQ==/base.apk
07-17 00:04:09.887 E/MlockOptimization( 5558): mlock 0x7b14630544 7615844 failed for 7b14630000-7b14d74000 r--p 09282000 fd:2f 108461                         /data/app/~~QHWf7FwmZSSwLroGmhzRVw==/com.instagram.android-q8pOZRiF4J_Xs46N9AF1bQ==/base.apk
07-17 00:04:09.888 E/MlockOptimization( 5558): mlock 0x7b13de0ad4 8710628 failed for 7b13de0000-7b14630000 r--p 099c5000 fd:2f 108461                         /data/app/~~QHWf7FwmZSSwLroGmhzRVw==/com.instagram.android-q8pOZRiF4J_Xs46N9AF1bQ==/base.apk
07-17 00:04:09.890 E/MlockOptimization( 5558): mlock 0x7b134554e4 10001352 failed for 7b13455000-7b13de0000 r--p 0a214000 fd:2f 108461                         /data/app/~~QHWf7FwmZSSwLroGmhzRVw==/com.instagram.android-q8pOZRiF4J_Xs46N9AF1bQ==/base.apk
07-17 00:04:09.894 E/MlockOptimization( 5558): mlock 0x7b82afe0d8 1700116 failed for 7b82afe000-7b82c9e000 r--p 0ab9e000 fd:2f 108461                         /data/app/~~QHWf7FwmZSSwLroGmhzRVw==/com.instagram.android-q8pOZRiF4J_Xs46N9AF1bQ==/base.apk
07-17 00:04:09.905 E/MlockOptimization( 5558): mlock 0x7b12ec3218 5836288 failed for 7b12ec3000-7b13455000 r--p 0ad3d000 fd:2f 108461                         /data/app/~~QHWf7FwmZSSwLroGmhzRVw==/com.instagram.android-q8pOZRiF4J_Xs46N9AF1bQ==/base.apk
07-17 00:04:09.910 E/MlockOptimization( 5558): mlock 0x7b12935d78 5818476 failed for 7b12935000-7b12ec3000 r--p 02c49000 fd:2f 108461                         /data/app/~~QHWf7FwmZSSwLroGmhzRVw==/com.instagram.android-q8pOZRiF4J_Xs46N9AF1bQ==/base.apk
07-17 00:04:09.917 E/MlockOptimization( 5558): mlock 0x7b122a0610 6896256 failed for 7b122a0000-7b12935000 r--p 031d6000 fd:2f 108461                         /data/app/~~QHWf7FwmZSSwLroGmhzRVw==/com.instagram.android-q8pOZRiF4J_Xs46N9AF1bQ==/base.apk
07-17 00:04:09.922 E/MlockOptimization( 5558): mlock 0x7b11bdf0bc 7080924 failed for 7b11bdf000-7b122a0000 r--p 0386a000 fd:2f 108461                         /data/app/~~QHWf7FwmZSSwLroGmhzRVw==/com.instagram.android-q8pOZRiF4J_Xs46N9AF1bQ==/base.apk
07-17 00:04:09.929 E/MlockOptimization( 5558): mlock 0x7b11020cc4 12310492 failed for 7b11020000-7b11bdf000 r--p 03f2a000 fd:2f 108461                         /data/app/~~QHWf7FwmZSSwLroGmhzRVw==/com.instagram.android-q8pOZRiF4J_Xs46N9AF1bQ==/base.apk
07-17 00:04:09.932 E/MlockOptimization( 5558): mlock 0x7b107bb4cc 8797884 failed for 7b107bb000-7b11020000 r--p 04ae8000 fd:2f 108461                         /data/app/~~QHWf7FwmZSSwLroGmhzRVw==/com.instagram.android-q8pOZRiF4J_Xs46N9AF1bQ==/base.apk
07-17 00:04:09.951 E/MlockOptimization( 5558): mlock 0x7b0fe9d3b4 9557392 failed for 7b0fe9d000-7b107bb000 r--p 0534c000 fd:2f 108461                         /data/app/~~QHWf7FwmZSSwLroGmhzRVw==/com.instagram.android-q8pOZRiF4J_Xs46N9AF1bQ==/base.apk
07-17 00:04:09.970 E/MlockOptimization( 5558): mlock 0x7b0f647970 8738340 failed for 7b0f647000-7b0fe9d000 r--p 05c69000 fd:2f 108461                         /data/app/~~QHWf7FwmZSSwLroGmhzRVw==/com.instagram.android-q8pOZRiF4J_Xs46N9AF1bQ==/base.apk
07-17 00:04:09.971 E/MlockOptimization( 5558): mlock 0x7b0ee85fc0 8128444 failed for 7b0ee85000-7b0f647000 r--p 064be000 fd:2f 108461                         /data/app/~~QHWf7FwmZSSwLroGmhzRVw==/com.instagram.android-q8pOZRiF4J_Xs46N9AF1bQ==/base.apk
07-17 00:04:09.971 E/MlockOptimization( 5558): mlock 0x7b0e8647a8 6421248 failed for 7b0e864000-7b0ee85000 r--p 06c7f000 fd:2f 108461                         /data/app/~~QHWf7FwmZSSwLroGmhzRVw==/com.instagram.android-q8pOZRiF4J_Xs46N9AF1bQ==/base.apk
07-17 00:04:09.972 E/MlockOptimization( 5558): mlock 0x7b7dc6f2d4 3737428 failed for 7b7dc6f000-7b7e000000 r--p 0729f000 fd:2f 108461                         /data/app/~~QHWf7FwmZSSwLroGmhzRVw==/com.instagram.android-q8pOZRiF4J_Xs46N9AF1bQ==/base.apk
07-17 00:04:09.976 E/MlockOptimization( 5558): mlock 0x7b75c9827c 1533048 failed for 7b75c98000-7b75e0f000 r--p 07fae000 fd:2f 108461                         /data/app/~~QHWf7FwmZSSwLroGmhzRVw==/com.instagram.android-q8pOZRiF4J_Xs46N9AF1bQ==/base.apk
07-17 00:04:09.977 E/MlockOptimization( 5558): mlock 0x7b75e0f000 4935680 failed for 7b75e0f000-7b762c4000 rw-p 00000000 fd:2f 117707                         /data/app/~~QHWf7FwmZSSwLroGmhzRVw==/com.instagram.android-q8pOZRiF4J_Xs46N9AF1bQ==/oat/arm64/base.vdex
07-17 00:04:09.998 E/StickerCenter( 6128): StickerRepository There is no result of query. return null 
07-17 00:04:10.083 E/EmojiCore( 6128): globalManager is null creating new one
07-17 00:04:10.124 E/d.game.gamehome( 5960): No package ID 6a found for ID 0x6a0b0013.
07-17 00:04:10.126 E/Firebase-Installations( 5960): Firebase Installations can not communicate with Firebase server APIs due to invalid configuration. Please update your Firebase initialization process and set valid Firebase options (API key, Project ID, Application ID) when initializing Firebase.
07-17 00:04:10.134 E/FirebaseMessaging( 5960): Failed to get FIS auth token
07-17 00:04:10.134 E/FirebaseMessaging( 5960): java.util.concurrent.ExecutionException: com.google.firebase.installations.FirebaseInstallationsException
07-17 00:04:10.134 E/FirebaseMessaging( 5960): 	at com.google.android.gms.tasks.k.k(SourceFile:31)
07-17 00:04:10.134 E/FirebaseMessaging( 5960): 	at com.google.android.gms.tasks.k.a(SourceFile:34)
07-17 00:04:10.134 E/FirebaseMessaging( 5960): 	at com.google.firebase.messaging.b0.h(SourceFile:96)
07-17 00:04:10.134 E/FirebaseMessaging( 5960): 	at com.google.firebase.messaging.b0.i(SourceFile:0)
07-17 00:04:10.134 E/FirebaseMessaging( 5960): 	at com.google.firebase.messaging.b0.e(SourceFile:13)
07-17 00:04:10.134 E/FirebaseMessaging( 5960): 	at com.google.firebase.messaging.FirebaseMessaging.e(SourceFile:2)
07-17 00:04:10.134 E/FirebaseMessaging( 5960): 	at com.google.firebase.messaging.w.start(SourceFile:6)
07-17 00:04:10.134 E/FirebaseMessaging( 5960): 	at com.google.firebase.messaging.o0.b(SourceFile:77)
07-17 00:04:10.134 E/FirebaseMessaging( 5960): 	at com.google.firebase.messaging.FirebaseMessaging.k(SourceFile:26)
07-17 00:04:10.134 E/FirebaseMessaging( 5960): 	at com.google.firebase.messaging.t0.e(SourceFile:5)
07-17 00:04:10.134 E/FirebaseMessaging( 5960): 	at com.google.firebase.messaging.t0.run(SourceFile:107)
07-17 00:04:10.134 E/FirebaseMessaging( 5960): 	at java.util.concurrent.Executors$RunnableAdapter.call(Executors.java:520)
07-17 00:04:10.134 E/FirebaseMessaging( 5960): 	at java.util.concurrent.FutureTask.run(FutureTask.java:328)
07-17 00:04:10.134 E/FirebaseMessaging( 5960): 	at java.util.concurrent.ScheduledThreadPoolExecutor$ScheduledFutureTask.run(ScheduledThreadPoolExecutor.java:323)
07-17 00:04:10.134 E/FirebaseMessaging( 5960): 	at java.util.concurrent.ThreadPoolExecutor.runWorker(ThreadPoolExecutor.java:1100)
07-17 00:04:10.134 E/FirebaseMessaging( 5960): 	at java.util.concurrent.ThreadPoolExecutor$Worker.run(ThreadPoolExecutor.java:624)
07-17 00:04:10.134 E/FirebaseMessaging( 5960): 	at com.google.android.gms.common.util.concurrent.b.run(SourceFile:6)
07-17 00:04:10.134 E/FirebaseMessaging( 5960): 	at java.lang.Thread.run(Thread.java:1572)
07-17 00:04:10.134 E/FirebaseMessaging( 5960): Caused by: com.google.firebase.installations.FirebaseInstallationsException
07-17 00:04:10.134 E/FirebaseMessaging( 5960): 	at com.google.firebase.installations.f.h(SourceFile:69)
07-17 00:04:10.134 E/FirebaseMessaging( 5960): 	at com.google.firebase.installations.f.c(SourceFile:0)
07-17 00:04:10.134 E/FirebaseMessaging( 5960): 	at com.google.firebase.installations.e.run(SourceFile:4)
07-17 00:04:10.134 E/FirebaseMessaging( 5960): 	at java.util.concurrent.ThreadPoolExecutor.runWorker(ThreadPoolExecutor.java:1100)
07-17 00:04:10.134 E/FirebaseMessaging( 5960): 	at java.util.concurrent.ThreadPoolExecutor$Worker.run(ThreadPoolExecutor.java:624)
07-17 00:04:10.134 E/FirebaseMessaging( 5960): 	... 1 more
07-17 00:04:10.459 E/CustomizedTextParser( 3806): getCustomizedText Rule is empty. mRuleMap={}
07-17 00:04:10.529 E/EmojiCore( 6128): Resource s loading failed
07-17 00:04:10.543 E/SlowAppComponent( 5558): 0ms: InstagramAppShell instantiatingΓÇª
07-17 00:04:10.543 E/SlowAppComponent( 5558): 1325ms: ClipsDraftProvider instantiatingΓÇª
07-17 00:04:10.543 E/SlowAppComponent( 5558): 1329ms: SecureFileProvider instantiatingΓÇª
07-17 00:04:10.543 E/SlowAppComponent( 5558): 1349ms: AsyncFamilyAppsUserValuesProvider instantiatingΓÇª
07-17 00:04:10.544 E/SlowAppComponent( 5558): 1350ms: TixuDirectTransferProvider instantiatingΓÇª
07-17 00:04:10.544 E/SlowAppComponent( 5558): 1350ms: AsyncInstagramPhoneIdProvider instantiatingΓÇª
07-17 00:04:10.544 E/SlowAppComponent( 5558): 1350ms: QuickSnapSeenStateProvider instantiatingΓÇª
07-17 00:04:10.544 E/SlowAppComponent( 5558): 1351ms: BaselContextProvider instantiatingΓÇª
07-17 00:04:10.544 E/SlowAppComponent( 5558): 1351ms: FileProvider instantiatingΓÇª
07-17 00:04:10.544 E/SlowAppComponent( 5558): 1351ms: FoaBackupTokenProvider instantiatingΓÇª
07-17 00:04:10.544 E/SlowAppComponent( 5558): 1351ms: ThreadsContentProvider instantiatingΓÇª
07-17 00:04:10.544 E/SlowAppComponent( 5558): 1351ms: DeferredCurrentUserProvider instantiatingΓÇª
07-17 00:04:10.544 E/SlowAppComponent( 5558): 1351ms: InstallReferrerProvider instantiatingΓÇª
07-17 00:04:10.544 E/SlowAppComponent( 5558): 1356ms: IgLoggedInUsersContentProvider instantiatingΓÇª
07-17 00:04:10.544 E/SlowAppComponent( 5558): 1356ms: FirstPartyUserValuesLiteProviderV2 instantiatingΓÇª
07-17 00:04:10.544 E/SlowAppComponent( 5558): 1357ms: AndroidXAppInitializer instantiatingΓÇª
07-17 00:04:10.544 E/SlowAppComponent( 5558): 1363ms: FifuDeferredDeeplinkProvider instantiatingΓÇª
07-17 00:04:10.544 E/SlowAppComponent( 5558): 1363ms: UsdidValuesProvider instantiatingΓÇª
07-17 00:04:10.545 E/SlowAppComponent( 5558): 1363ms: DeferredDeeplinkProvider instantiatingΓÇª
07-17 00:04:10.545 E/SlowAppComponent( 5558): 1363ms: TixuDeferredDeeplinkProvider instantiatingΓÇª
07-17 00:04:10.545 E/SlowAppComponent( 5558): Main thread was blocked for 4809ms in the background starting with InstagramAppShell
07-17 00:04:10.624 E/NearbyDiscovery( 4096): Timed out getting SPOT reporting status [CONTEXT service_id=265 ]
07-17 00:04:10.625 E/EmojiCore( 6128): Resource s loading failed
07-17 00:04:10.697 E/RoleControllerServiceImpl( 4983): Default/fallback role holder package doesn't qualify for the role, package: com.google.android.gms.supervision, role: android.app.role.SYSTEM_SUPERVISION, user: 0
07-17 00:04:10.976 E/BtGatt.GattService( 2183): [GSIM LOG]: gsimLogHandler, msg: MESSAGE_SCAN_START, appName: com.google.uid.shared, scannerId: 4, reportDelayMillis=0
07-17 00:04:11.044 E/WifiVendorHal( 1437): $r8$lambda$s6w0pmKyq6-tDdqCEDbOV_xqgVE(l.1179) failed {.code = ERROR_NOT_SUPPORTED, .description = }
07-17 00:04:11.063 E/audit   (  820): type=1400 audit(1784228651.061:84309): avc:  denied  { read } for  pid=1138 comm="HwBinder:1138_8" name="u:object_r:aac_drc_prop:s0" dev="tmpfs" ino=1168 scontext=u:r:mediaswcodec:s0 tcontext=u:object_r:aac_drc_prop:s0 tclass=file permissive=0 SEPF_SM-A325F_12_0001 audit_filtered
07-17 00:04:11.063 E/audit   (  820): type=1300 audit(1784228651.061:84309): arch=c00000b7 syscall=56 success=no exit=-13 a0=ffffff9c a1=704af53728 a2=88000 a3=0 items=0 ppid=1 pid=1138 auid=4294967295 uid=1046 gid=1006 euid=1046 suid=1046 fsuid=1046 egid=1006 sgid=1006 fsgid=1006 tty=(none) ses=4294967295 comm="HwBinder:1138_8" exe="/apex/com.android.media.swcodec/bin/mediaswcodec" subj=u:r:mediaswcodec:s0 key=(null)
07-17 00:04:11.063 E/audit   (  820): type=1327 audit(1784228651.061:84309): proctitle=6D656469612E7377636F646563006F69642E6D656469612E7377636F6465632F62696E2F6D656469617377636F646563
07-17 00:04:11.064 E/audit   (  820): type=1400 audit(1784228651.061:84310): avc:  denied  { read } for  pid=1138 comm="HwBinder:1138_8" name="u:object_r:aac_drc_prop:s0" dev="tmpfs" ino=1168 scontext=u:r:mediaswcodec:s0 tcontext=u:object_r:aac_drc_prop:s0 tclass=file permissive=0 SEPF_SM-A325F_12_0001 audit_filtered
07-17 00:04:11.064 E/audit   (  820): type=1300 audit(1784228651.061:84310): arch=c00000b7 syscall=56 success=no exit=-13 a0=ffffff9c a1=704af53728 a2=88000 a3=0 items=0 ppid=1 pid=1138 auid=4294967295 uid=1046 gid=1006 euid=1046 suid=1046 fsuid=1046 egid=1006 sgid=1006 fsgid=1006 tty=(none) ses=4294967295 comm="HwBinder:1138_8" exe="/apex/com.android.media.swcodec/bin/mediaswcodec" subj=u:r:mediaswcodec:s0 key=(null)
07-17 00:04:11.064 E/audit   (  820): type=1327 audit(1784228651.061:84310): proctitle=6D656469612E7377636F646563006F69642E6D656469612E7377636F6465632F62696E2F6D656469617377636F646563
07-17 00:04:11.369 E/PendingMediaStoreSerializer( 5558): deserialize start
07-17 00:04:11.369 E/PendingMediaStoreSerializer( 5558): start reading pending media
07-17 00:04:11.370 E/PendingMediaStoreSerializer( 5558): Set the submedia on albums
07-17 00:04:11.370 E/PendingMediaStoreSerializer( 5558): Set the submedia on post threads
07-17 00:04:11.370 E/PendingMediaStoreSerializer( 5558): Set the submedia on story templates
07-17 00:04:11.370 E/PendingMediaStoreSerializer( 5558): Set the submedia on Basel templates
07-17 00:04:11.370 E/PendingMediaStoreSerializer( 5558): deserialize is done. start calling callbacks
07-17 00:04:11.370 E/PendingMediaStoreSerializer( 5558): deserialize end
07-17 00:04:11.370 E/PendingMediaStoreSerializer( 5558): wait for deserialization lock
07-17 00:04:11.370 E/PendingMediaStoreSerializer( 5558): calling callbacks
07-17 00:04:11.401 E/msys    ( 5558): E[N mns:DGWClient]_OnResolverSuccess(359)=>Cache refresh succeeded with system DNS resolver. IP count: 1
07-17 00:04:11.462 E/msys    ( 5558): E[N mns:DGWClient]_OnResolverSuccess(359)=>Cache refresh succeeded with system DNS resolver. IP count: 1
07-17 00:04:11.754 E/DWBr    ( 6429): App icon disabled, so return addDynamicShortcuts
07-17 00:04:11.927 E/SoLoader( 6381): Checking /data/app missing libraries.
07-17 00:04:11.928 E/SoLoader( 6381): Successfully recovered from /data/app disk failure.
07-17 00:04:11.957 E/Watchdog( 1437): !@Sync: 7374 heap: 200 / 210 FD: 1071 [2026-07-17 00:04:11.956]
07-17 00:04:11.940 E/SoLoader( 6381): Checking /data/data missing libraries.
07-17 00:04:11.961 E/SoLoader( 6381): No libraries missing from unpacking so paths while recovering /data/data failure
07-17 00:04:12.417 E/SQLiteLog( 4238): (10) POSIX Error : 9 SQLite Error : 3850
07-17 00:04:12.417 E/SQLiteLog( 4238): (10) LOCK : Getting pending lock for (4) failed due to (9). The current owner is (-1431655766).
07-17 00:04:12.431 E/SQLiteLog( 4238): (10) POSIX Error : 9 SQLite Error : 3850
07-17 00:04:12.431 E/SQLiteLog( 4238): (10) LOCK : Getting pending lock for (4) failed due to (9). The current owner is (-1431655766).
07-17 00:04:12.525 E/android.hardware.health@2.1-service-samsung(  853): Could not open /sys/class/power_supply/battery/lrp
07-17 00:04:12.542 E/SecPowerUI.Notification( 1881): no saved value, so we do nothing !!
07-17 00:04:12.604 E/AppOps  ( 1437): Bad call made by uid 10225. Package "com.google.android.gms" does not belong to uid 10225.
07-17 00:04:12.641 E/AppOps  ( 1437): Bad call made by uid 10225. Package "com.google.android.gms" does not belong to uid 10225.
07-17 00:04:12.644 E/AppOps  ( 1437): Bad call made by uid 10225. Package "com.google.android.gms" does not belong to uid 10225.
07-17 00:04:12.741 E/ActivityThread( 3806): Failed to find provider info for com.samsung.android.app.deepsky.DeepSkyQuery.provider
07-17 00:04:12.776 E/SmartSuggestionsHelper( 3806): isSmartSuggestionsEnabled: Attempt to invoke virtual method 'android.os.Bundle android.content.ContentProviderClient.call(java.lang.String, java.lang.String, android.os.Bundle)' on a null object reference
07-17 00:04:12.821 E/NotificationService( 1437): Suppressing notification from package com.sec.android.app.shealth by user request.
07-17 00:04:12.969 E/SHEALTH#DA#Service#BadgeQueryHelper( 4238): Failed to delete badge : count : 0, status : 1
07-17 00:04:12.978 E/SHEALTH#WI#WearableConnectionMonitor( 5556): Service is not bind
07-17 00:04:12.981 E/SHEALTH#WI#WearableServiceManager( 5556): sendMessage() arg1 : 101, mIsFirstConnection : true
07-17 00:04:13.003 E/SHEALTH#DA#Service#BadgeQueryHelper( 4238): Failed to delete badge : count : 0, status : 1
07-17 00:04:13.026 E/SHEALTH#DA#Service#BadgeQueryHelper( 4238): Failed to delete badge : count : 0, status : 1
07-17 00:04:13.031 E/SHEALTH#DA#Service#BadgeQueryHelper( 4238): Failed to delete badge : count : 0, status : 1
07-17 00:04:13.181 E/OpenGLRenderer( 1881): Device claims wide gamut support, cannot find matching config, error = EGL_SUCCESS
07-17 00:04:13.212 E/NGSA.ModelMgrWrapper( 5303): Can't get TTS model availability
07-17 00:04:13.212 E/NGSA.ModelMgrWrapper( 5303): egl: Nothing to download for file group: tts-models_preview
07-17 00:04:13.212 E/NGSA.ModelMgrWrapper( 5303): 	at ipy.b(PG:32)
07-17 00:04:13.212 E/NGSA.ModelMgrWrapper( 5303): 	at hps.a(PG:55)
07-17 00:04:13.212 E/NGSA.ModelMgrWrapper( 5303): 	at kmy.a(PG:61)
07-17 00:04:13.212 E/NGSA.ModelMgrWrapper( 5303): 	at kml.d(PG:3)
07-17 00:04:13.212 E/NGSA.ModelMgrWrapper( 5303): 	at kmn.run(PG:38)
07-17 00:04:13.212 E/NGSA.ModelMgrWrapper( 5303): 	at koy.run(PG:197)
07-17 00:04:13.212 E/NGSA.ModelMgrWrapper( 5303): 	at ebv.run(PG:7)
07-17 00:04:13.212 E/NGSA.ModelMgrWrapper( 5303): 	at khh.run(PG:44)
07-17 00:04:13.212 E/NGSA.ModelMgrWrapper( 5303): 	at dfb.run(PG:1162)
07-17 00:04:13.212 E/NGSA.ModelMgrWrapper( 5303): 	at java.lang.Thread.run(Thread.java:1572)
07-17 00:04:13.212 E/NGSA.ModelMgrWrapper( 5303): 	at edj.run(PG:61)
07-17 00:04:13.232 E/RoleControllerServiceImpl( 4983): Default/fallback role holder package doesn't qualify for the role, package: com.google.android.gms.supervision, role: android.app.role.SYSTEM_SUPERVISION, user: 0
07-17 00:04:13.232 E/audit   (  820): type=1400 audit(1784228653.229:84321): avc:  denied  { write } for  pid=4096 comm="ThreadPoolForeg" name="traced_producer" dev="tmpfs" ino=10975 scontext=u:r:gmscore_app:s0:c512,c768 tcontext=u:object_r:traced_producer_socket:s0 tclass=sock_file permissive=0 SEPF_SM-A325F_12_0001 audit_filtered
07-17 00:04:13.232 E/audit   (  820): type=1300 audit(1784228653.229:84321): arch=c00000b7 syscall=203 success=no exit=-13 a0=ba a1=b400007b71898f80 a2=1e a3=ffffffff95aa3570 items=0 ppid=838 pid=4096 auid=4294967295 uid=10217 gid=10217 euid=10217 suid=10217 fsuid=10217 egid=10217 sgid=10217 fsgid=10217 tty=(none) ses=4294967295 comm="ThreadPoolForeg" exe="/system/bin/app_process64" subj=u:r:gmscore_app:s0:c512,c768 key=(null)
07-17 00:04:13.232 E/audit   (  820): type=1327 audit(1784228653.229:84321): proctitle="com.google.android.gms.persistent"
07-17 00:04:13.498 E/ActionQueryTaskListener( 5558): 0 onTaskStart BACKGROUND modules: [pytorch] actions: [LOAD=[pytorch],COMPLETE_SUCCESS=[pytorch]]
07-17 00:04:13.542 E/audit   (  820): type=1400 audit(1784228653.541:84322): avc:  granted  { execute } for  pid=5558 comm="SWPool3_t1of1" path="/data/data/com.instagram.android/lib-compressed/librtc.so" dev="dm-47" ino=62137 scontext=u:r:untrusted_app:s0:c44,c257,c512,c768 tcontext=u:object_r:app_data_file:s0:c44,c257,c512,c768 tclass=file SEPF_SM-A325F_12_0001 audit_filtered
07-17 00:04:13.864 E/ActionQueryTaskListener( 5558): 0 onLoadBatchStart BACKGROUND modules: [pytorch] actions: [LOAD=[pytorch],COMPLETE_SUCCESS=[pytorch]]
07-17 00:04:14.024 E/JavaBinder( 1437): !!! FAILED BINDER TRANSACTION !!!  (parcel size = 529344)
07-17 00:04:14.052 E/ActionQueryTaskListener( 5558): 0 onLoadBatchComplete exception: null BACKGROUND modules: [pytorch] actions: [LOAD=[pytorch],COMPLETE_SUCCESS=[pytorch]]
