--------- beginning of main
07-17 00:17:45.661 E/ScanManager( 2219): [GSIM LOG]: gsimLogHandler, msg: MESSAGE_SCAN_STOP, appName: com.mojojojoo.sosifyapp, scannerId: 9, reportDelayMillis=0
07-17 00:17:45.670 E/ScanManager( 2219): [GSIM LOG]: gsimLogHandler, msg: MESSAGE_SCAN_START, appName: com.mojojojoo.sosifyapp, scannerId: 9, reportDelayMillis=0
07-17 00:17:45.818 E/HeatmapThread(  987): ECT Thread time in milliseconds: 1784229465
07-17 00:17:45.818 E/HeatmapThread(  987): !@Could not open '/efs/FactoryApp/bsoh', errno = 13
07-17 00:17:45.819 E/HeatmapThread(  987): !@ CAM Could not access BSOH EFS
07-17 00:17:45.819 E/HeatmapThread(  987): !@ CAM New BSOH: 0
--------- beginning of system
07-17 00:17:46.519 E/wificond( 1133): NL80211_CMD_TRIGGER_SCAN failed: Device or resource busy
07-17 00:17:46.520 E/WificondScannerImpl( 1348): Failed to start scan, freqs={2412, 2417, 2422, 2427, 2432, 2437, 2442, 2447, 2452, 2457, 2462, 2467, 2472, 5745, 5765, 5785, 5805, 5825} status: -6
07-17 00:17:46.818 E/HeatmapThread(  987): ECT Thread time in milliseconds: 1784229466
07-17 00:17:46.818 E/HeatmapThread(  987): !@Could not open '/efs/FactoryApp/bsoh', errno = 13
07-17 00:17:46.818 E/HeatmapThread(  987): !@ CAM Could not access BSOH EFS
07-17 00:17:46.819 E/HeatmapThread(  987): !@ CAM New BSOH: 0
07-17 00:17:47.818 E/HeatmapThread(  987): ECT Thread time in milliseconds: 1784229467
07-17 00:17:47.818 E/HeatmapThread(  987): !@Could not open '/efs/FactoryApp/bsoh', errno = 13
07-17 00:17:47.818 E/HeatmapThread(  987): !@ CAM Could not access BSOH EFS
07-17 00:17:47.819 E/HeatmapThread(  987): !@ CAM New BSOH: 0
07-17 00:17:48.818 E/HeatmapThread(  987): ECT Thread time in milliseconds: 1784229468
07-17 00:17:48.819 E/HeatmapThread(  987): !@Could not open '/efs/FactoryApp/bsoh', errno = 13
07-17 00:17:48.819 E/HeatmapThread(  987): !@ CAM Could not access BSOH EFS
07-17 00:17:48.819 E/HeatmapThread(  987): !@ CAM New BSOH: 0
07-17 00:17:49.818 E/HeatmapThread(  987): ECT Thread time in milliseconds: 1784229469
07-17 00:17:49.818 E/HeatmapThread(  987): !@Could not open '/efs/FactoryApp/bsoh', errno = 13
07-17 00:17:49.818 E/HeatmapThread(  987): !@ CAM Could not access BSOH EFS
07-17 00:17:49.819 E/HeatmapThread(  987): !@ CAM New BSOH: 0
07-17 00:17:50.818 E/HeatmapThread(  987): ECT Thread time in milliseconds: 1784229470
07-17 00:17:50.818 E/HeatmapThread(  987): !@Could not open '/efs/FactoryApp/bsoh', errno = 13
07-17 00:17:50.819 E/HeatmapThread(  987): !@ CAM Could not access BSOH EFS
07-17 00:17:50.819 E/HeatmapThread(  987): !@ CAM New BSOH: 0
07-17 00:17:51.818 E/HeatmapThread(  987): ECT Thread time in milliseconds: 1784229471
07-17 00:17:51.818 E/HeatmapThread(  987): !@Could not open '/efs/FactoryApp/bsoh', errno = 13
07-17 00:17:51.819 E/HeatmapThread(  987): !@ CAM Could not access BSOH EFS
07-17 00:17:51.819 E/HeatmapThread(  987): !@ CAM New BSOH: 0
07-17 00:17:52.818 E/HeatmapThread(  987): ECT Thread time in milliseconds: 1784229472
07-17 00:17:52.819 E/HeatmapThread(  987): !@Could not open '/efs/FactoryApp/bsoh', errno = 13
07-17 00:17:52.819 E/HeatmapThread(  987): !@ CAM Could not access BSOH EFS
07-17 00:17:52.819 E/HeatmapThread(  987): !@ CAM New BSOH: 0
07-17 00:17:53.818 E/HeatmapThread(  987): ECT Thread time in milliseconds: 1784229473
07-17 00:17:53.819 E/HeatmapThread(  987): !@Could not open '/efs/FactoryApp/bsoh', errno = 13
07-17 00:17:53.819 E/HeatmapThread(  987): !@ CAM Could not access BSOH EFS
07-17 00:17:53.819 E/HeatmapThread(  987): !@ CAM New BSOH: 0
07-17 00:17:54.818 E/HeatmapThread(  987): ECT Thread time in milliseconds: 1784229474
07-17 00:17:54.819 E/HeatmapThread(  987): !@Could not open '/efs/FactoryApp/bsoh', errno = 13
07-17 00:17:54.819 E/HeatmapThread(  987): !@ CAM Could not access BSOH EFS
07-17 00:17:54.819 E/HeatmapThread(  987): !@ CAM New BSOH: 0
07-17 00:17:55.818 E/HeatmapThread(  987): ECT Thread time in milliseconds: 1784229475
07-17 00:17:55.818 E/HeatmapThread(  987): !@Could not open '/efs/FactoryApp/bsoh', errno = 13
07-17 00:17:55.819 E/HeatmapThread(  987): !@ CAM Could not access BSOH EFS
07-17 00:17:55.819 E/HeatmapThread(  987): !@ CAM New BSOH: 0
07-17 00:17:56.526 E/wificond( 1133): NL80211_CMD_TRIGGER_SCAN failed: Device or resource busy
07-17 00:17:56.527 E/WificondScannerImpl( 1348): Failed to start scan, freqs={2412, 2417, 2422, 2427, 2432, 2437, 2442, 2447, 2452, 2457, 2462, 2467, 2472, 5745, 5765, 5785, 5805, 5825} status: -6
07-17 00:17:56.818 E/HeatmapThread(  987): ECT Thread time in milliseconds: 1784229476
07-17 00:17:56.818 E/HeatmapThread(  987): !@Could not open '/efs/FactoryApp/bsoh', errno = 13
07-17 00:17:56.819 E/HeatmapThread(  987): !@ CAM Could not access BSOH EFS
07-17 00:17:56.819 E/HeatmapThread(  987): !@ CAM New BSOH: 0
07-17 00:17:57.818 E/HeatmapThread(  987): ECT Thread time in milliseconds: 1784229477
07-17 00:17:57.819 E/HeatmapThread(  987): !@Could not open '/efs/FactoryApp/bsoh', errno = 13
07-17 00:17:57.819 E/HeatmapThread(  987): !@ CAM Could not access BSOH EFS
07-17 00:17:57.819 E/HeatmapThread(  987): !@ CAM New BSOH: 0
07-17 00:17:58.293 E/NativeCustomFrequencyManager( 1006): [NativeCFMS] BpCustomFrequencyManager::acquire()
07-17 00:17:58.818 E/HeatmapThread(  987): ECT Thread time in milliseconds: 1784229478
07-17 00:17:58.818 E/HeatmapThread(  987): !@Could not open '/efs/FactoryApp/bsoh', errno = 13
07-17 00:17:58.818 E/HeatmapThread(  987): !@ CAM Could not access BSOH EFS
07-17 00:17:58.819 E/HeatmapThread(  987): !@ CAM New BSOH: 0
07-17 00:17:59.818 E/HeatmapThread(  987): ECT Thread time in milliseconds: 1784229479
07-17 00:17:59.819 E/HeatmapThread(  987): !@Could not open '/efs/FactoryApp/bsoh', errno = 13
07-17 00:17:59.819 E/HeatmapThread(  987): !@ CAM Could not access BSOH EFS
07-17 00:17:59.819 E/HeatmapThread(  987): !@ CAM New BSOH: 0
07-17 00:18:00.546 E/NativeCustomFrequencyManager( 1006): [NativeCFMS] BpCustomFrequencyManager::acquire()
07-17 00:18:00.818 E/HeatmapThread(  987): ECT Thread time in milliseconds: 1784229480
07-17 00:18:00.819 E/HeatmapThread(  987): !@Could not open '/efs/FactoryApp/bsoh', errno = 13
07-17 00:18:00.819 E/HeatmapThread(  987): !@ CAM Could not access BSOH EFS
07-17 00:18:00.819 E/HeatmapThread(  987): !@ CAM New BSOH: 0
07-17 00:18:01.818 E/HeatmapThread(  987): ECT Thread time in milliseconds: 1784229481
07-17 00:18:01.818 E/HeatmapThread(  987): !@Could not open '/efs/FactoryApp/bsoh', errno = 13
07-17 00:18:01.819 E/HeatmapThread(  987): !@ CAM Could not access BSOH EFS
07-17 00:18:01.819 E/HeatmapThread(  987): !@ CAM New BSOH: 0
07-17 00:18:02.818 E/HeatmapThread(  987): ECT Thread time in milliseconds: 1784229482
07-17 00:18:02.819 E/HeatmapThread(  987): !@Could not open '/efs/FactoryApp/bsoh', errno = 13
07-17 00:18:02.819 E/HeatmapThread(  987): !@ CAM Could not access BSOH EFS
07-17 00:18:02.819 E/HeatmapThread(  987): !@ CAM New BSOH: 0
07-17 00:18:03.818 E/HeatmapThread(  987): ECT Thread time in milliseconds: 1784229483
07-17 00:18:03.819 E/HeatmapThread(  987): !@Could not open '/efs/FactoryApp/bsoh', errno = 13
07-17 00:18:03.819 E/HeatmapThread(  987): !@ CAM Could not access BSOH EFS
07-17 00:18:03.819 E/HeatmapThread(  987): !@ CAM New BSOH: 0
07-17 00:18:04.818 E/HeatmapThread(  987): ECT Thread time in milliseconds: 1784229484
07-17 00:18:04.819 E/HeatmapThread(  987): !@Could not open '/efs/FactoryApp/bsoh', errno = 13
07-17 00:18:04.819 E/HeatmapThread(  987): !@ CAM Could not access BSOH EFS
07-17 00:18:04.819 E/HeatmapThread(  987): !@ CAM New BSOH: 0
07-17 00:18:05.608 E/ashmem  (10815): Pinning is deprecated since Android Q. Please use trim or other methods.
07-17 00:18:05.673 E/ashmem  (10816): Pinning is deprecated since Android Q. Please use trim or other methods.
07-17 00:18:05.674 E/ashmem  (10839): Pinning is deprecated since Android Q. Please use trim or other methods.
07-17 00:18:05.818 E/HeatmapThread(  987): ECT Thread time in milliseconds: 1784229485
07-17 00:18:05.818 E/HeatmapThread(  987): !@Could not open '/efs/FactoryApp/bsoh', errno = 13
07-17 00:18:05.818 E/HeatmapThread(  987): !@ CAM Could not access BSOH EFS
07-17 00:18:05.818 E/HeatmapThread(  987): !@ CAM New BSOH: 0
07-17 00:18:05.980 E/ashmem  (10911): Pinning is deprecated since Android Q. Please use trim or other methods.
07-17 00:18:06.818 E/HeatmapThread(  987): ECT Thread time in milliseconds: 1784229486
07-17 00:18:06.819 E/HeatmapThread(  987): !@Could not open '/efs/FactoryApp/bsoh', errno = 13
07-17 00:18:06.819 E/HeatmapThread(  987): !@ CAM Could not access BSOH EFS
07-17 00:18:06.819 E/HeatmapThread(  987): !@ CAM New BSOH: 0
07-17 00:18:07.818 E/HeatmapThread(  987): ECT Thread time in milliseconds: 1784229487
07-17 00:18:07.819 E/HeatmapThread(  987): !@Could not open '/efs/FactoryApp/bsoh', errno = 13
07-17 00:18:07.819 E/HeatmapThread(  987): !@ CAM Could not access BSOH EFS
07-17 00:18:07.819 E/HeatmapThread(  987): !@ CAM New BSOH: 0
07-17 00:18:08.818 E/HeatmapThread(  987): ECT Thread time in milliseconds: 1784229488
07-17 00:18:08.818 E/HeatmapThread(  987): !@Could not open '/efs/FactoryApp/bsoh', errno = 13
07-17 00:18:08.819 E/HeatmapThread(  987): !@ CAM Could not access BSOH EFS
07-17 00:18:08.819 E/HeatmapThread(  987): !@ CAM New BSOH: 0
07-17 00:18:09.818 E/HeatmapThread(  987): ECT Thread time in milliseconds: 1784229489
07-17 00:18:09.819 E/HeatmapThread(  987): !@Could not open '/efs/FactoryApp/bsoh', errno = 13
07-17 00:18:09.819 E/HeatmapThread(  987): !@ CAM Could not access BSOH EFS
07-17 00:18:09.819 E/HeatmapThread(  987): !@ CAM New BSOH: 0
07-17 00:18:10.818 E/HeatmapThread(  987): ECT Thread time in milliseconds: 1784229490
07-17 00:18:10.819 E/HeatmapThread(  987): !@Could not open '/efs/FactoryApp/bsoh', errno = 13
07-17 00:18:10.819 E/HeatmapThread(  987): !@ CAM Could not access BSOH EFS
07-17 00:18:10.819 E/HeatmapThread(  987): !@ CAM New BSOH: 0
07-17 00:18:11.818 E/HeatmapThread(  987): ECT Thread time in milliseconds: 1784229491
07-17 00:18:11.819 E/HeatmapThread(  987): !@Could not open '/efs/FactoryApp/bsoh', errno = 13
07-17 00:18:11.819 E/HeatmapThread(  987): !@ CAM Could not access BSOH EFS
07-17 00:18:11.819 E/HeatmapThread(  987): !@ CAM New BSOH: 0
07-17 00:18:12.440 E/Watchdog( 1348): !@Sync: 1541 heap(MB): 155 / 160 FD: 1248 [2026-07-17 00:18:12.439]
07-17 00:18:12.818 E/HeatmapThread(  987): ECT Thread time in milliseconds: 1784229492
07-17 00:18:12.819 E/HeatmapThread(  987): !@Could not open '/efs/FactoryApp/bsoh', errno = 13
07-17 00:18:12.819 E/HeatmapThread(  987): !@ CAM Could not access BSOH EFS
07-17 00:18:12.819 E/HeatmapThread(  987): !@ CAM New BSOH: 0
07-17 00:18:13.818 E/HeatmapThread(  987): ECT Thread time in milliseconds: 1784229493
07-17 00:18:13.818 E/HeatmapThread(  987): !@Could not open '/efs/FactoryApp/bsoh', errno = 13
07-17 00:18:13.819 E/HeatmapThread(  987): !@ CAM Could not access BSOH EFS
07-17 00:18:13.819 E/HeatmapThread(  987): !@ CAM New BSOH: 0
07-17 00:18:14.818 E/HeatmapThread(  987): ECT Thread time in milliseconds: 1784229494
07-17 00:18:14.818 E/HeatmapThread(  987): !@Could not open '/efs/FactoryApp/bsoh', errno = 13
07-17 00:18:14.818 E/HeatmapThread(  987): !@ CAM Could not access BSOH EFS
07-17 00:18:14.818 E/HeatmapThread(  987): !@ CAM New BSOH: 0
07-17 00:18:15.819 E/HeatmapThread(  987): ECT Thread time in milliseconds: 1784229495
07-17 00:18:15.819 E/HeatmapThread(  987): !@Could not open '/efs/FactoryApp/bsoh', errno = 13
07-17 00:18:15.819 E/HeatmapThread(  987): !@ CAM Could not access BSOH EFS
07-17 00:18:15.819 E/HeatmapThread(  987): !@ CAM New BSOH: 0
07-17 00:18:16.819 E/HeatmapThread(  987): ECT Thread time in milliseconds: 1784229496
07-17 00:18:16.819 E/HeatmapThread(  987): !@Could not open '/efs/FactoryApp/bsoh', errno = 13
07-17 00:18:16.819 E/HeatmapThread(  987): !@ CAM Could not access BSOH EFS
07-17 00:18:16.819 E/HeatmapThread(  987): !@ CAM New BSOH: 0
07-17 00:18:17.818 E/HeatmapThread(  987): ECT Thread time in milliseconds: 1784229497
07-17 00:18:17.818 E/HeatmapThread(  987): !@Could not open '/efs/FactoryApp/bsoh', errno = 13
07-17 00:18:17.819 E/HeatmapThread(  987): !@ CAM Could not access BSOH EFS
07-17 00:18:17.819 E/HeatmapThread(  987): !@ CAM New BSOH: 0
07-17 00:18:18.818 E/HeatmapThread(  987): ECT Thread time in milliseconds: 1784229498
07-17 00:18:18.819 E/HeatmapThread(  987): !@Could not open '/efs/FactoryApp/bsoh', errno = 13
07-17 00:18:18.819 E/HeatmapThread(  987): !@ CAM Could not access BSOH EFS
07-17 00:18:18.819 E/HeatmapThread(  987): !@ CAM New BSOH: 0
07-17 00:18:19.818 E/HeatmapThread(  987): ECT Thread time in milliseconds: 1784229499
07-17 00:18:19.818 E/HeatmapThread(  987): !@Could not open '/efs/FactoryApp/bsoh', errno = 13
07-17 00:18:19.818 E/HeatmapThread(  987): !@ CAM Could not access BSOH EFS
07-17 00:18:19.818 E/HeatmapThread(  987): !@ CAM New BSOH: 0
07-17 00:18:20.673 E/ScanManager( 2219): [GSIM LOG]: gsimLogHandler, msg: MESSAGE_SCAN_STOP, appName: com.mojojojoo.sosifyapp, scannerId: 9, reportDelayMillis=0
07-17 00:18:20.681 E/ScanManager( 2219): [GSIM LOG]: gsimLogHandler, msg: MESSAGE_SCAN_START, appName: com.mojojojoo.sosifyapp, scannerId: 9, reportDelayMillis=0
07-17 00:18:20.818 E/HeatmapThread(  987): ECT Thread time in milliseconds: 1784229500
07-17 00:18:20.819 E/HeatmapThread(  987): !@Could not open '/efs/FactoryApp/bsoh', errno = 13
07-17 00:18:20.819 E/HeatmapThread(  987): !@ CAM Could not access BSOH EFS
07-17 00:18:20.819 E/HeatmapThread(  987): !@ CAM New BSOH: 0
07-17 00:18:21.818 E/HeatmapThread(  987): ECT Thread time in milliseconds: 1784229501
07-17 00:18:21.819 E/HeatmapThread(  987): !@Could not open '/efs/FactoryApp/bsoh', errno = 13
07-17 00:18:21.819 E/HeatmapThread(  987): !@ CAM Could not access BSOH EFS
07-17 00:18:21.819 E/HeatmapThread(  987): !@ CAM New BSOH: 0
07-17 00:18:22.818 E/HeatmapThread(  987): ECT Thread time in milliseconds: 1784229502
07-17 00:18:22.818 E/HeatmapThread(  987): !@Could not open '/efs/FactoryApp/bsoh', errno = 13
07-17 00:18:22.819 E/HeatmapThread(  987): !@ CAM Could not access BSOH EFS
07-17 00:18:22.819 E/HeatmapThread(  987): !@ CAM New BSOH: 0
07-17 00:18:23.818 E/HeatmapThread(  987): ECT Thread time in milliseconds: 1784229503
07-17 00:18:23.818 E/HeatmapThread(  987): !@Could not open '/efs/FactoryApp/bsoh', errno = 13
07-17 00:18:23.819 E/HeatmapThread(  987): !@ CAM Could not access BSOH EFS
07-17 00:18:23.819 E/HeatmapThread(  987): !@ CAM New BSOH: 0
07-17 00:18:24.818 E/HeatmapThread(  987): ECT Thread time in milliseconds: 1784229504
07-17 00:18:24.819 E/HeatmapThread(  987): !@Could not open '/efs/FactoryApp/bsoh', errno = 13
07-17 00:18:24.819 E/HeatmapThread(  987): !@ CAM Could not access BSOH EFS
07-17 00:18:24.819 E/HeatmapThread(  987): !@ CAM New BSOH: 0
07-17 00:18:25.818 E/HeatmapThread(  987): ECT Thread time in milliseconds: 1784229505
07-17 00:18:25.818 E/HeatmapThread(  987): !@Entered the read from path function
07-17 00:18:25.818 E/HeatmapThread(  987): !@Could not open '/efs/FactoryApp/extended_heatmap', errno = 13
07-17 00:18:25.819 E/HeatmapThread(  987): !@Extended_heatmap efs Forced Reset
07-17 00:18:25.819 E/HeatmapThread(  987): !@Read Extended_heatmap from efs is: 
07-17 00:18:25.819 E/HeatmapThread(  987): !@Write Extended Heatmap to efs is: 0 0 0 0 0 0 0 0 0 0 0 0 0 0 0 0 0 0 0 0 0 0 0 0 0 0 0 0 0 0 0 0 0 0 0 0 0 0 0 0 0 0 0 0 0 0 0 0 0 0 0 0 0 0 0 0 0 0 0 0 0 0 0 0 0 0 0 0 0 0 0 0 0 0 0 0 0 0 0 0 0 0 0 0 0 0 0 0 0 0 0 0 0 0 0 0 0 0 0 0 0 0 0 0 0 0 0 0 0 0 0 0 0 0 0 0 0 0 0 0 0 0 0 0 0 0 0 0 0 0 0 0 0 0 0 0 0 0 0 0 0 0 0 0 0 0 0 0 0 0 0 0 0 0 0 0 0 0 0 0 0 0 0 0 0 0 0 0 0 0 0 0 0 0 0 0 0 0 0 0 0 0 0 0 0 0 0 0 0 0 0 0 0 0 0 0 0 0 0 0 0 0 0 0 0 0 0 0 0 0 0 0 0 0 0 0 0 0 0 0 0 0 0 0 0 0 0 0 0 0 0 0 0 0 0 0 0 0 0 0 0 0 0 0 0 0 0 0 0 0 0 0 0 0 0 0 0 0 0 0 0 0 0 0 0 0 0 0 0 0 0 0 0 0 0 0 0 0 0 0 0 0 0 0 0 0 0 0 0 0 0 0 0 0 0 0 0 0 0 0 0 0 0 0 0 0 0 0 0 0 0 0 0 0 0 0 0 0 0 0 0 0 0 0 0 0 0 0 0 0 0 0 0 0 0 0 0 0 0 0 0 0 0 0 0 0 0 0 0 0 0 0 0 0 0 0 0 0 0 0 0 0 0 0 0 0 0 0 0 0 0 0 0 0 0 0 0 0 0 0 0 0 0 0 0 0 0 0 0 0 0 0 0 0 0 0 0 0 0 0 0 0 0 0 0 0 0 0 0 0 0 0 0 0 0 0 0 0 0 0 0 0 0 0 0 0 0 0 0 0 0 0 0 0 0 0 0 0 0 0 0 0 0 0 0 0 0 0 0 0 0 0 0 0 0 0 0 0 0 0 0 0 0 0 0 0 0 0 0 0 0 0 0 0 0 0 0 0 0 0 0 0 0 0 0 0 0 0 0 0 0 0 0 0
07-17 00:18:25.819 E/HeatmapThread(  987): !@Could not open '/efs/FactoryApp/extended_heatmap', errno = 13
07-17 00:18:25.819 E/HeatmapThread(  987): !@Could not open '/efs/FactoryApp/bsoh', errno = 13
07-17 00:18:25.819 E/HeatmapThread(  987): !@ CAM Could not access BSOH EFS
07-17 00:18:25.819 E/HeatmapThread(  987): !@ CAM New BSOH: 0
07-17 00:18:26.555 E/wificond( 1133): NL80211_CMD_TRIGGER_SCAN failed: Device or resource busy
07-17 00:18:26.555 E/WificondScannerImpl( 1348): Failed to start scan, freqs={2412, 2417, 2422, 2427, 2432, 2437, 2442, 2447, 2452, 2457, 2462, 2467, 2472, 5745, 5765, 5785, 5805, 5825} status: -6
07-17 00:18:26.818 E/HeatmapThread(  987): ECT Thread time in milliseconds: 1784229506
07-17 00:18:26.819 E/HeatmapThread(  987): !@Could not open '/efs/FactoryApp/bsoh', errno = 13
07-17 00:18:26.819 E/HeatmapThread(  987): !@ CAM Could not access BSOH EFS
07-17 00:18:26.819 E/HeatmapThread(  987): !@ CAM New BSOH: 0
07-17 00:18:27.818 E/HeatmapThread(  987): ECT Thread time in milliseconds: 1784229507
07-17 00:18:27.818 E/HeatmapThread(  987): !@Could not open '/efs/FactoryApp/bsoh', errno = 13
07-17 00:18:27.819 E/HeatmapThread(  987): !@ CAM Could not access BSOH EFS
07-17 00:18:27.819 E/HeatmapThread(  987): !@ CAM New BSOH: 0
07-17 00:18:28.818 E/HeatmapThread(  987): ECT Thread time in milliseconds: 1784229508
07-17 00:18:28.819 E/HeatmapThread(  987): !@Could not open '/efs/FactoryApp/bsoh', errno = 13
07-17 00:18:28.819 E/HeatmapThread(  987): !@ CAM Could not access BSOH EFS
07-17 00:18:28.819 E/HeatmapThread(  987): !@ CAM New BSOH: 0
07-17 00:18:29.818 E/HeatmapThread(  987): ECT Thread time in milliseconds: 1784229509
07-17 00:18:29.818 E/HeatmapThread(  987): !@Could not open '/efs/FactoryApp/bsoh', errno = 13
07-17 00:18:29.818 E/HeatmapThread(  987): !@ CAM Could not access BSOH EFS
07-17 00:18:29.819 E/HeatmapThread(  987): !@ CAM New BSOH: 0
07-17 00:18:30.818 E/HeatmapThread(  987): ECT Thread time in milliseconds: 1784229510
07-17 00:18:30.819 E/HeatmapThread(  987): !@Could not open '/efs/FactoryApp/bsoh', errno = 13
07-17 00:18:30.819 E/HeatmapThread(  987): !@ CAM Could not access BSOH EFS
07-17 00:18:30.819 E/HeatmapThread(  987): !@ CAM New BSOH: 0
07-17 00:18:31.818 E/HeatmapThread(  987): ECT Thread time in milliseconds: 1784229511
07-17 00:18:31.819 E/HeatmapThread(  987): !@Could not open '/efs/FactoryApp/bsoh', errno = 13
07-17 00:18:31.819 E/HeatmapThread(  987): !@ CAM Could not access BSOH EFS
07-17 00:18:31.819 E/HeatmapThread(  987): !@ CAM New BSOH: 0
07-17 00:18:32.818 E/HeatmapThread(  987): ECT Thread time in milliseconds: 1784229512
07-17 00:18:32.819 E/HeatmapThread(  987): !@Could not open '/efs/FactoryApp/bsoh', errno = 13
07-17 00:18:32.819 E/HeatmapThread(  987): !@ CAM Could not access BSOH EFS
07-17 00:18:32.819 E/HeatmapThread(  987): !@ CAM New BSOH: 0
07-17 00:18:33.818 E/HeatmapThread(  987): ECT Thread time in milliseconds: 1784229513
07-17 00:18:33.819 E/HeatmapThread(  987): !@Could not open '/efs/FactoryApp/bsoh', errno = 13
07-17 00:18:33.819 E/HeatmapThread(  987): !@ CAM Could not access BSOH EFS
07-17 00:18:33.819 E/HeatmapThread(  987): !@ CAM New BSOH: 0
07-17 00:18:34.818 E/HeatmapThread(  987): ECT Thread time in milliseconds: 1784229514
07-17 00:18:34.818 E/HeatmapThread(  987): !@Could not open '/efs/FactoryApp/bsoh', errno = 13
07-17 00:18:34.818 E/HeatmapThread(  987): !@ CAM Could not access BSOH EFS
07-17 00:18:34.818 E/HeatmapThread(  987): !@ CAM New BSOH: 0
07-17 00:18:35.818 E/HeatmapThread(  987): ECT Thread time in milliseconds: 1784229515
07-17 00:18:35.818 E/HeatmapThread(  987): !@Could not open '/efs/FactoryApp/bsoh', errno = 13
07-17 00:18:35.818 E/HeatmapThread(  987): !@ CAM Could not access BSOH EFS
07-17 00:18:35.818 E/HeatmapThread(  987): !@ CAM New BSOH: 0
07-17 00:18:36.818 E/HeatmapThread(  987): ECT Thread time in milliseconds: 1784229516
07-17 00:18:36.819 E/HeatmapThread(  987): !@Could not open '/efs/FactoryApp/bsoh', errno = 13
07-17 00:18:36.819 E/HeatmapThread(  987): !@ CAM Could not access BSOH EFS
07-17 00:18:36.819 E/HeatmapThread(  987): !@ CAM New BSOH: 0
07-17 00:18:37.818 E/HeatmapThread(  987): ECT Thread time in milliseconds: 1784229517
07-17 00:18:37.818 E/HeatmapThread(  987): !@Could not open '/efs/FactoryApp/bsoh', errno = 13
07-17 00:18:37.818 E/HeatmapThread(  987): !@ CAM Could not access BSOH EFS
07-17 00:18:37.818 E/HeatmapThread(  987): !@ CAM New BSOH: 0
07-17 00:18:38.818 E/HeatmapThread(  987): ECT Thread time in milliseconds: 1784229518
07-17 00:18:38.818 E/HeatmapThread(  987): !@Could not open '/efs/FactoryApp/bsoh', errno = 13
07-17 00:18:38.818 E/HeatmapThread(  987): !@ CAM Could not access BSOH EFS
07-17 00:18:38.818 E/HeatmapThread(  987): !@ CAM New BSOH: 0
07-17 00:18:39.818 E/HeatmapThread(  987): ECT Thread time in milliseconds: 1784229519
07-17 00:18:39.819 E/HeatmapThread(  987): !@Could not open '/efs/FactoryApp/bsoh', errno = 13
07-17 00:18:39.819 E/HeatmapThread(  987): !@ CAM Could not access BSOH EFS
07-17 00:18:39.819 E/HeatmapThread(  987): !@ CAM New BSOH: 0
07-17 00:18:40.818 E/HeatmapThread(  987): ECT Thread time in milliseconds: 1784229520
07-17 00:18:40.818 E/HeatmapThread(  987): !@Could not open '/efs/FactoryApp/bsoh', errno = 13
07-17 00:18:40.819 E/HeatmapThread(  987): !@ CAM Could not access BSOH EFS
07-17 00:18:40.819 E/HeatmapThread(  987): !@ CAM New BSOH: 0
07-17 00:18:41.818 E/HeatmapThread(  987): ECT Thread time in milliseconds: 1784229521
07-17 00:18:41.819 E/HeatmapThread(  987): !@Could not open '/efs/FactoryApp/bsoh', errno = 13
07-17 00:18:41.819 E/HeatmapThread(  987): !@ CAM Could not access BSOH EFS
07-17 00:18:41.819 E/HeatmapThread(  987): !@ CAM New BSOH: 0
07-17 00:18:42.035 E/PlayCommon( 8614): [135] Failed to connect to server for server timestamp: java.net.UnknownHostException: Unable to resolve host "play.googleapis.com": No address associated with hostname
07-17 00:18:42.093 E/AuthPII ( 3417): [RequestTokenManager] getToken() -> NETWORK_ERROR. App: com.android.vending, Service: oauth2:https://www.googleapis.com/auth/googleplay
07-17 00:18:42.093 E/AuthPII ( 3417): axud: Error when calling server using GmsNetworkStack.
07-17 00:18:42.093 E/AuthPII ( 3417): 	at abws.b(:com.google.android.gms@252431035@25.24.31 (260400-772615181):1366)
07-17 00:18:42.093 E/AuthPII ( 3417): 	at abwq.a(:com.google.android.gms@252431035@25.24.31 (260400-772615181):557)
07-17 00:18:42.093 E/AuthPII ( 3417): 	at abwp.b(:com.google.android.gms@252431035@25.24.31 (260400-772615181):115)
07-17 00:18:42.093 E/AuthPII ( 3417): 	at vie.h(:com.google.android.gms@252431035@25.24.31 (260400-772615181):528)
07-17 00:18:42.093 E/AuthPII ( 3417): 	at vie.d(:com.google.android.gms@252431035@25.24.31 (260400-772615181):140)
07-17 00:18:42.093 E/AuthPII ( 3417): 	at abpw.getAuthToken(:com.google.android.gms@252431035@25.24.31 (260400-772615181):410)
07-17 00:18:42.093 E/AuthPII ( 3417): 	at android.accounts.AbstractAccountAuthenticator$Transport.getAuthToken(AbstractAccountAuthenticator.java:248)
07-17 00:18:42.093 E/AuthPII ( 3417): 	at android.accounts.IAccountAuthenticator$Stub.onTransact(IAccountAuthenticator.java:254)
07-17 00:18:42.093 E/AuthPII ( 3417): 	at android.os.Binder.transact(Binder.java:1309)
07-17 00:18:42.093 E/AuthPII ( 3417): 	at bzec.onTransact(:com.google.android.gms@252431035@25.24.31 (260400-772615181):10)
07-17 00:18:42.093 E/AuthPII ( 3417): 	at android.os.Binder.transact(Binder.java:1309)
07-17 00:18:42.093 E/AuthPII ( 3417): 	at bpel.onTransact(:com.google.android.gms@252431035@25.24.31 (260400-772615181):148)
07-17 00:18:42.093 E/AuthPII ( 3417): 	at android.os.Binder.execTransactInternal(Binder.java:1462)
07-17 00:18:42.093 E/AuthPII ( 3417): 	at android.os.Binder.execTransact(Binder.java:1401)
07-17 00:18:42.093 E/AuthPII ( 3417): Caused by: axud: Error requesting token.
07-17 00:18:42.093 E/AuthPII ( 3417): 	at abws.d(:com.google.android.gms@252431035@25.24.31 (260400-772615181):212)
07-17 00:18:42.093 E/AuthPII ( 3417): 	at abws.b(:com.google.android.gms@252431035@25.24.31 (260400-772615181):51)
07-17 00:18:42.093 E/AuthPII ( 3417): 	... 13 more
07-17 00:18:42.093 E/AuthPII ( 3417): Caused by: java.util.concurrent.ExecutionException: chmq: Failed to process request
07-17 00:18:42.093 E/AuthPII ( 3417): 	at gdxa.j(:com.google.android.gms@252431035@25.24.31 (260400-772615181):44)
07-17 00:18:42.093 E/AuthPII ( 3417): 	at gdxj.v(:com.google.android.gms@252431035@25.24.31 (260400-772615181):107)
07-17 00:18:42.093 E/AuthPII ( 3417): 	at abws.d(:com.google.android.gms@252431035@25.24.31 (260400-772615181):197)
07-17 00:18:42.093 E/AuthPII ( 3417): 	... 14 more
07-17 00:18:42.093 E/AuthPII ( 3417): Caused by: chmq: Failed to process request
07-17 00:18:42.093 E/AuthPII ( 3417): 	at chmw.a(:com.google.android.gms@252431035@25.24.31 (260400-772615181):23)
07-17 00:18:42.093 E/AuthPII ( 3417): 	at chqp.b(:com.google.android.gms@252431035@25.24.31 (260400-772615181):15)
07-17 00:18:42.093 E/AuthPII ( 3417): 	at chrg.onFailed(:com.google.android.gms@252431035@25.24.31 (260400-772615181):15)
07-17 00:18:42.093 E/AuthPII ( 3417): 	at m1.mx.onFailed(:com.google.android.gms.dynamite_cronetdynamite@252431035@25.24.31 (260400-0):3)
07-17 00:18:42.093 E/AuthPII ( 3417): 	at m1.lx.run(:com.google.android.gms.dynamite_cronetdynamite@252431035@25.24.31 (260400-0):16)
07-17 00:18:42.093 E/AuthPII ( 3417): 	at ayze.c(:com.google.android.gms@252431035@25.24.31 (260400-772615181):50)
07-17 00:18:42.093 E/AuthPII ( 3417): 	at ayze.run(:com.google.android.gms@252431035@25.24.31 (260400-772615181):70)
07-17 00:18:42.093 E/AuthPII ( 3417): 	at java.util.concurrent.ThreadPoolExecutor.runWorker(ThreadPoolExecutor.java:1100)
07-17 00:18:42.093 E/AuthPII ( 3417): 	at java.util.concurrent.ThreadPoolExecutor$Worker.run(ThreadPoolExecutor.java:624)
07-17 00:18:42.093 E/AuthPII ( 3417): 	at azes.run(:com.google.android.gms@252431035@25.24.31 (260400-772615181):8)
07-17 00:18:42.093 E/AuthPII ( 3417): 	at java.lang.Thread.run(Thread.java:1572)
07-17 00:18:42.093 E/AuthPII ( 3417): Caused by: m1.mh: Exception in CronetUrlRequest: net::ERR_INTERNET_DISCONNECTED, ErrorCode=2, InternalErrorCode=-106, Retryable=false
07-17 00:18:42.093 E/AuthPII ( 3417): 	at org.chromium.net.impl.CronetUrlRequest.onError(:com.google.android.gms.dynamite_cronetdynamite@252431035@25.24.31 (260400-0):3)
07-17 00:18:42.093 E/AuthPII ( 3417): Message is Error when calling server using GmsNetworkStack.
07-17 00:18:42.093 E/AuthPII ( 3417): axud: Error when calling server using GmsNetworkStack.
07-17 00:18:42.093 E/AuthPII ( 3417): 	at abws.b(:com.google.android.gms@252431035@25.24.31 (260400-772615181):1366)
07-17 00:18:42.093 E/AuthPII ( 3417): 	at abwq.a(:com.google.android.gms@252431035@25.24.31 (260400-772615181):557)
07-17 00:18:42.093 E/AuthPII ( 3417): 	at abwp.b(:com.google.android.gms@252431035@25.24.31 (260400-772615181):115)
07-17 00:18:42.093 E/AuthPII ( 3417): 	at vie.h(:com.google.android.gms@252431035@25.24.31 (260400-772615181):528)
07-17 00:18:42.093 E/AuthPII ( 3417): 	at vie.d(:com.google.android.gms@252431035@25.24.31 (260400-772615181):140)
07-17 00:18:42.093 E/AuthPII ( 3417): 	at abpw.getAuthToken(:com.google.android.gms@252431035@25.24.31 (260400-772615181):410)
07-17 00:18:42.093 E/AuthPII ( 3417): 	at android.accounts.AbstractAccountAuthenticator$Transport.getAuthToken(AbstractAccountAuthenticator.java:248)
07-17 00:18:42.093 E/AuthPII ( 3417): 	at android.accounts.IAccountAuthenticator$Stub.onTransact(IAccountAuthenticator.java:254)
07-17 00:18:42.093 E/AuthPII ( 3417): 	at android.os.Binder.transact(Binder.java:1309)
07-17 00:18:42.093 E/AuthPII ( 3417): 	at bzec.onTransact(:com.google.android.gms@252431035@25.24.31 (260400-772615181):10)
07-17 00:18:42.093 E/AuthPII ( 3417): 	at android.os.Binder.transact(Binder.java:1309)
07-17 00:18:42.093 E/AuthPII ( 3417): 	at bpel.onTransact(:com.google.android.gms@252431035@25.24.31 (260400-772615181):148)
07-17 00:18:42.093 E/AuthPII ( 3417): 	at android.os.Binder.execTransactInternal(Binder.java:1462)
07-17 00:18:42.093 E/AuthPII ( 3417): 	at android.os.Binder.execTransact(Binder.java:1401)
07-17 00:18:42.093 E/AuthPII ( 3417): Caused by: axud: Error requesting token.
07-17 00:18:42.093 E/AuthPII ( 3417): 	at abws.d(:com.google.android.gms@252431035@25.24.31 (260400-772615181):212)
07-17 00:18:42.093 E/AuthPII ( 3417): 	at abws.b(:com.google.android.gms@252431035@25.24.31 (260400-772615181):51)
07-17 00:18:42.093 E/AuthPII ( 3417): 	... 13 more
07-17 00:18:42.093 E/AuthPII ( 3417): Caused by: java.util.concurrent.ExecutionException: chmq: Failed to process request
07-17 00:18:42.093 E/AuthPII ( 3417): 	at gdxa.j(:com.google.android.gms@252431035@25.24.31 (260400-772615181):44)
07-17 00:18:42.093 E/AuthPII ( 3417): 	at gdxj.v(:com.google.android.gms@252431035@25.24.31 (260400-772615181):107)
07-17 00:18:42.093 E/AuthPII ( 3417): 	at abws.d(:com.google.android.gms@252431035@25.24.31 (260400-772615181):197)
07-17 00:18:42.093 E/AuthPII ( 3417): 	... 14 more
07-17 00:18:42.093 E/AuthPII ( 3417): Caused by: chmq: Failed to process request
07-17 00:18:42.093 E/AuthPII ( 3417): 	at chmw.a(:com.google.android.gms@252431035@25.24.31 (260400-772615181):23)
07-17 00:18:42.093 E/AuthPII ( 3417): 	at chqp.b(:com.google.android.gms@252431035@25.24.31 (260400-772615181):15)
07-17 00:18:42.093 E/AuthPII ( 3417): 	at chrg.onFailed(:com.google.android.gms@252431035@25.24.31 (260400-772615181):15)
07-17 00:18:42.093 E/AuthPII ( 3417): 	at m1.mx.onFailed(:com.google.android.gms.dynamite_cronetdynamite@252431035@25.24.31 (260400-0):3)
07-17 00:18:42.093 E/AuthPII ( 3417): 	at m1.lx.run(:com.google.android.gms.dynamite_cronetdynamite@252431035@25.24.31 (260400-0):16)
07-17 00:18:42.093 E/AuthPII ( 3417): 	at ayze.c(:com.google.android.gms@252431035@25.24.31 (260400-772615181):50)
07-17 00:18:42.093 E/AuthPII ( 3417): 	at ayze.run(:com.google.android.gms@252431035@25.24.31 (260400-772615181):70)
07-17 00:18:42.093 E/AuthPII ( 3417): 	at java.util.concurrent.ThreadPoolExecutor.runWorker(ThreadPoolExecutor.java:1100)
07-17 00:18:42.093 E/AuthPII ( 3417): 	at java.util.concurrent.ThreadPoolExecutor$Worker.run(ThreadPoolExecutor.java:624)
07-17 00:18:42.093 E/AuthPII ( 3417): 	at azes.run(:com.google.android.gms@252431035@25.24.31 (260400-772615181):8)
07-17 00:18:42.093 E/AuthPII ( 3417): 	at java.lang.Thread.run(Thread.java:1572)
07-17 00:18:42.093 E/AuthPII ( 3417): Caused by: m1.mh: Exception in CronetUrlRequest: net::ERR_INTERNET_DISCONNECTED, ErrorCode=2, InternalErrorCode=-106, Retryable=false
07-17 00:18:42.093 E/AuthPII ( 3417): 	at org.chromium.net.impl.CronetUrlRequest.onError(:com.google.android.gms.dynamite_cronetdynamite@252431035@25.24.31 (260400-0):3)
07-17 00:18:42.097 E/PlayCommon( 8614): [135] Failed to get auth token: java.io.IOException: NetworkError
07-17 00:18:42.443 E/Watchdog( 1348): !@Sync: 1542 heap(MB): 112 / 159 FD: 1245 [2026-07-17 00:18:42.443]
07-17 00:18:42.818 E/HeatmapThread(  987): ECT Thread time in milliseconds: 1784229522
07-17 00:18:42.818 E/HeatmapThread(  987): !@Could not open '/efs/FactoryApp/bsoh', errno = 13
07-17 00:18:42.818 E/HeatmapThread(  987): !@ CAM Could not access BSOH EFS
07-17 00:18:42.818 E/HeatmapThread(  987): !@ CAM New BSOH: 0
07-17 00:18:43.818 E/HeatmapThread(  987): ECT Thread time in milliseconds: 1784229523
07-17 00:18:43.818 E/HeatmapThread(  987): !@Could not open '/efs/FactoryApp/bsoh', errno = 13
07-17 00:18:43.819 E/HeatmapThread(  987): !@ CAM Could not access BSOH EFS
07-17 00:18:43.819 E/HeatmapThread(  987): !@ CAM New BSOH: 0
07-17 00:18:44.818 E/HeatmapThread(  987): ECT Thread time in milliseconds: 1784229524
07-17 00:18:44.818 E/HeatmapThread(  987): !@Could not open '/efs/FactoryApp/bsoh', errno = 13
07-17 00:18:44.819 E/HeatmapThread(  987): !@ CAM Could not access BSOH EFS
07-17 00:18:44.819 E/HeatmapThread(  987): !@ CAM New BSOH: 0
07-17 00:18:45.818 E/HeatmapThread(  987): ECT Thread time in milliseconds: 1784229525
07-17 00:18:45.818 E/HeatmapThread(  987): !@Could not open '/efs/FactoryApp/bsoh', errno = 13
07-17 00:18:45.818 E/HeatmapThread(  987): !@ CAM Could not access BSOH EFS
07-17 00:18:45.818 E/HeatmapThread(  987): !@ CAM New BSOH: 0
07-17 00:18:46.818 E/HeatmapThread(  987): ECT Thread time in milliseconds: 1784229526
07-17 00:18:46.819 E/HeatmapThread(  987): !@Could not open '/efs/FactoryApp/bsoh', errno = 13
07-17 00:18:46.819 E/HeatmapThread(  987): !@ CAM Could not access BSOH EFS
07-17 00:18:46.819 E/HeatmapThread(  987): !@ CAM New BSOH: 0
07-17 00:18:47.818 E/HeatmapThread(  987): ECT Thread time in milliseconds: 1784229527
07-17 00:18:47.818 E/HeatmapThread(  987): !@Could not open '/efs/FactoryApp/bsoh', errno = 13
07-17 00:18:47.819 E/HeatmapThread(  987): !@ CAM Could not access BSOH EFS
07-17 00:18:47.819 E/HeatmapThread(  987): !@ CAM New BSOH: 0
07-17 00:18:48.818 E/HeatmapThread(  987): ECT Thread time in milliseconds: 1784229528
07-17 00:18:48.819 E/HeatmapThread(  987): !@Could not open '/efs/FactoryApp/bsoh', errno = 13
07-17 00:18:48.819 E/HeatmapThread(  987): !@ CAM Could not access BSOH EFS
07-17 00:18:48.819 E/HeatmapThread(  987): !@ CAM New BSOH: 0
07-17 00:18:49.818 E/HeatmapThread(  987): ECT Thread time in milliseconds: 1784229529
07-17 00:18:49.818 E/HeatmapThread(  987): !@Could not open '/efs/FactoryApp/bsoh', errno = 13
07-17 00:18:49.819 E/HeatmapThread(  987): !@ CAM Could not access BSOH EFS
07-17 00:18:49.819 E/HeatmapThread(  987): !@ CAM New BSOH: 0
07-17 00:18:50.818 E/HeatmapThread(  987): ECT Thread time in milliseconds: 1784229530
07-17 00:18:50.819 E/HeatmapThread(  987): !@Could not open '/efs/FactoryApp/bsoh', errno = 13
07-17 00:18:50.819 E/HeatmapThread(  987): !@ CAM Could not access BSOH EFS
07-17 00:18:50.819 E/HeatmapThread(  987): !@ CAM New BSOH: 0
07-17 00:18:51.818 E/HeatmapThread(  987): ECT Thread time in milliseconds: 1784229531
07-17 00:18:51.819 E/HeatmapThread(  987): !@Could not open '/efs/FactoryApp/bsoh', errno = 13
07-17 00:18:51.819 E/HeatmapThread(  987): !@ CAM Could not access BSOH EFS
07-17 00:18:51.819 E/HeatmapThread(  987): !@ CAM New BSOH: 0
07-17 00:18:52.818 E/HeatmapThread(  987): ECT Thread time in milliseconds: 1784229532
07-17 00:18:52.818 E/HeatmapThread(  987): !@Could not open '/efs/FactoryApp/bsoh', errno = 13
07-17 00:18:52.819 E/HeatmapThread(  987): !@ CAM Could not access BSOH EFS
07-17 00:18:52.819 E/HeatmapThread(  987): !@ CAM New BSOH: 0
07-17 00:18:53.818 E/HeatmapThread(  987): ECT Thread time in milliseconds: 1784229533
07-17 00:18:53.818 E/HeatmapThread(  987): !@Could not open '/efs/FactoryApp/bsoh', errno = 13
07-17 00:18:53.818 E/HeatmapThread(  987): !@ CAM Could not access BSOH EFS
07-17 00:18:53.818 E/HeatmapThread(  987): !@ CAM New BSOH: 0
07-17 00:18:54.818 E/HeatmapThread(  987): ECT Thread time in milliseconds: 1784229534
07-17 00:18:54.818 E/HeatmapThread(  987): !@Could not open '/efs/FactoryApp/bsoh', errno = 13
07-17 00:18:54.818 E/HeatmapThread(  987): !@ CAM Could not access BSOH EFS
07-17 00:18:54.818 E/HeatmapThread(  987): !@ CAM New BSOH: 0
07-17 00:18:55.682 E/ScanManager( 2219): [GSIM LOG]: gsimLogHandler, msg: MESSAGE_SCAN_STOP, appName: com.mojojojoo.sosifyapp, scannerId: 9, reportDelayMillis=0
07-17 00:18:55.691 E/ScanManager( 2219): [GSIM LOG]: gsimLogHandler, msg: MESSAGE_SCAN_START, appName: com.mojojojoo.sosifyapp, scannerId: 9, reportDelayMillis=0
07-17 00:18:55.818 E/HeatmapThread(  987): ECT Thread time in milliseconds: 1784229535
07-17 00:18:55.818 E/HeatmapThread(  987): !@Could not open '/efs/FactoryApp/bsoh', errno = 13
07-17 00:18:55.818 E/HeatmapThread(  987): !@ CAM Could not access BSOH EFS
07-17 00:18:55.818 E/HeatmapThread(  987): !@ CAM New BSOH: 0
07-17 00:18:56.818 E/HeatmapThread(  987): ECT Thread time in milliseconds: 1784229536
07-17 00:18:56.819 E/HeatmapThread(  987): !@Could not open '/efs/FactoryApp/bsoh', errno = 13
07-17 00:18:56.819 E/HeatmapThread(  987): !@ CAM Could not access BSOH EFS
07-17 00:18:56.819 E/HeatmapThread(  987): !@ CAM New BSOH: 0
07-17 00:18:57.818 E/HeatmapThread(  987): ECT Thread time in milliseconds: 1784229537
07-17 00:18:57.818 E/HeatmapThread(  987): !@Could not open '/efs/FactoryApp/bsoh', errno = 13
07-17 00:18:57.818 E/HeatmapThread(  987): !@ CAM Could not access BSOH EFS
07-17 00:18:57.818 E/HeatmapThread(  987): !@ CAM New BSOH: 0
07-17 00:18:58.576 E/NativeCustomFrequencyManager( 1006): [NativeCFMS] BpCustomFrequencyManager::acquire()
07-17 00:18:58.818 E/HeatmapThread(  987): ECT Thread time in milliseconds: 1784229538
07-17 00:18:58.819 E/HeatmapThread(  987): !@Could not open '/efs/FactoryApp/bsoh', errno = 13
07-17 00:18:58.819 E/HeatmapThread(  987): !@ CAM Could not access BSOH EFS
07-17 00:18:58.819 E/HeatmapThread(  987): !@ CAM New BSOH: 0
07-17 00:18:59.818 E/HeatmapThread(  987): ECT Thread time in milliseconds: 1784229539
07-17 00:18:59.819 E/HeatmapThread(  987): !@Could not open '/efs/FactoryApp/bsoh', errno = 13
07-17 00:18:59.819 E/HeatmapThread(  987): !@ CAM Could not access BSOH EFS
07-17 00:18:59.819 E/HeatmapThread(  987): !@ CAM New BSOH: 0
07-17 00:19:00.538 E/NativeCustomFrequencyManager( 1006): [NativeCFMS] BpCustomFrequencyManager::acquire()
07-17 00:19:00.818 E/HeatmapThread(  987): ECT Thread time in milliseconds: 1784229540
07-17 00:19:00.818 E/HeatmapThread(  987): !@Could not open '/efs/FactoryApp/bsoh', errno = 13
07-17 00:19:00.819 E/HeatmapThread(  987): !@ CAM Could not access BSOH EFS
07-17 00:19:00.819 E/HeatmapThread(  987): !@ CAM New BSOH: 0
07-17 00:19:01.818 E/HeatmapThread(  987): ECT Thread time in milliseconds: 1784229541
07-17 00:19:01.818 E/HeatmapThread(  987): !@Could not open '/efs/FactoryApp/bsoh', errno = 13
07-17 00:19:01.818 E/HeatmapThread(  987): !@ CAM Could not access BSOH EFS
07-17 00:19:01.818 E/HeatmapThread(  987): !@ CAM New BSOH: 0
07-17 00:19:02.818 E/HeatmapThread(  987): ECT Thread time in milliseconds: 1784229542
07-17 00:19:02.818 E/HeatmapThread(  987): !@Could not open '/efs/FactoryApp/bsoh', errno = 13
07-17 00:19:02.819 E/HeatmapThread(  987): !@ CAM Could not access BSOH EFS
07-17 00:19:02.819 E/HeatmapThread(  987): !@ CAM New BSOH: 0
07-17 00:19:03.818 E/HeatmapThread(  987): ECT Thread time in milliseconds: 1784229543
07-17 00:19:03.819 E/HeatmapThread(  987): !@Could not open '/efs/FactoryApp/bsoh', errno = 13
07-17 00:19:03.819 E/HeatmapThread(  987): !@ CAM Could not access BSOH EFS
07-17 00:19:03.819 E/HeatmapThread(  987): !@ CAM New BSOH: 0
07-17 00:19:04.818 E/HeatmapThread(  987): ECT Thread time in milliseconds: 1784229544
07-17 00:19:04.819 E/HeatmapThread(  987): !@Could not open '/efs/FactoryApp/bsoh', errno = 13
07-17 00:19:04.819 E/HeatmapThread(  987): !@ CAM Could not access BSOH EFS
07-17 00:19:04.819 E/HeatmapThread(  987): !@ CAM New BSOH: 0
07-17 00:19:05.818 E/HeatmapThread(  987): ECT Thread time in milliseconds: 1784229545
07-17 00:19:05.818 E/HeatmapThread(  987): !@Could not open '/efs/FactoryApp/bsoh', errno = 13
07-17 00:19:05.819 E/HeatmapThread(  987): !@ CAM Could not access BSOH EFS
07-17 00:19:05.819 E/HeatmapThread(  987): !@ CAM New BSOH: 0
07-17 00:19:06.818 E/HeatmapThread(  987): ECT Thread time in milliseconds: 1784229546
07-17 00:19:06.818 E/HeatmapThread(  987): !@Could not open '/efs/FactoryApp/bsoh', errno = 13
07-17 00:19:06.819 E/HeatmapThread(  987): !@ CAM Could not access BSOH EFS
07-17 00:19:06.819 E/HeatmapThread(  987): !@ CAM New BSOH: 0
07-17 00:19:07.818 E/HeatmapThread(  987): ECT Thread time in milliseconds: 1784229547
07-17 00:19:07.819 E/HeatmapThread(  987): !@Could not open '/efs/FactoryApp/bsoh', errno = 13
07-17 00:19:07.819 E/HeatmapThread(  987): !@ CAM Could not access BSOH EFS
07-17 00:19:07.819 E/HeatmapThread(  987): !@ CAM New BSOH: 0
07-17 00:19:08.818 E/HeatmapThread(  987): ECT Thread time in milliseconds: 1784229548
07-17 00:19:08.819 E/HeatmapThread(  987): !@Could not open '/efs/FactoryApp/bsoh', errno = 13
07-17 00:19:08.819 E/HeatmapThread(  987): !@ CAM Could not access BSOH EFS
07-17 00:19:08.819 E/HeatmapThread(  987): !@ CAM New BSOH: 0
07-17 00:19:09.818 E/HeatmapThread(  987): ECT Thread time in milliseconds: 1784229549
07-17 00:19:09.819 E/HeatmapThread(  987): !@Could not open '/efs/FactoryApp/bsoh', errno = 13
07-17 00:19:09.819 E/HeatmapThread(  987): !@ CAM Could not access BSOH EFS
07-17 00:19:09.819 E/HeatmapThread(  987): !@ CAM New BSOH: 0
07-17 00:19:10.818 E/HeatmapThread(  987): ECT Thread time in milliseconds: 1784229550
07-17 00:19:10.818 E/HeatmapThread(  987): !@Could not open '/efs/FactoryApp/bsoh', errno = 13
07-17 00:19:10.819 E/HeatmapThread(  987): !@ CAM Could not access BSOH EFS
07-17 00:19:10.819 E/HeatmapThread(  987): !@ CAM New BSOH: 0
07-17 00:19:11.818 E/HeatmapThread(  987): ECT Thread time in milliseconds: 1784229551
07-17 00:19:11.819 E/HeatmapThread(  987): !@Could not open '/efs/FactoryApp/bsoh', errno = 13
07-17 00:19:11.819 E/HeatmapThread(  987): !@ CAM Could not access BSOH EFS
07-17 00:19:11.819 E/HeatmapThread(  987): !@ CAM New BSOH: 0
07-17 00:19:12.447 E/Watchdog( 1348): !@Sync: 1543 heap(MB): 115 / 159 FD: 1245 [2026-07-17 00:19:12.447]
07-17 00:19:12.818 E/HeatmapThread(  987): ECT Thread time in milliseconds: 1784229552
07-17 00:19:12.819 E/HeatmapThread(  987): !@Could not open '/efs/FactoryApp/bsoh', errno = 13
07-17 00:19:12.819 E/HeatmapThread(  987): !@ CAM Could not access BSOH EFS
07-17 00:19:12.819 E/HeatmapThread(  987): !@ CAM New BSOH: 0
07-17 00:19:13.818 E/HeatmapThread(  987): ECT Thread time in milliseconds: 1784229553
07-17 00:19:13.818 E/HeatmapThread(  987): !@Could not open '/efs/FactoryApp/bsoh', errno = 13
07-17 00:19:13.818 E/HeatmapThread(  987): !@ CAM Could not access BSOH EFS
07-17 00:19:13.818 E/HeatmapThread(  987): !@ CAM New BSOH: 0
07-17 00:19:14.818 E/HeatmapThread(  987): ECT Thread time in milliseconds: 1784229554
07-17 00:19:14.818 E/HeatmapThread(  987): !@Could not open '/efs/FactoryApp/bsoh', errno = 13
07-17 00:19:14.818 E/HeatmapThread(  987): !@ CAM Could not access BSOH EFS
07-17 00:19:14.818 E/HeatmapThread(  987): !@ CAM New BSOH: 0
07-17 00:19:15.818 E/HeatmapThread(  987): ECT Thread time in milliseconds: 1784229555
07-17 00:19:15.819 E/HeatmapThread(  987): !@Could not open '/efs/FactoryApp/bsoh', errno = 13
07-17 00:19:15.819 E/HeatmapThread(  987): !@ CAM Could not access BSOH EFS
07-17 00:19:15.819 E/HeatmapThread(  987): !@ CAM New BSOH: 0
07-17 00:19:16.818 E/HeatmapThread(  987): ECT Thread time in milliseconds: 1784229556
07-17 00:19:16.818 E/HeatmapThread(  987): !@Could not open '/efs/FactoryApp/bsoh', errno = 13
07-17 00:19:16.818 E/HeatmapThread(  987): !@ CAM Could not access BSOH EFS
07-17 00:19:16.819 E/HeatmapThread(  987): !@ CAM New BSOH: 0
07-17 00:19:17.818 E/HeatmapThread(  987): ECT Thread time in milliseconds: 1784229557
07-17 00:19:17.818 E/HeatmapThread(  987): !@Could not open '/efs/FactoryApp/bsoh', errno = 13
07-17 00:19:17.819 E/HeatmapThread(  987): !@ CAM Could not access BSOH EFS
07-17 00:19:17.819 E/HeatmapThread(  987): !@ CAM New BSOH: 0
07-17 00:19:18.818 E/HeatmapThread(  987): ECT Thread time in milliseconds: 1784229558
07-17 00:19:18.819 E/HeatmapThread(  987): !@Could not open '/efs/FactoryApp/bsoh', errno = 13
07-17 00:19:18.819 E/HeatmapThread(  987): !@ CAM Could not access BSOH EFS
07-17 00:19:18.819 E/HeatmapThread(  987): !@ CAM New BSOH: 0
07-17 00:19:19.818 E/HeatmapThread(  987): ECT Thread time in milliseconds: 1784229559
07-17 00:19:19.819 E/HeatmapThread(  987): !@Could not open '/efs/FactoryApp/bsoh', errno = 13
07-17 00:19:19.819 E/HeatmapThread(  987): !@ CAM Could not access BSOH EFS
07-17 00:19:19.819 E/HeatmapThread(  987): !@ CAM New BSOH: 0
07-17 00:19:20.818 E/HeatmapThread(  987): ECT Thread time in milliseconds: 1784229560
07-17 00:19:20.819 E/HeatmapThread(  987): !@Could not open '/efs/FactoryApp/bsoh', errno = 13
07-17 00:19:20.819 E/HeatmapThread(  987): !@ CAM Could not access BSOH EFS
07-17 00:19:20.819 E/HeatmapThread(  987): !@ CAM New BSOH: 0
07-17 00:19:21.818 E/HeatmapThread(  987): ECT Thread time in milliseconds: 1784229561
07-17 00:19:21.818 E/HeatmapThread(  987): !@Could not open '/efs/FactoryApp/bsoh', errno = 13
07-17 00:19:21.819 E/HeatmapThread(  987): !@ CAM Could not access BSOH EFS
07-17 00:19:21.819 E/HeatmapThread(  987): !@ CAM New BSOH: 0
07-17 00:19:22.818 E/HeatmapThread(  987): ECT Thread time in milliseconds: 1784229562
07-17 00:19:22.818 E/HeatmapThread(  987): !@Could not open '/efs/FactoryApp/bsoh', errno = 13
07-17 00:19:22.819 E/HeatmapThread(  987): !@ CAM Could not access BSOH EFS
07-17 00:19:22.819 E/HeatmapThread(  987): !@ CAM New BSOH: 0
07-17 00:19:23.818 E/HeatmapThread(  987): ECT Thread time in milliseconds: 1784229563
07-17 00:19:23.819 E/HeatmapThread(  987): !@Could not open '/efs/FactoryApp/bsoh', errno = 13
07-17 00:19:23.819 E/HeatmapThread(  987): !@ CAM Could not access BSOH EFS
07-17 00:19:23.819 E/HeatmapThread(  987): !@ CAM New BSOH: 0
07-17 00:19:24.668 I/ReactNativeJS(10444): '[P2P DEBUG] Wi-Fi Direct peers changed. Peers count:', 0, 'Peers:', []
07-17 00:19:24.668 I/ReactNativeJS(10444): [P2P DEBUG] No new AVAILABLE peers to connect to.
07-17 00:19:24.818 E/HeatmapThread(  987): ECT Thread time in milliseconds: 1784229564
07-17 00:19:24.818 E/HeatmapThread(  987): !@Could not open '/efs/FactoryApp/bsoh', errno = 13
07-17 00:19:24.818 E/HeatmapThread(  987): !@ CAM Could not access BSOH EFS
07-17 00:19:24.819 E/HeatmapThread(  987): !@ CAM New BSOH: 0
07-17 00:19:25.818 E/HeatmapThread(  987): ECT Thread time in milliseconds: 1784229565
07-17 00:19:25.818 E/HeatmapThread(  987): !@Entered the read from path function
07-17 00:19:25.818 E/HeatmapThread(  987): !@Could not open '/efs/FactoryApp/extended_heatmap', errno = 13
07-17 00:19:25.819 E/HeatmapThread(  987): !@Extended_heatmap efs Forced Reset
07-17 00:19:25.819 E/HeatmapThread(  987): !@Read Extended_heatmap from efs is: 
07-17 00:19:25.819 E/HeatmapThread(  987): !@Write Extended Heatmap to efs is: 0 0 0 0 0 0 0 0 0 0 0 0 0 0 0 0 0 0 0 0 0 0 0 0 0 0 0 0 0 0 0 0 0 0 0 0 0 0 0 0 0 0 0 0 0 0 0 0 0 0 0 0 0 0 0 0 0 0 0 0 0 0 0 0 0 0 0 0 0 0 0 0 0 0 0 0 0 0 0 0 0 0 0 0 0 0 0 0 0 0 0 0 0 0 0 0 0 0 0 0 0 0 0 0 0 0 0 0 0 0 0 0 0 0 0 0 0 0 0 0 0 0 0 0 0 0 0 0 0 0 0 0 0 0 0 0 0 0 0 0 0 0 0 0 0 0 0 0 0 0 0 0 0 0 0 0 0 0 0 0 0 0 0 0 0 0 0 0 0 0 0 0 0 0 0 0 0 0 0 0 0 0 0 0 0 0 0 0 0 0 0 0 0 0 0 0 0 0 0 0 0 0 0 0 0 0 0 0 0 0 0 0 0 0 0 0 0 0 0 0 0 0 0 0 0 0 0 0 0 0 0 0 0 0 0 0 0 0 0 0 0 0 0 0 0 0 0 0 0 0 0 0 0 0 0 0 0 0 0 0 0 0 0 0 0 0 0 0 0 0 0 0 0 0 0 0 0 0 0 0 0 0 0 0 0 0 0 0 0 0 0 0 0 0 0 0 0 0 0 0 0 0 0 0 0 0 0 0 0 0 0 0 0 0 0 0 0 0 0 0 0 0 0 0 0 0 0 0 0 0 0 0 0 0 0 0 0 0 0 0 0 0 0 0 0 0 0 0 0 0 0 0 0 0 0 0 0 0 0 0 0 0 0 0 0 0 0 0 0 0 0 0 0 0 0 0 0 0 0 0 0 0 0 0 0 0 0 0 0 0 0 0 0 0 0 0 0 0 0 0 0 0 0 0 0 0 0 0 0 0 0 0 0 0 0 0 0 0 0 0 0 0 0 0 0 0 0 0 0 0 0 0 0 0 0 0 0 0 0 0 0 0 0 0 0 0 0 0 0 0 0 0 0 0 0 0 0 0 0 0 0 0 0 0 0 0 0 0 0 0 0 0 0 0 0 0 0 0 0 0 0 0 0 0 0 0 0 0 0 0 0 0 0 0
07-17 00:19:25.819 E/HeatmapThread(  987): !@Could not open '/efs/FactoryApp/extended_heatmap', errno = 13
07-17 00:19:25.819 E/HeatmapThread(  987): !@Could not open '/efs/FactoryApp/bsoh', errno = 13
07-17 00:19:25.819 E/HeatmapThread(  987): !@ CAM Could not access BSOH EFS
07-17 00:19:25.819 E/HeatmapThread(  987): !@ CAM New BSOH: 0
07-17 00:19:26.818 E/HeatmapThread(  987): ECT Thread time in milliseconds: 1784229566
07-17 00:19:26.818 E/HeatmapThread(  987): !@Could not open '/efs/FactoryApp/bsoh', errno = 13
07-17 00:19:26.819 E/HeatmapThread(  987): !@ CAM Could not access BSOH EFS
07-17 00:19:26.819 E/HeatmapThread(  987): !@ CAM New BSOH: 0
07-17 00:19:27.818 E/HeatmapThread(  987): ECT Thread time in milliseconds: 1784229567
07-17 00:19:27.819 E/HeatmapThread(  987): !@Could not open '/efs/FactoryApp/bsoh', errno = 13
07-17 00:19:27.819 E/HeatmapThread(  987): !@ CAM Could not access BSOH EFS
07-17 00:19:27.819 E/HeatmapThread(  987): !@ CAM New BSOH: 0
07-17 00:19:28.818 E/HeatmapThread(  987): ECT Thread time in milliseconds: 1784229568
07-17 00:19:28.818 E/HeatmapThread(  987): !@Could not open '/efs/FactoryApp/bsoh', errno = 13
07-17 00:19:28.819 E/HeatmapThread(  987): !@ CAM Could not access BSOH EFS
07-17 00:19:28.819 E/HeatmapThread(  987): !@ CAM New BSOH: 0
07-17 00:19:29.818 E/HeatmapThread(  987): ECT Thread time in milliseconds: 1784229569
07-17 00:19:29.818 E/HeatmapThread(  987): !@Could not open '/efs/FactoryApp/bsoh', errno = 13
07-17 00:19:29.819 E/HeatmapThread(  987): !@ CAM Could not access BSOH EFS
07-17 00:19:29.819 E/HeatmapThread(  987): !@ CAM New BSOH: 0
07-17 00:19:30.686 E/ScanManager( 2219): [GSIM LOG]: gsimLogHandler, msg: MESSAGE_SCAN_STOP, appName: com.mojojojoo.sosifyapp, scannerId: 9, reportDelayMillis=0
07-17 00:19:30.696 E/ScanManager( 2219): [GSIM LOG]: gsimLogHandler, msg: MESSAGE_SCAN_START, appName: com.mojojojoo.sosifyapp, scannerId: 9, reportDelayMillis=0
07-17 00:19:30.818 E/HeatmapThread(  987): ECT Thread time in milliseconds: 1784229570
07-17 00:19:30.818 E/HeatmapThread(  987): !@Could not open '/efs/FactoryApp/bsoh', errno = 13
07-17 00:19:30.818 E/HeatmapThread(  987): !@ CAM Could not access BSOH EFS
07-17 00:19:30.819 E/HeatmapThread(  987): !@ CAM New BSOH: 0
07-17 00:19:31.818 E/HeatmapThread(  987): ECT Thread time in milliseconds: 1784229571
07-17 00:19:31.818 E/HeatmapThread(  987): !@Could not open '/efs/FactoryApp/bsoh', errno = 13
