07-17 00:20:30.209 E/SystemUIImageView( 2278): white-bg res invalid = 0
07-17 00:20:30.211 E/SurfaceFlinger( 1006): alpha changed 0.000 -> 0.107 - Surface(name=WindowToken{dd577ac type=2000 android.os.BinderProxy@9dbcdb9})/@0x1835137 - animation-leash of token_transform#5944
07-17 00:20:30.413 E/RefreshRateSelector( 1006): Can't find HRR max refresh rate by policy with the same group 0
07-17 00:20:30.818 E/HeatmapThread(  987): ECT Thread time in milliseconds: 1784229630
07-17 00:20:30.819 E/HeatmapThread(  987): !@Could not open '/efs/FactoryApp/bsoh', errno = 13
07-17 00:20:30.819 E/HeatmapThread(  987): !@ CAM Could not access BSOH EFS
07-17 00:20:30.819 E/HeatmapThread(  987): !@ CAM New BSOH: 0
07-17 00:20:30.941 E/NativeCustomFrequencyManager( 1006): [NativeCFMS] BpCustomFrequencyManager::acquire()
07-17 00:20:31.818 E/HeatmapThread(  987): ECT Thread time in milliseconds: 1784229631
07-17 00:20:31.819 E/HeatmapThread(  987): !@Could not open '/efs/FactoryApp/bsoh', errno = 13
07-17 00:20:31.819 E/HeatmapThread(  987): !@ CAM Could not access BSOH EFS
07-17 00:20:31.819 E/HeatmapThread(  987): !@ CAM New BSOH: 0
07-17 00:20:32.818 E/HeatmapThread(  987): ECT Thread time in milliseconds: 1784229632
07-17 00:20:32.819 E/HeatmapThread(  987): !@Could not open '/efs/FactoryApp/bsoh', errno = 13
07-17 00:20:32.819 E/HeatmapThread(  987): !@ CAM Could not access BSOH EFS
07-17 00:20:32.819 E/HeatmapThread(  987): !@ CAM New BSOH: 0
07-17 00:20:33.818 E/HeatmapThread(  987): ECT Thread time in milliseconds: 1784229633
07-17 00:20:33.818 E/HeatmapThread(  987): !@Could not open '/efs/FactoryApp/bsoh', errno = 13
07-17 00:20:33.818 E/HeatmapThread(  987): !@ CAM Could not access BSOH EFS
07-17 00:20:33.818 E/HeatmapThread(  987): !@ CAM New BSOH: 0
07-17 00:20:34.818 E/HeatmapThread(  987): ECT Thread time in milliseconds: 1784229634
07-17 00:20:34.819 E/HeatmapThread(  987): !@Could not open '/efs/FactoryApp/bsoh', errno = 13
07-17 00:20:34.819 E/HeatmapThread(  987): !@ CAM Could not access BSOH EFS
07-17 00:20:34.819 E/HeatmapThread(  987): !@ CAM New BSOH: 0
07-17 00:20:34.999 I/ReactNativeJS(11035): [BLE Scanner] Match found! MAC: 43:F1:85:17:B3:35, RSSI: -61
07-17 00:20:35.003 I/ReactNativeJS(11035): [P2P DEBUG] BLE Scanned Peer: edca4f97. My ID: 3de7b028. isInitiator = true
07-17 00:20:35.003 I/ReactNativeJS(11035): [P2P DEBUG] Triggering native Wi-Fi Direct peer discovery (throttled)...
07-17 00:20:35.042 I/ReactNativeJS(11035): [Android Wi-Fi Direct] Peer discovery started via WifiP2pManager.
07-17 00:20:35.058 E/wificond( 1133): NL80211_CMD_TRIGGER_SCAN failed: Device or resource busy
07-17 00:20:35.059 E/WificondScannerImpl( 1348): Failed to start scan, freqs={2412, 2417, 2422, 2427, 2432, 2437, 2442, 2447, 2452, 2457, 2462, 2467, 2472, 5745, 5765, 5785, 5805, 5825} status: -6
07-17 00:20:35.591 E/NativeCustomFrequencyManager( 1006): [NativeCFMS] BpCustomFrequencyManager::acquire()
07-17 00:20:35.775 I/ReactNativeJS(11035): '[P2P DEBUG] Wi-Fi Direct peers changed. Peers count:', 1, 'Peers:', [ { status: 3,
07-17 00:20:35.775 I/ReactNativeJS(11035):     deviceAddress: '46:ea:30:07:ce:a5',
07-17 00:20:35.775 I/ReactNativeJS(11035):     deviceName: 'Maryam\'s A32' } ]
07-17 00:20:35.777 I/ReactNativeJS(11035): [P2P DEBUG] Candidate peer Maryam's A32 mapped to device ID 187887d8. isInitiator = false
07-17 00:20:35.777 I/ReactNativeJS(11035): [P2P DEBUG] We are not the initiator for any available candidate peer. Waiting for them to connect...
07-17 00:20:35.818 E/HeatmapThread(  987): ECT Thread time in milliseconds: 1784229635
07-17 00:20:35.819 E/HeatmapThread(  987): !@Could not open '/efs/FactoryApp/bsoh', errno = 13
07-17 00:20:35.819 E/HeatmapThread(  987): !@ CAM Could not access BSOH EFS
07-17 00:20:35.819 E/HeatmapThread(  987): !@ CAM New BSOH: 0
07-17 00:20:36.818 E/HeatmapThread(  987): ECT Thread time in milliseconds: 1784229636
07-17 00:20:36.819 E/HeatmapThread(  987): !@Could not open '/efs/FactoryApp/bsoh', errno = 13
07-17 00:20:36.819 E/HeatmapThread(  987): !@ CAM Could not access BSOH EFS
07-17 00:20:36.819 E/HeatmapThread(  987): !@ CAM New BSOH: 0
07-17 00:20:37.818 E/HeatmapThread(  987): ECT Thread time in milliseconds: 1784229637
07-17 00:20:37.818 E/HeatmapThread(  987): !@Could not open '/efs/FactoryApp/bsoh', errno = 13
07-17 00:20:37.818 E/HeatmapThread(  987): !@ CAM Could not access BSOH EFS
07-17 00:20:37.818 E/HeatmapThread(  987): !@ CAM New BSOH: 0
07-17 00:20:38.818 E/HeatmapThread(  987): ECT Thread time in milliseconds: 1784229638
07-17 00:20:38.818 E/HeatmapThread(  987): !@Could not open '/efs/FactoryApp/bsoh', errno = 13
07-17 00:20:38.819 E/HeatmapThread(  987): !@ CAM Could not access BSOH EFS
07-17 00:20:38.819 E/HeatmapThread(  987): !@ CAM New BSOH: 0
07-17 00:20:39.531 E/NativeCustomFrequencyManager( 1006): [NativeCFMS] BpCustomFrequencyManager::acquire()
07-17 00:20:39.818 E/HeatmapThread(  987): ECT Thread time in milliseconds: 1784229639
07-17 00:20:39.819 E/HeatmapThread(  987): !@Could not open '/efs/FactoryApp/bsoh', errno = 13
07-17 00:20:39.819 E/HeatmapThread(  987): !@ CAM Could not access BSOH EFS
07-17 00:20:39.819 E/HeatmapThread(  987): !@ CAM New BSOH: 0
07-17 00:20:39.984 W/ReactNativeJS(11035): '[MapService] getCurrentPositionAsync failed, trying last known position:', { [Error: Current location is unavailable. Make sure that location services are enabled] code: 'ERR_CURRENT_LOCATION_IS_UNAVAILABLE' }
07-17 00:20:40.106 E/wificond( 1133): NL80211_CMD_TRIGGER_SCAN failed: Device or resource busy
07-17 00:20:40.106 E/WificondScannerImpl( 1348): Failed to start scan, freqs={2412, 2417, 2422, 2427, 2432, 2437, 2442, 2447, 2452, 2457, 2462, 2467, 2472, 5745, 5765, 5785, 5805, 5825} status: -6
07-17 00:20:40.648 E/SurfaceFlinger( 1006): alpha changed 0.000 -> 1.000 - Surface(name=5e7ef38 InputMethod)/@0x754e476 - animation-leash of insets_animation#5919
07-17 00:20:40.720 E/[PASS][SPAF]AutofillService( 9714): No valid parsed autofill fields
07-17 00:20:40.818 E/HeatmapThread(  987): ECT Thread time in milliseconds: 1784229640
07-17 00:20:40.819 E/HeatmapThread(  987): !@Could not open '/efs/FactoryApp/bsoh', errno = 13
07-17 00:20:40.819 E/HeatmapThread(  987): !@ CAM Could not access BSOH EFS
07-17 00:20:40.819 E/HeatmapThread(  987): !@ CAM New BSOH: 0
07-17 00:20:41.818 E/HeatmapThread(  987): ECT Thread time in milliseconds: 1784229641
07-17 00:20:41.819 E/HeatmapThread(  987): !@Could not open '/efs/FactoryApp/bsoh', errno = 13
07-17 00:20:41.819 E/HeatmapThread(  987): !@ CAM Could not access BSOH EFS
07-17 00:20:41.819 E/HeatmapThread(  987): !@ CAM New BSOH: 0
07-17 00:20:42.461 E/Watchdog( 1348): !@Sync: 1546 heap(MB): 126 / 159 FD: 1247 [2026-07-17 00:20:42.461]
07-17 00:20:42.507 E/PlayCommon( 8614): [135] Failed to connect to server for server timestamp: java.net.UnknownHostException: Unable to resolve host "play.googleapis.com": No address associated with hostname
07-17 00:20:42.563 E/AuthPII ( 3417): [RequestTokenManager] getToken() -> NETWORK_ERROR. App: com.android.vending, Service: oauth2:https://www.googleapis.com/auth/googleplay
07-17 00:20:42.563 E/AuthPII ( 3417): axud: Error when calling server using GmsNetworkStack.
07-17 00:20:42.563 E/AuthPII ( 3417): 	at abws.b(:com.google.android.gms@252431035@25.24.31 (260400-772615181):1366)
07-17 00:20:42.563 E/AuthPII ( 3417): 	at abwq.a(:com.google.android.gms@252431035@25.24.31 (260400-772615181):557)
07-17 00:20:42.563 E/AuthPII ( 3417): 	at abwp.b(:com.google.android.gms@252431035@25.24.31 (260400-772615181):115)
07-17 00:20:42.563 E/AuthPII ( 3417): 	at vie.h(:com.google.android.gms@252431035@25.24.31 (260400-772615181):528)
07-17 00:20:42.563 E/AuthPII ( 3417): 	at vie.d(:com.google.android.gms@252431035@25.24.31 (260400-772615181):140)
07-17 00:20:42.563 E/AuthPII ( 3417): 	at abpw.getAuthToken(:com.google.android.gms@252431035@25.24.31 (260400-772615181):410)
07-17 00:20:42.563 E/AuthPII ( 3417): 	at android.accounts.AbstractAccountAuthenticator$Transport.getAuthToken(AbstractAccountAuthenticator.java:248)
07-17 00:20:42.563 E/AuthPII ( 3417): 	at android.accounts.IAccountAuthenticator$Stub.onTransact(IAccountAuthenticator.java:254)
07-17 00:20:42.563 E/AuthPII ( 3417): 	at android.os.Binder.transact(Binder.java:1309)
07-17 00:20:42.563 E/AuthPII ( 3417): 	at bzec.onTransact(:com.google.android.gms@252431035@25.24.31 (260400-772615181):10)
07-17 00:20:42.563 E/AuthPII ( 3417): 	at android.os.Binder.transact(Binder.java:1309)
07-17 00:20:42.563 E/AuthPII ( 3417): 	at bpel.onTransact(:com.google.android.gms@252431035@25.24.31 (260400-772615181):148)
07-17 00:20:42.563 E/AuthPII ( 3417): 	at android.os.Binder.execTransactInternal(Binder.java:1462)
07-17 00:20:42.563 E/AuthPII ( 3417): 	at android.os.Binder.execTransact(Binder.java:1401)
07-17 00:20:42.563 E/AuthPII ( 3417): Caused by: axud: Error requesting token.
07-17 00:20:42.563 E/AuthPII ( 3417): 	at abws.d(:com.google.android.gms@252431035@25.24.31 (260400-772615181):212)
07-17 00:20:42.563 E/AuthPII ( 3417): 	at abws.b(:com.google.android.gms@252431035@25.24.31 (260400-772615181):51)
07-17 00:20:42.563 E/AuthPII ( 3417): 	... 13 more
07-17 00:20:42.563 E/AuthPII ( 3417): Caused by: java.util.concurrent.ExecutionException: chmq: Failed to process request
07-17 00:20:42.563 E/AuthPII ( 3417): 	at gdxa.j(:com.google.android.gms@252431035@25.24.31 (260400-772615181):44)
07-17 00:20:42.563 E/AuthPII ( 3417): 	at gdxj.v(:com.google.android.gms@252431035@25.24.31 (260400-772615181):107)
07-17 00:20:42.563 E/AuthPII ( 3417): 	at abws.d(:com.google.android.gms@252431035@25.24.31 (260400-772615181):197)
07-17 00:20:42.563 E/AuthPII ( 3417): 	... 14 more
07-17 00:20:42.563 E/AuthPII ( 3417): Caused by: chmq: Failed to process request
07-17 00:20:42.563 E/AuthPII ( 3417): 	at chmw.a(:com.google.android.gms@252431035@25.24.31 (260400-772615181):23)
07-17 00:20:42.563 E/AuthPII ( 3417): 	at chqp.b(:com.google.android.gms@252431035@25.24.31 (260400-772615181):15)
07-17 00:20:42.563 E/AuthPII ( 3417): 	at chrg.onFailed(:com.google.android.gms@252431035@25.24.31 (260400-772615181):15)
07-17 00:20:42.563 E/AuthPII ( 3417): 	at m1.mx.onFailed(:com.google.android.gms.dynamite_cronetdynamite@252431035@25.24.31 (260400-0):3)
07-17 00:20:42.563 E/AuthPII ( 3417): 	at m1.lx.run(:com.google.android.gms.dynamite_cronetdynamite@252431035@25.24.31 (260400-0):16)
07-17 00:20:42.563 E/AuthPII ( 3417): 	at ayze.c(:com.google.android.gms@252431035@25.24.31 (260400-772615181):50)
07-17 00:20:42.563 E/AuthPII ( 3417): 	at ayze.run(:com.google.android.gms@252431035@25.24.31 (260400-772615181):70)
07-17 00:20:42.563 E/AuthPII ( 3417): 	at java.util.concurrent.ThreadPoolExecutor.runWorker(ThreadPoolExecutor.java:1100)
07-17 00:20:42.563 E/AuthPII ( 3417): 	at java.util.concurrent.ThreadPoolExecutor$Worker.run(ThreadPoolExecutor.java:624)
07-17 00:20:42.563 E/AuthPII ( 3417): 	at azes.run(:com.google.android.gms@252431035@25.24.31 (260400-772615181):8)
07-17 00:20:42.563 E/AuthPII ( 3417): 	at java.lang.Thread.run(Thread.java:1572)
07-17 00:20:42.563 E/AuthPII ( 3417): Caused by: m1.mh: Exception in CronetUrlRequest: net::ERR_INTERNET_DISCONNECTED, ErrorCode=2, InternalErrorCode=-106, Retryable=false
07-17 00:20:42.563 E/AuthPII ( 3417): 	at org.chromium.net.impl.CronetUrlRequest.onError(:com.google.android.gms.dynamite_cronetdynamite@252431035@25.24.31 (260400-0):3)
07-17 00:20:42.563 E/AuthPII ( 3417): Message is Error when calling server using GmsNetworkStack.
07-17 00:20:42.563 E/AuthPII ( 3417): axud: Error when calling server using GmsNetworkStack.
07-17 00:20:42.563 E/AuthPII ( 3417): 	at abws.b(:com.google.android.gms@252431035@25.24.31 (260400-772615181):1366)
07-17 00:20:42.563 E/AuthPII ( 3417): 	at abwq.a(:com.google.android.gms@252431035@25.24.31 (260400-772615181):557)
07-17 00:20:42.563 E/AuthPII ( 3417): 	at abwp.b(:com.google.android.gms@252431035@25.24.31 (260400-772615181):115)
07-17 00:20:42.563 E/AuthPII ( 3417): 	at vie.h(:com.google.android.gms@252431035@25.24.31 (260400-772615181):528)
07-17 00:20:42.563 E/AuthPII ( 3417): 	at vie.d(:com.google.android.gms@252431035@25.24.31 (260400-772615181):140)
07-17 00:20:42.563 E/AuthPII ( 3417): 	at abpw.getAuthToken(:com.google.android.gms@252431035@25.24.31 (260400-772615181):410)
07-17 00:20:42.563 E/AuthPII ( 3417): 	at android.accounts.AbstractAccountAuthenticator$Transport.getAuthToken(AbstractAccountAuthenticator.java:248)
07-17 00:20:42.563 E/AuthPII ( 3417): 	at android.accounts.IAccountAuthenticator$Stub.onTransact(IAccountAuthenticator.java:254)
07-17 00:20:42.563 E/AuthPII ( 3417): 	at android.os.Binder.transact(Binder.java:1309)
07-17 00:20:42.563 E/AuthPII ( 3417): 	at bzec.onTransact(:com.google.android.gms@252431035@25.24.31 (260400-772615181):10)
07-17 00:20:42.563 E/AuthPII ( 3417): 	at android.os.Binder.transact(Binder.java:1309)
07-17 00:20:42.563 E/AuthPII ( 3417): 	at bpel.onTransact(:com.google.android.gms@252431035@25.24.31 (260400-772615181):148)
07-17 00:20:42.563 E/AuthPII ( 3417): 	at android.os.Binder.execTransactInternal(Binder.java:1462)
07-17 00:20:42.563 E/AuthPII ( 3417): 	at android.os.Binder.execTransact(Binder.java:1401)
07-17 00:20:42.563 E/AuthPII ( 3417): Caused by: axud: Error requesting token.
07-17 00:20:42.563 E/AuthPII ( 3417): 	at abws.d(:com.google.android.gms@252431035@25.24.31 (260400-772615181):212)
07-17 00:20:42.563 E/AuthPII ( 3417): 	at abws.b(:com.google.android.gms@252431035@25.24.31 (260400-772615181):51)
07-17 00:20:42.563 E/AuthPII ( 3417): 	... 13 more
07-17 00:20:42.563 E/AuthPII ( 3417): Caused by: java.util.concurrent.ExecutionException: chmq: Failed to process request
07-17 00:20:42.563 E/AuthPII ( 3417): 	at gdxa.j(:com.google.android.gms@252431035@25.24.31 (260400-772615181):44)
07-17 00:20:42.563 E/AuthPII ( 3417): 	at gdxj.v(:com.google.android.gms@252431035@25.24.31 (260400-772615181):107)
07-17 00:20:42.563 E/AuthPII ( 3417): 	at abws.d(:com.google.android.gms@252431035@25.24.31 (260400-772615181):197)
07-17 00:20:42.563 E/AuthPII ( 3417): 	... 14 more
07-17 00:20:42.563 E/AuthPII ( 3417): Caused by: chmq: Failed to process request
07-17 00:20:42.563 E/AuthPII ( 3417): 	at chmw.a(:com.google.android.gms@252431035@25.24.31 (260400-772615181):23)
07-17 00:20:42.563 E/AuthPII ( 3417): 	at chqp.b(:com.google.android.gms@252431035@25.24.31 (260400-772615181):15)
07-17 00:20:42.563 E/AuthPII ( 3417): 	at chrg.onFailed(:com.google.android.gms@252431035@25.24.31 (260400-772615181):15)
07-17 00:20:42.563 E/AuthPII ( 3417): 	at m1.mx.onFailed(:com.google.android.gms.dynamite_cronetdynamite@252431035@25.24.31 (260400-0):3)
07-17 00:20:42.563 E/AuthPII ( 3417): 	at m1.lx.run(:com.google.android.gms.dynamite_cronetdynamite@252431035@25.24.31 (260400-0):16)
07-17 00:20:42.563 E/AuthPII ( 3417): 	at ayze.c(:com.google.android.gms@252431035@25.24.31 (260400-772615181):50)
07-17 00:20:42.563 E/AuthPII ( 3417): 	at ayze.run(:com.google.android.gms@252431035@25.24.31 (260400-772615181):70)
07-17 00:20:42.563 E/AuthPII ( 3417): 	at java.util.concurrent.ThreadPoolExecutor.runWorker(ThreadPoolExecutor.java:1100)
07-17 00:20:42.563 E/AuthPII ( 3417): 	at java.util.concurrent.ThreadPoolExecutor$Worker.run(ThreadPoolExecutor.java:624)
07-17 00:20:42.563 E/AuthPII ( 3417): 	at azes.run(:com.google.android.gms@252431035@25.24.31 (260400-772615181):8)
07-17 00:20:42.563 E/AuthPII ( 3417): 	at java.lang.Thread.run(Thread.java:1572)
07-17 00:20:42.563 E/AuthPII ( 3417): Caused by: m1.mh: Exception in CronetUrlRequest: net::ERR_INTERNET_DISCONNECTED, ErrorCode=2, InternalErrorCode=-106, Retryable=false
07-17 00:20:42.563 E/AuthPII ( 3417): 	at org.chromium.net.impl.CronetUrlRequest.onError(:com.google.android.gms.dynamite_cronetdynamite@252431035@25.24.31 (260400-0):3)
07-17 00:20:42.568 E/PlayCommon( 8614): [135] Failed to get auth token: java.io.IOException: NetworkError
07-17 00:20:42.818 E/HeatmapThread(  987): ECT Thread time in milliseconds: 1784229642
07-17 00:20:42.818 E/HeatmapThread(  987): !@Could not open '/efs/FactoryApp/bsoh', errno = 13
07-17 00:20:42.819 E/HeatmapThread(  987): !@ CAM Could not access BSOH EFS
07-17 00:20:42.819 E/HeatmapThread(  987): !@ CAM New BSOH: 0
07-17 00:20:42.991 E/SurfaceFlinger( 1006): alpha changed 1.000 -> 0.000 - Surface(name=741078a com.mojojojoo.sosifyapp/com.mojojojoo.sosifyapp.MainActivity)/@0xfdd2573 - animation-leash of window_animation#5950
07-17 00:20:42.991 E/SurfaceFlinger( 1006): alpha changed 1.000 -> 0.000 - Dim Layer for - Task=102#5951
07-17 00:20:42.991 E/SurfaceFlinger( 1006): alpha changed 0.000 -> 0.000 - Surface(name=741078a com.mojojojoo.sosifyapp/com.mojojojoo.sosifyapp.MainActivity)/@0xfdd2573 - animation-leash of window_animation#5950
07-17 00:20:42.991 E/SurfaceFlinger( 1006): alpha changed 0.000 -> 0.000 - Dim Layer for - Task=102#5951
07-17 00:20:42.991 E/SurfaceFlinger( 1006): alpha changed 0.000 -> 0.000 - Dim Layer for - Task=102#5951
07-17 00:20:43.002 E/SurfaceFlinger( 1006): alpha changed 0.000 -> 0.154 - Surface(name=741078a com.mojojojoo.sosifyapp/com.mojojojoo.sosifyapp.MainActivity)/@0xfdd2573 - animation-leash of window_animation#5950
07-17 00:20:43.002 E/SurfaceFlinger( 1006): alpha changed 0.000 -> 0.048 - Dim Layer for - Task=102#5951
07-17 00:20:43.714 E/NativeCustomFrequencyManager( 1006): [NativeCFMS] BpCustomFrequencyManager::acquire()
07-17 00:20:43.818 E/HeatmapThread(  987): ECT Thread time in milliseconds: 1784229643
07-17 00:20:43.819 E/HeatmapThread(  987): !@Could not open '/efs/FactoryApp/bsoh', errno = 13
07-17 00:20:43.819 E/HeatmapThread(  987): !@ CAM Could not access BSOH EFS
07-17 00:20:43.819 E/HeatmapThread(  987): !@ CAM New BSOH: 0
07-17 00:20:44.326 E/ScanManager( 2219): [GSIM LOG]: gsimLogHandler, msg: MESSAGE_SCAN_STOP, appName: com.mojojojoo.sosifyapp, scannerId: 9, reportDelayMillis=0
07-17 00:20:44.337 E/ScanManager( 2219): [GSIM LOG]: gsimLogHandler, msg: MESSAGE_SCAN_START, appName: com.mojojojoo.sosifyapp, scannerId: 9, reportDelayMillis=0
07-17 00:20:44.512 E/pageboostd( 3189): Received HALT command code 2
07-17 00:20:44.517 I/ReactNativeJS(11035): '[P2P Bootstrap] AppState transition to:', 'background', '(Transports kept active)'
07-17 00:20:44.596 E/SurfaceFlinger( 1006): alpha changed 1.000 -> 0.000 - ActivityRecord{42141209 u0 com.google.android.permissioncontroller/com.android.permissioncontroller.permission.ui.GrantPermissionsActivity t102}#5954
07-17 00:20:44.604 E/pageboostd( 3189): Received HALT command code 2
07-17 00:20:44.608 E/SurfaceFlinger( 1006): alpha changed 0.000 -> 1.000 - ActivityRecord{42141209 u0 com.google.android.permissioncontroller/com.android.permissioncontroller.permission.ui.GrantPermissionsActivity t102}#5954
07-17 00:20:44.619 E/SurfaceFlinger( 1006): alpha changed 1.000 -> 0.000 - Dim Layer for - Task=102#5961
07-17 00:20:44.641 E/SurfaceFlinger( 1006): alpha changed 0.000 -> 0.036 - Dim Layer for - Task=102#5961
07-17 00:20:44.653 E/SurfaceFlinger( 1006): alpha changed 0.001 -> 0.000 - Surface(name=741078a com.mojojojoo.sosifyapp/com.mojojojoo.sosifyapp.MainActivity)/@0xfdd2573 - animation-leash of window_animation#5952
07-17 00:20:44.658 E/WindowManager( 1348): win=Window{741078a u0 com.mojojojoo.sosifyapp/com.mojojojoo.sosifyapp.MainActivity EXITING} destroySurfaces: appStopped=false cleanupOnResume=false win.mWindowRemovalAllowed=true win.mRemoveOnExit=true win.mViewVisibility=0 caller=com.android.server.wm.WindowState.onExitAnimationDone:224 com.android.server.wm.WindowState.onAnimationFinished:174 com.android.server.wm.WindowContainer$$ExternalSyntheticLambda8.onAnimationFinished:3 com.android.server.wm.SurfaceAnimator$$ExternalSyntheticLambda0.onAnimationFinished:69 com.android.server.wm.LocalAnimationAdapter$$ExternalSyntheticLambda0.run:10 android.os.Handler.handleCallback:995 android.os.Handler.dispatchMessage:103 
07-17 00:20:44.663 E/SurfaceFlinger( 1006): alpha changed 0.020 -> 0.000 - Dim Layer for - Task=102#5951
07-17 00:20:44.756 E/ImeBackDispatcher(15282): Ime callback not found. Ignoring unregisterReceivedCallback. callbackId: 71559386
07-17 00:20:44.818 E/HeatmapThread(  987): ECT Thread time in milliseconds: 1784229644
07-17 00:20:44.818 E/HeatmapThread(  987): !@Could not open '/efs/FactoryApp/bsoh', errno = 13
07-17 00:20:44.818 E/HeatmapThread(  987): !@ CAM Could not access BSOH EFS
07-17 00:20:44.818 E/HeatmapThread(  987): !@ CAM New BSOH: 0
07-17 00:20:45.111 E/WindowManager( 1348): win=Window{5e7ef38 u0 InputMethod} destroySurfaces: appStopped=true cleanupOnResume=false win.mWindowRemovalAllowed=false win.mRemoveOnExit=false win.mViewVisibility=8 caller=com.android.server.wm.WindowManagerService.tryStartExitingAnimation:134 com.android.server.wm.WindowManagerService.relayoutWindow:1160 com.android.server.wm.Session.relayout:27 android.view.IWindowSession$Stub.onTransact:829 com.android.server.wm.Session.onTransact:1 android.os.Binder.execTransactInternal:1457 android.os.Binder.execTransact:1401 
07-17 00:20:45.131 E/SurfaceFlinger( 1006): alpha changed 1.000 -> 0.000 - Surface(name=5e7ef38 InputMethod)/@0x754e476 - animation-leash of insets_animation#5965
07-17 00:20:45.663 E/NativeCustomFrequencyManager( 1006): [NativeCFMS] BpCustomFrequencyManager::acquire()
07-17 00:20:45.818 E/HeatmapThread(  987): ECT Thread time in milliseconds: 1784229645
07-17 00:20:45.818 E/HeatmapThread(  987): !@Could not open '/efs/FactoryApp/bsoh', errno = 13
07-17 00:20:45.818 E/HeatmapThread(  987): !@ CAM Could not access BSOH EFS
07-17 00:20:45.818 E/HeatmapThread(  987): !@ CAM New BSOH: 0
07-17 00:20:45.913 E/RefreshRateSelector( 1006): Can't find HRR max refresh rate by policy with the same group 0
07-17 00:20:46.064 I/ReactNativeJS(11035): '[P2P Bootstrap] AppState transition to:', 'active', '(Transports kept active)'
07-17 00:20:46.083 E/RefreshRateSelector( 1006): Can't find HRR max refresh rate by policy with the same group 0
07-17 00:20:46.124 E/SurfaceFlinger( 1006): alpha changed 1.000 -> 0.000 - Surface(name=5e7ef38 InputMethod)/@0x754e476 - animation-leash of insets_animation#5969
07-17 00:20:46.169 E/SurfaceFlinger( 1006): alpha changed 1.000 -> 0.000 - Surface(name=5e7ef38 InputMethod)/@0x754e476 - animation-leash of insets_animation#5970
07-17 00:20:46.183 E/pageboostd( 3189): Received HALT command code 2
07-17 00:20:46.196 I/ReactNativeJS(11035): '[P2P Bootstrap] AppState transition to:', 'background', '(Transports kept active)'
07-17 00:20:46.270 E/pageboostd( 3189): Received HALT command code 2
07-17 00:20:46.280 E/SurfaceFlinger( 1006): alpha changed 1.000 -> 0.000 - ActivityRecord{177119503 u0 com.google.android.permissioncontroller/com.android.permissioncontroller.permission.ui.GrantPermissionsActivity t102}#5971
07-17 00:20:46.280 E/SurfaceFlinger( 1006): alpha changed 0.000 -> 1.000 - ActivityRecord{177119503 u0 com.google.android.permissioncontroller/com.android.permissioncontroller.permission.ui.GrantPermissionsActivity t102}#5971
07-17 00:20:46.290 I/ReactNativeJS(11035): '[P2P Bootstrap] AppState transition to:', 'active', '(Transports kept active)'
07-17 00:20:46.294 E/RefreshRateSelector( 1006): Can't find HRR max refresh rate by policy with the same group 0
07-17 00:20:46.302 E/SurfaceFlinger( 1006): alpha changed 0.036 -> 0.000 - Dim Layer for - Task=102#5961
07-17 00:20:46.337 E/pageboostd( 3189): Received HALT command code 2
07-17 00:20:46.350 E/RefreshRateSelector( 1006): Can't find HRR max refresh rate by policy with the same group 0
07-17 00:20:46.350 I/ReactNativeJS(11035): '[P2P Bootstrap] AppState transition to:', 'background', '(Transports kept active)'
07-17 00:20:46.371 E/AtomicFile( 4331): Failed to rename /data/user_de/0/com.samsung.android.honeyboard/files/selected.json.new to /data/user_de/0/com.samsung.android.honeyboard/files/selected.json
07-17 00:20:46.371 E/AtomicFile( 4331): Failed to rename /data/user_de/0/com.samsung.android.honeyboard/files/selected.json.new to /data/user_de/0/com.samsung.android.honeyboard/files/selected.json
07-17 00:20:46.447 E/SurfaceFlinger( 1006): alpha changed 1.000 -> 0.000 - ActivityRecord{33528999 u0 com.sec.android.app.camera/.Camera t102}#5981
07-17 00:20:46.448 E/SurfaceFlinger( 1006): alpha changed 1.000 -> 0.000 - DimTransitionLayer for Surface(name=ActivityRecord{33528999 u0 com.sec.android.app.camera/.Camera t102})/@0xe971d3e#5985
07-17 00:20:46.448 E/SurfaceFlinger( 1006): alpha changed 0.000 -> 1.000 - ActivityRecord{33528999 u0 com.sec.android.app.camera/.Camera t102}#5981
07-17 00:20:46.448 E/SurfaceFlinger( 1006): alpha changed 0.000 -> 0.000 - DimTransitionLayer for Surface(name=ActivityRecord{33528999 u0 com.sec.android.app.camera/.Camera t102})/@0xe971d3e#5985
07-17 00:20:46.471 E/SurfaceFlinger( 1006): alpha changed 0.000 -> 0.014 - DimTransitionLayer for Surface(name=ActivityRecord{33528999 u0 com.sec.android.app.camera/.Camera t102})/@0xe971d3e#5985
07-17 00:20:46.595 E/SurfaceFlinger( 1006): alpha changed 0.000 -> 1.000 - Surface(name=5e7ef38 InputMethod)/@0x754e476 - animation-leash of insets_animation#5970
07-17 00:20:46.640 E/ashmem  (11335): Pinning is deprecated since Android Q. Please use trim or other methods.
07-17 00:20:46.678 E/SemSpeechRecognizer(11335): Error : Could not find libsasr-jni.so && libOemBargeInEngine.so
07-17 00:20:46.818 E/HeatmapThread(  987): ECT Thread time in milliseconds: 1784229646
07-17 00:20:46.819 E/HeatmapThread(  987): !@Could not open '/efs/FactoryApp/bsoh', errno = 13
07-17 00:20:46.819 E/HeatmapThread(  987): !@ CAM Could not access BSOH EFS
07-17 00:20:46.819 E/HeatmapThread(  987): !@ CAM New BSOH: 0
07-17 00:20:46.853 E/SystemServiceRegistry(11335): create SemLocationManager service
07-17 00:20:46.893 E/ExynosCameraSec(  964): Build Date is (May  5 2026) (20:39:00) Process 64 bit
07-17 00:20:46.922 E/RefreshRateSelector( 1006): Can't find HRR max refresh rate by policy with the same group 0
07-17 00:20:46.928 E/vendor.samsung.hardware.camera.provider@4.0-service_64(  964): [CAM(-1)][]-(m_readEfsFile[364]):ERR :failed to open sysfs entry
07-17 00:20:46.931 E/vendor.samsung.hardware.camera.provider@4.0-service_64(  964): [CAM(-1)][]-(m_executeIoctlCommand[237]):failed to ioctl: (9) IS_CAMINFO_IOCTL_COMMAND (14 - Bad address)
07-17 00:20:46.931 E/vendor.samsung.hardware.camera.provider@4.0-service_64(  964): [CAM(-1)][]-(setCameraEfsData[137]):failed to communicate kernel: (2)
07-17 00:20:46.989 E/pageboostd( 3189): Received HALT command code 2
07-17 00:20:46.991 E/Camera2-FrameProcessorBase( 1108): FrameProcessorBase: created
07-17 00:20:46.992 E/Camera2-FrameProcessorBase( 1108): registerListener: Registering listener for frame id range 0 - 2147483647
07-17 00:20:47.020 E/lmkd    (  610): Attempt to wait for a kill while another wait is in progress
07-17 00:20:47.021 E/lmkd    (  610): Attempt to wait for a kill while another wait is in progress
07-17 00:20:47.022 E/lmkd    (  610): Attempt to wait for a kill while another wait is in progress
07-17 00:20:47.032 E/WindowManager( 1348): win=Window{3cf4996 u0 com.mojojojoo.sosifyapp/com.mojojojoo.sosifyapp.MainActivity} destroySurfaces: appStopped=true cleanupOnResume=false win.mWindowRemovalAllowed=false win.mRemoveOnExit=false win.mViewVisibility=8 caller=com.android.server.wm.ActivityRecord.destroySurfaces:25 com.android.server.wm.ActivityRecord.activityStopped:192 com.android.server.wm.ActivityClientController.activityStopped:97 android.app.IActivityClientController$Stub.onTransact:740 com.android.server.wm.ActivityClientController.onTransact:1 android.os.Binder.execTransactInternal:1462 android.os.Binder.execTransact:1401 
07-17 00:20:47.040 E/SurfaceFlinger( 1006): alpha changed 1.000 -> 0.000 - Surface(name=5e7ef38 InputMethod)/@0x754e476 - animation-leash of insets_animation#5999
07-17 00:20:47.065 E/lowmemorykiller(  610): process_mrelease 27039 failed: No such process
07-17 00:20:47.065 E/lowmemorykiller(  610): process_mrelease 2477 failed: No such process
07-17 00:20:47.077 E/RefreshRateSelector( 1006): Can't find HRR max refresh rate by policy with the same group 0
07-17 00:20:47.133 E/VendorTagDescriptor(11335): lookupTag: Tag name 'statisticsBeautyAvailableFaceDetectModes' does not exist.
07-17 00:20:47.133 E/SemCameraCharacteristics(11335): UnsupportedOperationException - CameraCharacteristics.Key(samsung.android.unihal.statisticsBeautyAvailableFaceDetectModes) is not supported - java.lang.IllegalArgumentException: Could not find tag for key 'samsung.android.unihal.statisticsBeautyAvailableFaceDetectModes')
07-17 00:20:47.133 E/VendorTagDescriptor(11335): lookupTag: Tag name 'colorSpaceAvailableModes' does not exist.
07-17 00:20:47.134 E/SemCameraCharacteristics(11335): UnsupportedOperationException - CameraCharacteristics.Key(samsung.android.control.colorSpaceAvailableModes) is not supported - java.lang.IllegalArgumentException: Could not find tag for key 'samsung.android.control.colorSpaceAvailableModes')
07-17 00:20:47.151 E/VendorTagDescriptor(11335): lookupTag: Tag name 'externalLensType' does not exist.
07-17 00:20:47.151 E/SemCaptureRequest(11335): UnsupportedOperationException - CaptureRequest.Key(samsung.android.control.externalLensType) is not supported - java.lang.IllegalArgumentException: Could not find tag for key 'samsung.android.control.externalLensType')
07-17 00:20:47.151 E/VendorTagDescriptor(11335): lookupTag: Tag name 'externalLensType' does not exist.
07-17 00:20:47.151 E/SemCaptureRequest(11335): UnsupportedOperationException - CaptureRequest.Key(samsung.android.control.externalLensType) is not supported - java.lang.IllegalArgumentException: Could not find tag for key 'samsung.android.control.externalLensType')
07-17 00:20:47.152 E/VendorTagDescriptor(11335): lookupTag: Tag name 'fastCaptureOption' does not exist.
07-17 00:20:47.152 E/SemCaptureRequest(11335): UnsupportedOperationException - CaptureRequest.Key(samsung.android.control.fastCaptureOption) is not supported - java.lang.IllegalArgumentException: Could not find tag for key 'samsung.android.control.fastCaptureOption')
07-17 00:20:47.152 E/VendorTagDescriptor(11335): lookupTag: Tag name 'fastCaptureOption' does not exist.
07-17 00:20:47.152 E/SemCaptureRequest(11335): UnsupportedOperationException - CaptureRequest.Key(samsung.android.control.fastCaptureOption) is not supported - java.lang.IllegalArgumentException: Could not find tag for key 'samsung.android.control.fastCaptureOption')
07-17 00:20:47.152 E/VendorTagDescriptor(11335): lookupTag: Tag name 'initialZoomRatio' does not exist.
07-17 00:20:47.152 E/SemCaptureRequest(11335): UnsupportedOperationException - CaptureRequest.Key(samsung.android.control.initialZoomRatio) is not supported - java.lang.IllegalArgumentException: Could not find tag for key 'samsung.android.control.initialZoomRatio')
07-17 00:20:47.152 E/VendorTagDescriptor(11335): lookupTag: Tag name 'initialZoomRatio' does not exist.
07-17 00:20:47.152 E/SemCaptureRequest(11335): UnsupportedOperationException - CaptureRequest.Key(samsung.android.control.initialZoomRatio) is not supported - java.lang.IllegalArgumentException: Could not find tag for key 'samsung.android.control.initialZoomRatio')
07-17 00:20:47.152 E/VendorTagDescriptor(11335): lookupTag: Tag name 'specialImageQualityPolicy' does not exist.
07-17 00:20:47.153 E/SemCaptureRequest(11335): UnsupportedOperationException - CaptureRequest.Key(samsung.android.control.specialImageQualityPolicy) is not supported - java.lang.IllegalArgumentException: Could not find tag for key 'samsung.android.control.specialImageQualityPolicy')
07-17 00:20:47.153 E/VendorTagDescriptor(11335): lookupTag: Tag name 'specialImageQualityPolicy' does not exist.
07-17 00:20:47.153 E/SemCaptureRequest(11335): UnsupportedOperationException - CaptureRequest.Key(samsung.android.control.specialImageQualityPolicy) is not supported - java.lang.IllegalArgumentException: Could not find tag for key 'samsung.android.control.specialImageQualityPolicy')
07-17 00:20:47.154 E/VendorTagDescriptor(11335): lookupTag: Tag name 'colorSpaceMode' does not exist.
07-17 00:20:47.154 E/SemCaptureRequest(11335): UnsupportedOperationException - CaptureRequest.Key(samsung.android.control.colorSpaceMode) is not supported - java.lang.IllegalArgumentException: Could not find tag for key 'samsung.android.control.colorSpaceMode')
07-17 00:20:47.154 E/VendorTagDescriptor(11335): lookupTag: Tag name 'colorSpaceMode' does not exist.
07-17 00:20:47.154 E/SemCaptureRequest(11335): UnsupportedOperationException - CaptureRequest.Key(samsung.android.control.colorSpaceMode) is not supported - java.lang.IllegalArgumentException: Could not find tag for key 'samsung.android.control.colorSpaceMode')
07-17 00:20:47.154 E/VendorTagDescriptor(11335): lookupTag: Tag name 'adaptivePixelMode' does not exist.
07-17 00:20:47.155 E/SemCaptureRequest(11335): UnsupportedOperationException - CaptureRequest.Key(samsung.android.control.adaptivePixelMode) is not supported - java.lang.IllegalArgumentException: Could not find tag for key 'samsung.android.control.adaptivePixelMode')
07-17 00:20:47.155 E/VendorTagDescriptor(11335): lookupTag: Tag name 'adaptivePixelMode' does not exist.
07-17 00:20:47.155 E/SemCaptureRequest(11335): UnsupportedOperationException - CaptureRequest.Key(samsung.android.control.adaptivePixelMode) is not supported - java.lang.IllegalArgumentException: Could not find tag for key 'samsung.android.control.adaptivePixelMode')
07-17 00:20:47.161 E/RequestManager_FLP( 3109): [LocationManager] Location remove 493CA212 from com.google.android.gms.persistent
07-17 00:20:47.167 E/RequestManager_FLP( 3109): [LocationManager] Location remove 109BFC0F from com.google.android.gms.persistent
07-17 00:20:47.213 E/ExynosCameraSec(  964): [CAM(1)][Front_0]-(m_enumStreamInfo[14340]):supported image format(0x22) usage(0x20933) stream_type(0)
07-17 00:20:47.213 E/ExynosCameraSec(  964): [CAM(1)][Front_0]-(m_enumStreamInfo[14340]):supported image format(0x21) usage(0x20003) stream_type(0)
07-17 00:20:47.215 E/ExynosCameraSec(  964): [CAM(1)][Front_0]-(m_enumStreamInfo[14340]):supported image format(0x23) usage(0x20033) stream_type(0)
07-17 00:20:47.215 E/ExynosCameraSec(  964): [CAM(1)][Front_0]-(m_enumStreamInfo[14340]):supported image format(0x21) usage(0x20003) stream_type(0)
07-17 00:20:47.215 E/ExynosCameraSec(  964): [CAM(1)][Front_0]-(m_enumStreamInfo[14340]):supported image format(0x23) usage(0x20033) stream_type(0)
07-17 00:20:47.232 E/ImeBackDispatcher(11335): Ime callback not found. Ignoring unregisterReceivedCallback. callbackId: 71559386
07-17 00:20:47.399 E/VendorTagDescriptor(11335): lookupTag: Tag name 'pppTid' does not exist.
07-17 00:20:47.399 E/SemCaptureRequest(11335): UnsupportedOperationException - CaptureRequest.Key(samsung.android.control.pppTid) is not supported - java.lang.IllegalArgumentException: Could not find tag for key 'samsung.android.control.pppTid')
07-17 00:20:47.399 E/VendorTagDescriptor(11335): lookupTag: Tag name 'pppTid' does not exist.
07-17 00:20:47.399 E/SemCaptureRequest(11335): UnsupportedOperationException - CaptureRequest.Key(samsung.android.control.pppTid) is not supported - java.lang.IllegalArgumentException: Could not find tag for key 'samsung.android.control.pppTid')
07-17 00:20:47.410 E/SemCaptureRequest(11335): UnsupportedOperationException - CaptureRequest.Key(samsung.android.edge.mode) is not supported - java.lang.IllegalArgumentException: Could not find tag for key 'samsung.android.edge.mode')
07-17 00:20:47.411 E/SemCaptureRequest(11335): UnsupportedOperationException - CaptureRequest.Key(samsung.android.edge.mode) is not supported - java.lang.IllegalArgumentException: Could not find tag for key 'samsung.android.edge.mode')
07-17 00:20:47.411 E/SemCaptureRequest(11335): UnsupportedOperationException - CaptureRequest.Key(samsung.android.edge.mode) is not supported - java.lang.IllegalArgumentException: Could not find tag for key 'samsung.android.edge.mode')
07-17 00:20:47.419 E/VendorTagDescriptor( 1108): lookupTag: Tag name 'requestHint' does not exist.
07-17 00:20:47.451 E/SecCameraUtil(  964): [CAM(-1)][]-(getDualCalFileName[1217]):Invalid Scenario! fail
07-17 00:20:47.451 E/ExynosCameraSec(  964): [CAM(1)][Front_0]-(m_readAllDualCalData[25860]):Fail Read DualCal(0 0)(-1)!!
07-17 00:20:47.457 E/SensorListener(  964): Unsupported sensor type is ordered!(32)
07-17 00:20:47.466 E/SensorListener(  964): Sensor(2) is not enabled yet!
07-17 00:20:47.466 E/SensorListener(  964): Sensor(2) is not enabled yet!
07-17 00:20:47.466 E/SensorListener(  964): Sensor(2) is not enabled yet!
07-17 00:20:47.498 E/AccessibilityManager(11335): semUpdateAssitantMenu invoking from manager:
07-17 00:20:47.546 E/VendorTagDescriptor(11335): lookupTag: Tag name 'displayFlipHint' does not exist.
07-17 00:20:47.547 E/SemCaptureRequest(11335): UnsupportedOperationException - CaptureRequest.Key(samsung.android.control.displayFlipHint) is not supported - java.lang.IllegalArgumentException: Could not find tag for key 'samsung.android.control.displayFlipHint')
07-17 00:20:47.587 E/WindowManager( 1348): win=Window{5e7ef38 u0 InputMethod} destroySurfaces: appStopped=true cleanupOnResume=false win.mWindowRemovalAllowed=false win.mRemoveOnExit=false win.mViewVisibility=8 caller=com.android.server.wm.WindowManagerService.tryStartExitingAnimation:134 com.android.server.wm.WindowManagerService.relayoutWindow:1160 com.android.server.wm.Session.relayout:27 android.view.IWindowSession$Stub.onTransact:829 com.android.server.wm.Session.onTransact:1 android.os.Binder.execTransactInternal:1457 android.os.Binder.execTransact:1401 
07-17 00:20:47.590 E/ExynosCameraRequestManagerSec(  964): [CAM(1)][]-(sendNotifyError[1396]):[R0 F1] RESULT ERROR
07-17 00:20:47.590 E/ExynosCameraSec(  964): [CAM(1)][Front_0]-(m_checkStreamBufferStatus[2788]):[R0 F1 S4] buffer status(1)
07-17 00:20:47.591 E/CameraDeviceClient( 1108): notifyError: pid=11335, errorCode=4, errorStreamId=0, frameNumber=0
07-17 00:20:47.591 E/CameraDeviceClient( 1108): notifyError: pid=11335, skipClientNotification=false
07-17 00:20:47.592 E/CameraDeviceClient( 1108): notifyError: pid=11335, errorCode=5, errorStreamId=1, frameNumber=0
07-17 00:20:47.592 E/CameraDeviceClient( 1108): notifyError: pid=11335, skipClientNotification=false
07-17 00:20:47.618 E/SurfaceFlinger( 1006): alpha changed 1.000 -> 0.000 - Surface(name=5e7ef38 InputMethod)/@0x754e476 - animation-leash of insets_animation#6004
07-17 00:20:47.624 E/ExynosCameraRequestManagerSec(  964): [CAM(1)][]-(sendNotifyError[1396]):[R1 F2] RESULT ERROR
07-17 00:20:47.624 E/ExynosCameraSec(  964): [CAM(1)][Front_0]-(m_checkStreamBufferStatus[2788]):[R1 F2 S4] buffer status(1)
07-17 00:20:47.624 E/CameraDeviceClient( 1108): notifyError: pid=11335, errorCode=4, errorStreamId=0, frameNumber=1
07-17 00:20:47.624 E/CameraDeviceClient( 1108): notifyError: pid=11335, skipClientNotification=false
07-17 00:20:47.625 E/CameraDeviceClient( 1108): notifyError: pid=11335, errorCode=5, errorStreamId=1, frameNumber=1
07-17 00:20:47.625 E/CameraDeviceClient( 1108): notifyError: pid=11335, skipClientNotification=false
07-17 00:20:47.625 E/Camera3-OutputStream( 1108): returnBufferCheckedLocked: A frame is dropped for stream 1 frame 1 , due to buffer error.
07-17 00:20:47.692 E/vndksupport(11335): Could not load libcdsprpc.so from sphal namespace: dlopen failed: library "libcdsprpc.so" not found.
07-17 00:20:47.741 E/SemSpeechRecognizer(11335): Error : Could not find libsasr-jni.so && libOemBargeInEngine.so
07-17 00:20:47.802 E/ArcSoft_C(11335): ARC_FL_PrjLibKey={ArcSoft_Solution_21,ArcSoft_Solution_26,ArcSoft_Solution_27,ArcSoft_Solution_48}
07-17 00:20:47.818 E/HeatmapThread(  987): ECT Thread time in milliseconds: 1784229647
07-17 00:20:47.818 E/HeatmapThread(  987): !@Could not open '/efs/FactoryApp/bsoh', errno = 13
07-17 00:20:47.818 E/HeatmapThread(  987): !@ CAM Could not access BSOH EFS
07-17 00:20:47.818 E/HeatmapThread(  987): !@ CAM New BSOH: 0
07-17 00:20:48.818 E/HeatmapThread(  987): ECT Thread time in milliseconds: 1784229648
07-17 00:20:48.818 E/HeatmapThread(  987): !@Could not open '/efs/FactoryApp/bsoh', errno = 13
07-17 00:20:48.818 E/HeatmapThread(  987): !@ CAM Could not access BSOH EFS
07-17 00:20:48.819 E/HeatmapThread(  987): !@ CAM New BSOH: 0
07-17 00:20:49.326 E/TaskPersister( 1348): File error accessing recents directory (directory doesn't exist?).
07-17 00:20:49.326 E/TaskPersister( 1348): File error accessing recents directory (directory doesn't exist?).
07-17 00:20:49.327 E/TaskPersister( 1348): File error accessing recents directory (directory doesn't exist?).
07-17 00:20:49.449 E/ExynosCameraRequestManagerSec(  964): [CAM(1)][]-(sendNotifyError[1396]):[R36 F37] RESULT ERROR
07-17 00:20:49.450 E/CameraDeviceClient( 1108): notifyError: pid=11335, errorCode=4, errorStreamId=0, frameNumber=36
07-17 00:20:49.450 E/CameraDeviceClient( 1108): notifyError: pid=11335, skipClientNotification=false
07-17 00:20:49.450 E/ExynosCameraRequestManagerSec(  964): [CAM(1)][]-(sendNotifyError[1389]):[R37 F38] REQUEST ERROR
07-17 00:20:49.450 E/CameraDeviceClient( 1108): notifyError: pid=11335, errorCode=3, errorStreamId=0, frameNumber=37
07-17 00:20:49.450 E/CameraDeviceClient( 1108): notifyError: pid=11335, skipClientNotification=false
07-17 00:20:49.450 E/ExynosCameraParametersSec(  964): [CAM(1)][Front_0]-(getSize[9090]):Invalid outputPortId(-1)
07-17 00:20:49.451 E/CameraDeviceClient( 1108): notifyError: pid=11335, errorCode=5, errorStreamId=1, frameNumber=36
07-17 00:20:49.451 E/ExynosCameraRequestManagerSec(  964): [CAM(1)][]-(sendNotifyError[1389]):[R38 F39] REQUEST ERROR
07-17 00:20:49.451 E/CameraDeviceClient( 1108): notifyError: pid=11335, skipClientNotification=false
07-17 00:20:49.451 E/Camera3-OutputStream( 1108): returnBufferCheckedLocked: A frame is dropped for stream 1 frame 36 , due to buffer error.
07-17 00:20:49.451 E/CameraDeviceClient( 1108): notifyError: pid=11335, errorCode=3, errorStreamId=0, frameNumber=38
07-17 00:20:49.451 E/CameraDeviceClient( 1108): notifyError: pid=11335, skipClientNotification=false
07-17 00:20:49.451 E/ExynosCameraParametersSec(  964): [CAM(1)][Front_0]-(getSize[9090]):Invalid outputPortId(-1)
07-17 00:20:49.451 E/ExynosCameraRequestManagerSec(  964): [CAM(1)][]-(sendNotifyError[1389]):[R39 F40] REQUEST ERROR
07-17 00:20:49.451 E/CameraDeviceClient( 1108): notifyError: pid=11335, errorCode=3, errorStreamId=0, frameNumber=39
07-17 00:20:49.451 E/CameraDeviceClient( 1108): notifyError: pid=11335, skipClientNotification=false
07-17 00:20:49.451 E/ExynosCameraParametersSec(  964): [CAM(1)][Front_0]-(getSize[9090]):Invalid outputPortId(-1)
07-17 00:20:49.452 E/ExynosCameraRequestManagerSec(  964): [CAM(1)][]-(sendNotifyError[1389]):[R40 F0] REQUEST ERROR
07-17 00:20:49.452 E/CameraDeviceClient( 1108): notifyError: pid=11335, errorCode=3, errorStreamId=0, frameNumber=40
07-17 00:20:49.452 E/CameraDeviceClient( 1108): notifyError: pid=11335, skipClientNotification=false
07-17 00:20:49.452 E/ExynosCameraParametersSec(  964): [CAM(1)][Front_0]-(getSize[9090]):Invalid outputPortId(-1)
07-17 00:20:49.452 E/ExynosCameraRequestManager(  964): [CAM(-1)][]-(getAcquireFenceDone[588]):[R40 F0] m_pop failed, handle is not EXIST
07-17 00:20:49.452 E/ExynosCameraRequestManagerSec(  964): [CAM(1)][]-(sendNotifyError[1389]):[R41 F0] REQUEST ERROR
07-17 00:20:49.452 E/CameraDeviceClient( 1108): notifyError: pid=11335, errorCode=3, errorStreamId=0, frameNumber=41
07-17 00:20:49.452 E/CameraDeviceClient( 1108): notifyError: pid=11335, skipClientNotification=false
07-17 00:20:49.452 E/ExynosCameraParametersSec(  964): [CAM(1)][Front_0]-(getSize[9090]):Invalid outputPortId(-1)
07-17 00:20:49.452 E/ExynosCameraRequestManager(  964): [CAM(-1)][]-(getAcquireFenceDone[588]):[R41 F0] m_pop failed, handle is not EXIST
07-17 00:20:49.455 E/Camera3-OutputStream( 1108): returnBufferCheckedLocked: A frame is dropped for stream 1 frame 37 , due to buffer error.
07-17 00:20:49.459 E/Camera3-OutputStream( 1108): returnBufferCheckedLocked: A frame is dropped for stream 1 frame 38 , due to buffer error.
07-17 00:20:49.460 E/Camera3-OutputStream( 1108): returnBufferCheckedLocked: A frame is dropped for stream 1 frame 39 , due to buffer error.
07-17 00:20:49.463 E/Camera3-OutputStream( 1108): returnBufferCheckedLocked: A frame is dropped for stream 1 frame 40 , due to buffer error.
07-17 00:20:49.465 E/Camera3-OutputStream( 1108): returnBufferCheckedLocked: A frame is dropped for stream 1 frame 41 , due to buffer error.
07-17 00:20:49.479 E/Camera2-FrameProcessorBase( 1108): removeListener: 
07-17 00:20:49.484 E/RefreshRateSelector( 1006): Can't find HRR max refresh rate by policy with the same group 0
07-17 00:20:49.511 E/ExynosCameraBufferManagerVendor(  964): [CAM(1)][CAPTURE_CB_STALL_STREAM_BUF]-(m_getTotalPlaneCount[865]):Invalid values. planeCount 0 batchSize 1
07-17 00:20:49.511 E/ExynosCameraBufferManagerVendor(  964): [CAM(1)][CAPTURE_CB_STALL_STREAM_BUF]-(m_getTotalPlaneCount[865]):Invalid values. planeCount 0 batchSize 1
07-17 00:20:49.511 E/ExynosCameraBufferManagerVendor(  964): [CAM(1)][CAPTURE_CB_STALL_STREAM_BUF]-(m_getTotalPlaneCount[865]):Invalid values. planeCount 0 batchSize 1
07-17 00:20:49.511 E/ExynosCameraBufferManagerVendor(  964): [CAM(1)][CAPTURE_CB_STALL_STREAM_BUF]-(m_getTotalPlaneCount[865]):Invalid values. planeCount 0 batchSize 1
07-17 00:20:49.511 E/ExynosCameraBufferManagerVendor(  964): [CAM(1)][CAPTURE_CB_STALL_STREAM_BUF]-(m_getTotalPlaneCount[865]):Invalid values. planeCount 0 batchSize 1
07-17 00:20:49.511 E/ExynosCameraBufferManagerVendor(  964): [CAM(1)][CAPTURE_CB_STALL_STREAM_BUF]-(m_getTotalPlaneCount[865]):Invalid values. planeCount 0 batchSize 1
07-17 00:20:49.511 E/ExynosCameraBufferManagerVendor(  964): [CAM(1)][CAPTURE_CB_STALL_STREAM_BUF]-(m_getTotalPlaneCount[865]):Invalid values. planeCount 0 batchSize 1
07-17 00:20:49.511 E/ExynosCameraBufferManagerVendor(  964): [CAM(1)][CAPTURE_CB_STALL_STREAM_BUF]-(m_getTotalPlaneCount[865]):Invalid values. planeCount 0 batchSize 1
07-17 00:20:49.514 E/ExynosCameraNode(  964): [CAM(1)][REPROCESSING_3AA_DRC]-(close[226]):fd(-1) is invalid skip close
07-17 00:20:49.514 E/ExynosCameraNode(  964): [CAM(1)][REPROCESSING_PROCESSED_RAW]-(close[226]):fd(-1) is invalid skip close
07-17 00:20:49.514 E/ExynosCameraNode(  964): [CAM(1)][REPROCESSING_3AA_FD]-(close[226]):fd(-1) is invalid skip close
07-17 00:20:49.514 E/ExynosCameraNode(  964): [CAM(1)][REPROCESSING_3AA_CAPTURE_MAIN]-(close[226]):fd(-1) is invalid skip close
07-17 00:20:49.514 E/ExynosCameraNode(  964): [CAM(1)][REPROCESSING_3AA_CAPTURE_OPT]-(close[226]):fd(-1) is invalid skip close
07-17 00:20:49.516 E/ExynosCameraNode(  964): [CAM(1)][REPROCESSING_ISP_NOISE]-(close[226]):fd(-1) is invalid skip close
07-17 00:20:49.517 E/ExynosCameraNode(  964): [CAM(1)][REPROCESSING_ISP_NRDS]-(close[226]):fd(-1) is invalid skip close
07-17 00:20:49.517 E/ExynosCameraNode(  964): [CAM(1)][MCFP_DST_IMG_REPROCESSING]-(close[226]):fd(-1) is invalid skip close
07-17 00:20:49.517 E/ExynosCameraNode(  964): [CAM(1)][REPROCESSING_MCSC_CAPTURE_THUMBNAIL]-(close[226]):fd(-1) is invalid skip close
07-17 00:20:49.517 E/ExynosCameraNode(  964): [CAM(1)][REPROCESSING_MCSC_CAPTURE_MAIN]-(close[226]):fd(-1) is invalid skip close
07-17 00:20:49.517 E/ExynosCameraNode(  964): [CAM(1)][REPROCESSING_MCSC_CAPTURE_YUV_0]-(close[226]):fd(-1) is invalid skip close
07-17 00:20:49.517 E/ExynosCameraNode(  964): [CAM(1)][REPROCESSING_ISP_DRC_GAIN]-(close[226]):fd(-1) is invalid skip close
07-17 00:20:49.517 E/ExynosCameraNode(  964): [CAM(1)][MCFP_SRC_PREV_IMG_REPROCESSING]-(close[226]):fd(-1) is invalid skip close
07-17 00:20:49.517 E/ExynosCameraNode(  964): [CAM(1)][REPROCESSING_ISP_SVHIST]-(close[226]):fd(-1) is invalid skip close
07-17 00:20:49.517 E/ExynosCameraNode(  964): [CAM(1)][ISP_LME_REPROCESSING]-(close[226]):fd(-1) is invalid skip close
07-17 00:20:49.517 E/ExynosCameraNode(  964): [CAM(1)][REPROCESSING_ISP_DRC_GRID]-(close[226]):fd(-1) is invalid skip close
07-17 00:20:49.519 E/libcsc  (  964): csc_deinit:: unsupported csc_hw_type
07-17 00:20:49.519 E/libcsc  (  964): csc_deinit:: unsupported csc_hw_type
07-17 00:20:49.519 E/libcsc  (  964): csc_deinit:: unsupported csc_hw_type
07-17 00:20:49.519 E/ExynosCameraNode(  964): [CAM(1)][LME_DST_ME_REPROCESSING]-(close[226]):fd(-1) is invalid skip close
07-17 00:20:49.520 E/ExynosCameraNode(  964): [CAM(1)][LME_SW_DST_REPROCESSING]-(close[226]):fd(-1) is invalid skip close
07-17 00:20:49.522 E/ExynosCameraBufferManagerVendor(  964): [CAM(1)][CAPTURE_CB_STALL_CLONE_STREAM_BUF]-(m_getTotalPlaneCount[865]):Invalid values. planeCount 0 batchSize 1
07-17 00:20:49.522 E/ExynosCameraBufferManagerVendor(  964): [CAM(1)][CAPTURE_CB_STALL_CLONE_STREAM_BUF]-(m_getTotalPlaneCount[865]):Invalid values. planeCount 0 batchSize 1
07-17 00:20:49.523 E/ExynosCameraBufferManagerVendor(  964): [CAM(1)][CAPTURE_CB_STALL_CLONE_STREAM_BUF]-(m_getTotalPlaneCount[865]):Invalid values. planeCount 0 batchSize 1
07-17 00:20:49.523 E/ExynosCameraBufferManagerVendor(  964): [CAM(1)][CAPTURE_CB_STALL_CLONE_STREAM_BUF]-(m_getTotalPlaneCount[865]):Invalid values. planeCount 0 batchSize 1
07-17 00:20:49.523 E/ExynosCameraBufferManagerVendor(  964): [CAM(1)][CAPTURE_CB_STALL_CLONE_STREAM_BUF]-(m_getTotalPlaneCount[865]):Invalid values. planeCount 0 batchSize 1
07-17 00:20:49.523 E/ExynosCameraBufferManagerVendor(  964): [CAM(1)][CAPTURE_CB_STALL_CLONE_STREAM_BUF]-(m_getTotalPlaneCount[865]):Invalid values. planeCount 0 batchSize 1
07-17 00:20:49.523 E/ExynosCameraBufferManagerVendor(  964): [CAM(1)][CAPTURE_CB_STALL_CLONE_STREAM_BUF]-(m_getTotalPlaneCount[865]):Invalid values. planeCount 0 batchSize 1
07-17 00:20:49.523 E/ExynosCameraBufferManagerVendor(  964): [CAM(1)][CAPTURE_CB_STALL_CLONE_STREAM_BUF]-(m_getTotalPlaneCount[865]):Invalid values. planeCount 0 batchSize 1
