07-17 00:20:49.526 E/ExynosCameraNode(  964): [CAM(1)][3AA_DRC]-(close[226]):fd(-1) is invalid skip close
07-17 00:20:49.526 E/ExynosCameraNode(  964): [CAM(1)][3AA_ORBC]-(close[226]):fd(-1) is invalid skip close
07-17 00:20:49.526 E/ExynosCameraNode(  964): [CAM(1)][3AA_FD]-(close[226]):fd(-1) is invalid skip close
07-17 00:20:49.526 E/ExynosCameraNode(  964): [CAM(1)][3AA_PREVIEW]-(close[226]):fd(-1) is invalid skip close
07-17 00:20:49.526 E/ExynosCameraNode(  964): [CAM(1)][3AA_CAPTURE]-(close[226]):fd(-1) is invalid skip close
07-17 00:20:49.548 E/ExynosCameraNode(  964): [CAM(1)][ISP_NOISE]-(close[226]):fd(-1) is invalid skip close
07-17 00:20:49.548 E/ExynosCameraNode(  964): [CAM(1)][ISP_NRDS]-(close[226]):fd(-1) is invalid skip close
07-17 00:20:49.548 E/ExynosCameraNode(  964): [CAM(1)][MCSC_RECORDING]-(close[226]):fd(-1) is invalid skip close
07-17 00:20:49.548 E/ExynosCameraNode(  964): [CAM(1)][MCSC_PREVIEW_CALLBACK]-(close[226]):fd(-1) is invalid skip close
07-17 00:20:49.548 E/ExynosCameraNode(  964): [CAM(1)][MCSC_PREVIEW]-(close[226]):fd(-1) is invalid skip close
07-17 00:20:49.548 E/ExynosCameraNode(  964): [CAM(1)][ISP_DRC_GAIN]-(close[226]):fd(-1) is invalid skip close
07-17 00:20:49.549 E/ExynosCameraNode(  964): [CAM(1)][ISP_SVHIST]-(close[226]):fd(-1) is invalid skip close
07-17 00:20:49.549 E/ExynosCameraNode(  964): [CAM(1)][ISP_LME]-(close[226]):fd(-1) is invalid skip close
07-17 00:20:49.549 E/ExynosCameraNode(  964): [CAM(1)][ISP_DRC_GRID]-(close[226]):fd(-1) is invalid skip close
07-17 00:20:49.556 E/libcsc  (  964): csc_deinit:: unsupported csc_hw_type
07-17 00:20:49.557 E/libcsc  (  964): csc_deinit:: unsupported csc_hw_type
07-17 00:20:49.557 E/libcsc  (  964): csc_deinit:: unsupported csc_hw_type
07-17 00:20:49.559 E/ExynosCameraNode(  964): [CAM(1)][LME_DST]-(close[226]):fd(-1) is invalid skip close
07-17 00:20:49.560 E/ExynosCameraNode(  964): [CAM(1)][LME_SW_DST]-(close[226]):fd(-1) is invalid skip close
07-17 00:20:49.609 E/NfcService( 2541): setReaderMode: Reader mode Binder was never registered
07-17 00:20:49.632 E/VendorTagDescriptor(11335): lookupTag: Tag name 'statisticsBeautyAvailableFaceDetectModes' does not exist.
07-17 00:20:49.632 E/SemCameraCharacteristics(11335): UnsupportedOperationException - CameraCharacteristics.Key(samsung.android.unihal.statisticsBeautyAvailableFaceDetectModes) is not supported - java.lang.IllegalArgumentException: Could not find tag for key 'samsung.android.unihal.statisticsBeautyAvailableFaceDetectModes')
07-17 00:20:49.633 E/VendorTagDescriptor(11335): lookupTag: Tag name 'colorSpaceAvailableModes' does not exist.
07-17 00:20:49.633 E/SemCameraCharacteristics(11335): UnsupportedOperationException - CameraCharacteristics.Key(samsung.android.control.colorSpaceAvailableModes) is not supported - java.lang.IllegalArgumentException: Could not find tag for key 'samsung.android.control.colorSpaceAvailableModes')
07-17 00:20:49.638 E/NativeCustomFrequencyManager( 1006): [NativeCFMS] BpCustomFrequencyManager::acquire()
07-17 00:20:49.669 E/ExynosCameraSec(  964): Build Date is (May  5 2026) (20:39:00) Process 64 bit
07-17 00:20:49.684 E/vendor.samsung.hardware.camera.provider@4.0-service_64(  964): [CAM(-1)][]-(m_readEfsFile[364]):ERR :failed to open sysfs entry
07-17 00:20:49.685 E/vendor.samsung.hardware.camera.provider@4.0-service_64(  964): [CAM(-1)][]-(m_executeIoctlCommand[237]):failed to ioctl: (7) IS_CAMINFO_IOCTL_COMMAND (14 - Bad address)
07-17 00:20:49.685 E/vendor.samsung.hardware.camera.provider@4.0-service_64(  964): [CAM(-1)][]-(setCameraEfsData[137]):failed to communicate kernel: (2)
07-17 00:20:49.722 E/Camera2-FrameProcessorBase( 1108): FrameProcessorBase: created
07-17 00:20:49.723 E/Camera2-FrameProcessorBase( 1108): registerListener: Registering listener for frame id range 0 - 2147483647
07-17 00:20:49.774 E/VendorTagDescriptor(11335): lookupTag: Tag name 'externalLensType' does not exist.
07-17 00:20:49.774 E/SemCaptureRequest(11335): UnsupportedOperationException - CaptureRequest.Key(samsung.android.control.externalLensType) is not supported - java.lang.IllegalArgumentException: Could not find tag for key 'samsung.android.control.externalLensType')
07-17 00:20:49.774 E/VendorTagDescriptor(11335): lookupTag: Tag name 'externalLensType' does not exist.
07-17 00:20:49.774 E/SemCaptureRequest(11335): UnsupportedOperationException - CaptureRequest.Key(samsung.android.control.externalLensType) is not supported - java.lang.IllegalArgumentException: Could not find tag for key 'samsung.android.control.externalLensType')
07-17 00:20:49.774 E/VendorTagDescriptor(11335): lookupTag: Tag name 'fastCaptureOption' does not exist.
07-17 00:20:49.774 E/SemCaptureRequest(11335): UnsupportedOperationException - CaptureRequest.Key(samsung.android.control.fastCaptureOption) is not supported - java.lang.IllegalArgumentException: Could not find tag for key 'samsung.android.control.fastCaptureOption')
07-17 00:20:49.774 E/VendorTagDescriptor(11335): lookupTag: Tag name 'fastCaptureOption' does not exist.
07-17 00:20:49.774 E/SemCaptureRequest(11335): UnsupportedOperationException - CaptureRequest.Key(samsung.android.control.fastCaptureOption) is not supported - java.lang.IllegalArgumentException: Could not find tag for key 'samsung.android.control.fastCaptureOption')
07-17 00:20:49.774 E/VendorTagDescriptor(11335): lookupTag: Tag name 'initialZoomRatio' does not exist.
07-17 00:20:49.774 E/SemCaptureRequest(11335): UnsupportedOperationException - CaptureRequest.Key(samsung.android.control.initialZoomRatio) is not supported - java.lang.IllegalArgumentException: Could not find tag for key 'samsung.android.control.initialZoomRatio')
07-17 00:20:49.774 E/VendorTagDescriptor(11335): lookupTag: Tag name 'initialZoomRatio' does not exist.
07-17 00:20:49.774 E/SemCaptureRequest(11335): UnsupportedOperationException - CaptureRequest.Key(samsung.android.control.initialZoomRatio) is not supported - java.lang.IllegalArgumentException: Could not find tag for key 'samsung.android.control.initialZoomRatio')
07-17 00:20:49.775 E/VendorTagDescriptor(11335): lookupTag: Tag name 'specialImageQualityPolicy' does not exist.
07-17 00:20:49.775 E/SemCaptureRequest(11335): UnsupportedOperationException - CaptureRequest.Key(samsung.android.control.specialImageQualityPolicy) is not supported - java.lang.IllegalArgumentException: Could not find tag for key 'samsung.android.control.specialImageQualityPolicy')
07-17 00:20:49.775 E/VendorTagDescriptor(11335): lookupTag: Tag name 'specialImageQualityPolicy' does not exist.
07-17 00:20:49.775 E/SemCaptureRequest(11335): UnsupportedOperationException - CaptureRequest.Key(samsung.android.control.specialImageQualityPolicy) is not supported - java.lang.IllegalArgumentException: Could not find tag for key 'samsung.android.control.specialImageQualityPolicy')
07-17 00:20:49.775 E/VendorTagDescriptor(11335): lookupTag: Tag name 'colorSpaceMode' does not exist.
07-17 00:20:49.775 E/SemCaptureRequest(11335): UnsupportedOperationException - CaptureRequest.Key(samsung.android.control.colorSpaceMode) is not supported - java.lang.IllegalArgumentException: Could not find tag for key 'samsung.android.control.colorSpaceMode')
07-17 00:20:49.775 E/VendorTagDescriptor(11335): lookupTag: Tag name 'colorSpaceMode' does not exist.
07-17 00:20:49.775 E/SemCaptureRequest(11335): UnsupportedOperationException - CaptureRequest.Key(samsung.android.control.colorSpaceMode) is not supported - java.lang.IllegalArgumentException: Could not find tag for key 'samsung.android.control.colorSpaceMode')
07-17 00:20:49.775 E/VendorTagDescriptor(11335): lookupTag: Tag name 'adaptivePixelMode' does not exist.
07-17 00:20:49.775 E/SemCaptureRequest(11335): UnsupportedOperationException - CaptureRequest.Key(samsung.android.control.adaptivePixelMode) is not supported - java.lang.IllegalArgumentException: Could not find tag for key 'samsung.android.control.adaptivePixelMode')
07-17 00:20:49.775 E/VendorTagDescriptor(11335): lookupTag: Tag name 'adaptivePixelMode' does not exist.
07-17 00:20:49.775 E/SemCaptureRequest(11335): UnsupportedOperationException - CaptureRequest.Key(samsung.android.control.adaptivePixelMode) is not supported - java.lang.IllegalArgumentException: Could not find tag for key 'samsung.android.control.adaptivePixelMode')
07-17 00:20:49.800 E/ExynosCameraSec(  964): [CAM(0)][Back_0]-(m_enumStreamInfo[14340]):supported image format(0x22) usage(0x20933) stream_type(0)
07-17 00:20:49.800 E/ExynosCameraSec(  964): [CAM(0)][Back_0]-(m_enumStreamInfo[14340]):supported image format(0x21) usage(0x20003) stream_type(0)
07-17 00:20:49.800 E/ExynosCameraSec(  964): [CAM(0)][Back_0]-(m_enumStreamInfo[14340]):supported image format(0x23) usage(0x20033) stream_type(0)
07-17 00:20:49.818 E/HeatmapThread(  987): ECT Thread time in milliseconds: 1784229649
07-17 00:20:49.818 E/HeatmapThread(  987): !@Could not open '/efs/FactoryApp/bsoh', errno = 13
07-17 00:20:49.819 E/HeatmapThread(  987): !@ CAM Could not access BSOH EFS
07-17 00:20:49.819 E/HeatmapThread(  987): !@ CAM New BSOH: 0
07-17 00:20:49.940 E/VendorTagDescriptor(11335): lookupTag: Tag name 'pppTid' does not exist.
07-17 00:20:49.941 E/SemCaptureRequest(11335): UnsupportedOperationException - CaptureRequest.Key(samsung.android.control.pppTid) is not supported - java.lang.IllegalArgumentException: Could not find tag for key 'samsung.android.control.pppTid')
07-17 00:20:49.941 E/VendorTagDescriptor(11335): lookupTag: Tag name 'pppTid' does not exist.
07-17 00:20:49.941 E/SemCaptureRequest(11335): UnsupportedOperationException - CaptureRequest.Key(samsung.android.control.pppTid) is not supported - java.lang.IllegalArgumentException: Could not find tag for key 'samsung.android.control.pppTid')
07-17 00:20:49.949 E/SemCaptureRequest(11335): UnsupportedOperationException - CaptureRequest.Key(samsung.android.edge.mode) is not supported - java.lang.IllegalArgumentException: Could not find tag for key 'samsung.android.edge.mode')
07-17 00:20:49.950 E/SemCaptureRequest(11335): UnsupportedOperationException - CaptureRequest.Key(samsung.android.edge.mode) is not supported - java.lang.IllegalArgumentException: Could not find tag for key 'samsung.android.edge.mode')
07-17 00:20:49.950 E/SemCaptureRequest(11335): UnsupportedOperationException - CaptureRequest.Key(samsung.android.edge.mode) is not supported - java.lang.IllegalArgumentException: Could not find tag for key 'samsung.android.edge.mode')
07-17 00:20:49.954 E/VendorTagDescriptor( 1108): lookupTag: Tag name 'requestHint' does not exist.
07-17 00:20:49.961 E/VendorTagDescriptor(11335): lookupTag: Tag name 'availableRemosaicCropCapabilities' does not exist.
07-17 00:20:49.962 E/SemCameraCharacteristics(11335): UnsupportedOperationException - CameraCharacteristics.Key(samsung.android.scaler.availableRemosaicCropCapabilities) is not supported - java.lang.IllegalArgumentException: Could not find tag for key 'samsung.android.scaler.availableRemosaicCropCapabilities')
07-17 00:20:49.971 E/VendorTagDescriptor(11335): lookupTag: Tag name 'displayFlipHint' does not exist.
07-17 00:20:49.972 E/SemCaptureRequest(11335): UnsupportedOperationException - CaptureRequest.Key(samsung.android.control.displayFlipHint) is not supported - java.lang.IllegalArgumentException: Could not find tag for key 'samsung.android.control.displayFlipHint')
07-17 00:20:49.976 E/SecCameraUtil(  964): [CAM(-1)][]-(getDualCalFileName[1217]):Invalid Scenario! fail
07-17 00:20:49.977 E/ExynosCameraSec(  964): [CAM(0)][Back_0]-(m_readAllDualCalData[25860]):Fail Read DualCal(0 0)(-1)!!
07-17 00:20:50.038 E/SensorService( 1348): BigData:Pakage) 1 already enabled. 
07-17 00:20:50.038 E/SensorsHub(  948): AccSensor : Meta event
07-17 00:20:50.040 E/SensorListener(  964): Sensor(2) is not enabled yet!
07-17 00:20:50.041 E/SensorListener(  964): Sensor(2) is not enabled yet!
07-17 00:20:50.042 E/SensorListener(  964): Sensor(2) is not enabled yet!
07-17 00:20:50.045 E/SensorService( 1348): BigData:Pakage) 4 already enabled. 
07-17 00:20:50.045 E/SensorsHub(  948): GyroSensor : Meta event
07-17 00:20:50.172 E/ExynosCameraRequestManagerSec(  964): [CAM(0)][]-(sendNotifyError[1396]):[R0 F1] RESULT ERROR
07-17 00:20:50.172 E/ExynosCameraSec(  964): [CAM(0)][Back_0]-(m_checkStreamBufferStatus[2788]):[R0 F1 S4] buffer status(1)
07-17 00:20:50.172 E/CameraDeviceClient( 1108): notifyError: pid=11335, errorCode=4, errorStreamId=0, frameNumber=0
07-17 00:20:50.172 E/CameraDeviceClient( 1108): notifyError: pid=11335, skipClientNotification=false
07-17 00:20:50.173 E/CameraDeviceClient( 1108): notifyError: pid=11335, errorCode=5, errorStreamId=1, frameNumber=0
