07-17 00:06:20.911 E/GlobalSettingsRepoBase( 2214): globalgcsettings No matched key : separate_vo5g_icon
07-17 00:06:20.928 E/#IMSCR  ( 2214): 07-17 00:06:20 0x30000009:1,13->18
07-17 00:06:20.929 E/#IMSCR  ( 2214): 07-17 00:06:20 0x40000000:1,none
07-17 00:06:20.930 E/GlobalSettingsRepoBase( 2214): globalgcsettings No matched key : ss_domain_setting
07-17 00:06:20.930 E/CapabilityUtil<1>( 2214): checkModuleReady: mConfig.isAvailable == false
07-17 00:06:20.930 E/CapabilityUtil<1>( 2214): checkModuleReady: mConfig.isAvailable == false
07-17 00:06:20.931 E/GlobalSettingsRepoBase( 2214): globalgcsettings No matched key : use_usim_on_invalid_isim
07-17 00:06:20.931 E/GlobalSettingsRepoBase( 2214): globalgcsettings No matched key : use_usim_on_invalid_isim
07-17 00:06:20.931 E/GlobalSettingsRepoBase( 2214): globalgcsettings No matched key : ss_enable_in_roaming
07-17 00:06:21.317 E/WifiVendorHal( 1437): $r8$lambda$s6w0pmKyq6-tDdqCEDbOV_xqgVE(l.1179) failed {.code = ERROR_NOT_SUPPORTED, .description = }
07-17 00:06:21.450 E/AppOps  ( 1437): attributionTag SLocationService not declared in manifest of android
07-17 00:06:21.457 E/AppOps  ( 1437): attributionTag SLocationService not declared in manifest of android
07-17 00:06:22.009 E/GPUAUX  ( 7408): [AUX]GuiExtAuxCheckAuxPath:663: Null anb
07-17 00:06:22.009 E/GPUAUX  ( 7408): [AUX]GuiExtAuxCheckAuxPath:663: Null anb
07-17 00:06:22.009 E/GPUAUX  ( 7408): [AUX]GuiExtAuxCheckAuxPath:663: Null anb
07-17 00:06:22.009 E/GPUAUX  ( 7408): [AUX]GuiExtAuxCheckAuxPath:663: Null anb
07-17 00:06:22.009 E/GPUAUX  ( 7408): [AUX]GuiExtAuxCheckAuxPath:663: Null anb
07-17 00:06:22.009 E/GPUAUX  ( 7408): [AUX]GuiExtAuxCheckAuxPath:663: Null anb
07-17 00:06:22.009 E/GPUAUX  ( 7408): [AUX]GuiExtAuxCheckAuxPath:663: Null anb
07-17 00:06:22.009 E/GPUAUX  ( 7408): [AUX]GuiExtAuxCheckAuxPath:663: Null anb
07-17 00:06:22.010 E/GPUAUX  ( 7408): [AUX]GuiExtAuxCheckAuxPath:663: Null anb
07-17 00:06:22.010 E/GPUAUX  ( 7408): [AUX]GuiExtAuxCheckAuxPath:663: Null anb
07-17 00:06:22.010 E/GPUAUX  ( 7408): [AUX]GuiExtAuxCheckAuxPath:663: Null anb
07-17 00:06:22.010 E/GPUAUX  ( 7408): [AUX]GuiExtAuxCheckAuxPath:663: Null anb
07-17 00:06:22.010 E/GPUAUX  ( 7408): [AUX]GuiExtAuxCheckAuxPath:663: Null anb
07-17 00:06:22.010 E/GPUAUX  ( 7408): [AUX]GuiExtAuxCheckAuxPath:663: Null anb
07-17 00:06:22.010 E/GPUAUX  ( 7408): [AUX]GuiExtAuxCheckAuxPath:663: Null anb
07-17 00:06:22.010 E/GPUAUX  ( 7408): [AUX]GuiExtAuxCheckAuxPath:663: Null anb
07-17 00:06:22.010 E/GPUAUX  ( 7408): [AUX]GuiExtAuxCheckAuxPath:663: Null anb
07-17 00:06:22.044 E/GPUAUX  ( 7408): [AUX]GuiExtAuxCheckAuxPath:663: Null anb
07-17 00:06:22.044 E/GPUAUX  ( 7408): [AUX]GuiExtAuxCheckAuxPath:663: Null anb
07-17 00:06:22.055 E/GPUAUX  ( 7408): [AUX]GuiExtAuxCheckAuxPath:663: Null anb
07-17 00:06:22.055 E/GPUAUX  ( 7408): [AUX]GuiExtAuxCheckAuxPath:663: Null anb
07-17 00:06:22.055 E/GPUAUX  ( 7408): [AUX]GuiExtAuxCheckAuxPath:663: Null anb
07-17 00:06:22.055 E/GPUAUX  ( 7408): [AUX]GuiExtAuxCheckAuxPath:663: Null anb
07-17 00:06:22.663 E/libprocessgroup( 1437): Failed to find cgroup for tid 2443
07-17 00:06:23.047 E/android.hardware.health@2.1-service-samsung(  853): Could not open /sys/class/power_supply/battery/lrp
07-17 00:06:23.057 E/SecPowerUI.Notification( 1881): no saved value, so we do nothing !!
07-17 00:06:23.592 E/WifiVendorHal( 1437): $r8$lambda$s6w0pmKyq6-tDdqCEDbOV_xqgVE(l.1179) failed {.code = ERROR_NOT_SUPPORTED, .description = }
07-17 00:06:23.805 I/ReactNativeJS( 7408): [BLE Scanner] Match found! MAC: 6E:6C:0D:6F:59:B4, RSSI: -66
07-17 00:06:23.810 I/ReactNativeJS( 7408): [P2P DEBUG] BLE Scanned Peer: 3de7b028. My ID: edca4f97. isInitiator = false
07-17 00:06:23.810 I/ReactNativeJS( 7408): [P2P DEBUG] Triggering native Wi-Fi Direct peer discovery (throttled)...
07-17 00:06:23.821 E/WifiP2pService( 1437): -------discover_peers before p2pFind
07-17 00:06:23.883 I/ReactNativeJS( 7408): [Android Wi-Fi Direct] Peer discovery started via WifiP2pManager.
07-17 00:06:24.115 E/BluetoothRemoteDevices( 2183): Remote class is UNCATEGORIZED
07-17 00:06:24.251 E/GPUAUX  ( 7408): [AUX]GuiExtAuxCheckAuxPath:663: Null anb
07-17 00:06:24.251 E/GPUAUX  ( 7408): [AUX]GuiExtAuxCheckAuxPath:663: Null anb
07-17 00:06:24.251 E/GPUAUX  ( 7408): [AUX]GuiExtAuxCheckAuxPath:663: Null anb
07-17 00:06:24.251 E/GPUAUX  ( 7408): [AUX]GuiExtAuxCheckAuxPath:663: Null anb
07-17 00:06:24.252 E/GPUAUX  ( 7408): [AUX]GuiExtAuxCheckAuxPath:663: Null anb
07-17 00:06:24.252 E/GPUAUX  ( 7408): [AUX]GuiExtAuxCheckAuxPath:663: Null anb
07-17 00:06:24.252 E/GPUAUX  ( 7408): [AUX]GuiExtAuxCheckAuxPath:663: Null anb
07-17 00:06:24.252 E/GPUAUX  ( 7408): [AUX]GuiExtAuxCheckAuxPath:663: Null anb
07-17 00:06:24.252 E/GPUAUX  ( 7408): [AUX]GuiExtAuxCheckAuxPath:663: Null anb
07-17 00:06:24.252 E/GPUAUX  ( 7408): [AUX]GuiExtAuxCheckAuxPath:663: Null anb
07-17 00:06:24.252 E/GPUAUX  ( 7408): [AUX]GuiExtAuxCheckAuxPath:663: Null anb
07-17 00:06:24.252 E/GPUAUX  ( 7408): [AUX]GuiExtAuxCheckAuxPath:663: Null anb
07-17 00:06:24.252 E/GPUAUX  ( 7408): [AUX]GuiExtAuxCheckAuxPath:663: Null anb
07-17 00:06:24.252 E/GPUAUX  ( 7408): [AUX]GuiExtAuxCheckAuxPath:663: Null anb
07-17 00:06:24.252 E/GPUAUX  ( 7408): [AUX]GuiExtAuxCheckAuxPath:663: Null anb
07-17 00:06:24.252 E/GPUAUX  ( 7408): [AUX]GuiExtAuxCheckAuxPath:663: Null anb
07-17 00:06:24.252 E/GPUAUX  ( 7408): [AUX]GuiExtAuxCheckAuxPath:663: Null anb
07-17 00:06:24.252 E/GPUAUX  ( 7408): [AUX]GuiExtAuxCheckAuxPath:663: Null anb
07-17 00:06:24.252 E/GPUAUX  ( 7408): [AUX]GuiExtAuxCheckAuxPath:663: Null anb
07-17 00:06:24.842 E/Routine@Core[4.2.00.52]: BixbyUtils( 3890): isQuickCommandApiSupported: android.content.pm.PackageManager$NameNotFoundException: com.samsung.android.bixby.agent
07-17 00:06:24.945 E/Routine@Core[4.2.00.52]: SemWrapper( 3890): semIsSubAutoBrightnessSupported: e = No virtual method semIsSubAutoBrightnessSupported()Z in class Landroid/os/PowerManager; or its super classes (declaration of 'android.os.PowerManager' appears in /system/framework/framework.jar!classes3.dex)
07-17 00:06:25.737 E/ActivityThread( 3890): Failed to find provider info for com.samsung.accessibility.provider
07-17 00:06:26.507 E/CustomizedTextParser( 3890): getCustomizedText Rule is empty. mRuleMap={}
07-17 00:06:26.605 E/WifiVendorHal( 1437): $r8$lambda$s6w0pmKyq6-tDdqCEDbOV_xqgVE(l.1179) failed {.code = ERROR_NOT_SUPPORTED, .description = }
07-17 00:06:28.760 I/ReactNativeJS( 7408): '[ChatListScreen] Active connected peer IDs updated:', []
07-17 00:06:29.617 E/WifiVendorHal( 1437): $r8$lambda$s6w0pmKyq6-tDdqCEDbOV_xqgVE(l.1179) failed {.code = ERROR_NOT_SUPPORTED, .description = }
07-17 00:06:31.207 E/netd    (  837): Error adding route 119.160.95.248/32 -> 10.7.16.1 wlan0 to table 99: File exists
07-17 00:06:32.627 E/WifiVendorHal( 1437): $r8$lambda$s6w0pmKyq6-tDdqCEDbOV_xqgVE(l.1179) failed {.code = ERROR_NOT_SUPPORTED, .description = }
07-17 00:06:33.087 E/android.hardware.health@2.1-service-samsung(  853): Could not open /sys/class/power_supply/battery/lrp
07-17 00:06:33.103 E/SecPowerUI.Notification( 1881): no saved value, so we do nothing !!
07-17 00:06:35.635 E/WifiVendorHal( 1437): $r8$lambda$s6w0pmKyq6-tDdqCEDbOV_xqgVE(l.1179) failed {.code = ERROR_NOT_SUPPORTED, .description = }
07-17 00:06:38.355 E/audit   (  820): type=1400 audit(1784228798.353:84392): avc:  denied  { write } for  pid=4096 comm="ThreadPoolForeg" name="traced_producer" dev="tmpfs" ino=10975 scontext=u:r:gmscore_app:s0:c512,c768 tcontext=u:object_r:traced_producer_socket:s0 tclass=sock_file permissive=0 SEPF_SM-A325F_12_0001 audit_filtered
07-17 00:06:38.355 E/audit   (  820): type=1300 audit(1784228798.353:84392): arch=c00000b7 syscall=203 success=no exit=-13 a0=ff a1=b400007af5d41440 a2=1e a3=ffffffff95aa3570 items=0 ppid=838 pid=4096 auid=4294967295 uid=10217 gid=10217 euid=10217 suid=10217 fsuid=10217 egid=10217 sgid=10217 fsgid=10217 tty=(none) ses=4294967295 comm="ThreadPoolForeg" exe="/system/bin/app_process64" subj=u:r:gmscore_app:s0:c512,c768 key=(null)
07-17 00:06:38.355 E/audit   (  820): type=1327 audit(1784228798.353:84392): proctitle="com.google.android.gms.persistent"
07-17 00:06:38.645 E/WifiVendorHal( 1437): $r8$lambda$s6w0pmKyq6-tDdqCEDbOV_xqgVE(l.1179) failed {.code = ERROR_NOT_SUPPORTED, .description = }
07-17 00:06:40.876 E/audit   (  820): type=1400 audit(1784228800.873:84393): avc:  denied  { write } for  pid=4828 comm="ThreadPoolForeg" name="traced_producer" dev="tmpfs" ino=10975 scontext=u:r:gmscore_app:s0:c512,c768 tcontext=u:object_r:traced_producer_socket:s0 tclass=sock_file permissive=0 SEPF_SM-A325F_12_0001 audit_filtered
07-17 00:06:40.876 E/audit   (  820): type=1300 audit(1784228800.873:84393): arch=c00000b7 syscall=203 success=no exit=-13 a0=7d a1=b400007c4629a2e0 a2=1e a3=ffffffff95aa3570 items=0 ppid=838 pid=4828 auid=4294967295 uid=10217 gid=10217 euid=10217 suid=10217 fsuid=10217 egid=10217 sgid=10217 fsgid=10217 tty=(none) ses=4294967295 comm="ThreadPoolForeg" exe="/system/bin/app_process64" subj=u:r:gmscore_app:s0:c512,c768 key=(null)
07-17 00:06:40.876 E/audit   (  820): type=1327 audit(1784228800.873:84393): proctitle="com.google.android.gms"
07-17 00:06:41.658 E/WifiVendorHal( 1437): $r8$lambda$s6w0pmKyq6-tDdqCEDbOV_xqgVE(l.1179) failed {.code = ERROR_NOT_SUPPORTED, .description = }
07-17 00:06:41.823 E/#IMSREGI( 2214): (1, Jazz_PK) [LTE] LATCH(DataConnect changed) : 364549.684s
07-17 00:06:41.829 E/GlobalSettingsRepoBase( 2214): globalgcsettings No matched key : separate_vo5g_icon
07-17 00:06:41.840 E/#IMSCR  ( 2214): 07-17 00:06:41 0x30000009:1,18->13
07-17 00:06:41.842 E/#IMSCR  ( 2214): 07-17 00:06:41 0x40000000:1,none
07-17 00:06:41.844 E/GlobalSettingsRepoBase( 2214): globalgcsettings No matched key : ss_domain_setting
07-17 00:06:41.844 E/CapabilityUtil<1>( 2214): checkModuleReady: mConfig.isAvailable == false
07-17 00:06:41.844 E/CapabilityUtil<1>( 2214): checkModuleReady: mConfig.isAvailable == false
07-17 00:06:41.865 E/GlobalSettingsRepoBase( 2214): globalgcsettings No matched key : dual_rcs_policy
07-17 00:06:41.879 E/PhoneRestrictionPolicy( 1437): getEmergencyCall >>false
07-17 00:06:41.880 E/PhoneRestrictionPolicy( 1437): getEmergencyCall >>false
07-17 00:06:41.887 E/GlobalSettingsRepoBase( 2214): globalgcsettings No matched key : use_usim_on_invalid_isim
07-17 00:06:41.887 E/GlobalSettingsRepoBase( 2214): globalgcsettings No matched key : use_usim_on_invalid_isim
07-17 00:06:41.887 E/GlobalSettingsRepoBase( 2214): globalgcsettings No matched key : ss_enable_in_roaming
07-17 00:06:42.020 E/Watchdog( 1437): !@Sync: 7379 heap: 138 / 140 FD: 1044 [2026-07-17 00:06:42.019]
07-17 00:06:43.124 E/android.hardware.health@2.1-service-samsung(  853): Could not open /sys/class/power_supply/battery/lrp
07-17 00:06:43.136 E/SecPowerUI.Notification( 1881): no saved value, so we do nothing !!
07-17 00:06:44.487 E/FilePhenotypeFlags( 7408): Config package com.google.android.gms.clearcut_client#com.mojojojoo.sosifyapp cannot use FILE backing without declarative registration. See go/phenotype-android-integration#phenotype for more information. This will lead to stale flags.
07-17 00:06:44.498 E/FilePhenotypeFlags( 7408): Config package com.google.android.gms.clearcut_client#com.mojojojoo.sosifyapp cannot use FILE backing without declarative registration. See go/phenotype-android-integration#phenotype for more information. This will lead to stale flags.
07-17 00:06:44.535 E/FilePhenotypeFlags( 7408): Config package com.google.android.gms.clearcut_client#com.mojojojoo.sosifyapp cannot use FILE backing without declarative registration. See go/phenotype-android-integration#phenotype for more information. This will lead to stale flags.
07-17 00:06:44.535 E/FilePhenotypeFlags( 7408): Config package com.google.android.gms.clearcut_client#com.mojojojoo.sosifyapp cannot use FILE backing without declarative registration. See go/phenotype-android-integration#phenotype for more information. This will lead to stale flags.
07-17 00:06:44.672 E/WifiVendorHal( 1437): $r8$lambda$s6w0pmKyq6-tDdqCEDbOV_xqgVE(l.1179) failed {.code = ERROR_NOT_SUPPORTED, .description = }
07-17 00:06:47.689 E/WifiVendorHal( 1437): $r8$lambda$s6w0pmKyq6-tDdqCEDbOV_xqgVE(l.1179) failed {.code = ERROR_NOT_SUPPORTED, .description = }
07-17 00:06:50.700 E/WifiVendorHal( 1437): $r8$lambda$s6w0pmKyq6-tDdqCEDbOV_xqgVE(l.1179) failed {.code = ERROR_NOT_SUPPORTED, .description = }
07-17 00:06:51.250 E/AppOps  ( 1437): attributionTag SLocationService not declared in manifest of android
07-17 00:06:53.142 E/android.hardware.health@2.1-service-samsung(  853): Could not open /sys/class/power_supply/battery/lrp
07-17 00:06:53.153 E/SecPowerUI.Notification( 1881): no saved value, so we do nothing !!
07-17 00:06:53.712 E/WifiVendorHal( 1437): $r8$lambda$s6w0pmKyq6-tDdqCEDbOV_xqgVE(l.1179) failed {.code = ERROR_NOT_SUPPORTED, .description = }
07-17 00:06:56.723 E/WifiVendorHal( 1437): $r8$lambda$s6w0pmKyq6-tDdqCEDbOV_xqgVE(l.1179) failed {.code = ERROR_NOT_SUPPORTED, .description = }
07-17 00:06:59.732 E/WifiVendorHal( 1437): $r8$lambda$s6w0pmKyq6-tDdqCEDbOV_xqgVE(l.1179) failed {.code = ERROR_NOT_SUPPORTED, .description = }
07-17 00:07:02.738 E/WifiVendorHal( 1437): $r8$lambda$s6w0pmKyq6-tDdqCEDbOV_xqgVE(l.1179) failed {.code = ERROR_NOT_SUPPORTED, .description = }
07-17 00:07:03.178 E/android.hardware.health@2.1-service-samsung(  853): Could not open /sys/class/power_supply/battery/lrp
07-17 00:07:03.185 E/SecPowerUI.Notification( 1881): no saved value, so we do nothing !!
07-17 00:07:05.749 E/WifiVendorHal( 1437): $r8$lambda$s6w0pmKyq6-tDdqCEDbOV_xqgVE(l.1179) failed {.code = ERROR_NOT_SUPPORTED, .description = }
07-17 00:07:08.391 E/audit   (  820): type=1400 audit(1784228828.389:84394): avc:  denied  { write } for  pid=4096 comm="ThreadPoolForeg" name="traced_producer" dev="tmpfs" ino=10975 scontext=u:r:gmscore_app:s0:c512,c768 tcontext=u:object_r:traced_producer_socket:s0 tclass=sock_file permissive=0 SEPF_SM-A325F_12_0001 audit_filtered
07-17 00:07:08.391 E/audit   (  820): type=1300 audit(1784228828.389:84394): arch=c00000b7 syscall=203 success=no exit=-13 a0=61 a1=b400007b71898f60 a2=1e a3=ffffffff95aa3570 items=0 ppid=838 pid=4096 auid=4294967295 uid=10217 gid=10217 euid=10217 suid=10217 fsuid=10217 egid=10217 sgid=10217 fsgid=10217 tty=(none) ses=4294967295 comm="ThreadPoolForeg" exe="/system/bin/app_process64" subj=u:r:gmscore_app:s0:c512,c768 key=(null)
07-17 00:07:08.391 E/audit   (  820): type=1327 audit(1784228828.389:84394): proctitle="com.google.android.gms.persistent"
07-17 00:07:08.647 E/IC_Service[1.2.93]( 7875): onStartCommand(), intent null
07-17 00:07:08.696 E/Peripheral_SPenManager[1.2.93]( 7875): Empty feature
07-17 00:07:08.698 E/IC_Service[1.2.93]( 7875): getPassiveScanFilter() - error: java.lang.NoSuchMethodException: parameter type is null
07-17 00:07:08.698 E/IC_Service[1.2.93]( 7875): NDS set buds filter, st filter : true
07-17 00:07:08.698 E/SQLiteDatabase( 7875): Error inserting pk=acnt val={"id":"rSxOLyytZsYnJkYmpiYHCOytLC2NxWztrQ==\n","hash":[-23,-119],"saVer":"15.7.01.1","userNameFrom":-1}
07-17 00:07:08.698 E/SQLiteDatabase( 7875): android.database.sqlite.SQLiteConstraintException: UNIQUE constraint failed: info.pk (code 1555 SQLITE_CONSTRAINT_PRIMARYKEY[1555])
07-17 00:07:08.698 E/SQLiteDatabase( 7875): 	at android.database.sqlite.SQLiteConnection.nativeExecuteForLastInsertedRowId(Native Method)
07-17 00:07:08.698 E/SQLiteDatabase( 7875): 	at android.database.sqlite.SQLiteConnection.executeForLastInsertedRowId(SQLiteConnection.java:1275)
07-17 00:07:08.698 E/SQLiteDatabase( 7875): 	at android.database.sqlite.SQLiteSession.executeForLastInsertedRowId(SQLiteSession.java:790)
07-17 00:07:08.698 E/SQLiteDatabase( 7875): 	at android.database.sqlite.SQLiteStatement.executeInsert(SQLiteStatement.java:89)
07-17 00:07:08.698 E/SQLiteDatabase( 7875): 	at android.database.sqlite.SQLiteDatabase.insertWithOnConflict(SQLiteDatabase.java:2410)
07-17 00:07:08.698 E/SQLiteDatabase( 7875): 	at android.database.sqlite.SQLiteDatabase.insert(SQLiteDatabase.java:2279)
07-17 00:07:08.698 E/SQLiteDatabase( 7875): 	at com.samsung.android.intelligentcontinuity.database.DatabaseProvider.insert(DatabaseProvider.java:6)
07-17 00:07:08.698 E/SQLiteDatabase( 7875): 	at android.content.ContentProvider.insert(ContentProvider.java:1819)
07-17 00:07:08.698 E/SQLiteDatabase( 7875): 	at android.content.ContentProvider$Transport.insert(ContentProvider.java:348)
07-17 00:07:08.698 E/SQLiteDatabase( 7875): 	at android.content.ContentResolver.insert(ContentResolver.java:2200)
07-17 00:07:08.698 E/SQLiteDatabase( 7875): 	at android.content.ContentResolver.insert(ContentResolver.java:2162)
07-17 00:07:08.698 E/SQLiteDatabase( 7875): 	at com.samsung.android.intelligentcontinuity.database.a.P(DatabaseManager.java:9)
07-17 00:07:08.698 E/SQLiteDatabase( 7875): 	at com.samsung.android.intelligentcontinuity.q0.d$a.run(SamsungAccountManager.kt:40)
07-17 00:07:08.698 E/IC_Service[1.2.93]( 7875): onAccountUpdated() REGISTERED, requestUpdateScanFilter Failed, ret: false
07-17 00:07:08.698 E/IC_DatabaseProvider[1.2.93]( 7875): insert() - rowId: -1, Return: null
07-17 00:07:08.698 E/IC_a[1.2.93]( 7875): registerAccount() - uri: null, Return: false
07-17 00:07:08.699 E/IC_Service[1.2.93]( 7875): getPassiveScanFilter() - error: java.lang.NoSuchMethodException: parameter type is null
07-17 00:07:08.699 E/IC_Service[1.2.93]( 7875): NDS set buds filter, st filter : true
07-17 00:07:08.699 E/IC_Service[1.2.93]( 7875): onAccountUpdated() REGISTERED, requestUpdateScanFilter Failed, ret: false
07-17 00:07:08.755 E/WifiVendorHal( 1437): $r8$lambda$s6w0pmKyq6-tDdqCEDbOV_xqgVE(l.1179) failed {.code = ERROR_NOT_SUPPORTED, .description = }
07-17 00:07:09.410 E/CameraService( 1052): notifyMonitoredUids: Failed to trigger permission callback: -129
07-17 00:07:10.912 E/audit   (  820): type=1400 audit(1784228830.909:84395): avc:  denied  { write } for  pid=4828 comm="ThreadPoolForeg" name="traced_producer" dev="tmpfs" ino=10975 scontext=u:r:gmscore_app:s0:c512,c768 tcontext=u:object_r:traced_producer_socket:s0 tclass=sock_file permissive=0 SEPF_SM-A325F_12_0001 audit_filtered
07-17 00:07:10.913 E/audit   (  820): type=1300 audit(1784228830.909:84395): arch=c00000b7 syscall=203 success=no exit=-13 a0=7d a1=b400007c463c3b00 a2=1e a3=ffffffff95aa3570 items=0 ppid=838 pid=4828 auid=4294967295 uid=10217 gid=10217 euid=10217 suid=10217 fsuid=10217 egid=10217 sgid=10217 fsgid=10217 tty=(none) ses=4294967295 comm="ThreadPoolForeg" exe="/system/bin/app_process64" subj=u:r:gmscore_app:s0:c512,c768 key=(null)
07-17 00:07:10.913 E/audit   (  820): type=1327 audit(1784228830.909:84395): proctitle="com.google.android.gms"
07-17 00:07:11.466 E/RequestManager_FLP( 4240): [LocationManager] Location remove DDDB40B8 from com.samsung.android.rubin.app
07-17 00:07:11.470 E/RequestManager_FLP( 4240): [LocationManager] Location remove 149B1C23 from com.samsung.android.rubin.app
07-17 00:07:11.763 E/WifiVendorHal( 1437): $r8$lambda$s6w0pmKyq6-tDdqCEDbOV_xqgVE(l.1179) failed {.code = ERROR_NOT_SUPPORTED, .description = }
07-17 00:07:12.033 E/Watchdog( 1437): !@Sync: 7380 heap: 122 / 139 FD: 983 objects: 2284781 WaitTime: 1004.339 GCcnt: 1 FullGC: 0 [2026-07-17 00:07:12.029]
07-17 00:07:13.212 E/android.hardware.health@2.1-service-samsung(  853): Could not open /sys/class/power_supply/battery/lrp
07-17 00:07:13.224 E/SecPowerUI.Notification( 1881): no saved value, so we do nothing !!
07-17 00:07:14.702 E/mediaserver( 1078): unlinkToDeath: removed reference to death recipient but unlink failed.
07-17 00:07:14.705 E/IPCThreadState( 1078): attemptIncStrongHandle(5): Not supported
07-17 00:07:14.771 E/WifiVendorHal( 1437): $r8$lambda$s6w0pmKyq6-tDdqCEDbOV_xqgVE(l.1179) failed {.code = ERROR_NOT_SUPPORTED, .description = }
07-17 00:07:15.606 E/DrmManagerClient( 7943): saveDevID : Checking 
07-17 00:07:17.777 E/WifiVendorHal( 1437): $r8$lambda$s6w0pmKyq6-tDdqCEDbOV_xqgVE(l.1179) failed {.code = ERROR_NOT_SUPPORTED, .description = }
07-17 00:07:19.739 E/mediaserver( 1078): unlinkToDeath: removed reference to death recipient but unlink failed.
07-17 00:07:19.740 E/IPCThreadState( 1078): attemptIncStrongHandle(5): Not supported
07-17 00:07:19.844 E/BpTransactionCompletedListener(  901): Failed to transact (-32)
07-17 00:07:19.896 E/system_server( 1437): Unable to access: /sys/kernel/dmabuf/buffers: No such file or directory
07-17 00:07:20.148 E/BtGatt.ContextMap( 2183): remove() - removed: 3
07-17 00:07:20.166 E/BtGatt.GattService( 2183): [GSIM LOG]: gsimLogHandler, msg: MESSAGE_SCAN_STOP, appName: android.uid.bcmgr, scannerId: 3, reportDelayMillis=0
07-17 00:07:20.857 E/BtGatt.ContextMap( 2183): remove() - removed: 4
07-17 00:07:20.877 E/BtGatt.GattService( 2183): [GSIM LOG]: gsimLogHandler, msg: MESSAGE_SCAN_STOP, appName: com.google.uid.shared, scannerId: 4, reportDelayMillis=0
07-17 00:07:20.914 E/system_server( 1437): Unable to access: /sys/kernel/dmabuf/buffers: No such file or directory
07-17 00:07:20.924 E/RequestManager_FLP( 4240): [LocationManager] Location remove 095EC86C from com.google.android.gms
07-17 00:07:20.928 E/RequestManager_FLP( 4240): [LocationManager] Location remove 11D42510 from com.google.android.gms
07-17 00:07:20.986 E/WifiVendorHal( 1437): $r8$lambda$s6w0pmKyq6-tDdqCEDbOV_xqgVE(l.1179) failed {.code = ERROR_NOT_SUPPORTED, .description = }
07-17 00:07:21.556 E/AppOps  ( 1437): evalMode() Foreground mode : uid - 10216, op - 27, capability - 0
07-17 00:07:21.557 E/AppOps  ( 1437): evalMode() Foreground mode : uid - 10216, op - 26, capability - 0
07-17 00:07:21.791 E/DrmManagerClient( 7963): saveDevID : Checking 
07-17 00:07:21.828 E/ActivityManager( 1437): Sending non-protected broadcast com.samsung.android.cocktailbar.intent.action.EDGE_APP_START from system 1437:system/1000 pkg android
07-17 00:07:21.828 E/ActivityManager( 1437): java.lang.Throwable
07-17 00:07:21.828 E/ActivityManager( 1437): 	at com.android.server.am.ActivityManagerService.checkBroadcastFromSystem(ActivityManagerService.java:16105)
07-17 00:07:21.828 E/ActivityManager( 1437): 	at com.android.server.am.ActivityManagerService.broadcastIntentLocked(ActivityManagerService.java:16922)
07-17 00:07:21.828 E/ActivityManager( 1437): 	at com.android.server.am.ActivityManagerService.broadcastIntentLocked(ActivityManagerService.java:16124)
07-17 00:07:21.828 E/ActivityManager( 1437): 	at com.android.server.am.ActivityManagerService.broadcastIntentWithFeature(ActivityManagerService.java:17101)
07-17 00:07:21.828 E/ActivityManager( 1437): 	at android.app.ContextImpl.sendBroadcast(ContextImpl.java:1256)
07-17 00:07:21.828 E/ActivityManager( 1437): 	at com.android.server.cocktailbar.CocktailBarManagerServiceImpl$EdgeStartHandler.handleMessage(CocktailBarManagerServiceImpl.java:2980)
07-17 00:07:21.828 E/ActivityManager( 1437): 	at android.os.Handler.dispatchMessage(Handler.java:106)
07-17 00:07:21.828 E/ActivityManager( 1437): 	at android.os.Looper.loopOnce(Looper.java:226)
07-17 00:07:21.828 E/ActivityManager( 1437): 	at android.os.Looper.loop(Looper.java:313)
07-17 00:07:21.828 E/ActivityManager( 1437): 	at com.android.server.SystemServer.run(SystemServer.java:1346)
07-17 00:07:21.828 E/ActivityManager( 1437): 	at com.android.server.SystemServer.main(SystemServer.java:989)
07-17 00:07:21.828 E/ActivityManager( 1437): 	at java.lang.reflect.Method.invoke(Native Method)
07-17 00:07:21.828 E/ActivityManager( 1437): 	at com.android.internal.os.RuntimeInit$MethodAndArgsCaller.run(RuntimeInit.java:604)
07-17 00:07:21.828 E/ActivityManager( 1437): 	at com.android.internal.os.ZygoteInit.main(ZygoteInit.java:1045)
07-17 00:07:21.909 E/AppOps  ( 1437): evalMode() Foreground mode : uid - 10217, op - 27, capability - 0
07-17 00:07:21.909 E/AppOps  ( 1437): evalMode() Foreground mode : uid - 10217, op - 27, capability - 0
07-17 00:07:21.909 E/AppOps  ( 1437): evalMode() Foreground mode : uid - 10217, op - 27, capability - 0
07-17 00:07:21.909 E/AppOps  ( 1437): evalMode() Foreground mode : uid - 10217, op - 27, capability - 0
07-17 00:07:21.909 E/AppOps  ( 1437): evalMode() Foreground mode : uid - 10217, op - 26, capability - 0
07-17 00:07:21.909 E/AppOps  ( 1437): evalMode() Foreground mode : uid - 10217, op - 26, capability - 0
07-17 00:07:21.909 E/AppOps  ( 1437): evalMode() Foreground mode : uid - 10217, op - 26, capability - 0
07-17 00:07:21.909 E/AppOps  ( 1437): evalMode() Foreground mode : uid - 10217, op - 26, capability - 0
07-17 00:07:22.146 E/BtGatt.ContextMap( 2183): remove() - removed: 2
07-17 00:07:22.188 E/BtGatt.GattService( 2183): [GSIM LOG]: gsimLogHandler, msg: MESSAGE_SCAN_STOP, appName: com.samsung.android.mcfserver, scannerId: 2, reportDelayMillis=0
07-17 00:07:22.191 E/BtGatt.ContextMap( 2183): remove() - removed: 1
07-17 00:07:22.196 E/BtGatt.GattService( 2183): [GSIM LOG]: gsimLogHandler, msg: MESSAGE_SCAN_STOP, appName: com.samsung.android.mcfserver, scannerId: 1, reportDelayMillis=0
07-17 00:07:22.205 E/system_server( 1437): Unable to access: /sys/kernel/dmabuf/buffers: No such file or directory
07-17 00:07:22.265 E/HostState( 2183): HostState receives what = 6 but objcastdevice is null
07-17 00:07:22.512 E/[MCF_DS_SYS]_McfDsManager( 1437): bindMcf : SERVICE_STATE_DISCONNECTED
07-17 00:07:22.901 E/GlobalSettingsRepoBase( 2214): globalgcsettings No matched key : use_usim_on_invalid_isim
07-17 00:07:22.916 E/GlobalSettingsRepoBase( 2214): globalgcsettings No matched key : use_usim_on_invalid_isim
07-17 00:07:22.941 E/GlobalSettingsRepoBase( 2214): globalgcsettings No matched key : support_configserver
07-17 00:07:22.973 E/GlobalSettingsRepoBase( 2214): globalgcsettings No matched key : use_usim_on_invalid_isim
07-17 00:07:22.973 E/GlobalSettingsRepoBase( 2214): globalgcsettings No matched key : use_usim_on_invalid_isim
07-17 00:07:22.975 E/GlobalSettingsRepoBase( 2214): globalgcsettings No matched key : support_configserver
07-17 00:07:23.403 E/AppOps  ( 1437): evalMode() Foreground mode : uid - 10213, op - 27, capability - 0
07-17 00:07:23.404 E/android.hardware.health@2.1-service-samsung(  853): Could not open /sys/class/power_supply/battery/lrp
07-17 00:07:24.295 E/BtGatt.GattService( 2183): Exception: android.os.DeadObjectException
07-17 00:07:24.311 E/AppOps  ( 1437): evalMode() Foreground mode : uid - 10219, op - 27, capability - 0
07-17 00:07:24.353 E/BtGatt.GattService( 2183): Exception: android.os.DeadObjectException
07-17 00:07:24.355 E/BtGatt.GattService( 2183): Exception: android.os.DeadObjectException
07-17 00:07:24.358 E/BtGatt.GattService( 2183): Exception: android.os.DeadObjectException
07-17 00:07:24.359 E/BtGatt.GattService( 2183): Exception: android.os.DeadObjectException
07-17 00:07:24.360 E/BtGatt.GattService( 2183): Exception: android.os.DeadObjectException
07-17 00:07:24.361 E/BtGatt.GattService( 2183): Exception: android.os.DeadObjectException
07-17 00:07:24.362 E/BtGatt.GattService( 2183): Exception: android.os.DeadObjectException
07-17 00:07:24.363 E/BtGatt.GattService( 2183): Exception: android.os.DeadObjectException
07-17 00:07:24.367 E/BtGatt.GattService( 2183): Exception: android.os.DeadObjectException
07-17 00:07:24.369 E/BtGatt.GattService( 2183): Exception: android.os.DeadObjectException
07-17 00:07:24.431 E/BtGatt.GattService( 2183): Exception: android.os.DeadObjectException
07-17 00:07:24.482 E/BtGatt.ContextMap( 2183): remove() - removed: 5
07-17 00:07:24.487 E/BtGatt.ContextMap( 2183): Context not found for ID 5
07-17 00:07:24.487 E/BtGatt.ContextMap( 2183): Context not found for ID 5
07-17 00:07:24.488 E/BtGatt.ContextMap( 2183): Context not found for ID 5
07-17 00:07:24.488 E/BtGatt.ContextMap( 2183): Context not found for ID 5
07-17 00:07:24.488 E/BtGatt.ContextMap( 2183): Context not found for ID 5
07-17 00:07:24.488 E/BtGatt.ContextMap( 2183): Context not found for ID 5
07-17 00:07:24.504 E/system_server( 1437): Unable to access: /sys/kernel/dmabuf/buffers: No such file or directory
07-17 00:07:24.538 E/WifiVendorHal( 1437): $r8$lambda$s6w0pmKyq6-tDdqCEDbOV_xqgVE(l.1179) failed {.code = ERROR_NOT_SUPPORTED, .description = }
07-17 00:07:24.598 E/SecPowerUI.Notification( 1881): no saved value, so we do nothing !!
07-17 00:07:24.752 E/BtGatt.GattService( 2183): [GSIM LOG]: gsimLogHandler, msg: MESSAGE_SCAN_STOP, appName: com.mojojojoo.sosifyapp, scannerId: 5, reportDelayMillis=0
07-17 00:07:25.162 E/BtGatt.GattService( 2183): [GSIM LOG]: gsimLogHandler, msg: MESSAGE_ADV_SET_STOP, appName: com.mojojojoo.sosifyapp, id: 0, isLegacy: true
07-17 00:07:25.323 E/BpTransactionCompletedListener(  901): Failed to transact (-32)
07-17 00:07:25.397 E/system_server( 1437): updateValue is called with a value {0, 0, 0, 0, 0, 0, 0, 0, 0, 0, 0, 0, 0, 0, 0, 0, 0, 0, 0, 0, 0, 0, 0, 0, 0, 0, 0, 0, 0, 0, 0, 0}, which is lower than the previous value {16, 2, 2, 7, 1, 0, 0, 0, 1, 0, 0, 0, 0, 0, 9, 1103, 0, 0, 0, 0, 0, 0, 0, 0, 0, 0, 19, 0, 0, 0, 0, 477}
07-17 00:07:25.466 E/QT      ( 7983): [QT]file does not exist
07-17 00:07:25.496 E/OpenGLRenderer( 7983): Device claims wide gamut support, cannot find matching config, error = EGL_SUCCESS
07-17 00:07:25.730 E/DrmManagerClient( 8003): saveDevID : Checking 
07-17 00:07:25.878 E/AppOps  ( 1437): evalMode() Foreground Record OP returned IGNORE, uid - 10217, capability - 8
07-17 00:07:25.879 E/AppOps  ( 1437): evalMode() Foreground Record OP returned IGNORE, uid - 10217, capability - 8
07-17 00:07:25.881 E/AppOps  ( 1437): evalMode() Foreground Record OP returned IGNORE, uid - 10217, capability - 8
07-17 00:07:25.881 E/AppOps  ( 1437): evalMode() Foreground Record OP returned IGNORE, uid - 10217, capability - 8
07-17 00:07:25.881 E/AppOps  ( 1437): evalMode() Foreground Camera OP returned IGNORE, uid - 10217, capability - 8
07-17 00:07:25.881 E/AppOps  ( 1437): evalMode() Foreground Camera OP returned IGNORE, uid - 10217, capability - 8
07-17 00:07:25.881 E/AppOps  ( 1437): evalMode() Foreground Camera OP returned IGNORE, uid - 10217, capability - 8
07-17 00:07:25.881 E/AppOps  ( 1437): evalMode() Foreground Camera OP returned IGNORE, uid - 10217, capability - 8
07-17 00:07:25.969 E/BtGatt.GattService( 2183): [GSIM LOG]: gsimLogHandler, msg: MESSAGE_SCAN_START, appName: com.samsung.android.mcfserver, scannerId: 1, reportDelayMillis=0
07-17 00:07:25.990 E/BtGatt.GattService( 2183): [GSIM LOG]: gsimLogHandler, msg: MESSAGE_SCAN_START, appName: com.samsung.android.mcfserver, scannerId: 2, reportDelayMillis=0
07-17 00:07:26.255 E/Dimension( 7983): clear
07-17 00:07:26.256 E/ResourceLoader( 7983): Not Supported!
07-17 00:07:26.735 E/CocktailBarPanelVisibilityManager( 8002): updateActivePanelView: invalid null panel
07-17 00:07:26.766 E/id.app.routines( 8011): Attempt to load writable dex file: /data/user/0/com.samsung.android.app.routines/cache/Generated8007846149374389269.jar
07-17 00:07:26.897 E/PageBoostLogger( 7983): Not prepared page in updatePage
07-17 00:07:26.919 E/FBI     ( 8002): Can't load library: dlopen failed: library "libmagtsync.so" not found
07-17 00:07:26.934 E/PackageLaunchUtils( 7983): in.amazon.mShop.android.shopping is not installed 
07-17 00:07:26.934 E/MinusOnePageControllerImpl( 7983): ComponentInfo{in.amazon.mShop.android.shopping/com.amazon.mShop.home.HomeActivity} package not installed
07-17 00:07:26.934 E/QT      ( 8002): [QT]file does not exist
07-17 00:07:26.938 E/PackageLaunchUtils( 7983): in.amazon.mShop.android.shopping is not installed 
07-17 00:07:26.938 E/MinusOnePageControllerImpl( 7983): ComponentInfo{in.amazon.mShop.android.shopping/com.amazon.mShop.home.HomeActivity} package not installed
07-17 00:07:26.954 E/OpenGLRenderer( 8002): Device claims wide gamut support, cannot find matching config, error = EGL_SUCCESS
07-17 00:07:26.975 E/HWComposer(  901): getSupportedContentTypes: getSupportedContentTypes failed for display 0: Unsupported (8)
07-17 00:07:27.005 E/PageBoostLogger( 7983): Not prepared page in updatePage
07-17 00:07:27.009 E/ion     ( 8002): ioctl c0044901 failed with code -1: Invalid argument
07-17 00:07:27.079 E/Launcher.Utilities( 7983): mainline_train_primary is not installed
07-17 00:07:27.091 E/PageBoostLogger( 7983): Not prepared page in updatePage
07-17 00:07:27.175 E/Launcher.Utilities( 7983): com.google.android.tzdata4 is not installed
07-17 00:07:27.201 E/LoaderTask( 7983): hsRun() installingPkgs count: 4
07-17 00:07:27.221 E/AppOps  ( 1437): evalMode() Foreground Record OP returned IGNORE, uid - 10219, capability - 8
07-17 00:07:27.229 E/FBI     ( 7983): Can't load library: dlopen failed: library "libmagtsync.so" not found
07-17 00:07:27.236 E/HWComposer(  901): getSupportedContentTypes: getSupportedContentTypes failed for display 0: Unsupported (8)
07-17 00:07:27.256 E/ion     ( 7983): ioctl c0044901 failed with code -1: Invalid argument
07-17 00:07:27.291 E/AppsEdge.DataProvider( 8256): Creating the DB From AppsEdgeDataProvider
07-17 00:07:27.358 E/SamsungAccount( 8164): [StatusSuggestionController] performSdkInit, not supported one ui version
07-17 00:07:27.433 E/AppOps  ( 1437): evalMode() Foreground Record OP returned IGNORE, uid - 10216, capability - 8
07-17 00:07:27.433 E/AppOps  ( 1437): evalMode() Foreground Camera OP returned IGNORE, uid - 10216, capability - 8
07-17 00:07:27.651 E/WifiVendorHal( 1437): $r8$lambda$s6w0pmKyq6-tDdqCEDbOV_xqgVE(l.1179) failed {.code = ERROR_NOT_SUPPORTED, .description = }
07-17 00:07:27.714 E/TrueSingleSkuOperator( 7983): isTSSActivated() - false
07-17 00:07:27.779 E/SamsungAccount( 8164): [StatusSuggestionLifecycleManager] initialization failed: not supported one ui version
07-17 00:07:27.831 E/ActivityThread( 7983): Failed to find provider info for com.samsung.android.app.smartwidget.stackprovider
07-17 00:07:27.831 E/LegacySmartWidgetMigrationImpl( 7983): Failed to get Host cursor.
07-17 00:07:28.789 E/OpenGLRenderer( 7983): Device claims wide gamut support, cannot find matching config, error = EGL_SUCCESS
07-17 00:07:28.926 E/BtGatt.GattService( 2183): [GSIM LOG]: gsimLogHandler, msg: MESSAGE_SCAN_START, appName: android.uid.bcmgr, scannerId: 3, reportDelayMillis=0
07-17 00:07:29.084 E/GlobalSettingsRepoBase( 2214): globalgcsettings No matched key : allow_release_wfc_before_ho
07-17 00:07:29.086 E/GlobalSettingsRepoBase( 2214): globalgcsettings No matched key : allow_release_wfc_before_ho
07-17 00:07:29.219 E/GlobalSettingsRepoBase( 2214): globalgcsettings No matched key : support_configserver
07-17 00:07:29.249 E/GlobalSettingsRepoBase( 2214): globalgcsettings No matched key : support_configserver
07-17 00:07:29.391 E/SystemServiceRegistry( 8315): create SemLocationManager service
07-17 00:07:29.424 E/GmsClient( 8638): unable to connect to service: com.google.android.gms.gservices.START on com.google.android.gms
07-17 00:07:29.451 E/ServiceBindHelper( 8400): time out 33, com.samsung.telephony.phone.service.internalservice.ISamsungInternalService$Stub$Proxy@772d671
07-17 00:07:29.482 E/audit   (  820): type=1400 audit(1784228849.477:84396): avc:  denied  { search } for  pid=8315 comm="ScionFrontendAp" name="com.google.android.gms" dev="dm-47" ino=6183 scontext=u:r:system_app:s0 tcontext=u:object_r:privapp_data_file:s0:c512,c768 tclass=dir permissive=0 SEPF_SM-A325F_12_0001 audit_filtered
07-17 00:07:29.483 E/audit   (  820): type=1300 audit(1784228849.477:84396): arch=c00000b7 syscall=48 success=no exit=-13 a0=ffffff9c a1=b400007b826a62a0 a2=1 a3=0 items=0 ppid=838 pid=8315 auid=4294967295 uid=1000 gid=1000 euid=1000 suid=1000 fsuid=1000 egid=1000 sgid=1000 fsgid=1000 tty=(none) ses=4294967295 comm="ScionFrontendAp" exe="/system/bin/app_process64" subj=u:r:system_app:s0 key=(null)
07-17 00:07:29.483 E/audit   (  820): type=1327 audit(1784228849.477:84396): proctitle="com.samsung.android.fmm"
07-17 00:07:29.587 E/AiAiSpeechRecognition( 8397): Failed to acquire pack set for Superpack 'speech-recognition'
07-17 00:07:29.631 E/Routine@Core[4.2.00.52]: WearDataLayerHelper( 8011): getNodeOfCompanionWatchSupportModeMirror return null
07-17 00:07:29.767 E/.gms.persistent( 8137): hiddenapi: Accessing hidden method Landroid/net/ConnectivityManager;->isNetworkTypeMobile(I)Z (runtime_flags=0, domain=platform, api=max-target-p) from Lcehd; (domain=app, TargetSdkVersion=37) using reflection: denied
07-17 00:07:29.767 E/.gms.persistent( 8137): hiddenapi: Accessing hidden method Landroid/os/PowerManager;->isLightDeviceIdleMode()Z (runtime_flags=0, domain=platform, api=max-target-s) from Lcehd; (domain=app, TargetSdkVersion=37) using reflection: denied
07-17 00:07:30.070 E/VoiceSearchConfigProtoU( 8397): Unrecognized recognizer for [ja-JP, 3054]: 23. Ignoring it and its associated features.
07-17 00:07:30.070 E/VoiceSearchConfigProtoU( 8397): Unrecognized recognizer for [ja-JP, 3054]: 22. Ignoring it and its associated features.
07-17 00:07:30.070 E/VoiceSearchConfigProtoU( 8397): Unrecognized recognizer for [ja-JP, 3054]: 23. Ignoring it and its associated features.
07-17 00:07:30.070 E/VoiceSearchConfigProtoU( 8397): Unrecognized recognizer for [ja-JP, 3054]: 22. Ignoring it and its associated features.
07-17 00:07:30.071 E/VoiceSearchConfigProtoU( 8397): Unrecognized recognizer for [ja-JP, 3054]: 23. Ignoring it and its associated features.
07-17 00:07:30.071 E/VoiceSearchConfigProtoU( 8397): Unrecognized recognizer for [ja-JP, 3054]: 22. Ignoring it and its associated features.
07-17 00:07:30.071 E/VoiceSearchConfigProtoU( 8397): Unrecognized recognizer for [ja-JP, 3054]: 22. Ignoring it and its associated features.
07-17 00:07:30.071 E/VoiceSearchConfigProtoU( 8397): Unrecognized recognizer for [ja-JP, 3054]: 22. Ignoring it and its associated features.
07-17 00:07:30.086 E/VoiceSearchConfigProtoU( 8397): Unrecognized recognizer for [ja-JP, 3056]: 23. Ignoring it and its associated features.
07-17 00:07:30.091 E/VoiceSearchConfigProtoU( 8397): Unrecognized recognizer for [ja-JP, 3056]: 22. Ignoring it and its associated features.
07-17 00:07:30.092 E/VoiceSearchConfigProtoU( 8397): Unrecognized recognizer for [ja-JP, 3056]: 23. Ignoring it and its associated features.
07-17 00:07:30.092 E/VoiceSearchConfigProtoU( 8397): Unrecognized recognizer for [ja-JP, 3056]: 22. Ignoring it and its associated features.
07-17 00:07:30.092 E/VoiceSearchConfigProtoU( 8397): Unrecognized recognizer for [ja-JP, 3056]: 23. Ignoring it and its associated features.
07-17 00:07:30.092 E/VoiceSearchConfigProtoU( 8397): Unrecognized recognizer for [ja-JP, 3056]: 22. Ignoring it and its associated features.
07-17 00:07:30.092 E/VoiceSearchConfigProtoU( 8397): Unrecognized recognizer for [ja-JP, 3056]: 22. Ignoring it and its associated features.
07-17 00:07:30.092 E/VoiceSearchConfigProtoU( 8397): Unrecognized recognizer for [ja-JP, 3056]: 22. Ignoring it and its associated features.
07-17 00:07:30.130 E/HBD     ( 8320): a defaultCustomerValues is empty! csc customer.xml values will not be applied! 
07-17 00:07:30.147 E/VoiceSearchConfigProtoU( 8397): Unrecognized recognizer for [ja-JP, 3054]: 23. Ignoring it and its associated features.
07-17 00:07:30.148 E/VoiceSearchConfigProtoU( 8397): Unrecognized recognizer for [ja-JP, 3054]: 22. Ignoring it and its associated features.
07-17 00:07:30.149 E/VoiceSearchConfigProtoU( 8397): Unrecognized recognizer for [ja-JP, 3054]: 23. Ignoring it and its associated features.
07-17 00:07:30.152 E/VoiceSearchConfigProtoU( 8397): Unrecognized recognizer for [ja-JP, 3054]: 22. Ignoring it and its associated features.
07-17 00:07:30.153 E/VoiceSearchConfigProtoU( 8397): Unrecognized recognizer for [ja-JP, 3054]: 23. Ignoring it and its associated features.
07-17 00:07:30.153 E/VoiceSearchConfigProtoU( 8397): Unrecognized recognizer for [ja-JP, 3054]: 22. Ignoring it and its associated features.
07-17 00:07:30.155 E/VoiceSearchConfigProtoU( 8397): Unrecognized recognizer for [ja-JP, 3054]: 22. Ignoring it and its associated features.
07-17 00:07:30.159 E/VoiceSearchConfigProtoU( 8397): Unrecognized recognizer for [ja-JP, 3054]: 22. Ignoring it and its associated features.
07-17 00:07:30.191 E/VoiceSearchConfigProtoU( 8397): Unrecognized recognizer for [ja-JP, 3056]: 23. Ignoring it and its associated features.
07-17 00:07:30.191 E/VoiceSearchConfigProtoU( 8397): Unrecognized recognizer for [ja-JP, 3056]: 22. Ignoring it and its associated features.
07-17 00:07:30.191 E/VoiceSearchConfigProtoU( 8397): Unrecognized recognizer for [ja-JP, 3056]: 23. Ignoring it and its associated features.
07-17 00:07:30.192 E/VoiceSearchConfigProtoU( 8397): Unrecognized recognizer for [ja-JP, 3056]: 22. Ignoring it and its associated features.
07-17 00:07:30.192 E/VoiceSearchConfigProtoU( 8397): Unrecognized recognizer for [ja-JP, 3056]: 23. Ignoring it and its associated features.
07-17 00:07:30.192 E/VoiceSearchConfigProtoU( 8397): Unrecognized recognizer for [ja-JP, 3056]: 22. Ignoring it and its associated features.
07-17 00:07:30.192 E/VoiceSearchConfigProtoU( 8397): Unrecognized recognizer for [ja-JP, 3056]: 22. Ignoring it and its associated features.
07-17 00:07:30.192 E/VoiceSearchConfigProtoU( 8397): Unrecognized recognizer for [ja-JP, 3056]: 22. Ignoring it and its associated features.
07-17 00:07:30.219 E/VoiceSearchConfigProtoU( 8397): Unrecognized recognizer for [ja-JP, 3054]: 23. Ignoring it and its associated features.
07-17 00:07:30.219 E/VoiceSearchConfigProtoU( 8397): Unrecognized recognizer for [ja-JP, 3054]: 22. Ignoring it and its associated features.
07-17 00:07:30.220 E/VoiceSearchConfigProtoU( 8397): Unrecognized recognizer for [ja-JP, 3054]: 23. Ignoring it and its associated features.
07-17 00:07:30.220 E/VoiceSearchConfigProtoU( 8397): Unrecognized recognizer for [ja-JP, 3054]: 22. Ignoring it and its associated features.
07-17 00:07:30.220 E/VoiceSearchConfigProtoU( 8397): Unrecognized recognizer for [ja-JP, 3054]: 23. Ignoring it and its associated features.
07-17 00:07:30.220 E/VoiceSearchConfigProtoU( 8397): Unrecognized recognizer for [ja-JP, 3054]: 22. Ignoring it and its associated features.
07-17 00:07:30.220 E/VoiceSearchConfigProtoU( 8397): Unrecognized recognizer for [ja-JP, 3054]: 22. Ignoring it and its associated features.
07-17 00:07:30.220 E/VoiceSearchConfigProtoU( 8397): Unrecognized recognizer for [ja-JP, 3054]: 22. Ignoring it and its associated features.
07-17 00:07:30.249 E/VoiceSearchConfigProtoU( 8397): Unrecognized recognizer for [ja-JP, 3056]: 23. Ignoring it and its associated features.
07-17 00:07:30.249 E/VoiceSearchConfigProtoU( 8397): Unrecognized recognizer for [ja-JP, 3056]: 22. Ignoring it and its associated features.
07-17 00:07:30.249 E/VoiceSearchConfigProtoU( 8397): Unrecognized recognizer for [ja-JP, 3056]: 23. Ignoring it and its associated features.
07-17 00:07:30.250 E/VoiceSearchConfigProtoU( 8397): Unrecognized recognizer for [ja-JP, 3056]: 22. Ignoring it and its associated features.
07-17 00:07:30.250 E/VoiceSearchConfigProtoU( 8397): Unrecognized recognizer for [ja-JP, 3056]: 23. Ignoring it and its associated features.
07-17 00:07:30.250 E/VoiceSearchConfigProtoU( 8397): Unrecognized recognizer for [ja-JP, 3056]: 22. Ignoring it and its associated features.
07-17 00:07:30.254 E/VoiceSearchConfigProtoU( 8397): Unrecognized recognizer for [ja-JP, 3056]: 22. Ignoring it and its associated features.
07-17 00:07:30.259 E/VoiceSearchConfigProtoU( 8397): Unrecognized recognizer for [ja-JP, 3056]: 22. Ignoring it and its associated features.
07-17 00:07:30.293 E/GlobalSettingsRepoBase( 2214): globalgcsettings No matched key : support_configserver
07-17 00:07:30.335 E/BtGatt.GattService( 2183): [GSIM LOG]: gsimLogHandler, msg: MESSAGE_SCAN_STOP, appName: android.uid.bcmgr, scannerId: 3, reportDelayMillis=0
07-17 00:07:30.337 E/BtGatt.ContextMap( 2183): remove() - removed: 3
07-17 00:07:30.379 E/GlobalSettingsRepoBase( 2214): globalgcsettings No matched key : support_configserver
07-17 00:07:30.398 E/AppOps  ( 1437): evalMode() Foreground mode : uid - 10371, op - 27, capability - 0
07-17 00:07:30.398 E/AppOps  ( 1437): evalMode() Foreground mode : uid - 10371, op - 26, capability - 0
07-17 00:07:30.401 E/AppOps  ( 1437): evalMode() Foreground mode : uid - 10371, op - 1, capability - 0
07-17 00:07:30.485 E/BtGatt.GattService( 2183): [GSIM LOG]: gsimLogHandler, msg: MESSAGE_SCAN_START, appName: android.uid.bcmgr, scannerId: 3, reportDelayMillis=0
07-17 00:07:30.546 E/DatabaseUtils( 1437): Writing exception to parcel
07-17 00:07:30.546 E/DatabaseUtils( 1437): java.lang.IllegalArgumentException: You cannot keep your settings in the secure settings.
07-17 00:07:30.546 E/DatabaseUtils( 1437): 	at com.android.providers.settings.SettingsProvider.warnOrThrowForUndesiredSecureSettingsMutationForTargetSdk(SettingsProvider.java:2968)
07-17 00:07:30.546 E/DatabaseUtils( 1437): 	at com.android.providers.settings.SettingsProvider.enforceRestrictedSystemSettingsMutationForCallingPackage(SettingsProvider.java:2735)
07-17 00:07:30.546 E/DatabaseUtils( 1437): 	at com.android.providers.settings.SettingsProvider.mutateSystemSetting(SettingsProvider.java:2502)
07-17 00:07:30.546 E/DatabaseUtils( 1437): 	at com.android.providers.settings.SettingsProvider.insertSystemSetting(SettingsProvider.java:2449)
07-17 00:07:30.546 E/DatabaseUtils( 1437): 	at com.android.providers.settings.SettingsProvider.call(SettingsProvider.java:641)
07-17 00:07:30.546 E/DatabaseUtils( 1437): 	at android.content.ContentProvider.call(ContentProvider.java:2582)
07-17 00:07:30.546 E/DatabaseUtils( 1437): 	at android.content.ContentProvider$Transport.call(ContentProvider.java:530)
07-17 00:07:30.546 E/DatabaseUtils( 1437): 	at android.content.ContentProviderNative.onTransact(ContentProviderNative.java:295)
