--------- beginning of main
07-12 19:00:10.787  2183  2356 D BtGatt.GattService: onScanResult to scannerId: 8- eventType=0x1b, addressType=0, address=04FA83_2, primaryPhy=1, secondaryPhy=0, advertisingSid=0xff, txPower=127, rssi=-76, periodicAdvInt=0x0
07-12 19:00:10.805  2183  2356 D BtGatt.GattService: onScanResult to scannerId: 8- eventType=0x10, addressType=1, address=163DD5_B, primaryPhy=1, secondaryPhy=0, advertisingSid=0xff, txPower=127, rssi=-49, periodicAdvInt=0x0
07-12 19:00:10.831  2183  2356 D BtGatt.GattService: onScanResult to scannerId: 8- eventType=0x1b, addressType=0, address=04FA83_2, primaryPhy=1, secondaryPhy=0, advertisingSid=0xff, txPower=127, rssi=-76, periodicAdvInt=0x0
07-12 19:00:10.834  1437  1755 I ChimeraAggressivePolicyHandler: executePolicy() - triggerSource: TRIGGER_SOURCE_LMKD
07-12 19:00:10.836  1437  1755 I ChimeraAggressivePolicyHandler: available memory: 1286280, free memory target: 1126400, quit chimera
07-12 19:00:10.850  1245  1245 D connsyslogger: Open FIFO for close
07-12 19:00:10.858  2183  2356 D BtGatt.GattService: onScanResult to scannerId: 8- eventType=0x1b, addressType=0, address=04FA83_2, primaryPhy=1, secondaryPhy=0, advertisingSid=0xff, txPower=127, rssi=-76, periodicAdvInt=0x0
07-12 19:00:10.885  2183  2356 D BtGatt.GattService: onScanResult to scannerId: 8- eventType=0x1b, addressType=0, address=04FA83_2, primaryPhy=1, secondaryPhy=0, advertisingSid=0xff, txPower=127, rssi=-76, periodicAdvInt=0x0
07-12 19:00:10.904  2183  2356 D BtGatt.GattService: onScanResult to scannerId: 8- eventType=0x10, addressType=1, address=163DD5_B, primaryPhy=1, secondaryPhy=0, advertisingSid=0xff, txPower=127, rssi=-49, periodicAdvInt=0x0
07-12 19:00:10.912  2183  2356 D BtGatt.GattService: onScanResult to scannerId: 8- eventType=0x1b, addressType=0, address=04FA83_2, primaryPhy=1, secondaryPhy=0, advertisingSid=0xff, txPower=127, rssi=-77, periodicAdvInt=0x0
07-12 19:00:10.940  2183  2356 D BtGatt.GattService: onScanResult to scannerId: 8- eventType=0x1b, addressType=0, address=04FA83_2, primaryPhy=1, secondaryPhy=0, advertisingSid=0xff, txPower=127, rssi=-75, periodicAdvInt=0x0
07-12 19:00:11.154 24598 24607 I jojoo.sosifyapp: NativeAlloc concurrent copying GC freed 1865KB AllocSpace bytes, 0(0B) LOS objects, 34% free, 45MB/69MB, paused 343us,107us total 260.682ms
07-12 19:00:11.425 24598 24607 I jojoo.sosifyapp: Background concurrent copying GC freed 24MB AllocSpace bytes, 0(0B) LOS objects, 32% free, 50MB/74MB, paused 609us,920us total 271.234ms
07-12 19:00:11.451  1813  1813 I WifiHAL : Get link layer stats
07-12 19:00:11.451  1813  1813 I WifiHAL : GetLinkStatsCommand::create
07-12 19:00:11.451  1813  1813 D android.hardware.wifi@1.0-service-lazy: WifiRequest::create vendor command to iface 40, vendor_id=0x1a11, subcmd=0x1200, res=0
07-12 19:00:11.451  1813  1813 I android.hardware.wifi@1.0-service-lazy: WifiCommand::requestResponse err=-95
07-12 19:00:11.451  1813  1813 I WifiHAL : wifi_get_link_stats: result=-3
07-12 19:00:11.452  1437  1692 E WifiVendorHal: $r8$lambda$s6w0pmKyq6-tDdqCEDbOV_xqgVE(l.1179) failed {.code = ERROR_NOT_SUPPORTED, .description = }
07-12 19:00:11.454  1437  3078 D SemWifiUsabilityStatsMonitor: onWifiUsabilityStats - seqNum 174, isSameBssidAndFreq true
07-12 19:00:11.455  1437  1766 I SemWifiLinkQualityMonitor: Link Qos query: inf. ms / 0 Mbps
07-12 19:00:11.516 24598 24663 W unknown:ReactNative: StatusBarModule: Ignored status bar change, current activity is edge-to-edge.
07-12 19:00:11.525 24598 24662 I ReactNativeJS: [BLE Scanner] Match found! MAC: 52:AF:23:FF:ED:6A, RSSI: -92
07-12 19:00:11.539 24598 24662 I ReactNativeJS: [BLE Scanner] Match found! MAC: 52:AF:23:FF:ED:6A, RSSI: -85
07-12 19:00:11.542 24598 24662 I ReactNativeJS: [BLE Scanner] Match found! MAC: 52:AF:23:FF:ED:6A, RSSI: -87
07-12 19:00:11.556 24598 24662 I ReactNativeJS: '[P2P Connection] Encrypted payload successfully decrypted:', '{"type":"ping","senderId":"719e7ce7-75e4-4765-a170-5e25ac2bc559","timestamp":1783864805813}'
07-12 19:00:11.559 24598 24662 I ReactNativeJS: '[P2P Connection] Encrypted payload successfully decrypted:', '{"type":"ping","senderId":"719e7ce7-75e4-4765-a170-5e25ac2bc559","timestamp":1783864805820}'
07-12 19:00:11.565 24598 24662 I ReactNativeJS: [BLE Scanner] Match found! MAC: 52:AF:23:FF:ED:6A, RSSI: -82
07-12 19:00:11.567 24598 24662 I ReactNativeJS: [BLE Scanner] Match found! MAC: 52:AF:23:FF:ED:6A, RSSI: -85
07-12 19:00:11.675 24598 24607 I jojoo.sosifyapp: Background concurrent copying GC freed 28MB AllocSpace bytes, 7(1108KB) LOS objects, 50% free, 20MB/41MB, paused 560us,109us total 246.140ms
07-12 19:00:11.712 24598 24663 W unknown:ReactNative: StatusBarModule: Ignored status bar change, current activity is edge-to-edge.
07-12 19:00:11.714 24598 24662 I ReactNativeJS: '[P2P Connection] Encrypted payload successfully decrypted:', '{"type":"pong","senderId":"719e7ce7-75e4-4765-a170-5e25ac2bc559","timestamp":1783864811643}'
07-12 19:00:11.732  2183  2356 D BtGatt.GattService: onScanResult to scannerId: 8- eventType=0x1b, addressType=0, address=04FA83_2, primaryPhy=1, secondaryPhy=0, advertisingSid=0xff, txPower=127, rssi=-73, periodicAdvInt=0x0
07-12 19:00:11.754  2183  2356 D BtGatt.GattService: onScanResult to scannerId: 8- eventType=0x10, addressType=1, address=163DD5_B, primaryPhy=1, secondaryPhy=0, advertisingSid=0xff, txPower=127, rssi=-49, periodicAdvInt=0x0
07-12 19:00:11.759  2183  2356 D BtGatt.GattService: onScanResult to scannerId: 8- eventType=0x1b, addressType=0, address=04FA83_2, primaryPhy=1, secondaryPhy=0, advertisingSid=0xff, txPower=127, rssi=-73, periodicAdvInt=0x0
07-12 19:00:11.781  2183  2356 D BtGatt.GattService: onScanResult to scannerId: 8- eventType=0x1b, addressType=0, address=04FA83_2, primaryPhy=1, secondaryPhy=0, advertisingSid=0xff, txPower=127, rssi=-72, periodicAdvInt=0x0
07-12 19:00:11.799  2183  2356 D BtGatt.GattService: onScanResult to scannerId: 8- eventType=0x1b, addressType=1, address=631F37_D, primaryPhy=1, secondaryPhy=0, advertisingSid=0xff, txPower=127, rssi=-89, periodicAdvInt=0x0
07-12 19:00:11.803  2183  2356 D BtGatt.GattService: onScanResult to scannerId: 8- eventType=0x1b, addressType=0, address=04FA83_2, primaryPhy=1, secondaryPhy=0, advertisingSid=0xff, txPower=127, rssi=-73, periodicAdvInt=0x0
07-12 19:00:11.815 24598 24663 W unknown:ReactNative: StatusBarModule: Ignored status bar change, current activity is edge-to-edge.
07-12 19:00:11.825  2183  2356 D BtGatt.GattService: onScanResult to scannerId: 8- eventType=0x1b, addressType=0, address=04FA83_2, primaryPhy=1, secondaryPhy=0, advertisingSid=0xff, txPower=127, rssi=-72, periodicAdvInt=0x0
07-12 19:00:11.841  2183  2356 D BtGatt.GattService: onScanResult to scannerId: 6- eventType=0x10, addressType=1, address=2EBF9B_A, primaryPhy=1, secondaryPhy=0, advertisingSid=0xff, txPower=127, rssi=-73, periodicAdvInt=0x0
07-12 19:00:11.842  2183  2356 D BtGatt.GattService: onScanResult to scannerId: 8- eventType=0x10, addressType=1, address=2EBF9B_A, primaryPhy=1, secondaryPhy=0, advertisingSid=0xff, txPower=127, rssi=-73, periodicAdvInt=0x0
07-12 19:00:11.847  2183  2356 D BtGatt.GattService: onScanResult to scannerId: 8- eventType=0x1b, addressType=0, address=04FA83_2, primaryPhy=1, secondaryPhy=0, advertisingSid=0xff, txPower=127, rssi=-72, periodicAdvInt=0x0
07-12 19:00:11.861  2183  2356 D BtGatt.GattService: onScanResult to scannerId: 8- eventType=0x10, addressType=1, address=163DD5_B, primaryPhy=1, secondaryPhy=0, advertisingSid=0xff, txPower=127, rssi=-48, periodicAdvInt=0x0
07-12 19:00:11.867  2183  2356 D BtGatt.GattService: onScanResult to scannerId: 8- eventType=0x1b, addressType=0, address=04FA83_2, primaryPhy=1, secondaryPhy=0, advertisingSid=0xff, txPower=127, rssi=-73, periodicAdvInt=0x0
07-12 19:00:11.894  2183  2356 D BtGatt.GattService: onScanResult to scannerId: 8- eventType=0x1b, addressType=0, address=04FA83_2, primaryPhy=1, secondaryPhy=0, advertisingSid=0xff, txPower=127, rssi=-73, periodicAdvInt=0x0
07-12 19:00:11.947  1881  1989 D MobileStatusTracker(1/1): onSignalStrengthsChanged level=3, vendorLevel=2
07-12 19:00:11.948  2807  3161 I EPDG -- SIM1 [SMARTCELLULAR]: onSignalStrengthsChanged: SignalStrength:{mCdma=Invalid,mGsm=Invalid,mWcdma=Invalid,mTdscdma=Invalid,mLte=CellSignalStrengthLte: rssi=-107 rsrp=-106 rsrq=-12 rssnr=2 cqiTableIndex=2147483647 cqi=2147483647 ta=2147483647 level=3 parametersUseForLevel=0,mNr=Invalid,SignalBarInfo{ lteLevel=2 },rat=14,primary=CellSignalStrengthLte}
07-12 19:00:11.948  2807  3219 I EPDG -- SIM1 [SMARTCELLULAR]: lastLteRSRP is -106 currentLteRSRP is -106 lastLteRSRQ is -11 currentLteRSRQ is -12 lastLteSNR is 2 currentLteSNR is 2
07-12 19:00:11.949  1881  1989 D MobileSignalController(1/1): notifyListener: enabled=true, connected=true, dataConnected=false, networkType=IWLAN (4G), emergencyOnly=false, roaming=false, isDefault=false, dataActivity=, level=2, ca=false, mmWave=false, disabledDataIcon=false, simCard=ETC
07-12 19:00:11.951  1881  1989 D NetworkController: SignalStrength from intent slotId=1
07-12 19:00:12.390   901   901 I BufferQueueProducer: [com.mojojojoo.sosifyapp/com.mojojojoo.sosifyapp.MainActivity$_24598#277](this:0xb4000079724e5838,id:-1,api:0,p:-1,c:901) queueBuffer: fps=0.10 dur=20258.61 max=20158.62 min=99.99
07-12 19:00:12.392   852   932 I hwcomposer: [HWCDisplay] [Display_0 (type:1)] fps:0.255801,dur:3909.29,max:3909.29,min:3909.29  
07-12 19:00:12.396 24598 24641 I OpenGLRenderer: Davey! duration=859ms; Flags=0, FrameTimelineVsyncId=286473, IntendedVsync=593650977875, Vsync=593662091043, InputEventId=204423302, HandleInputStart=593665052649, AnimationStart=593665056649, PerformTraversalsStart=594487949649, DrawStart=594488693265, FrameDeadline=593662088986, FrameInterval=593665042495, FrameStartTime=11113168, SyncQueued=594492347111, SyncStart=594492477265, IssueDrawCommandsStart=594492864418, SwapBuffers=594504491418, FrameCompleted=594510421265, DequeueBufferDuration=41462, QueueBufferDuration=814153, GpuCompleted=594510421265, SwapBuffersCompleted=594507969572, DisplayPresentTime=514905052721, CommandSubmissionCompleted=594504491418, 
07-12 19:00:12.456 24598 26425 D nativeloader: Load /data/app/~~8-pSFvN1ayYtfrPXK518jA==/com.mojojojoo.sosifyapp-HCNqLuu7AhOccoESAbuUhQ==/base.apk!/lib/arm64-v8a/libavif_android.so using class loader ns clns-5 (caller=/data/app/~~8-pSFvN1ayYtfrPXK518jA==/com.mojojojoo.sosifyapp-HCNqLuu7AhOccoESAbuUhQ==/base.apk!classes21.dex): ok
--------- beginning of system
07-12 19:00:12.477   590   590 D io_stats: !@ 179,0 r 517651 14006742 w 105873 2167264 d 0 0 f 0 0 iot 164940 0 th 0 0 0 pt 0 inp 0 2 594.604
07-12 19:00:12.587 24598 24598 D Glide   : Finished loading BitmapDrawable from LOCAL for data:image/png;base64,iVBORw0KGgoAAAANSUhEUgAABDgAAAlgCAYAAABtGofVAAAAAXNSR0IArs4c6QAAAARzQklUCAgICHwIZIgAACAASURBVHic7N15XJTl/v/x97AKqGPuG6Ohpha4nFaFyrRjiR20TBO3rx7zqGmbppSauVKYZSWamnpKS7RzrKMnsdJKTbR+nqSCk5ZbQS65BoqKbL8/+M79ZWCAYeem1/Px8CEzc889130zwFzv+7o+l0VSjgAAAAAAAEzMraobAAAAAAAAUFYEHAAAAAAAwPQIOAAAAAAAgOkRcAAAAAAAANMj4AAAAAAAAKZHwAEAAAAAAEyPgAMAAAAAAJgeAQcAAAAAADA9Ag4AAAAAAGB6BBwAAAAAAMD0CDgAAAAAAIDpEXAAAAAAAADTI+AAAAAAAACmR8ABAAAAAABMj4ADAAAAAACYHgEHAAAAAAAwPQIOAAAAAABgegQcAAAAAADA9Ag4AAAAAACA6RFwAAAAAAAA0yPgAAAAAAAApudR1Q0AKprFYpGHh4caNWqkVq1aqUmTJqpbt648PDyUnp6ulJQU/fbbbzp8+LAuXLhQ4Pm+vr6qVauWJOny5cu6evVqZR8CAAAAAKAYBByosSwWi9q1a6e+ffvq9ttvV7t27WS1WuXj4yMvLy+5ubkpKytL165d0+XLl/X555/rySefVHp6usN+Ro8ereHDh8tiseiVV17R+vXrq+iIAAAAAPwR+Pr6qnnz5vL09CzwWEZGhk6cOKHLly9XQcuqNwKOKuLt7S1/f39lZmbq+PHjysjIqOomlVl1OSaLxaI2bdpo5MiReuCBB9SyZUtZLBan27q7u8vHx0c+Pj5q0qSJ3NwKztpq0KCBAgICZLFYZLVaK7r5AACgGgoODpbValVsbGxVN0U2m019+vRRUFCQ/P39FRQUVOAzSlJSkpKSkpSYmKiEhATt2bNHSUlJVdRioGLVq1dPzZo10++//66TJ0+WeV/+/v66cOGCfv3113JqYcn4+vqqT58+RW7TsWNHffbZZ4Qc+RBwuOi+++7TwIED1aZNG91zzz2l2kenTp00ZswY3XHHHWrdurXRmc7MzNSRI0f05Zdf6s0339TPP/9cnk3XkiVL1LFjxxI/74svvtDcuXOL3KaqjqkwtWrV0ogRIzRlyhTVq1fPaE9OTo4uXbqkCxcuKDExUceOHdOlS5dUr149dezYUTfccIOuXLminJycSmnnH5W3t7eRQmdmZio9Pb1Sz7nFYpG3t7fc3d2VnZ2tq1evVujru7m5ydvbW25ubsrIyNC1a9dKvS8ztx1AzRQZGanu3btr+fLliomJKfV+wsPDFR0drYSEBPXr108pKSnl2MpcNptNVqtVCQkJJX6u1WrV/PnzFR4eLkkKCAiokDYWx2azafDgwQoPD5fNZnNpe5vNppCQEOO+hIQELVu2TFu3bq2SYygvHTt21C233KL09HRt2bJFaWlplfr6VqtVgYGBknKDL0mKi4uTJCUmJprq3FbFuaxfv77uu+8+de7cWddff71q164tX19fPf7440pMTHR5P+Hh4Xr44YfVqVMn1a9f37j/ypUrOnjwoLZt26a33npL58+fd2l/gwYN0vjx43XTTTfJ3d1dknTq1Cn9+9//VmRkpFJTU0t2oGXg6+tb7DZeXl7y9fUl4MiHgKMIN9xwg4YOHarQ0FAFBARIks6cOVOqfb3wwgsaO3asvL29Czzm4eGh9u3bq3379ho8eLAWLFigJUuWlKnted16661q06ZNiZ937NixIh+vymPKz2KxqGXLlnr22Wf1yCOPyGKxKCcnR+fPn9eePXu0Y8cO7du3T4cPH3ZaQ8PX11eNGzfWtWvX5OHh4TCSI+/X7u7u8vLyMm5nZWUpKyurQo6pbdu28vf3d2nbtLQ0/fjjj9X2D6q/v7/Gjh2rHj16qFWrVnJ3d9fx48e1c+dOLV++XIcOHarwNjRt2lSjR49W//791ahRI507d04ff/yx3nrrrXIP4Nzc3BQUFKTx48frrrvuko+Pj44dO6b169dr/fr1Jf4Daea2A6iZlixZosGDB0uSoqOjFRcXV+rRAZGRkZKkoKAgbdq0qdxDDpvNph07dshqtSomJkYTJ04s0XPXrFmjoKAg477AwECjM1sZbDabpk6dagQsZREUFKQlS5YoJSVFy5Yt0/Lly6vtZ4eidOrUSVLuhZM2bdro+++/L/E+IiIi1L17d61fv97lgC48PFyhoaEKDQ0tcrvY2Fht2bLFFNOay+Ncuqp9+/aaMmWK7r33XtWpU6fA4z4+Pi7t54YbbtCSJUv0pz/9yenjPj4+6tq1q7p27aqRI0dq+vTp+uCDD4rc57PPPqtnnnmmwKjvpk2basyYMbr11lv14IMP8jnIBAg48qldu7YGDx6sfv366bbbbpOHR9lP0aJFizRixAiH+9LT03Xy5Em5u7urWbNmxuvUrl1bs2fPlq+vr15++eUyv7Ykh0SzvFT1MeVlsVjUokULvfHGG7rzzjtlsViUmZmp77//XgsXLtT27duLDSEuX76sn3/+We7u7powYYLatm1rPNalSxfj6/79+zuMhtm2bZs2b95cbseyevVqhYWFFTqlxhVHjhxR79699fvvv5dbu8qiQYMGevXVV3XPPfc4HFdAQIACAgLk7++vxx57TOfOnauwNnh7e2vu3Ll68MEHjTbUqVNH48aNU3BwsB5//HH997//VXZ2dplfy9PTU/fff79effVVh5+9zp07KzAwUH5+fnr99dddfi0ztx1AzWMfzWAPNyQpNTW10E6y/eq2pEJDgaSkJONqeEWEHP7+/sb0DXtI4ErIERoaqujo6Cqbnmq1WjV27FhFREQ4fTw1NVWxsbHGVJT8AZN92kpQUFCBoe5Wq1UREREaN26cpk2bZoqOeF55LzaVRt6ALiQkpNiALjw8XFOnTnVp5IwkIwSJiIjQ9OnTq8W0psKU9Vy6aty4cYqIiFDdunXLtJ+OHTvqn//8p5o2bepw/7lz55SSklJg2nnjxo21ZMkSubu76x//+IfTffbs2VNPP/20LBaLUlNTtXz5csXHx6tJkyYaNWqUOnXqpC5duigyMrJEAWlpNGzYUFLuNBlX5N3u7NmzFdIms7FIYky+pHvuuUfh4eHq1atXkW+oM2fOqEOHDi7v96GHHtJbb71l3E5PT9fSpUsVHR1tdEBtNpumTJmi8PBwowOTmZmpfv366auvvirlEeXy8fFRUlKS8UMeFxen48ePu/Tc//znP1q1alW1O6b8/P399cYbb6h79+7y8PBQZmamFi9erNWrV+vkyZMlGsbv6empDz74QN27d3dp+9dff11z5swpbdMN7u7uOn36dJn3k9f27dv1yCOPlOs+S8pisWjUqFGaP39+oX9A09LSNHToUH355ZcV1o6bb75Z69evdxr25eTk6MSJE5o9e7Y++OCDMk378PDw0FNPPaW//e1vatCggdNtDhw4oGHDhrk88sLMbQdQs1itVm3atMlhNIOUGxbYr4AHBwcbnTtnncGkpCTFxsYqNjbWCDysVqu+/fZbh45PeU9XyduhlVTsSI7IyEiNHTvW6WNhYWEVPoIjKChIa9asKXAOk5OTFRsbq5iYmBJPtwkNDVXfvn0VGhpaoJO5e/dujRgxwjSjOYYPH258/d1335Vo1EH+94KUe/z9+vUrsK3VatWaNWscpvmURnU+v2U5l6567rnnNHnyZIcLXZcvX9a+ffv0ww8/6Oeff9bFixe1bdu2YqeT7Ny50whEpdy+zcsvv+zwObJVq1Z64oknNHz4cGOqyfnz59W9e3eno/E3bNige++9V5Lj7zMp90JxXFycGjdurPT0dHXt2lW//fZbgX0MGzZMY8eO1fTp07Vr1y4Xz8z/6dSpk9q1a1fi5+V36NChCh2FYwaM4Phfs2bNcvhhsUtKSpKHh4eaN29eqv2OGzfO+DonJ0eTJk0qkJInJSXp8cc
07-12 19:00:12.687  2183  2356 D BtGatt.GattService: onScanResult to scannerId: 8- eventType=0x1b, addressType=0, address=04FA83_2, primaryPhy=1, secondaryPhy=0, advertisingSid=0xff, txPower=127, rssi=-79, periodicAdvInt=0x0
07-12 19:00:12.693  2183  2356 D BtGatt.GattService: onScanResult to scannerId: 8- eventType=0x10, addressType=1, address=163DD5_B, primaryPhy=1, secondaryPhy=0, advertisingSid=0xff, txPower=127, rssi=-52, periodicAdvInt=0x0
07-12 19:00:12.700  2183  2356 D BtGatt.GattService: onScanResult to scannerId: 6- eventType=0x10, addressType=1, address=2EBF9B_A, primaryPhy=1, secondaryPhy=0, advertisingSid=0xff, txPower=127, rssi=-78, periodicAdvInt=0x0
07-12 19:00:12.701  2183  2356 D BtGatt.GattService: onScanResult to scannerId: 8- eventType=0x10, addressType=1, address=2EBF9B_A, primaryPhy=1, secondaryPhy=0, advertisingSid=0xff, txPower=127, rssi=-78, periodicAdvInt=0x0
07-12 19:00:12.729  2183  2356 D BtGatt.GattService: onScanResult to scannerId: 8- eventType=0x1b, addressType=1, address=53C512_3, primaryPhy=1, secondaryPhy=0, advertisingSid=0xff, txPower=127, rssi=-96, periodicAdvInt=0x0
07-12 19:00:12.738  2183  2356 D BtGatt.GattService: onScanResult to scannerId: 8- eventType=0x1b, addressType=0, address=04FA83_2, primaryPhy=1, secondaryPhy=0, advertisingSid=0xff, txPower=127, rssi=-78, periodicAdvInt=0x0
07-12 19:00:12.784  2183  2356 D BtGatt.GattService: onScanResult to scannerId: 6- eventType=0x0, addressType=1, address=32C731_D, primaryPhy=1, secondaryPhy=1, advertisingSid=0x2, txPower=127, rssi=-78, periodicAdvInt=0x0
07-12 19:00:12.790  2183  2356 D BtGatt.GattService: onScanResult to scannerId: 8- eventType=0x1b, addressType=0, address=04FA83_2, primaryPhy=1, secondaryPhy=0, advertisingSid=0xff, txPower=127, rssi=-80, periodicAdvInt=0x0
07-12 19:00:12.800  2183  2356 D BtGatt.GattService: onScanResult to scannerId: 8- eventType=0x10, addressType=1, address=163DD5_B, primaryPhy=1, secondaryPhy=0, advertisingSid=0xff, txPower=127, rssi=-52, periodicAdvInt=0x0
07-12 19:00:12.813  2183  2356 D BtGatt.GattService: onScanResult to scannerId: 8- eventType=0x1b, addressType=0, address=04FA83_2, primaryPhy=1, secondaryPhy=0, advertisingSid=0xff, txPower=127, rssi=-78, periodicAdvInt=0x0
07-12 19:00:12.837  2183  2356 D BtGatt.GattService: onScanResult to scannerId: 8- eventType=0x1b, addressType=0, address=04FA83_2, primaryPhy=1, secondaryPhy=0, advertisingSid=0xff, txPower=127, rssi=-79, periodicAdvInt=0x0
07-12 19:00:12.860  2183  2356 D BtGatt.GattService: onScanResult to scannerId: 8- eventType=0x1b, addressType=0, address=04FA83_2, primaryPhy=1, secondaryPhy=0, advertisingSid=0xff, txPower=127, rssi=-80, periodicAdvInt=0x0
07-12 19:00:13.005 24598 24662 I ReactNativeJS: '[P2P Connection] Encrypted payload successfully decrypted:', '{"type":"pong","senderId":"719e7ce7-75e4-4765-a170-5e25ac2bc559","timestamp":1783864812972}'
07-12 19:00:13.227  2807  3161 I EPDG -- SIM1 [SMARTCELLULAR]: onSignalStrengthsChanged: SignalStrength:{mCdma=Invalid,mGsm=Invalid,mWcdma=Invalid,mTdscdma=Invalid,mLte=CellSignalStrengthLte: rssi=-105 rsrp=-105 rsrq=-12 rssnr=2 cqiTableIndex=2147483647 cqi=2147483647 ta=2147483647 level=3 parametersUseForLevel=0,mNr=Invalid,SignalBarInfo{ lteLevel=2 },rat=14,primary=CellSignalStrengthLte}
07-12 19:00:13.227  1881  1989 D MobileStatusTracker(1/1): onSignalStrengthsChanged level=3, vendorLevel=2
07-12 19:00:13.228  2807  3219 I EPDG -- SIM1 [SMARTCELLULAR]: lastLteRSRP is -106 currentLteRSRP is -105 lastLteRSRQ is -12 currentLteRSRQ is -12 lastLteSNR is 2 currentLteSNR is 2
07-12 19:00:13.230  1881  1989 D MobileSignalController(1/1): notifyListener: enabled=true, connected=true, dataConnected=false, networkType=IWLAN (4G), emergencyOnly=false, roaming=false, isDefault=false, dataActivity=, level=2, ca=false, mmWave=false, disabledDataIcon=false, simCard=ETC
07-12 19:00:13.230  1881  1989 D NetworkController: SignalStrength from intent slotId=1
07-12 19:00:13.396  1881  1989 D MobileStatusTracker(0/2): onSignalStrengthsChanged level=4, vendorLevel=4
07-12 19:00:13.398  1881  1989 D MobileSignalController(0/2): notifyListener: enabled=true, connected=true, dataConnected=false, networkType=EDGE (E), emergencyOnly=false, roaming=false, isDefault=false, dataActivity=, level=4, ca=false, mmWave=false, disabledDataIcon=false, simCard=ETC
07-12 19:00:13.399  1881  1989 D NetworkController: SignalStrength from intent slotId=0
07-12 19:00:13.493   853   853 E android.hardware.health@2.1-service-samsung: Could not open /sys/class/power_supply/battery/lrp
07-12 19:00:13.495  1437  1819 D BatteryService: Sending ACTION_BATTERY_CHANGED: level:63, status:2, health:2, ac:false, usb:true, wireless:false, pogo:false, misc:0x20000, charge_type:1, charger_type:0, voltage:3910, temperature:360, online:4, current_avg:179, ps:false, hvc:false, capacity:280000, current_event:0x0, current_now:278, mcc:0, mcv:0, cc:3195000, present:true, scale:100, technology:Li-ion
07-12 19:00:13.498  1437  1635 D MotionRecognitionService: [SAR]  onReceive : ACTION_BATTERY_CHANGED, Plugged: 2
07-12 19:00:13.498  1437  1437 D PhoneWindowManagerExt: ACTION_BATTERY_CHANGED - Level=63, status=2
07-12 19:00:13.499  1437  1799 I DeviceBatteryInfoService: action: android.intent.action.BATTERY_CHANGED
07-12 19:00:13.499  1437  1799 I DeviceBatteryInfoService: phone battery level: 63
07-12 19:00:13.499  1437  1799 I DeviceBatteryInfoService: phone battery status: 2
07-12 19:00:13.499  1437  1437 D AdaptiveBrightnessLongtermModelBuilder: Received android.intent.action.BATTERY_CHANGED
07-12 19:00:13.500  1437  1437 D SemWifiApBroadcastReceiver: Received : android.intent.action.BATTERY_CHANGED
07-12 19:00:13.501  1847  1847 D SemBigDataInfoController: Intent: android.intent.action.BATTERY_CHANGED
07-12 19:00:13.501  1847  1847 D SemBigDataInfoController: Intent: android.intent.action.BATTERY_CHANGED
07-12 19:00:13.502  1881  1881 I PowerUI : mBootCompleted = true |  mFullyConnected = true
07-12 19:00:13.502  1881  1881 I PowerUI : BATTERY_HEALTH_CHECK extraHealth=2 mBatteryMiscEvent=131072
07-12 19:00:13.502  1881  1881 W PowerUI : Plug reason
07-12 19:00:13.502  1881  1881 W PowerUI : Skip charging animation - by plug status
07-12 19:00:13.502  1881  1881 D PowerUI : priorPlugType = 2 mPlugType = 2 priorBatteryStatus = 2 mBatteryStatus = 2
07-12 19:00:13.502  1881  1881 W PowerUI : Plug reason
07-12 19:00:13.502  1881  1881 W PowerUI : Skip charging sound - by plug status
07-12 19:00:13.502  1881  1881 I PowerUI : oldMisalign : false, curMisalign : false
07-12 19:00:13.503  1881  2825 D SecPowerUI.Notification: dismissing low battery warning: level=63
07-12 19:00:13.503  1881  2825 D SecPowerUI.Notification: updateNotification mWarning=false mPlaySound=false
07-12 19:00:13.503  1881  2825 D SecPowerUI.Notification: SecBatteryStatsSnapshot{batteryLevel=63, currentBatteryMode=0, chargingTime=7235000, chargingType=11, batteryHealth=2, automaticTestMode=false, isHiccupState=false}
07-12 19:00:13.506  1881  1881 D SecPowerUI.Notification: showChargingNotice oldChargingType : 11 / currentChargingType : 11, oldChargingTime : 7235000 / mChargingTime : 7235000
07-12 19:00:13.506  1881  1881 D SecPowerUI.Notification: There is no change about charging status, so return!
07-12 19:00:13.506  1881  1881 D PowerUI : Battery swelling mode - priorBatterySwellingMode = 0 mBatterySwellingMode = 0 mBatteryStatus = 2
07-12 19:00:13.506  1881  1881 I PowerUI : mBatteryMiscEvent = 131072
07-12 19:00:13.506  1881  2825 D SecPowerUI.Notification: 1. restoreScreenTimeOut - saved_value : :
07-12 19:00:13.506  1881  2825 E SecPowerUI.Notification: no saved value, so we do nothing !!
07-12 19:00:13.508  1881  1881 I PowerUI : checkShouldTurnOffProtectBattery : 0, Scheduling start ? : false
07-12 19:00:13.508  1881  1881 I PowerUI : Clear time
07-12 19:00:13.509  1437  4313 D SettingsProvider: isChangeAllowed() : name = charger_connected_time
07-12 19:00:13.509  1437  4313 D SettingsProvider: edmUri: content://com.sec.knox.provider/RestrictionPolicy3
07-12 19:00:13.509  1437  4313 D SettingsProvider: projectionArgs: isSettingsChangesAllowed
07-12 19:00:13.509  1437  4313 D SettingsProvider: selectionArgs: false
07-12 19:00:13.509  1437  4313 D SettingsProvider: selectionArgs: 10046
07-12 19:00:13.509  1437  4313 D SecContentProvider: query(), uri = 17 selection = isSettingsChangesAllowed
07-12 19:00:13.510  1437  4313 D SecContentProvider: called from android.uid.systemui:10046
07-12 19:00:13.510  1437  4313 D RestrictionPolicy: isSettingsChangesAllowedAsUser, userId 0 : true
07-12 19:00:13.510  1437  4313 D SettingsProvider: ret = 1
07-12 19:00:13.512  1881  1881 D KeyguardUpdateMonitor: received broadcast android.intent.action.BATTERY_CHANGED
07-12 19:00:13.512  1881  1881 D SamsungBatteryMeterDrawable: onBatteryLevelChanged isSomethingChanged: false
07-12 19:00:13.512  1881  1881 D SamsungBatteryMeterDrawable: onBatteryLevelChanged isSomethingChanged: false
07-12 19:00:13.513  1881  1881 D SamsungBatteryMeterDrawable: onBatteryLevelChanged isSomethingChanged: false
07-12 19:00:13.513  1881  1881 D SamsungBatteryMeterDrawable: onBatteryLevelChanged isSomethingChanged: false
07-12 19:00:13.513  1881  1881 I AODBatteryManager: updateBatteryData: ACTION_BATTERY_CHANGED
07-12 19:00:13.516  1881  1881 I AODBatteryManager: saveBatteryData : AOD BatteryData [mBatteryLevel=63, mBatteryStatus=CHARGING, mBatteryPlugType=USB, mBatteryPlugged=true, mRemainingChargeTime=7235000, mBatteryChargingType=1, mBatteryChargerType=NORMAL, mBatteryOnline=USB, mBatterySwellingMode=NONE, mBatteryProtectMode=false]
07-12 19:00:13.516  1881  1881 D KeyguardUpdateMonitor: handleBatteryUpdate
07-12 19:00:13.637  2183  2356 D BtGatt.GattService: onScanResult to scannerId: 8- eventType=0x10, addressType=1, address=163DD5_B, primaryPhy=1, secondaryPhy=0, advertisingSid=0xff, txPower=127, rssi=-48, periodicAdvInt=0x0
07-12 19:00:13.639  2183  2356 D BtGatt.GattService: onScanResult to scannerId: 6- eventType=0x0, addressType=1, address=32C731_D, primaryPhy=1, secondaryPhy=1, advertisingSid=0x2, txPower=127, rssi=-69, periodicAdvInt=0x0
07-12 19:00:13.641  2183  2356 D BtGatt.GattService: onScanResult to scannerId: 8- eventType=0x1b, addressType=0, address=04FA83_2, primaryPhy=1, secondaryPhy=0, advertisingSid=0xff, txPower=127, rssi=-80, periodicAdvInt=0x0
07-12 19:00:13.700  2183  2356 D BtGatt.GattService: onScanResult to scannerId: 8- eventType=0x1b, addressType=0, address=04FA83_2, primaryPhy=1, secondaryPhy=0, advertisingSid=0xff, txPower=127, rssi=-81, periodicAdvInt=0x0
07-12 19:00:13.720  2183  2356 D BtGatt.GattService: onScanResult to scannerId: 8- eventType=0x1b, addressType=0, address=04FA83_2, primaryPhy=1, secondaryPhy=0, advertisingSid=0xff, txPower=127, rssi=-83, periodicAdvInt=0x0
07-12 19:00:13.731  2183  2356 D BtGatt.GattService: onScanResult to scannerId: 8- eventType=0x1b, addressType=1, address=631F37_D, primaryPhy=1, secondaryPhy=0, advertisingSid=0xff, txPower=127, rssi=-88, periodicAdvInt=0x0
07-12 19:00:13.746  2183  2356 D BtGatt.GattService: onScanResult to scannerId: 8- eventType=0x1b, addressType=0, address=04FA83_2, primaryPhy=1, secondaryPhy=0, advertisingSid=0xff, txPower=127, rssi=-78, periodicAdvInt=0x0
07-12 19:00:13.749  2183  2356 D BtGatt.GattService: onScanResult to scannerId: 8- eventType=0x10, addressType=1, address=163DD5_B, primaryPhy=1, secondaryPhy=0, advertisingSid=0xff, txPower=127, rssi=-48, periodicAdvInt=0x0
07-12 19:00:13.792  2183  2356 D BtGatt.GattService: onScanResult to scannerId: 8- eventType=0x1b, addressType=0, address=04FA83_2, primaryPhy=1, secondaryPhy=0, advertisingSid=0xff, txPower=127, rssi=-80, periodicAdvInt=0x0
07-12 19:00:13.817  2183  2356 D BtGatt.GattService: onScanResult to scannerId: 8- eventType=0x1b, addressType=0, address=04FA83_2, primaryPhy=1, secondaryPhy=0, advertisingSid=0xff, txPower=127, rssi=-78, periodicAdvInt=0x0
07-12 19:00:14.108  1437  1782 D WifiConnectivityMonitor: Stop WCM Poll. cnt : 9
07-12 19:00:14.344  1881  1989 D MobileStatusTracker(0/2): onSignalStrengthsChanged level=4, vendorLevel=4
07-12 19:00:14.347  1881  1989 D MobileSignalController(0/2): notifyListener: enabled=true, connected=true, dataConnected=false, networkType=EDGE (E), emergencyOnly=false, roaming=false, isDefault=false, dataActivity=, level=4, ca=false, mmWave=false, disabledDataIcon=false, simCard=ETC
07-12 19:00:14.347  1881  1989 D NetworkController: SignalStrength from intent slotId=0
07-12 19:00:14.458  1813  1813 I WifiHAL : Get link layer stats
07-12 19:00:14.458  1813  1813 I WifiHAL : GetLinkStatsCommand::create
07-12 19:00:14.458  1813  1813 D android.hardware.wifi@1.0-service-lazy: WifiRequest::create vendor command to iface 40, vendor_id=0x1a11, subcmd=0x1200, res=0
07-12 19:00:14.458  1813  1813 I android.hardware.wifi@1.0-service-lazy: WifiCommand::requestResponse err=-95
07-12 19:00:14.459  1813  1813 I WifiHAL : wifi_get_link_stats: result=-3
07-12 19:00:14.460  1437  1692 E WifiVendorHal: $r8$lambda$s6w0pmKyq6-tDdqCEDbOV_xqgVE(l.1179) failed {.code = ERROR_NOT_SUPPORTED, .description = }
07-12 19:00:14.465  1437  3078 D SemWifiUsabilityStatsMonitor: onWifiUsabilityStats - seqNum 175, isSameBssidAndFreq true
07-12 19:00:14.466  1437  1766 I SemWifiLinkQualityMonitor: Link Qos query: inf. ms / 0 Mbps
07-12 19:00:14.478   590   590 D io_stats: !@ 179,0 r 517897 14010202 w 106095 2169480 d 0 0 f 0 0 iot 165080 0 th 0 0 0 pt 0 inp 0 0 596.605
07-12 19:00:14.507  1881  1989 D MobileStatusTracker(1/1): onSignalStrengthsChanged level=3, vendorLevel=2
07-12 19:00:14.508  2807  3161 I EPDG -- SIM1 [SMARTCELLULAR]: onSignalStrengthsChanged: SignalStrength:{mCdma=Invalid,mGsm=Invalid,mWcdma=Invalid,mTdscdma=Invalid,mLte=CellSignalStrengthLte: rssi=-107 rsrp=-106 rsrq=-12 rssnr=2 cqiTableIndex=2147483647 cqi=2147483647 ta=2147483647 level=3 parametersUseForLevel=0,mNr=Invalid,SignalBarInfo{ lteLevel=2 },rat=14,primary=CellSignalStrengthLte}
07-12 19:00:14.509  2807  3219 I EPDG -- SIM1 [SMARTCELLULAR]: lastLteRSRP is -105 currentLteRSRP is -106 lastLteRSRQ is -12 currentLteRSRQ is -12 lastLteSNR is 2 currentLteSNR is 2
07-12 19:00:14.511  1881  1989 D MobileSignalController(1/1): notifyListener: enabled=true, connected=true, dataConnected=false, networkType=IWLAN (4G), emergencyOnly=false, roaming=false, isDefault=false, dataActivity=, level=2, ca=false, mmWave=false, disabledDataIcon=false, simCard=ETC
07-12 19:00:14.511  1881  1989 D NetworkController: SignalStrength from intent slotId=1
07-12 19:00:14.595  2183  2356 D BtGatt.GattService: onScanResult to scannerId: 8- eventType=0x10, addressType=1, address=CDC48C_B, primaryPhy=1, secondaryPhy=0, advertisingSid=0xff, txPower=127, rssi=-93, periodicAdvInt=0x0
07-12 19:00:14.600  2183  2356 D BtGatt.GattService: onScanResult to scannerId: 8- eventType=0x1b, addressType=0, address=04FA83_2, primaryPhy=1, secondaryPhy=0, advertisingSid=0xff, txPower=127, rssi=-73, periodicAdvInt=0x0
07-12 19:00:14.624  2183  2356 D BtGatt.GattService: onScanResult to scannerId: 8- eventType=0x1b, addressType=0, address=04FA83_2, primaryPhy=1, secondaryPhy=0, advertisingSid=0xff, txPower=127, rssi=-73, periodicAdvInt=0x0
07-12 19:00:14.672  2183  2356 D BtGatt.GattService: onScanResult to scannerId: 8- eventType=0x1b, addressType=0, address=04FA83_2, primaryPhy=1, secondaryPhy=0, advertisingSid=0xff, txPower=127, rssi=-72, periodicAdvInt=0x0
07-12 19:00:14.689  2183  2356 D BtGatt.GattService: onScanResult to scannerId: 8- eventType=0x10, addressType=1, address=163DD5_B, primaryPhy=1, secondaryPhy=0, advertisingSid=0xff, txPower=127, rssi=-55, periodicAdvInt=0x0
07-12 19:00:14.698  2183  2356 D BtGatt.GattService: onScanResult to scannerId: 8- eventType=0x1b, addressType=0, address=04FA83_2, primaryPhy=1, secondaryPhy=0, advertisingSid=0xff, txPower=127, rssi=-73, periodicAdvInt=0x0
07-12 19:00:14.707  2183  2356 D BtGatt.GattService: onScanResult to scannerId: 6- eventType=0x10, addressType=1, address=2EBF9B_A, primaryPhy=1, secondaryPhy=0, advertisingSid=0xff, txPower=127, rssi=-86, periodicAdvInt=0x0
07-12 19:00:14.708  2183  2356 D BtGatt.GattService: onScanResult to scannerId: 8- eventType=0x10, addressType=1, address=2EBF9B_A, primaryPhy=1, secondaryPhy=0, advertisingSid=0xff, txPower=127, rssi=-86, periodicAdvInt=0x0
07-12 19:00:14.727  2183  2356 D BtGatt.GattService: onScanResult to scannerId: 8- eventType=0x1b, addressType=0, address=04FA83_2, primaryPhy=1, secondaryPhy=0, advertisingSid=0xff, txPower=127, rssi=-73, periodicAdvInt=0x0
07-12 19:00:14.756  2183  2356 D BtGatt.GattService: onScanResult to scannerId: 8- eventType=0x1b, addressType=0, address=04FA83_2, primaryPhy=1, secondaryPhy=0, advertisingSid=0xff, txPower=127, rssi=-73, periodicAdvInt=0x0
07-12 19:00:15.071 24598 24662 I ReactNativeJS: '[P2P Connection] Encrypted payload successfully decrypted:', '{"type":"ping","senderId":"719e7ce7-75e4-4765-a170-5e25ac2bc559","timestamp":1783864815037}'
07-12 19:00:15.074  1437  1475 I ActivityManager: Changes in 10049 5 to 15, 8 to 0
07-12 19:00:15.562  2183  2356 D BtGatt.GattService: onScanResult to scannerId: 8- eventType=0x1b, addressType=0, address=04FA83_2, primaryPhy=1, secondaryPhy=0, advertisingSid=0xff, txPower=127, rssi=-76, periodicAdvInt=0x0
07-12 19:00:15.564  2183  2356 D BtGatt.GattService: onScanResult to scannerId: 6- eventType=0x10, addressType=1, address=2EBF9B_A, primaryPhy=1, secondaryPhy=0, advertisingSid=0xff, txPower=127, rssi=-85, periodicAdvInt=0x0
07-12 19:00:15.565  2183  2356 D BtGatt.GattService: onScanResult to scannerId: 8- eventType=0x10, addressType=1, address=2EBF9B_A, primaryPhy=1, secondaryPhy=0, advertisingSid=0xff, txPower=127, rssi=-85, periodicAdvInt=0x0
07-12 19:00:15.583  2183  2356 D BtGatt.GattService: onScanResult to scannerId: 8- eventType=0x1b, addressType=0, address=04FA83_2, primaryPhy=1, secondaryPhy=0, advertisingSid=0xff, txPower=127, rssi=-77, periodicAdvInt=0x0
07-12 19:00:15.612  2183  2356 D BtGatt.GattService: onScanResult to scannerId: 8- eventType=0x1b, addressType=0, address=04FA83_2, primaryPhy=1, secondaryPhy=0, advertisingSid=0xff, txPower=127, rssi=-77, periodicAdvInt=0x0
07-12 19:00:15.624  2183  2356 D BtGatt.GattService: onScanResult to scannerId: 8- eventType=0x10, addressType=1, address=163DD5_B, primaryPhy=1, secondaryPhy=0, advertisingSid=0xff, txPower=127, rssi=-48, periodicAdvInt=0x0
07-12 19:00:15.637  2183  2356 D BtGatt.GattService: onScanResult to scannerId: 6- eventType=0x0, addressType=1, address=32C731_D, primaryPhy=1, secondaryPhy=1, advertisingSid=0x2, txPower=127, rssi=-84, periodicAdvInt=0x0
07-12 19:00:15.655  2183  2356 D BtGatt.GattService: onScanResult to scannerId: 8- eventType=0x1b, addressType=1, address=631F37_D, primaryPhy=1, secondaryPhy=0, advertisingSid=0xff, txPower=127, rssi=-80, periodicAdvInt=0x0
07-12 19:00:15.662  2183  2356 D BtGatt.GattService: onScanResult to scannerId: 8- eventType=0x1b, addressType=0, address=04FA83_2, primaryPhy=1, secondaryPhy=0, advertisingSid=0xff, txPower=127, rssi=-77, periodicAdvInt=0x0
07-12 19:00:15.688  2183  2356 D BtGatt.GattService: onScanResult to scannerId: 8- eventType=0x1b, addressType=0, address=04FA83_2, primaryPhy=1, secondaryPhy=0, advertisingSid=0xff, txPower=127, rssi=-81, periodicAdvInt=0x0
07-12 19:00:15.716  2183  2356 D BtGatt.GattService: onScanResult to scannerId: 8- eventType=0x1b, addressType=0, address=04FA83_2, primaryPhy=1, secondaryPhy=0, advertisingSid=0xff, txPower=127, rssi=-76, periodicAdvInt=0x0
07-12 19:00:15.734  2183  2356 D BtGatt.GattService: onScanResult to scannerId: 8- eventType=0x10, addressType=1, address=163DD5_B, primaryPhy=1, secondaryPhy=0, advertisingSid=0xff, txPower=127, rssi=-48, periodicAdvInt=0x0
07-12 19:00:15.785  1881  1989 D MobileStatusTracker(1/1): onSignalStrengthsChanged level=3, vendorLevel=2
07-12 19:00:15.786  2807  3161 I EPDG -- SIM1 [SMARTCELLULAR]: onSignalStrengthsChanged: SignalStrength:{mCdma=Invalid,mGsm=Invalid,mWcdma=Invalid,mTdscdma=Invalid,mLte=CellSignalStrengthLte: rssi=-107 rsrp=-106 rsrq=-11 rssnr=2 cqiTableIndex=2147483647 cqi=2147483647 ta=2147483647 level=3 parametersUseForLevel=0,mNr=Invalid,SignalBarInfo{ lteLevel=2 },rat=14,primary=CellSignalStrengthLte}
07-12 19:00:15.787  2807  3219 I EPDG -- SIM1 [SMARTCELLULAR]: lastLteRSRP is -106 currentLteRSRP is -106 lastLteRSRQ is -12 currentLteRSRQ is -11 lastLteSNR is 2 currentLteSNR is 2
07-12 19:00:15.788  1881  1989 D MobileSignalController(1/1): notifyListener: enabled=true, connected=true, dataConnected=false, networkType=IWLAN (4G), emergencyOnly=false, roaming=false, isDefault=false, dataActivity=, level=2, ca=false, mmWave=false, disabledDataIcon=false, simCard=ETC
07-12 19:00:15.789  1881  1989 D NetworkController: SignalStrength from intent slotId=1
07-12 19:00:15.850  1245  1245 D connsyslogger: Open FIFO for close
07-12 19:00:16.479   590   590 D io_stats: !@ 179,0 r 517899 14010226 w 106109 2169620 d 0 0 f 0 0 iot 165088 0 th 0 0 0 pt 0 inp 0 0 598.605
07-12 19:00:16.510  2183  2356 D BtGatt.GattService: onScanResult to scannerId: 8- eventType=0x1b, addressType=0, address=04FA83_2, primaryPhy=1, secondaryPhy=0, advertisingSid=0xff, txPower=127, rssi=-73, periodicAdvInt=0x0
07-12 19:00:16.534  2183  2356 D BtGatt.GattService: onScanResult to scannerId: 8- eventType=0x1b, addressType=0, address=04FA83_2, primaryPhy=1, secondaryPhy=0, advertisingSid=0xff, txPower=127, rssi=-74, periodicAdvInt=0x0
07-12 19:00:16.557  2183  2356 D BtGatt.GattService: onScanResult to scannerId: 8- eventType=0x1b, addressType=0, address=04FA83_2, primaryPhy=1, secondaryPhy=0, advertisingSid=0xff, txPower=127, rssi=-75, periodicAdvInt=0x0
07-12 19:00:16.562  2183  2356 D BtGatt.GattService: onScanResult to scannerId: 8- eventType=0x1b, addressType=1, address=53C512_3, primaryPhy=1, secondaryPhy=0, advertisingSid=0xff, txPower=127, rssi=-88, periodicAdvInt=0x0
07-12 19:00:16.573  2183  2356 D BtGatt.GattService: onScanResult to scannerId: 8- eventType=0x10, addressType=1, address=163DD5_B, primaryPhy=1, secondaryPhy=0, advertisingSid=0xff, txPower=127, rssi=-49, periodicAdvInt=0x0
07-12 19:00:16.597  2183  2356 D BtGatt.GattService: onScanResult to scannerId: 8- eventType=0x10, addressType=1, address=CDC48C_B, primaryPhy=1, secondaryPhy=0, advertisingSid=0xff, txPower=127, rssi=-83, periodicAdvInt=0x0
07-12 19:00:16.604  2183  2356 D BtGatt.GattService: onScanResult to scannerId: 8- eventType=0x1b, addressType=0, address=04FA83_2, primaryPhy=1, secondaryPhy=0, advertisingSid=0xff, txPower=127, rssi=-75, periodicAdvInt=0x0
07-12 19:00:16.650  2183  2356 D BtGatt.GattService: onScanResult to scannerId: 8- eventType=0x1b, addressType=0, address=04FA83_2, primaryPhy=1, secondaryPhy=0, advertisingSid=0xff, txPower=127, rssi=-72, periodicAdvInt=0x0
07-12 19:00:16.676  2183  2356 D BtGatt.GattService: onScanResult to scannerId: 8- eventType=0x10, addressType=1, address=163DD5_B, primaryPhy=1, secondaryPhy=0, advertisingSid=0xff, txPower=127, rssi=-49, periodicAdvInt=0x0
07-12 19:00:17.065  1881  1989 D MobileStatusTracker(1/1): onSignalStrengthsChanged level=3, vendorLevel=2
07-12 19:00:17.065  2807  3161 I EPDG -- SIM1 [SMARTCELLULAR]: onSignalStrengthsChanged: SignalStrength:{mCdma=Invalid,mGsm=Invalid,mWcdma=Invalid,mTdscdma=Invalid,mLte=CellSignalStrengthLte: rssi=-107 rsrp=-106 rsrq=-12 rssnr=2 cqiTableIndex=2147483647 cqi=2147483647 ta=2147483647 level=3 parametersUseForLevel=0,mNr=Invalid,SignalBarInfo{ lteLevel=2 },rat=14,primary=CellSignalStrengthLte}
07-12 19:00:17.066  2807  3219 I EPDG -- SIM1 [SMARTCELLULAR]: lastLteRSRP is -106 currentLteRSRP is -106 lastLteRSRQ is -11 currentLteRSRQ is -12 lastLteSNR is 2 currentLteSNR is 2
07-12 19:00:17.067  1881  1989 D MobileSignalController(1/1): notifyListener: enabled=true, connected=true, dataConnected=false, networkType=IWLAN (4G), emergencyOnly=false, roaming=false, isDefault=false, dataActivity=, level=2, ca=false, mmWave=false, disabledDataIcon=false, simCard=ETC
07-12 19:00:17.067  1881  1989 D NetworkController: SignalStrength from intent slotId=1
07-12 19:00:17.098 25278 25283 W oid.documentsui: Cleared Reference was only reachable from finalizer (only reported once)
07-12 19:00:17.130  1832  1832 I wpa_supplicant: Heartbeat 56
07-12 19:00:17.142 25278 25312 D OpenGLRenderer: setSurface called with nullptr
07-12 19:00:17.163   901   961 D SurfaceFlinger: [SF client] REMOVE (0xb4000079720cf8c0) for (25278:com.google.android.documentsui)
07-12 19:00:17.164 25278 25285 W System  : A resource failed to call AbstractCursor.close. 
07-12 19:00:17.164 25278 25285 W System  : A resource failed to call AbstractCursor.close. 
07-12 19:00:17.165 25278 25285 W System  : A resource failed to call AbstractCursor.close. 
07-12 19:00:17.470  1813  1813 I WifiHAL : Get link layer stats
07-12 19:00:17.470  1813  1813 I WifiHAL : GetLinkStatsCommand::create
07-12 19:00:17.470  1813  1813 D android.hardware.wifi@1.0-service-lazy: WifiRequest::create vendor command to iface 40, vendor_id=0x1a11, subcmd=0x1200, res=0
07-12 19:00:17.470  1813  1813 I android.hardware.wifi@1.0-service-lazy: WifiCommand::requestResponse err=-95
07-12 19:00:17.470  1813  1813 I WifiHAL : wifi_get_link_stats: result=-3
07-12 19:00:17.471  1437  1692 E WifiVendorHal: $r8$lambda$s6w0pmKyq6-tDdqCEDbOV_xqgVE(l.1179) failed {.code = ERROR_NOT_SUPPORTED, .description = }
07-12 19:00:17.476  1437  3078 D SemWifiUsabilityStatsMonitor: onWifiUsabilityStats - seqNum 176, isSameBssidAndFreq true
07-12 19:00:17.477  2183  2356 D BtGatt.GattService: onScanResult to scannerId: 8- eventType=0x1b, addressType=0, address=04FA83_2, primaryPhy=1, secondaryPhy=0, advertisingSid=0xff, txPower=127, rssi=-72, periodicAdvInt=0x0
07-12 19:00:17.478  1437  1766 I SemWifiLinkQualityMonitor: Link Qos query: inf. ms / 0 Mbps
07-12 19:00:17.479  1881  1881 D NetworkController.WifiSignalController: notifyListener: visible=true, connected=true, inetCondition=1, isDefault=true, wifiTestReported=true, receivedInetCondition=-1, hideDuringMobileSwitching=false
07-12 19:00:17.505  2183  2356 D BtGatt.GattService: onScanResult to scannerId: 8- eventType=0x1b, addressType=0, address=04FA83_2, primaryPhy=1, secondaryPhy=0, advertisingSid=0xff, txPower=127, rssi=-72, periodicAdvInt=0x0
07-12 19:00:17.511  2183  2356 D BtGatt.GattService: onScanResult to scannerId: 8- eventType=0x10, addressType=1, address=163DD5_B, primaryPhy=1, secondaryPhy=0, advertisingSid=0xff, txPower=127, rssi=-53, periodicAdvInt=0x0
07-12 19:00:17.513   901   901 I SurfaceFlinger: SFWD update time=599640691726
07-12 19:00:17.514   901   901 I BufferQueueProducer: [StatusBar$_1881#83](this:0xb400007972586838,id:-1,api:0,p:-1,c:901) queueBuffer: fps=0.11 dur=9032.98 max=9032.98 min=9032.98
07-12 19:00:17.516   852   932 I hwcomposer: [HWCDisplay] [Display_0 (type:1)] fps:0.585510,dur:5123.74,max:4779.54,min:144.06  
07-12 19:00:17.518  1437  1616 D ActivityTaskManager: SafeActivityOptions created, mOriginalCallingPid=1437, mOriginalCallingUid=1000, options=ActivityOptions(56215261), mPackageName=null, mAnimationType=-1, mStartX=0, mStartY=0, mWidth=0, mHeight=0, caller=com.android.server.am.PendingIntentRecord.sendInner:486 com.android.server.am.ActivityManagerService.sendIntentSender:6624 com.android.server.am.ActivityManagerService.sendIntentSender:6613 android.app.PendingIntent.sendAndReturnResult:1029 android.app.PendingIntent.send:1000 com.android.server.alarm.AlarmManagerService$DeliveryTracker.deliverLocked:6377 com.android.server.alarm.AlarmManagerService.deliverAlarmsLocked:5218 
07-12 19:00:17.518  1437  1616 D ActivityManager: Received BROADCAST intent 0xf72e6b6 Key{broadcastIntent pkg=com.google.android.gms/fused_location_provider intent=act=GmsAlarm:FusedLocation:throttling_delivery:18 flg=0x50000000 pkg=com.google.android.gms flags=0x44000000 u=0} requestCode=0 sent=0 from uid 1000
07-12 19:00:17.528  2183  2356 D BtGatt.GattService: onScanResult to scannerId: 8- eventType=0x1b, addressType=0, address=04FA83_2, primaryPhy=1, secondaryPhy=0, advertisingSid=0xff, txPower=127, rssi=-72, periodicAdvInt=0x0
07-12 19:00:17.550  2183  2356 D BtGatt.GattService: onScanResult to scannerId: 8- eventType=0x1b, addressType=0, address=04FA83_2, primaryPhy=1, secondaryPhy=0, advertisingSid=0xff, txPower=127, rssi=-75, periodicAdvInt=0x0
07-12 19:00:17.560  2183  2356 D BtGatt.GattService: onScanResult to scannerId: 6- eventType=0x10, addressType=1, address=2EBF9B_A, primaryPhy=1, secondaryPhy=0, advertisingSid=0xff, txPower=127, rssi=-75, periodicAdvInt=0x0
07-12 19:00:17.561  2183  2356 D BtGatt.GattService: onScanResult to scannerId: 8- eventType=0x10, addressType=1, address=2EBF9B_A, primaryPhy=1, secondaryPhy=0, advertisingSid=0xff, txPower=127, rssi=-75, periodicAdvInt=0x0
07-12 19:00:17.562  2907 24980 I FusedLocation: (REDACTED) location delivery to %s blocked - too close
07-12 19:00:17.566  2907 24980 I FusedLocation: (REDACTED) location delivery to %s blocked - too close
07-12 19:00:17.566  2907 24980 I FusedLocation: (REDACTED) location delivery to %s blocked - too close
07-12 19:00:17.567  2907 24980 I FusedLocation: (REDACTED) location delivery to %s blocked - too fast
07-12 19:00:17.567  2907 24980 I FusedLocation: (REDACTED) location delivery to %s blocked - too close
07-12 19:00:17.571  2907 24980 I FusedLocation: (REDACTED) location delivery to %s blocked - too fast
07-12 19:00:17.575  1437  4313 V LocationManagerService: passive provider registration 1000/android[SensorNotificationService]/FEDB0E67 dropped delivery - too fast
07-12 19:00:17.575  2183  2356 D BtGatt.GattService: onScanResult to scannerId: 8- eventType=0x1b, addressType=0, address=04FA83_2, primaryPhy=1, secondaryPhy=0, advertisingSid=0xff, txPower=127, rssi=-72, periodicAdvInt=0x0
07-12 19:00:17.577  1437  4313 V LocationManagerService: passive provider registration 5010/com.samsung.android.rubin.app/B884FE17 dropped delivery - too fast
07-12 19:00:17.583  1437  4313 E AppOps  : attributionTag SLocationService not declared in manifest of android
07-12 19:00:17.589  2183  2356 D BtGatt.GattService: onScanResult to scannerId: 8- eventType=0x1b, addressType=1, address=631F37_D, primaryPhy=1, secondaryPhy=0, advertisingSid=0xff, txPower=127, rssi=-96, periodicAdvInt=0x0
07-12 19:00:17.590  1437  2119 D SLocation: PositionManager - PassiveonLocationChanged fused 1783864817533
07-12 19:00:17.596  1437  3914 D ActivityTaskManager: SafeActivityOptions created, mOriginalCallingPid=2907, mOriginalCallingUid=10217, options=ActivityOptions(66233471), mPackageName=null, mAnimationType=-1, mStartX=0, mStartY=0, mWidth=0, mHeight=0, caller=com.android.server.am.PendingIntentRecord.sendInner:486 com.android.server.am.ActivityManagerService.sendIntentSender:6624 com.android.server.am.ActivityManagerService.sendIntentSender:6613 android.app.IActivityManager$Stub.onTransact:4856 com.android.server.am.ActivityManagerService.onTransact:3135 android.os.Binder.execTransactInternal:1321 android.os.Binder.execTransact:1280 
07-12 19:00:17.597  2962  3006 I GmsPassiveListener_FLP: onGmsLocationChanged, provider=fused / speed=0.0 / time=1783864817533 / elapsed=599660567496
07-12 19:00:17.597  1437  2119 W SLocation: PositionManager - do not refresh last location about fused location
07-12 19:00:17.599  1437  3914 D ActivityManager: Received SERVICE intent 0xfb5b78c Key{startService pkg=com.google.android.gms/current_semantic_location intent=act=com.google.android.gms.semanticlocation.ACTION_LOCATION cmp=com.google.android.gms/.semanticlocation.service.SemanticLocationService flags=0x2000000 u=0} requestCode=0 from uid 10217
07-12 19:00:17.599  2183  2356 D BtGatt.GattService: onScanResult to scannerId: 8- eventType=0x1b, addressType=0, address=04FA83_2, primaryPhy=1, secondaryPhy=0, advertisingSid=0xff, txPower=127, rssi=-72, periodicAdvInt=0x0
07-12 19:00:17.601  1437  2119 D SLocation: ARDistanceBigData - BIGDATA ARD - receive location
07-12 19:00:17.601  5501  5501 I Rubin   : [2] com.samsung.android.rubin.inferenceengine.contextanalytics.engine.loggers.y$b.onLocationChanged(SourceFile:7) : Passive location updated
07-12 19:00:17.604  5501  6248 I Rubin   : [81] com.samsung.android.rubin.inferenceengine.contextanalytics.engine.loggers.y.p(SourceFile:1) : flush
07-12 19:00:17.608  1437  2119 D SLocation: ARDistanceLibManager - request distance diff to AR Distance Library
07-12 19:00:17.609  1437  2119 D SLocation: SLocationCoreSem - send to coreSem, packet length : 1 / [34]
07-12 19:00:17.610  1437  2119 D SemContextLocationCoreAttribute: setAttribute() mode : 0 action : 23
07-12 19:00:17.610  1437  2119 D SemContextService: lock : changeParameters
07-12 19:00:17.611  2183  2356 D BtGatt.GattService: onScanResult to scannerId: 8- eventType=0x10, addressType=1, address=163DD5_B, primaryPhy=1, secondaryPhy=0, advertisingSid=0xff, txPower=127, rssi=-52, periodicAdvInt=0x0
07-12 19:00:17.611  1437  2119 D SemContext.CaeProvider.LocationCoreImpl: setAttribute() mode : 0 action : 23
07-12 19:00:17.617  1437  2119 W CAE     : setCAProperty(ContextAwareService.java:513) - [setProperty 01] Mutex is locked for SLOCATION_RUNNER
07-12 19:00:17.618  5501  6248 I Rubin   : [81] t9.b.q(SourceFile:1) : analyze
07-12 19:00:17.619  1437  2119 I CAE     : setPropertyValue(SLocationRunner.java:116) - SLocationRunner setProperty header : 34, len : 1
07-12 19:00:17.622  1437  1631 D SensorService: setSContextDataLocked ints length 2 , byte length 4
07-12 19:00:17.622  1437  1631 D SensorService: setSContextDataLocked 223717c1
07-12 19:00:17.622   856   856 I SensorsHub: SContextSensor::injecet_sensor_data
07-12 19:00:17.622   856   856 D SensorsHub: c1 17 37 22  
07-12 19:00:17.622   856   856 D SensorsHub: inject_scontext_data: New ssp_data_injection_fd(30)
07-12 19:00:17.623   856   856 D SensorsHub: SContext Data Injection return 4
07-12 19:00:17.624  5501  6248 I Rubin   : [81] t9.b.q(SourceFile:6) : ON_TRIP. But time diff condition is not satisfied.
07-12 19:00:17.624  1437  2119 W CAE     : setCAProperty(ContextAwareService.java:519) - [setProperty 02] Mutex is unlocked for SLOCATION_RUNNER
07-12 19:00:17.624  1437  2119 D SemContextService: unlock : changeParameters
07-12 19:00:17.624   856   900 I SensorsHub: context 38 0 37 1,1,55,0,33,33,0,0,0,0,0,0,0,0,0,0,0,0,119,53,148,0,119,53,148,0,0,0,0,0,0,6,151,128,0,0,0,0, 599750611496
07-12 19:00:17.625  1437  2119 D SemContextManager:   .changeParameters : listener = com.samsung.android.location.semcontext.a@bbf2dae, service=SLocation Core
07-12 19:00:17.625   856   900 I SensorsHub: context 10 0 9 1,1,55,0,5,2,34,0,0,0, 599750723803
07-12 19:00:17.625  1437  2119 D SLocation: PositionManager - receive fused location
07-12 19:00:17.626  1437  1629 D CAE     : onGetSensorHubData(SensorHubParserProvider.java:89) - onGetSensorHubData Event [event buffer len :38], AP_WAKEUP
07-12 19:00:17.626  1437  1629 I CAE     : parse(SensorHubParserProvider.java:190) - buffer size = 38
