07-12 19:01:08.619 24598 26570 W ProxyAndroidLoggerBackend: Too many Flogger logs received before configuration. Dropping old logs.
07-12 19:01:08.648  1813  1813 I WifiHAL : Get link layer stats
07-12 19:01:08.648  1813  1813 I WifiHAL : GetLinkStatsCommand::create
07-12 19:01:08.648  1813  1813 D android.hardware.wifi@1.0-service-lazy: WifiRequest::create vendor command to iface 40, vendor_id=0x1a11, subcmd=0x1200, res=0
07-12 19:01:08.648  1813  1813 I android.hardware.wifi@1.0-service-lazy: WifiCommand::requestResponse err=-95
07-12 19:01:08.648  1813  1813 I WifiHAL : wifi_get_link_stats: result=-3
07-12 19:01:08.648  1437  1692 E WifiVendorHal: $r8$lambda$s6w0pmKyq6-tDdqCEDbOV_xqgVE(l.1179) failed {.code = ERROR_NOT_SUPPORTED, .description = }
07-12 19:01:08.651  1437  3078 D SemWifiUsabilityStatsMonitor: onWifiUsabilityStats - seqNum 193, isSameBssidAndFreq true
07-12 19:01:08.653  1437  1766 I SemWifiLinkQualityMonitor: Link Qos query: inf. ms / 0 Mbps
07-12 19:01:08.653  1881  1881 D NetworkController.WifiSignalController: notifyListener: visible=true, connected=true, inetCondition=1, isDefault=true, wifiTestReported=true, receivedInetCondition=-1, hideDuringMobileSwitching=false
07-12 19:01:08.668   901   901 I BufferQueueProducer: [StatusBar$_1881#83](this:0xb400007972586838,id:-1,api:0,p:-1,c:901) queueBuffer: fps=0.17 dur=6000.52 max=6000.52 min=6000.52
07-12 19:01:08.675  1881  1881 D SecPowerUI.Notification: showChargingNotice oldChargingType : 11 / currentChargingType : 11, oldChargingTime : 7235000 / mChargingTime : 7235000
07-12 19:01:08.675  1881  1881 D SecPowerUI.Notification: There is no change about charging status, so return!
07-12 19:01:08.735   901   901 I BufferQueueProducer: [com.mojojojoo.sosifyapp/com.mojojojoo.sosifyapp.MainActivity$_24598#277](this:0xb4000079724e5838,id:-1,api:0,p:-1,c:901) queueBuffer: fps=40.55 dur=1011.01 max=44.51 min=10.88
07-12 19:01:08.739   852   932 I hwcomposer: [HWCDisplay] [Display_0 (type:1)] fps:40.570293,dur:1010.59,max:44.84,min:10.54  
07-12 19:01:08.912  3819  4795 I SDHMS:D : SIOP:: AP:381 BAT:361 USB:0 CHG:396 PA:383 BLK:0 SUBBAT:0 SKIN:385 SKINF:385 SKINB:383 LRP:386 LRP2:385 LRF:386 LRB:386 LRF2:385 LRB2:383 AP2:385 CHG2:382 WIFI2:378 SPK2:352 
07-12 19:01:08.951  1881  1989 D MobileStatusTracker(0/2): onSignalStrengthsChanged level=4, vendorLevel=4
07-12 19:01:08.953  1881  1989 D MobileSignalController(0/2): notifyListener: enabled=true, connected=true, dataConnected=false, networkType=EDGE (E), emergencyOnly=false, roaming=false, isDefault=false, dataActivity=, level=4, ca=false, mmWave=false, disabledDataIcon=false, simCard=ETC
07-12 19:01:08.954  1881  1989 D NetworkController: SignalStrength from intent slotId=0
07-12 19:01:09.218  2183  2356 D BtGatt.GattService: onScanResult to scannerId: 8- eventType=0x1b, addressType=0, address=04FA83_2, primaryPhy=1, secondaryPhy=0, advertisingSid=0xff, txPower=127, rssi=-76, periodicAdvInt=0x0
07-12 19:01:09.239  2183  2356 D BtGatt.GattService: onScanResult to scannerId: 8- eventType=0x10, addressType=1, address=163DD5_B, primaryPhy=1, secondaryPhy=0, advertisingSid=0xff, txPower=127, rssi=-51, periodicAdvInt=0x0
07-12 19:01:09.248  2183  2356 D BtGatt.GattService: onScanResult to scannerId: 8- eventType=0x1b, addressType=0, address=04FA83_2, primaryPhy=1, secondaryPhy=0, advertisingSid=0xff, txPower=127, rssi=-75, periodicAdvInt=0x0
07-12 19:01:09.268  2183  2356 D BtGatt.GattService: onScanResult to scannerId: 8- eventType=0x1b, addressType=1, address=53C512_3, primaryPhy=1, secondaryPhy=0, advertisingSid=0xff, txPower=127, rssi=-97, periodicAdvInt=0x0
07-12 19:01:09.270  2183  2356 D BtGatt.GattService: onScanResult to scannerId: 8- eventType=0x1b, addressType=0, address=04FA83_2, primaryPhy=1, secondaryPhy=0, advertisingSid=0xff, txPower=127, rssi=-75, periodicAdvInt=0x0
07-12 19:01:09.280  2183  2356 D BtGatt.GattService: onScanResult to scannerId: 6- eventType=0x10, addressType=1, address=3CDC5F_D, primaryPhy=1, secondaryPhy=0, advertisingSid=0xff, txPower=127, rssi=-82, periodicAdvInt=0x0
07-12 19:01:09.281  2183  2356 D BtGatt.GattService: onScanResult to scannerId: 8- eventType=0x10, addressType=1, address=3CDC5F_D, primaryPhy=1, secondaryPhy=0, advertisingSid=0xff, txPower=127, rssi=-82, periodicAdvInt=0x0
07-12 19:01:09.290  2183  2356 D BtGatt.GattService: onScanResult to scannerId: 8- eventType=0x1b, addressType=0, address=04FA83_2, primaryPhy=1, secondaryPhy=0, advertisingSid=0xff, txPower=127, rssi=-76, periodicAdvInt=0x0
07-12 19:01:09.312  2183  2356 D BtGatt.GattService: onScanResult to scannerId: 8- eventType=0x1b, addressType=0, address=04FA83_2, primaryPhy=1, secondaryPhy=0, advertisingSid=0xff, txPower=127, rssi=-75, periodicAdvInt=0x0
07-12 19:01:09.334  2183  2356 D BtGatt.GattService: onScanResult to scannerId: 8- eventType=0x1b, addressType=0, address=04FA83_2, primaryPhy=1, secondaryPhy=0, advertisingSid=0xff, txPower=127, rssi=-74, periodicAdvInt=0x0
07-12 19:01:09.343  2183  2356 D BtGatt.GattService: onScanResult to scannerId: 8- eventType=0x10, addressType=1, address=163DD5_B, primaryPhy=1, secondaryPhy=0, advertisingSid=0xff, txPower=127, rssi=-51, periodicAdvInt=0x0
07-12 19:01:09.357  2183  2356 D BtGatt.GattService: onScanResult to scannerId: 8- eventType=0x1b, addressType=0, address=04FA83_2, primaryPhy=1, secondaryPhy=0, advertisingSid=0xff, txPower=127, rssi=-76, periodicAdvInt=0x0
07-12 19:01:09.384  2183  2356 D BtGatt.GattService: onScanResult to scannerId: 8- eventType=0x1b, addressType=0, address=04FA83_2, primaryPhy=1, secondaryPhy=0, advertisingSid=0xff, txPower=127, rssi=-75, periodicAdvInt=0x0
07-12 19:01:09.386  2183  2356 D BtGatt.GattService: onScanResult to scannerId: 6- eventType=0x0, addressType=1, address=32C731_D, primaryPhy=1, secondaryPhy=1, advertisingSid=0x2, txPower=127, rssi=-80, periodicAdvInt=0x0
07-12 19:01:09.422  1881  1989 D MobileStatusTracker(0/2): onSignalStrengthsChanged level=4, vendorLevel=4
07-12 19:01:09.424  1881  1989 D MobileSignalController(0/2): notifyListener: enabled=true, connected=true, dataConnected=false, networkType=EDGE (E), emergencyOnly=false, roaming=false, isDefault=false, dataActivity=, level=4, ca=false, mmWave=false, disabledDataIcon=false, simCard=ETC
07-12 19:01:09.424  1881  1989 D NetworkController: SignalStrength from intent slotId=0
07-12 19:01:09.439   901   901 I BufferQueueProducer: [FramebufferSurface](this:0xb4000079a883cb60,id:-1,api:1,p:901,c:901) queueBuffer: fps=39.50 dur=1012.66 max=56.13 min=10.46
07-12 19:01:09.544  1881  1989 D MobileStatusTracker(1/1): onSignalStrengthsChanged level=3, vendorLevel=2
07-12 19:01:09.544  2807  3161 I EPDG -- SIM1 [SMARTCELLULAR]: onSignalStrengthsChanged: SignalStrength:{mCdma=Invalid,mGsm=Invalid,mWcdma=Invalid,mTdscdma=Invalid,mLte=CellSignalStrengthLte: rssi=-105 rsrp=-105 rsrq=-13 rssnr=2 cqiTableIndex=2147483647 cqi=2147483647 ta=2147483647 level=3 parametersUseForLevel=0,mNr=Invalid,SignalBarInfo{ lteLevel=2 },rat=14,primary=CellSignalStrengthLte}
07-12 19:01:09.545  2807  3219 I EPDG -- SIM1 [SMARTCELLULAR]: lastLteRSRP is -105 currentLteRSRP is -105 lastLteRSRQ is -12 currentLteRSRQ is -13 lastLteSNR is 1 currentLteSNR is 2
07-12 19:01:09.546  1881  1989 D MobileSignalController(1/1): notifyListener: enabled=true, connected=true, dataConnected=false, networkType=IWLAN (4G), emergencyOnly=false, roaming=false, isDefault=false, dataActivity=, level=2, ca=false, mmWave=false, disabledDataIcon=false, simCard=ETC
07-12 19:01:09.548  1881  1989 D NetworkController: SignalStrength from intent slotId=1
07-12 19:01:09.756  2907 20795 I NearbyMediums: Found Fast Ble Advertisements :
07-12 19:01:09.756  2907 20795 I NearbyMediums: BleAdvertisement { version=2, socketVersion=2, isFast=true, serviceIdHash=null, data=[ 0x23 0x33 0x44 0x49 0x32 0x11 0x32 0x1a 0x06 0xf2 0x5e 0x6c 0x8c 0x08 0x09 0xa9 0x9c 0x90 0x24 0xf4 0x30 0xbf 0xe6 ], deviceToken=[ 0x8a 0xac ], rxAdvertisement=[ 0xa0 0x17 0xe9 0xe4 0xf2 0x4f 0xf0 0x85 0x07 0x67 0x13 0x7c 0x1d 0xba 0xf6 0x83 0x64 0xfa 0xd7 0x3b 0xf6 0xdd 0xde 0x76 0x0d 0x11 0x11 0x35 0x8b 0x9e 0xa7 0xe3 0x6b 0x20 0x84 0x15 0x05 0x60 0x00 0x00 0x84 0x15 0x06 0x60 0x00 0x00 0x84 0x15 0x04 0x60 0x00 0x00 0x83 0x15 0x01 0x16 0x71 ] } : 12 times.
07-12 19:01:09.756  2907 20795 I NearbyMediums: Total 12 fast advertisements from 1 unique advertisers.
07-12 19:01:09.756  2907 20795 I NearbyMediums: Current Tracked Scanning Clients are : {NearbyConnections.EnvironmentMonitor, NearbySharing}
07-12 19:01:09.757   901   901 I BufferQueueProducer: [com.mojojojoo.sosifyapp/com.mojojojoo.sosifyapp.MainActivity$_24598#277](this:0xb4000079724e5838,id:-1,api:0,p:-1,c:901) queueBuffer: fps=39.13 dur=1022.15 max=55.82 min=10.92
07-12 19:01:09.760   852   932 I hwcomposer: [HWCDisplay] [Display_0 (type:1)] fps:39.181870,dur:1020.88,max:56.09,min:10.33  
07-12 19:01:09.892  1881  1989 D MobileStatusTracker(0/2): onSignalStrengthsChanged level=4, vendorLevel=4
07-12 19:01:09.894  1881  1989 D MobileSignalController(0/2): notifyListener: enabled=true, connected=true, dataConnected=false, networkType=EDGE (E), emergencyOnly=false, roaming=false, isDefault=false, dataActivity=, level=4, ca=false, mmWave=false, disabledDataIcon=false, simCard=ETC
07-12 19:01:09.894  1881  1989 D NetworkController: SignalStrength from intent slotId=0
07-12 19:01:10.156  2183  2356 D BtGatt.GattService: onScanResult to scannerId: 8- eventType=0x1b, addressType=0, address=04FA83_2, primaryPhy=1, secondaryPhy=0, advertisingSid=0xff, txPower=127, rssi=-76, periodicAdvInt=0x0
07-12 19:01:10.158  2183  2356 D BtGatt.GattService: onScanResult to scannerId: 8- eventType=0x1b, addressType=1, address=631F37_D, primaryPhy=1, secondaryPhy=0, advertisingSid=0xff, txPower=127, rssi=-79, periodicAdvInt=0x0
07-12 19:01:10.170  2183  2356 D BtGatt.GattService: onScanResult to scannerId: 8- eventType=0x10, addressType=1, address=163DD5_B, primaryPhy=1, secondaryPhy=0, advertisingSid=0xff, txPower=127, rssi=-51, periodicAdvInt=0x0
07-12 19:01:10.179  2183  2356 D BtGatt.GattService: onScanResult to scannerId: 8- eventType=0x1b, addressType=0, address=04FA83_2, primaryPhy=1, secondaryPhy=0, advertisingSid=0xff, txPower=127, rssi=-76, periodicAdvInt=0x0
07-12 19:01:10.203  2183  2356 D BtGatt.GattService: onScanResult to scannerId: 8- eventType=0x1b, addressType=0, address=04FA83_2, primaryPhy=1, secondaryPhy=0, advertisingSid=0xff, txPower=127, rssi=-74, periodicAdvInt=0x0
07-12 19:01:10.227  2183  2356 D BtGatt.GattService: onScanResult to scannerId: 8- eventType=0x1b, addressType=0, address=04FA83_2, primaryPhy=1, secondaryPhy=0, advertisingSid=0xff, txPower=127, rssi=-75, periodicAdvInt=0x0
07-12 19:01:10.236  2183  2356 D BtGatt.GattService: onScanResult to scannerId: 6- eventType=0x0, addressType=1, address=32C731_D, primaryPhy=1, secondaryPhy=1, advertisingSid=0x2, txPower=127, rssi=-88, periodicAdvInt=0x0
07-12 19:01:10.253  2183  2356 D BtGatt.GattService: onScanResult to scannerId: 8- eventType=0x1b, addressType=0, address=04FA83_2, primaryPhy=1, secondaryPhy=0, advertisingSid=0xff, txPower=127, rssi=-74, periodicAdvInt=0x0
07-12 19:01:10.274  2183  2356 D BtGatt.GattService: onScanResult to scannerId: 8- eventType=0x10, addressType=1, address=163DD5_B, primaryPhy=1, secondaryPhy=0, advertisingSid=0xff, txPower=127, rssi=-51, periodicAdvInt=0x0
07-12 19:01:10.280  2183  2356 D BtGatt.GattService: onScanResult to scannerId: 8- eventType=0x1b, addressType=0, address=04FA83_2, primaryPhy=1, secondaryPhy=0, advertisingSid=0xff, txPower=127, rssi=-75, periodicAdvInt=0x0
07-12 19:01:10.305  2183  2356 D BtGatt.GattService: onScanResult to scannerId: 8- eventType=0x1b, addressType=0, address=04FA83_2, primaryPhy=1, secondaryPhy=0, advertisingSid=0xff, txPower=127, rssi=-75, periodicAdvInt=0x0
07-12 19:01:10.334  2183  2356 D BtGatt.GattService: onScanResult to scannerId: 8- eventType=0x1b, addressType=0, address=04FA83_2, primaryPhy=1, secondaryPhy=0, advertisingSid=0xff, txPower=127, rssi=-74, periodicAdvInt=0x0
07-12 19:01:10.471   901   901 I BufferQueueProducer: [FramebufferSurface](this:0xb4000079a883cb60,id:-1,api:1,p:901,c:901) queueBuffer: fps=41.68 dur=1031.73 max=44.49 min=10.67
07-12 19:01:10.500   590   590 D io_stats: !@ 179,0 r 527609 14188410 w 107028 2185704 d 0 0 f 0 0 iot 168064 0 th 0 0 0 pt 0 inp 0 0 652.627
07-12 19:01:10.549  1437  1475 W NotificationHistory: Attempted to remove conversation for locked/gone/disabled user 0
07-12 19:01:10.561  1437  4316 E ShortcutService: Invalid icon type in shortcut 113001193541845@lid. Bitmaps are not allowed in long-lived shortcuts. Use Resource icons, or Uri-based icons instead.
07-12 19:01:10.768   901   901 I BufferQueueProducer: [com.mojojojoo.sosifyapp/com.mojojojoo.sosifyapp.MainActivity$_24598#277](this:0xb4000079724e5838,id:-1,api:0,p:-1,c:901) queueBuffer: fps=42.54 dur=1010.92 max=44.58 min=10.75
07-12 19:01:10.771   852   932 I hwcomposer: [HWCDisplay] [Display_0 (type:1)] fps:42.538986,dur:1010.84,max:43.84,min:10.64  
07-12 19:01:10.805  1437  1467 D SettingsProvider: isChangeAllowed() : name = enabled_notification_listeners
07-12 19:01:10.823  1881  1989 D MobileStatusTracker(1/1): onSignalStrengthsChanged level=3, vendorLevel=2
07-12 19:01:10.824  2807  3161 I EPDG -- SIM1 [SMARTCELLULAR]: onSignalStrengthsChanged: SignalStrength:{mCdma=Invalid,mGsm=Invalid,mWcdma=Invalid,mTdscdma=Invalid,mLte=CellSignalStrengthLte: rssi=-105 rsrp=-105 rsrq=-12 rssnr=2 cqiTableIndex=2147483647 cqi=2147483647 ta=2147483647 level=3 parametersUseForLevel=0,mNr=Invalid,SignalBarInfo{ lteLevel=2 },rat=14,primary=CellSignalStrengthLte}
07-12 19:01:10.824  2807  3219 I EPDG -- SIM1 [SMARTCELLULAR]: lastLteRSRP is -105 currentLteRSRP is -105 lastLteRSRQ is -13 currentLteRSRQ is -12 lastLteSNR is 2 currentLteSNR is 2
07-12 19:01:10.826  1881  1989 D MobileSignalController(1/1): notifyListener: enabled=true, connected=true, dataConnected=false, networkType=IWLAN (4G), emergencyOnly=false, roaming=false, isDefault=false, dataActivity=, level=2, ca=false, mmWave=false, disabledDataIcon=false, simCard=ETC
07-12 19:01:10.826  1881  1989 D NetworkController: SignalStrength from intent slotId=1
07-12 19:01:10.856  1245  1245 D connsyslogger: Open FIFO for close
07-12 19:01:11.126  2183  2356 D BtGatt.GattService: onScanResult to scannerId: 8- eventType=0x1b, addressType=0, address=04FA83_2, primaryPhy=1, secondaryPhy=0, advertisingSid=0xff, txPower=127, rssi=-75, periodicAdvInt=0x0
07-12 19:01:11.177  2183  2356 D BtGatt.GattService: onScanResult to scannerId: 8- eventType=0x1b, addressType=0, address=04FA83_2, primaryPhy=1, secondaryPhy=0, advertisingSid=0xff, txPower=127, rssi=-76, periodicAdvInt=0x0
07-12 19:01:11.199  2183  2356 D BtGatt.GattService: onScanResult to scannerId: 8- eventType=0x1b, addressType=0, address=04FA83_2, primaryPhy=1, secondaryPhy=0, advertisingSid=0xff, txPower=127, rssi=-75, periodicAdvInt=0x0
07-12 19:01:11.204  2183  2356 D BtGatt.GattService: onScanResult to scannerId: 8- eventType=0x1b, addressType=1, address=53C512_3, primaryPhy=1, secondaryPhy=0, advertisingSid=0xff, txPower=127, rssi=-90, periodicAdvInt=0x0
07-12 19:01:11.206  2183  2356 D BtGatt.GattService: onScanResult to scannerId: 8- eventType=0x10, addressType=1, address=163DD5_B, primaryPhy=1, secondaryPhy=0, advertisingSid=0xff, txPower=127, rssi=-54, periodicAdvInt=0x0
07-12 19:01:11.302  1881  1989 D MobileStatusTracker(0/2): onSignalStrengthsChanged level=4, vendorLevel=4
07-12 19:01:11.303  2183  2356 D BtGatt.GattService: onScanResult to scannerId: 8- eventType=0x1b, addressType=0, address=04FA83_2, primaryPhy=1, secondaryPhy=0, advertisingSid=0xff, txPower=127, rssi=-74, periodicAdvInt=0x0
07-12 19:01:11.303  1881  1989 D MobileSignalController(0/2): notifyListener: enabled=true, connected=true, dataConnected=false, networkType=EDGE (E), emergencyOnly=false, roaming=false, isDefault=false, dataActivity=, level=4, ca=false, mmWave=false, disabledDataIcon=false, simCard=ETC
07-12 19:01:11.304  1881  1989 D NetworkController: SignalStrength from intent slotId=0
07-12 19:01:11.316  2183  2356 D BtGatt.GattService: onScanResult to scannerId: 8- eventType=0x10, addressType=1, address=163DD5_B, primaryPhy=1, secondaryPhy=0, advertisingSid=0xff, txPower=127, rssi=-50, periodicAdvInt=0x0
07-12 19:01:11.471   901   901 I BufferQueueProducer: [FramebufferSurface](this:0xb4000079a883cb60,id:-1,api:1,p:901,c:901) queueBuffer: fps=40.98 dur=1000.45 max=56.82 min=10.38
07-12 19:01:11.655  1813  1813 I WifiHAL : Get link layer stats
07-12 19:01:11.655  1813  1813 I WifiHAL : GetLinkStatsCommand::create
07-12 19:01:11.655  1813  1813 D android.hardware.wifi@1.0-service-lazy: WifiRequest::create vendor command to iface 40, vendor_id=0x1a11, subcmd=0x1200, res=0
07-12 19:01:11.655  1813  1813 I android.hardware.wifi@1.0-service-lazy: WifiCommand::requestResponse err=-95
07-12 19:01:11.655  1813  1813 I WifiHAL : wifi_get_link_stats: result=-3
07-12 19:01:11.656  1437  1692 E WifiVendorHal: $r8$lambda$s6w0pmKyq6-tDdqCEDbOV_xqgVE(l.1179) failed {.code = ERROR_NOT_SUPPORTED, .description = }
07-12 19:01:11.659  1437  3078 D SemWifiUsabilityStatsMonitor: onWifiUsabilityStats - seqNum 194, isSameBssidAndFreq true
07-12 19:01:11.661  1437  1766 I SemWifiLinkQualityMonitor: Link Qos query: inf. ms / 0 Mbps
07-12 19:01:11.661  1881  1881 D NetworkController.WifiSignalController: notifyListener: visible=true, connected=true, inetCondition=1, isDefault=true, wifiTestReported=true, receivedInetCondition=-1, hideDuringMobileSwitching=false
07-12 19:01:11.679   901   901 I BufferQueueProducer: [StatusBar$_1881#83](this:0xb400007972586838,id:-1,api:0,p:-1,c:901) queueBuffer: fps=0.33 dur=3011.03 max=3011.03 min=3011.03
07-12 19:01:11.790   901   901 I BufferQueueProducer: [com.mojojojoo.sosifyapp/com.mojojojoo.sosifyapp.MainActivity$_24598#277](this:0xb4000079724e5838,id:-1,api:0,p:-1,c:901) queueBuffer: fps=39.12 dur=1022.40 max=55.89 min=10.91
07-12 19:01:11.794   852   932 I hwcomposer: [HWCDisplay] [Display_0 (type:1)] fps:39.079208,dur:1023.56,max:56.96,min:10.36  
07-12 19:01:12.076  2183  2356 D BtGatt.GattService: onScanResult to scannerId: 8- eventType=0x1b, addressType=0, address=04FA83_2, primaryPhy=1, secondaryPhy=0, advertisingSid=0xff, txPower=127, rssi=-74, periodicAdvInt=0x0
07-12 19:01:12.079  2183  2356 D BtGatt.GattService: onScanResult to scannerId: 8- eventType=0x1b, addressType=1, address=631F37_D, primaryPhy=1, secondaryPhy=0, advertisingSid=0xff, txPower=127, rssi=-83, periodicAdvInt=0x0
07-12 19:01:12.103  2183  2356 D BtGatt.GattService: onScanResult to scannerId: 8- eventType=0x1b, addressType=0, address=04FA83_2, primaryPhy=1, secondaryPhy=0, advertisingSid=0xff, txPower=127, rssi=-73, periodicAdvInt=0x0
07-12 19:01:12.104  1881  1989 D MobileStatusTracker(1/1): onSignalStrengthsChanged level=3, vendorLevel=2
07-12 19:01:12.105  2807  3161 I EPDG -- SIM1 [SMARTCELLULAR]: onSignalStrengthsChanged: SignalStrength:{mCdma=Invalid,mGsm=Invalid,mWcdma=Invalid,mTdscdma=Invalid,mLte=CellSignalStrengthLte: rssi=-105 rsrp=-104 rsrq=-11 rssnr=2 cqiTableIndex=2147483647 cqi=2147483647 ta=2147483647 level=3 parametersUseForLevel=0,mNr=Invalid,SignalBarInfo{ lteLevel=2 },rat=14,primary=CellSignalStrengthLte}
07-12 19:01:12.105  2807  3219 I EPDG -- SIM1 [SMARTCELLULAR]: lastLteRSRP is -105 currentLteRSRP is -104 lastLteRSRQ is -12 currentLteRSRQ is -11 lastLteSNR is 2 currentLteSNR is 2
07-12 19:01:12.109  1881  1989 D MobileSignalController(1/1): notifyListener: enabled=true, connected=true, dataConnected=false, networkType=IWLAN (4G), emergencyOnly=false, roaming=false, isDefault=false, dataActivity=, level=2, ca=false, mmWave=false, disabledDataIcon=false, simCard=ETC
07-12 19:01:12.110  1881  1989 D NetworkController: SignalStrength from intent slotId=1
07-12 19:01:12.130  2183  2356 D BtGatt.GattService: onScanResult to scannerId: 8- eventType=0x1b, addressType=0, address=04FA83_2, primaryPhy=1, secondaryPhy=0, advertisingSid=0xff, txPower=127, rssi=-75, periodicAdvInt=0x0
07-12 19:01:12.131  2183  2356 D BtGatt.GattService: onScanResult to scannerId: 6- eventType=0x10, addressType=1, address=3CDC5F_D, primaryPhy=1, secondaryPhy=0, advertisingSid=0xff, txPower=127, rssi=-81, periodicAdvInt=0x0
07-12 19:01:12.132  2183  2356 D BtGatt.GattService: onScanResult to scannerId: 8- eventType=0x10, addressType=1, address=3CDC5F_D, primaryPhy=1, secondaryPhy=0, advertisingSid=0xff, txPower=127, rssi=-81, periodicAdvInt=0x0
07-12 19:01:12.144  2183  2356 D BtGatt.GattService: onScanResult to scannerId: 8- eventType=0x10, addressType=1, address=163DD5_B, primaryPhy=1, secondaryPhy=0, advertisingSid=0xff, txPower=127, rssi=-62, periodicAdvInt=0x0
07-12 19:01:12.150  2183  2356 D BtGatt.GattService: onScanResult to scannerId: 8- eventType=0x1b, addressType=0, address=04FA83_2, primaryPhy=1, secondaryPhy=0, advertisingSid=0xff, txPower=127, rssi=-75, periodicAdvInt=0x0
07-12 19:01:12.173  2183  2356 D BtGatt.GattService: onScanResult to scannerId: 8- eventType=0x1b, addressType=0, address=04FA83_2, primaryPhy=1, secondaryPhy=0, advertisingSid=0xff, txPower=127, rssi=-74, periodicAdvInt=0x0
07-12 19:01:12.201  2183  2356 D BtGatt.GattService: onScanResult to scannerId: 8- eventType=0x1b, addressType=0, address=04FA83_2, primaryPhy=1, secondaryPhy=0, advertisingSid=0xff, txPower=127, rssi=-77, periodicAdvInt=0x0
07-12 19:01:12.230  2183  2356 D BtGatt.GattService: onScanResult to scannerId: 8- eventType=0x1b, addressType=0, address=04FA83_2, primaryPhy=1, secondaryPhy=0, advertisingSid=0xff, txPower=127, rssi=-75, periodicAdvInt=0x0
07-12 19:01:12.244  2183  2356 D BtGatt.GattService: onScanResult to scannerId: 8- eventType=0x10, addressType=1, address=163DD5_B, primaryPhy=1, secondaryPhy=0, advertisingSid=0xff, txPower=127, rssi=-64, periodicAdvInt=0x0
07-12 19:01:12.252  2183  2356 D BtGatt.GattService: onScanResult to scannerId: 8- eventType=0x1b, addressType=0, address=04FA83_2, primaryPhy=1, secondaryPhy=0, advertisingSid=0xff, txPower=127, rssi=-77, periodicAdvInt=0x0
07-12 19:01:12.501   590   590 D io_stats: !@ 179,0 r 527776 14190118 w 107282 2187628 d 0 0 f 0 0 iot 168200 0 th 0 0 0 pt 0 inp 0 0 654.628
07-12 19:01:12.505   901   901 I BufferQueueProducer: [FramebufferSurface](this:0xb4000079a883cb60,id:-1,api:1,p:901,c:901) queueBuffer: fps=37.73 dur=1033.76 max=54.97 min=10.85
07-12 19:01:12.802   901   901 I BufferQueueProducer: [com.mojojojoo.sosifyapp/com.mojojojoo.sosifyapp.MainActivity$_24598#277](this:0xb4000079724e5838,id:-1,api:0,p:-1,c:901) queueBuffer: fps=37.58 dur=1011.18 max=55.39 min=10.84
07-12 19:01:12.806   852   932 I hwcomposer: [HWCDisplay] [Display_0 (type:1)] fps:37.561604,dur:1011.67,max:54.76,min:10.80  
07-12 19:01:13.033  2183  2356 D BtGatt.GattService: onScanResult to scannerId: 8- eventType=0x1b, addressType=0, address=04FA83_2, primaryPhy=1, secondaryPhy=0, advertisingSid=0xff, txPower=127, rssi=-78, periodicAdvInt=0x0
07-12 19:01:13.059  2183  2356 D BtGatt.GattService: onScanResult to scannerId: 8- eventType=0x1b, addressType=0, address=04FA83_2, primaryPhy=1, secondaryPhy=0, advertisingSid=0xff, txPower=127, rssi=-78, periodicAdvInt=0x0
07-12 19:01:13.083  2183  2356 D BtGatt.GattService: onScanResult to scannerId: 6- eventType=0x0, addressType=1, address=32C731_D, primaryPhy=1, secondaryPhy=1, advertisingSid=0x2, txPower=127, rssi=-73, periodicAdvInt=0x0
07-12 19:01:13.088  2183  2356 D BtGatt.GattService: onScanResult to scannerId: 8- eventType=0x1b, addressType=0, address=04FA83_2, primaryPhy=1, secondaryPhy=0, advertisingSid=0xff, txPower=127, rssi=-77, periodicAdvInt=0x0
07-12 19:01:13.113  2183  2356 D BtGatt.GattService: onScanResult to scannerId: 8- eventType=0x1b, addressType=0, address=04FA83_2, primaryPhy=1, secondaryPhy=0, advertisingSid=0xff, txPower=127, rssi=-77, periodicAdvInt=0x0
07-12 19:01:13.132  2183  2356 D BtGatt.GattService: onScanResult to scannerId: 8- eventType=0x1b, addressType=1, address=53C512_3, primaryPhy=1, secondaryPhy=0, advertisingSid=0xff, txPower=127, rssi=-89, periodicAdvInt=0x0
07-12 19:01:13.136  2183  2356 D BtGatt.GattService: onScanResult to scannerId: 8- eventType=0x1b, addressType=0, address=04FA83_2, primaryPhy=1, secondaryPhy=0, advertisingSid=0xff, txPower=127, rssi=-78, periodicAdvInt=0x0
07-12 19:01:13.158  2183  2356 D BtGatt.GattService: onScanResult to scannerId: 8- eventType=0x1b, addressType=0, address=04FA83_2, primaryPhy=1, secondaryPhy=0, advertisingSid=0xff, txPower=127, rssi=-78, periodicAdvInt=0x0
07-12 19:01:13.164  2183  2356 D BtGatt.GattService: onScanResult to scannerId: 8- eventType=0x1b, addressType=1, address=4B590F_7, primaryPhy=1, secondaryPhy=0, advertisingSid=0xff, txPower=127, rssi=-99, periodicAdvInt=0x0
07-12 19:01:13.177  2183  2356 D BtGatt.GattService: onScanResult to scannerId: 8- eventType=0x1b, addressType=1, address=631F37_D, primaryPhy=1, secondaryPhy=0, advertisingSid=0xff, txPower=127, rssi=-94, periodicAdvInt=0x0
07-12 19:01:13.187  2183  2356 D BtGatt.GattService: onScanResult to scannerId: 8- eventType=0x10, addressType=1, address=163DD5_B, primaryPhy=1, secondaryPhy=0, advertisingSid=0xff, txPower=127, rssi=-50, periodicAdvInt=0x0
07-12 19:01:13.208  2183  2356 D BtGatt.GattService: onScanResult to scannerId: 8- eventType=0x1b, addressType=0, address=04FA83_2, primaryPhy=1, secondaryPhy=0, advertisingSid=0xff, txPower=127, rssi=-80, periodicAdvInt=0x0
07-12 19:01:13.384  1881  1989 D MobileStatusTracker(1/1): onSignalStrengthsChanged level=3, vendorLevel=2
07-12 19:01:13.388  1881  1989 D MobileSignalController(1/1): notifyListener: enabled=true, connected=true, dataConnected=false, networkType=IWLAN (4G), emergencyOnly=false, roaming=false, isDefault=false, dataActivity=, level=2, ca=false, mmWave=false, disabledDataIcon=false, simCard=ETC
07-12 19:01:13.388  2807  3161 I EPDG -- SIM1 [SMARTCELLULAR]: onSignalStrengthsChanged: SignalStrength:{mCdma=Invalid,mGsm=Invalid,mWcdma=Invalid,mTdscdma=Invalid,mLte=CellSignalStrengthLte: rssi=-105 rsrp=-105 rsrq=-11 rssnr=2 cqiTableIndex=2147483647 cqi=2147483647 ta=2147483647 level=3 parametersUseForLevel=0,mNr=Invalid,SignalBarInfo{ lteLevel=2 },rat=14,primary=CellSignalStrengthLte}
07-12 19:01:13.388  1881  1989 D NetworkController: SignalStrength from intent slotId=1
07-12 19:01:13.388  2807  3219 I EPDG -- SIM1 [SMARTCELLULAR]: lastLteRSRP is -104 currentLteRSRP is -105 lastLteRSRQ is -11 currentLteRSRQ is -11 lastLteSNR is 2 currentLteSNR is 2
07-12 19:01:13.516   901   901 I BufferQueueProducer: [FramebufferSurface](this:0xb4000079a883cb60,id:-1,api:1,p:901,c:901) queueBuffer: fps=37.61 dur=1010.36 max=67.38 min=10.86
07-12 19:01:13.695   853   853 E android.hardware.health@2.1-service-samsung: Could not open /sys/class/power_supply/battery/lrp
07-12 19:01:13.696  1437  1819 D BatteryService: Sending ACTION_BATTERY_CHANGED: level:63, status:2, health:2, ac:false, usb:true, wireless:false, pogo:false, misc:0x20000, charge_type:1, charger_type:0, voltage:3899, temperature:361, online:4, current_avg:183, ps:false, hvc:false, capacity:280000, current_event:0x0, current_now:176, mcc:0, mcv:0, cc:3195000, present:true, scale:100, technology:Li-ion
07-12 19:01:13.698  1437  1635 D MotionRecognitionService: [SAR]  onReceive : ACTION_BATTERY_CHANGED, Plugged: 2
07-12 19:01:13.698  1437  1437 D PhoneWindowManagerExt: ACTION_BATTERY_CHANGED - Level=63, status=2
07-12 19:01:13.699  1437  1799 I DeviceBatteryInfoService: action: android.intent.action.BATTERY_CHANGED
07-12 19:01:13.699  1437  1799 I DeviceBatteryInfoService: phone battery level: 63
07-12 19:01:13.699  1437  1799 I DeviceBatteryInfoService: phone battery status: 2
07-12 19:01:13.700  1437  1437 D AdaptiveBrightnessLongtermModelBuilder: Received android.intent.action.BATTERY_CHANGED
07-12 19:01:13.700  1437  1437 D SemWifiApBroadcastReceiver: Received : android.intent.action.BATTERY_CHANGED
07-12 19:01:13.701  1847  1847 D SemBigDataInfoController: Intent: android.intent.action.BATTERY_CHANGED
07-12 19:01:13.701  1847  1847 D SemBigDataInfoController: Intent: android.intent.action.BATTERY_CHANGED
07-12 19:01:13.703  1881  1881 I PowerUI : mBootCompleted = true |  mFullyConnected = true
07-12 19:01:13.703  1881  1881 I PowerUI : BATTERY_HEALTH_CHECK extraHealth=2 mBatteryMiscEvent=131072
07-12 19:01:13.703  1881  1881 W PowerUI : Plug reason
07-12 19:01:13.703  1881  1881 W PowerUI : Skip charging animation - by plug status
07-12 19:01:13.703  1881  1881 D PowerUI : priorPlugType = 2 mPlugType = 2 priorBatteryStatus = 2 mBatteryStatus = 2
07-12 19:01:13.703  1881  1881 W PowerUI : Plug reason
07-12 19:01:13.703  1881  1881 W PowerUI : Skip charging sound - by plug status
07-12 19:01:13.703  1881  1881 I PowerUI : oldMisalign : false, curMisalign : false
07-12 19:01:13.703  1881  6292 D SecPowerUI.Notification: dismissing low battery warning: level=63
07-12 19:01:13.703  1881  6292 D SecPowerUI.Notification: updateNotification mWarning=false mPlaySound=false
07-12 19:01:13.704  1881  6292 D SecPowerUI.Notification: SecBatteryStatsSnapshot{batteryLevel=63, currentBatteryMode=0, chargingTime=7235000, chargingType=11, batteryHealth=2, automaticTestMode=false, isHiccupState=false}
07-12 19:01:13.705  1881  1881 D SecPowerUI.Notification: showChargingNotice oldChargingType : 11 / currentChargingType : 11, oldChargingTime : 7235000 / mChargingTime : 7235000
07-12 19:01:13.705  1881  1881 D SecPowerUI.Notification: There is no change about charging status, so return!
07-12 19:01:13.705  1881  1881 D PowerUI : Battery swelling mode - priorBatterySwellingMode = 0 mBatterySwellingMode = 0 mBatteryStatus = 2
07-12 19:01:13.705  1881  1881 I PowerUI : mBatteryMiscEvent = 131072
07-12 19:01:13.706  1881  6292 D SecPowerUI.Notification: 1. restoreScreenTimeOut - saved_value : :
07-12 19:01:13.706  1881  6292 E SecPowerUI.Notification: no saved value, so we do nothing !!
07-12 19:01:13.707  1881  1881 I PowerUI : checkShouldTurnOffProtectBattery : 0, Scheduling start ? : false
07-12 19:01:13.707  1881  1881 I PowerUI : Clear time
07-12 19:01:13.708  1437  4316 D SettingsProvider: isChangeAllowed() : name = charger_connected_time
07-12 19:01:13.708  1437  4316 D SettingsProvider: edmUri: content://com.sec.knox.provider/RestrictionPolicy3
07-12 19:01:13.708  1437  4316 D SettingsProvider: projectionArgs: isSettingsChangesAllowed
07-12 19:01:13.708  1437  4316 D SettingsProvider: selectionArgs: false
07-12 19:01:13.708  1437  4316 D SettingsProvider: selectionArgs: 10046
07-12 19:01:13.708  1437  4316 D SecContentProvider: query(), uri = 17 selection = isSettingsChangesAllowed
07-12 19:01:13.708  1437  4316 D SecContentProvider: called from android.uid.systemui:10046
07-12 19:01:13.708  1437  4316 D RestrictionPolicy: isSettingsChangesAllowedAsUser, userId 0 : true
07-12 19:01:13.708  1437  4316 D SettingsProvider: ret = 1
07-12 19:01:13.711  1881  1881 D KeyguardUpdateMonitor: received broadcast android.intent.action.BATTERY_CHANGED
07-12 19:01:13.711  1881  1881 D SamsungBatteryMeterDrawable: onBatteryLevelChanged isSomethingChanged: false
07-12 19:01:13.712  1881  1881 D SamsungBatteryMeterDrawable: onBatteryLevelChanged isSomethingChanged: false
07-12 19:01:13.712  1881  1881 D SamsungBatteryMeterDrawable: onBatteryLevelChanged isSomethingChanged: false
07-12 19:01:13.712  1881  1881 D SamsungBatteryMeterDrawable: onBatteryLevelChanged isSomethingChanged: false
07-12 19:01:13.713  1881  1881 I AODBatteryManager: updateBatteryData: ACTION_BATTERY_CHANGED
07-12 19:01:13.714  1881  1881 I AODBatteryManager: saveBatteryData : AOD BatteryData [mBatteryLevel=63, mBatteryStatus=CHARGING, mBatteryPlugType=USB, mBatteryPlugged=true, mRemainingChargeTime=7235000, mBatteryChargingType=1, mBatteryChargerType=NORMAL, mBatteryOnline=USB, mBatterySwellingMode=NONE, mBatteryProtectMode=false]
07-12 19:01:13.714  1881  1881 D KeyguardUpdateMonitor: handleBatteryUpdate
07-12 19:01:13.812   901   901 I BufferQueueProducer: [com.mojojojoo.sosifyapp/com.mojojojoo.sosifyapp.MainActivity$_24598#277](this:0xb4000079724e5838,id:-1,api:0,p:-1,c:901) queueBuffer: fps=38.58 dur=1010.87 max=66.83 min=10.92
07-12 19:01:13.817   852   932 I hwcomposer: [HWCDisplay] [Display_0 (type:1)] fps:38.594872,dur:1010.50,max:67.44,min:10.28  
07-12 19:01:13.999  2183  2356 D BtGatt.GattService: onScanResult to scannerId: 8- eventType=0x1b, addressType=0, address=04FA83_2, primaryPhy=1, secondaryPhy=0, advertisingSid=0xff, txPower=127, rssi=-72, periodicAdvInt=0x0
07-12 19:01:14.010  2183  2356 D BtGatt.GattService: onScanResult to scannerId: 8- eventType=0x1b, addressType=1, address=631F37_D, primaryPhy=1, secondaryPhy=0, advertisingSid=0xff, txPower=127, rssi=-92, periodicAdvInt=0x0
07-12 19:01:14.045  2183  2356 D BtGatt.GattService: onScanResult to scannerId: 8- eventType=0x1b, addressType=0, address=04FA83_2, primaryPhy=1, secondaryPhy=0, advertisingSid=0xff, txPower=127, rssi=-73, periodicAdvInt=0x0
07-12 19:01:14.065  2183  2356 D BtGatt.GattService: onScanResult to scannerId: 8- eventType=0x1b, addressType=0, address=04FA83_2, primaryPhy=1, secondaryPhy=0, advertisingSid=0xff, txPower=127, rssi=-72, periodicAdvInt=0x0
07-12 19:01:14.088  2183  2356 D BtGatt.GattService: onScanResult to scannerId: 8- eventType=0x1b, addressType=0, address=04FA83_2, primaryPhy=1, secondaryPhy=0, advertisingSid=0xff, txPower=127, rssi=-72, periodicAdvInt=0x0
07-12 19:01:14.114  2183  2356 D BtGatt.GattService: onScanResult to scannerId: 8- eventType=0x1b, addressType=0, address=04FA83_2, primaryPhy=1, secondaryPhy=0, advertisingSid=0xff, txPower=127, rssi=-73, periodicAdvInt=0x0
07-12 19:01:14.125  2183  2356 D BtGatt.GattService: onScanResult to scannerId: 8- eventType=0x10, addressType=1, address=163DD5_B, primaryPhy=1, secondaryPhy=0, advertisingSid=0xff, txPower=127, rssi=-49, periodicAdvInt=0x0
07-12 19:01:14.129  2183  2356 D BtGatt.GattService: onScanResult to scannerId: 6- eventType=0x10, addressType=1, address=3CDC5F_D, primaryPhy=1, secondaryPhy=0, advertisingSid=0xff, txPower=127, rssi=-75, periodicAdvInt=0x0
07-12 19:01:14.129  2183  2356 D BtGatt.GattService: onScanResult to scannerId: 8- eventType=0x10, addressType=1, address=3CDC5F_D, primaryPhy=1, secondaryPhy=0, advertisingSid=0xff, txPower=127, rssi=-75, periodicAdvInt=0x0
07-12 19:01:14.141  2183  2356 D BtGatt.GattService: onScanResult to scannerId: 8- eventType=0x1b, addressType=0, address=04FA83_2, primaryPhy=1, secondaryPhy=0, advertisingSid=0xff, txPower=127, rssi=-72, periodicAdvInt=0x0
07-12 19:01:14.142  2183  2356 D BtGatt.GattService: onScanResult to scannerId: 8- eventType=0x1a, addressType=1, address=52AF23_A, primaryPhy=1, secondaryPhy=0, advertisingSid=0xff, txPower=127, rssi=-82, periodicAdvInt=0x0
07-12 19:01:14.170 24598 24662 I ReactNativeJS: [BLE Scanner] Match found! MAC: 52:AF:23:FF:ED:6A, RSSI: -82
07-12 19:01:14.171  2183  2356 D BtGatt.GattService: onScanResult to scannerId: 8- eventType=0x1b, addressType=0, address=04FA83_2, primaryPhy=1, secondaryPhy=0, advertisingSid=0xff, txPower=127, rssi=-72, periodicAdvInt=0x0
07-12 19:01:14.303 24598 24663 W unknown:ReactNative: StatusBarModule: Ignored status bar change, current activity is edge-to-edge.
07-12 19:01:14.339 24598 24663 W unknown:ReactNative: StatusBarModule: Ignored status bar change, current activity is edge-to-edge.
07-12 19:01:14.538   901   901 I BufferQueueProducer: [FramebufferSurface](this:0xb4000079a883cb60,id:-1,api:1,p:901,c:901) queueBuffer: fps=37.15 dur=1022.94 max=57.42 min=10.48
07-12 19:01:14.663  1813  1813 I WifiHAL : Get link layer stats
07-12 19:01:14.663  1813  1813 I WifiHAL : GetLinkStatsCommand::create
07-12 19:01:14.663  1813  1813 D android.hardware.wifi@1.0-service-lazy: WifiRequest::create vendor command to iface 40, vendor_id=0x1a11, subcmd=0x1200, res=0
07-12 19:01:14.663  1813  1813 I android.hardware.wifi@1.0-service-lazy: WifiCommand::requestResponse err=-95
07-12 19:01:14.664  1813  1813 I WifiHAL : wifi_get_link_stats: result=-3
07-12 19:01:14.665  1437  1692 E WifiVendorHal: $r8$lambda$s6w0pmKyq6-tDdqCEDbOV_xqgVE(l.1179) failed {.code = ERROR_NOT_SUPPORTED, .description = }
07-12 19:01:14.669  1437  3078 D SemWifiUsabilityStatsMonitor: onWifiUsabilityStats - seqNum 195, isSameBssidAndFreq true
07-12 19:01:14.671  1881  1881 D NetworkController.WifiSignalController: notifyListener: visible=true, connected=true, inetCondition=1, isDefault=true, wifiTestReported=true, receivedInetCondition=-1, hideDuringMobileSwitching=false
07-12 19:01:14.677  1437  1766 I SemWifiLinkQualityMonitor: Link Qos query: inf. ms / 0 Mbps
07-12 19:01:14.701   901   901 I BufferQueueProducer: [StatusBar$_1881#83](this:0xb400007972586838,id:-1,api:0,p:-1,c:901) queueBuffer: fps=0.33 dur=3022.01 max=3022.01 min=3022.01
07-12 19:01:14.824   901   901 I BufferQueueProducer: [com.mojojojoo.sosifyapp/com.mojojojoo.sosifyapp.MainActivity$_24598#277](this:0xb4000079724e5838,id:-1,api:0,p:-1,c:901) queueBuffer: fps=36.59 dur=1011.17 max=55.73 min=11.12
07-12 19:01:14.828   852   932 I hwcomposer: [HWCDisplay] [Display_0 (type:1)] fps:37.577641,dur:1011.24,max:57.72,min:10.76  
07-12 19:01:14.961  2183  2356 D BtGatt.GattService: onScanResult to scannerId: 8- eventType=0x10, addressType=1, address=163DD5_B, primaryPhy=1, secondaryPhy=0, advertisingSid=0xff, txPower=127, rssi=-58, periodicAdvInt=0x0
07-12 19:01:14.986  2183  2356 D BtGatt.GattService: onScanResult to scannerId: 6- eventType=0x10, addressType=1, address=3CDC5F_D, primaryPhy=1, secondaryPhy=0, advertisingSid=0xff, txPower=127, rssi=-94, periodicAdvInt=0x0
07-12 19:01:14.987  2183  2356 D BtGatt.GattService: onScanResult to scannerId: 8- eventType=0x10, addressType=1, address=3CDC5F_D, primaryPhy=1, secondaryPhy=0, advertisingSid=0xff, txPower=127, rssi=-94, periodicAdvInt=0x0
07-12 19:01:14.996  2183  2356 D BtGatt.GattService: onScanResult to scannerId: 8- eventType=0x1b, addressType=0, address=04FA83_2, primaryPhy=1, secondaryPhy=0, advertisingSid=0xff, txPower=127, rssi=-76, periodicAdvInt=0x0
07-12 19:01:15.021  2183  2356 D BtGatt.GattService: onScanResult to scannerId: 8- eventType=0x1b, addressType=0, address=04FA83_2, primaryPhy=1, secondaryPhy=0, advertisingSid=0xff, txPower=127, rssi=-79, periodicAdvInt=0x0
07-12 19:01:15.071  2183  2356 D BtGatt.GattService: onScanResult to scannerId: 8- eventType=0x10, addressType=1, address=163DD5_B, primaryPhy=1, secondaryPhy=0, advertisingSid=0xff, txPower=127, rssi=-55, periodicAdvInt=0x0
07-12 19:01:15.073  2183  2356 D BtGatt.GattService: onScanResult to scannerId: 8- eventType=0x1b, addressType=0, address=04FA83_2, primaryPhy=1, secondaryPhy=0, advertisingSid=0xff, txPower=127, rssi=-77, periodicAdvInt=0x0
07-12 19:01:15.111 24598 24662 I ReactNativeJS: '[P2P Connection] Encrypted payload successfully decrypted:', '{"type":"ping","senderId":"719e7ce7-75e4-4765-a170-5e25ac2bc559","timestamp":1783864875076}'
07-12 19:01:15.117  2183  2356 D BtGatt.GattService: onScanResult to scannerId: 8- eventType=0x1b, addressType=1, address=631F37_D, primaryPhy=1, secondaryPhy=0, advertisingSid=0xff, txPower=127, rssi=-83, periodicAdvInt=0x0
07-12 19:01:15.549   901   901 I BufferQueueProducer: [FramebufferSurface](this:0xb4000079a883cb60,id:-1,api:1,p:901,c:901) queueBuffer: fps=40.56 dur=1010.76 max=45.68 min=10.88
07-12 19:01:15.824   901   901 I BufferQueueProducer: [com.mojojojoo.sosifyapp/com.mojojojoo.sosifyapp.MainActivity$_24598#277](this:0xb4000079724e5838,id:-1,api:0,p:-1,c:901) queueBuffer: fps=40.00 dur=1000.01 max=44.50 min=10.77
07-12 19:01:15.828   852   932 I hwcomposer: [HWCDisplay] [Display_0 (type:1)] fps:39.992393,dur:1000.19,max:45.18,min:10.65  
07-12 19:01:15.856  1245  1245 D connsyslogger: Open FIFO for close
07-12 19:01:15.906  2183  2356 D BtGatt.GattService: onScanResult to scannerId: 8- eventType=0x1b, addressType=0, address=04FA83_2, primaryPhy=1, secondaryPhy=0, advertisingSid=0xff, txPower=127, rssi=-72, periodicAdvInt=0x0
07-12 19:01:15.920  2183  2356 D BtGatt.GattService: onScanResult to scannerId: 8- eventType=0x10, addressType=1, address=163DD5_B, primaryPhy=1, secondaryPhy=0, advertisingSid=0xff, txPower=127, rssi=-51, periodicAdvInt=0x0
07-12 19:01:15.935  2183  2356 D BtGatt.GattService: onScanResult to scannerId: 8- eventType=0x1b, addressType=0, address=04FA83_2, primaryPhy=1, secondaryPhy=0, advertisingSid=0xff, txPower=127, rssi=-73, periodicAdvInt=0x0
07-12 19:01:15.939  2183  2356 D BtGatt.GattService: onScanResult to scannerId: 6- eventType=0x0, addressType=1, address=32C731_D, primaryPhy=1, secondaryPhy=1, advertisingSid=0x2, txPower=127, rssi=-80, periodicAdvInt=0x0
07-12 19:01:15.945  1881  1989 D MobileStatusTracker(1/1): onSignalStrengthsChanged level=3, vendorLevel=2
07-12 19:01:15.946  2807  3161 I EPDG -- SIM1 [SMARTCELLULAR]: onSignalStrengthsChanged: SignalStrength:{mCdma=Invalid,mGsm=Invalid,mWcdma=Invalid,mTdscdma=Invalid,mLte=CellSignalStrengthLte: rssi=-107 rsrp=-106 rsrq=-12 rssnr=2 cqiTableIndex=2147483647 cqi=2147483647 ta=2147483647 level=3 parametersUseForLevel=0,mNr=Invalid,SignalBarInfo{ lteLevel=2 },rat=14,primary=CellSignalStrengthLte}
07-12 19:01:15.946  2807  3219 I EPDG -- SIM1 [SMARTCELLULAR]: lastLteRSRP is -105 currentLteRSRP is -106 lastLteRSRQ is -11 currentLteRSRQ is -12 lastLteSNR is 2 currentLteSNR is 2
07-12 19:01:15.947  2183  2356 D BtGatt.GattService: onScanResult to scannerId: 8- eventType=0x1b, addressType=1, address=631F37_D, primaryPhy=1, secondaryPhy=0, advertisingSid=0xff, txPower=127, rssi=-98, periodicAdvInt=0x0
07-12 19:01:15.948  1881  1989 D MobileSignalController(1/1): notifyListener: enabled=true, connected=true, dataConnected=false, networkType=IWLAN (4G), emergencyOnly=false, roaming=false, isDefault=false, dataActivity=, level=2, ca=false, mmWave=false, disabledDataIcon=false, simCard=ETC
07-12 19:01:15.949  1881  1989 D NetworkController: SignalStrength from intent slotId=1
07-12 19:01:15.956  2183  2356 D BtGatt.GattService: onScanResult to scannerId: 8- eventType=0x1b, addressType=0, address=04FA83_2, primaryPhy=1, secondaryPhy=0, advertisingSid=0xff, txPower=127, rssi=-72, periodicAdvInt=0x0
07-12 19:01:15.978  2183  2356 D BtGatt.GattService: onScanResult to scannerId: 8- eventType=0x1b, addressType=0, address=04FA83_2, primaryPhy=1, secondaryPhy=0, advertisingSid=0xff, txPower=127, rssi=-73, periodicAdvInt=0x0
07-12 19:01:16.006  2183  2356 D BtGatt.GattService: onScanResult to scannerId: 8- eventType=0x1b, addressType=0, address=04FA83_2, primaryPhy=1, secondaryPhy=0, advertisingSid=0xff, txPower=127, rssi=-73, periodicAdvInt=0x0
07-12 19:01:16.023  2183  2356 D BtGatt.GattService: onScanResult to scannerId: 8- eventType=0x10, addressType=1, address=163DD5_B, primaryPhy=1, secondaryPhy=0, advertisingSid=0xff, txPower=127, rssi=-51, periodicAdvInt=0x0
07-12 19:01:16.027  2183  2356 D BtGatt.GattService: onScanResult to scannerId: 8- eventType=0x1b, addressType=0, address=04FA83_2, primaryPhy=1, secondaryPhy=0, advertisingSid=0xff, txPower=127, rssi=-73, periodicAdvInt=0x0
07-12 19:01:16.057  2183  2356 D BtGatt.GattService: onScanResult to scannerId: 8- eventType=0x1b, addressType=0, address=04FA83_2, primaryPhy=1, secondaryPhy=0, advertisingSid=0xff, txPower=127, rssi=-73, periodicAdvInt=0x0
07-12 19:01:16.080  2183  2356 D BtGatt.GattService: onScanResult to scannerId: 8- eventType=0x1b, addressType=0, address=04FA83_2, primaryPhy=1, secondaryPhy=0, advertisingSid=0xff, txPower=127, rssi=-73, periodicAdvInt=0x0
07-12 19:01:16.502   590   590 D io_stats: !@ 179,0 r 527782 14190214 w 107304 2188548 d 0 0 f 0 0 iot 168216 0 th 0 0 0 pt 0 inp 0 0 658.629
07-12 19:01:16.594   901   901 I BufferQueueProducer: [FramebufferSurface](this:0xb4000079a883cb60,id:-1,api:1,p:901,c:901) queueBuffer: fps=37.33 dur=1044.64 max=55.12 min=10.73
07-12 19:01:16.824   901   901 I BufferQueueProducer: [com.mojojojoo.sosifyapp/com.mojojojoo.sosifyapp.MainActivity$_24598#277](this:0xb4000079724e5838,id:-1,api:0,p:-1,c:901) queueBuffer: fps=37.00 dur=1000.12 max=55.49 min=10.73
07-12 19:01:16.829   852   932 I hwcomposer: [HWCDisplay] [Display_0 (type:1)] fps:36.976143,dur:1000.65,max:54.90,min:10.78  
07-12 19:01:16.880  2183  2356 D BtGatt.GattService: onScanResult to scannerId: 8- eventType=0x1b, addressType=0, address=04FA83_2, primaryPhy=1, secondaryPhy=0, advertisingSid=0xff, txPower=127, rssi=-73, periodicAdvInt=0x0
07-12 19:01:16.903  2183  2356 D BtGatt.GattService: onScanResult to scannerId: 8- eventType=0x1b, addressType=0, address=04FA83_2, primaryPhy=1, secondaryPhy=0, advertisingSid=0xff, txPower=127, rssi=-74, periodicAdvInt=0x0
07-12 19:01:16.925  2183  2356 D BtGatt.GattService: onScanResult to scannerId: 8- eventType=0x1b, addressType=0, address=04FA83_2, primaryPhy=1, secondaryPhy=0, advertisingSid=0xff, txPower=127, rssi=-76, periodicAdvInt=0x0
07-12 19:01:16.954  2183  2356 D BtGatt.GattService: onScanResult to scannerId: 8- eventType=0x1b, addressType=0, address=04FA83_2, primaryPhy=1, secondaryPhy=0, advertisingSid=0xff, txPower=127, rssi=-73, periodicAdvInt=0x0
07-12 19:01:16.955  2183  2356 D BtGatt.GattService: onScanResult to scannerId: 8- eventType=0x10, addressType=1, address=163DD5_B, primaryPhy=1, secondaryPhy=0, advertisingSid=0xff, txPower=127, rssi=-53, periodicAdvInt=0x0
07-12 19:01:16.976  2183  2356 D BtGatt.GattService: onScanResult to scannerId: 8- eventType=0x1b, addressType=0, address=04FA83_2, primaryPhy=1, secondaryPhy=0, advertisingSid=0xff, txPower=127, rssi=-74, periodicAdvInt=0x0
07-12 19:01:16.982  2183  2356 D BtGatt.GattService: onScanResult to scannerId: 6- eventType=0x10, addressType=1, address=3CDC5F_D, primaryPhy=1, secondaryPhy=0, advertisingSid=0xff, txPower=127, rssi=-90, periodicAdvInt=0x0
07-12 19:01:16.982  2183  2356 D BtGatt.GattService: onScanResult to scannerId: 8- eventType=0x10, addressType=1, address=3CDC5F_D, primaryPhy=1, secondaryPhy=0, advertisingSid=0xff, txPower=127, rssi=-90, periodicAdvInt=0x0
07-12 19:01:17.002  2183  2356 D BtGatt.GattService: onScanResult to scannerId: 8- eventType=0x1b, addressType=0, address=04FA83_2, primaryPhy=1, secondaryPhy=0, advertisingSid=0xff, txPower=127, rssi=-74, periodicAdvInt=0x0
07-12 19:01:17.031  2183  2356 D BtGatt.GattService: onScanResult to scannerId: 8- eventType=0x1b, addressType=0, address=04FA83_2, primaryPhy=1, secondaryPhy=0, advertisingSid=0xff, txPower=127, rssi=-75, periodicAdvInt=0x0
07-12 19:01:17.173  1832  1832 I wpa_supplicant: Heartbeat 62
07-12 19:01:17.291  1437  1437 D CompatibilityChangeReporter: Compat change id reported: 135634846; UID 10299; state: DISABLED
07-12 19:01:17.291  1437  1437 D CompatibilityChangeReporter: Compat change id reported: 177438394; UID 10299; state: DISABLED
07-12 19:01:17.291  1437  1437 D CompatibilityChangeReporter: Compat change id reported: 135772972; UID 10299; state: DISABLED
07-12 19:01:17.291  1437  1437 D CompatibilityChangeReporter: Compat change id reported: 135754954; UID 10299; state: ENABLED
07-12 19:01:17.292  1437  1477 D CompatibilityChangeReporter: Compat change id reported: 143937733; UID 10299; state: ENABLED
07-12 19:01:17.310   838   838 D Zygote  : Forked child process 26584
07-12 19:01:17.311  1437  1477 I ActivityManager: Start proc 26584:com.reddit.frontpage/u0a299 for service {com.reddit.frontpage/androidx.work.impl.background.systemjob.SystemJobService}
07-12 19:01:17.342 26584 26584 I eddit.frontpage: Using non-generational CollectorTypeCC GC.
07-12 19:01:17.352 26584 26584 D nativeloader: Load libframework-connectivity-tiramisu-jni.so using APEX ns com_android_tethering for caller /apex/com.android.tethering/javalib/framework-connectivity-t.jar: ok
07-12 19:01:17.355 26584 26584 D ActivityThread: setConscryptValidator
07-12 19:01:17.355 26584 26584 D ActivityThread: setConscryptValidator - put
07-12 19:01:17.359  1437  4316 D CompatibilityChangeReporter: Compat change id reported: 168419799; UID 10299; state: DISABLED
07-12 19:01:17.361  1437  4316 I ActivityManager: DSS OFF for com.reddit.frontpage
07-12 19:01:17.371 26584 26584 D CompatibilityChangeReporter: Compat change id reported: 171979766; UID 10299; state: ENABLED
07-12 19:01:17.485 26584 26584 W eddit.frontpage: Failed to find entry 'classes.dex': Entry not found
07-12 19:01:17.492 24598 24607 I jojoo.sosifyapp: Background concurrent copying GC freed 15MB AllocSpace bytes, 0(0B) LOS objects, 49% free, 24MB/48MB, paused 278us,219us total 244.467ms
07-12 19:01:17.493 26584 26584 W eddit.frontpage: Failed to find entry 'classes.dex': Entry not found
07-12 19:01:17.496 26584 26584 W eddit.frontpage: Failed to find entry 'classes.dex': Entry not found
07-12 19:01:17.498 26584 26584 D nativeloader: Configuring clns-4 for other apk /data/app/~~sxjJqBOzQMDBmp8ykLpscg==/com.reddit.frontpage-3lSRUdStMbHCaS8lpsUG2A==/base.apk:/data/app/~~sxjJqBOzQMDBmp8ykLpscg==/com.reddit.frontpage-3lSRUdStMbHCaS8lpsUG2A==/split_config.arm64_v8a.apk:/data/app/~~sxjJqBOzQMDBmp8ykLpscg==/com.reddit.frontpage-3lSRUdStMbHCaS8lpsUG2A==/split_config.en.apk:/data/app/~~sxjJqBOzQMDBmp8ykLpscg==/com.reddit.frontpage-3lSRUdStMbHCaS8lpsUG2A==/split_config.xxhdpi.apk. target_sdk_version=36, uses_libraries=, library_path=/data/app/~~sxjJqBOzQMDBmp8ykLpscg==/com.reddit.frontpage-3lSRUdStMbHCaS8lpsUG2A==/lib/arm64:/data/app/~~sxjJqBOzQMDBmp8ykLpscg==/com.reddit.frontpage-3lSRUdStMbHCaS8lpsUG2A==/base.apk!/lib/arm64-v8a:/data/app/~~sxjJqBOzQMDBmp8ykLpscg==/com.reddit.frontpage-3lSRUdStMbHCaS8lpsUG2A==/split_config.arm64_v8a.apk!/lib/arm64-v8a:/data/app/~~sxjJqBOzQMDBmp8ykLpscg==/com.reddit.frontpage-3lSRUdStMbHCaS8lpsUG2A==/split_config.en.apk!/lib/arm64-v8a:/data/app/~~sxjJqBOzQMDBmp8ykLpscg==/com.reddit.frontpage-3lSRUdStMbHCaS8lpsUG2A=
