07-12 19:00:24.353  2183  2356 D BtGatt.GattService: onScanResult to scannerId: 8- eventType=0x10, addressType=1, address=163DD5_B, primaryPhy=1, secondaryPhy=0, advertisingSid=0xff, txPower=127, rssi=-52, periodicAdvInt=0x0
07-12 19:00:24.434  9149  9779 I WM-WorkerWrapper: Worker result SUCCESS for Work [ id=8e1dddd9-96f0-463a-a1fa-85ff2650f9d4, tags={ com.whatsapp.infra.networking.xmpp.lifecycle.XmppLifecycleWorker } ]
07-12 19:00:24.442  9149  9149 D WM-Processor: IWf 8e1dddd9-96f0-463a-a1fa-85ff2650f9d4 executed; reschedule = false
07-12 19:00:24.443  9149  9149 D WM-GreedyScheduler: Stopping tracking for WorkGenerationalId(workSpecId=8e1dddd9-96f0-463a-a1fa-85ff2650f9d4, generation=0)
07-12 19:00:24.444  9149  9149 D WM-SystemJobService: 8e1dddd9-96f0-463a-a1fa-85ff2650f9d4 executed on JobScheduler
07-12 19:00:24.450  1437  3907 I ActivityManager: Changes in 10310 8 to 10, 8 to 0
07-12 19:00:24.452  1437  1494 E AppOps  : evalMode() Foreground mode : uid - 10310, op - 27, capability - 0
07-12 19:00:24.453  1437  1494 E AppOps  : evalMode() Foreground mode : uid - 10310, op - 26, capability - 0
07-12 19:00:24.453  3768  3798 I eohs    : (REDACTED) HDM. appOpsListener %s %s
07-12 19:00:24.454  3768  3798 I eohs    : (REDACTED) HDM. Ignoring irrelevant audio permission changes for package %s
07-12 19:00:24.458  9149  9779 D WM-GreedyScheduler: Cancelling work ID 8e1dddd9-96f0-463a-a1fa-85ff2650f9d4
07-12 19:00:24.467  9149  9779 D WM-NetworkStateTracker: Unregistering network callback
07-12 19:00:24.474  9149  9779 D ConnectivityManager: StackLog: [android.net.ConnectivityManager.unregisterNetworkCallback(ConnectivityManager.java:5579)] [X.IYi.A04(:20)] [X.Kyb.invoke(:200)] [X.1j7.A00(:111)] [X.3JH.A08(:602)] [X.0ct.COa(:8)] [X.0dE.run(:98)] [X.IYP.run(:2)] [java.util.concurrent.ThreadPoolExecutor.runWorker(ThreadPoolExecutor.java:1100)] [java.util.concurrent.ThreadPoolExecutor$Worker.run(ThreadPoolExecutor.java:624)] [java.lang.Thread.run(Thread.java:1572)]
07-12 19:00:24.476  1437  1713 D ConnectivityService:  Removing from current network [100 WIFI], leaving 142 requests.
07-12 19:00:24.482   590   590 D io_stats: !@ 179,0 r 520726 14064730 w 106355 2173224 d 0 0 f 0 0 iot 165824 0 th 0 0 0 pt 0 inp 0 1 606.609
07-12 19:00:25.069 24598 24662 I ReactNativeJS: '[P2P Connection] Encrypted payload successfully decrypted:', '{"type":"ping","senderId":"719e7ce7-75e4-4765-a170-5e25ac2bc559","timestamp":1783864825038}'
07-12 19:00:25.147  2183  2356 D BtGatt.GattService: onScanResult to scannerId: 8- eventType=0x1b, addressType=0, address=04FA83_2, primaryPhy=1, secondaryPhy=0, advertisingSid=0xff, txPower=127, rssi=-76, periodicAdvInt=0x0
07-12 19:00:25.169  2183  2356 D BtGatt.GattService: onScanResult to scannerId: 8- eventType=0x1b, addressType=0, address=04FA83_2, primaryPhy=1, secondaryPhy=0, advertisingSid=0xff, txPower=127, rssi=-77, periodicAdvInt=0x0
07-12 19:00:25.194  2183  2356 D BtGatt.GattService: onScanResult to scannerId: 8- eventType=0x1b, addressType=0, address=04FA83_2, primaryPhy=1, secondaryPhy=0, advertisingSid=0xff, txPower=127, rssi=-76, periodicAdvInt=0x0
07-12 19:00:25.196  2183  2356 D BtGatt.GattService: onScanResult to scannerId: 8- eventType=0x10, addressType=1, address=163DD5_B, primaryPhy=1, secondaryPhy=0, advertisingSid=0xff, txPower=127, rssi=-48, periodicAdvInt=0x0
07-12 19:00:25.222  2183  2356 D BtGatt.GattService: onScanResult to scannerId: 8- eventType=0x1b, addressType=0, address=04FA83_2, primaryPhy=1, secondaryPhy=0, advertisingSid=0xff, txPower=127, rssi=-78, periodicAdvInt=0x0
07-12 19:00:25.250  2183  2356 D BtGatt.GattService: onScanResult to scannerId: 8- eventType=0x1b, addressType=0, address=04FA83_2, primaryPhy=1, secondaryPhy=0, advertisingSid=0xff, txPower=127, rssi=-78, periodicAdvInt=0x0
07-12 19:00:25.262  1437  1755 I ChimeraAggressivePolicyHandler: executePolicy() - triggerSource: TRIGGER_SOURCE_LMKD
07-12 19:00:25.265  1437  1755 I ChimeraAggressivePolicyHandler: available memory: 1317096, free memory target: 1126400, quit chimera
07-12 19:00:25.272  2183  2356 D BtGatt.GattService: onScanResult to scannerId: 8- eventType=0x1b, addressType=0, address=04FA83_2, primaryPhy=1, secondaryPhy=0, advertisingSid=0xff, txPower=127, rssi=-77, periodicAdvInt=0x0
07-12 19:00:25.293  2183  2356 D BtGatt.GattService: onScanResult to scannerId: 8- eventType=0x1b, addressType=0, address=04FA83_2, primaryPhy=1, secondaryPhy=0, advertisingSid=0xff, txPower=127, rssi=-77, periodicAdvInt=0x0
07-12 19:00:25.299  2183  2356 D BtGatt.GattService: onScanResult to scannerId: 8- eventType=0x10, addressType=1, address=163DD5_B, primaryPhy=1, secondaryPhy=0, advertisingSid=0xff, txPower=127, rssi=-48, periodicAdvInt=0x0
07-12 19:00:25.306  2183  2356 D BtGatt.GattService: onScanResult to scannerId: 8- eventType=0x1b, addressType=1, address=631F37_D, primaryPhy=1, secondaryPhy=0, advertisingSid=0xff, txPower=127, rssi=-80, periodicAdvInt=0x0
07-12 19:00:25.851  1245  1245 D connsyslogger: Open FIFO for close
07-12 19:00:26.098  2183  2356 D BtGatt.GattService: onScanResult to scannerId: 8- eventType=0x1b, addressType=0, address=04FA83_2, primaryPhy=1, secondaryPhy=0, advertisingSid=0xff, txPower=127, rssi=-72, periodicAdvInt=0x0
07-12 19:00:26.119  2183  2356 D BtGatt.GattService: onScanResult to scannerId: 8- eventType=0x1b, addressType=0, address=04FA83_2, primaryPhy=1, secondaryPhy=0, advertisingSid=0xff, txPower=127, rssi=-71, periodicAdvInt=0x0
07-12 19:00:26.130  2183  2356 D BtGatt.GattService: onScanResult to scannerId: 6- eventType=0x10, addressType=1, address=3CDC5F_D, primaryPhy=1, secondaryPhy=0, advertisingSid=0xff, txPower=127, rssi=-76, periodicAdvInt=0x0
07-12 19:00:26.131  2183  2356 D BtGatt.GattService: onScanResult to scannerId: 8- eventType=0x10, addressType=1, address=3CDC5F_D, primaryPhy=1, secondaryPhy=0, advertisingSid=0xff, txPower=127, rssi=-76, periodicAdvInt=0x0
07-12 19:00:26.141  2183  2356 D BtGatt.GattService: onScanResult to scannerId: 8- eventType=0x1b, addressType=0, address=04FA83_2, primaryPhy=1, secondaryPhy=0, advertisingSid=0xff, txPower=127, rssi=-72, periodicAdvInt=0x0
07-12 19:00:26.148  2183  2356 D BtGatt.GattService: onScanResult to scannerId: 8- eventType=0x10, addressType=1, address=163DD5_B, primaryPhy=1, secondaryPhy=0, advertisingSid=0xff, txPower=127, rssi=-49, periodicAdvInt=0x0
07-12 19:00:26.154  2183  2356 D BtGatt.GattService: onScanResult to scannerId: 8- eventType=0x1b, addressType=1, address=53C512_3, primaryPhy=1, secondaryPhy=0, advertisingSid=0xff, txPower=127, rssi=-92, periodicAdvInt=0x0
07-12 19:00:26.167  2183  2356 D BtGatt.GattService: onScanResult to scannerId: 8- eventType=0x1b, addressType=0, address=04FA83_2, primaryPhy=1, secondaryPhy=0, advertisingSid=0xff, txPower=127, rssi=-73, periodicAdvInt=0x0
07-12 19:00:26.194  2183  2356 D BtGatt.GattService: onScanResult to scannerId: 8- eventType=0x1b, addressType=0, address=04FA83_2, primaryPhy=1, secondaryPhy=0, advertisingSid=0xff, txPower=127, rssi=-72, periodicAdvInt=0x0
07-12 19:00:26.219  2183  2356 D BtGatt.GattService: onScanResult to scannerId: 8- eventType=0x1b, addressType=0, address=04FA83_2, primaryPhy=1, secondaryPhy=0, advertisingSid=0xff, txPower=127, rssi=-73, periodicAdvInt=0x0
07-12 19:00:26.233  2183  2356 D BtGatt.GattService: onScanResult to scannerId: 6- eventType=0x0, addressType=1, address=32C731_D, primaryPhy=1, secondaryPhy=1, advertisingSid=0x2, txPower=127, rssi=-75, periodicAdvInt=0x0
07-12 19:00:26.252  2183  2356 D BtGatt.GattService: onScanResult to scannerId: 8- eventType=0x1b, addressType=0, address=04FA83_2, primaryPhy=1, secondaryPhy=0, advertisingSid=0xff, txPower=127, rssi=-72, periodicAdvInt=0x0
07-12 19:00:26.256  2183  2356 D BtGatt.GattService: onScanResult to scannerId: 8- eventType=0x10, addressType=1, address=163DD5_B, primaryPhy=1, secondaryPhy=0, advertisingSid=0xff, txPower=127, rssi=-50, periodicAdvInt=0x0
07-12 19:00:26.270  2183  2356 D BtGatt.GattService: onScanResult to scannerId: 8- eventType=0x1b, addressType=0, address=04FA83_2, primaryPhy=1, secondaryPhy=0, advertisingSid=0xff, txPower=127, rssi=-72, periodicAdvInt=0x0
07-12 19:00:26.483   590   590 D io_stats: !@ 179,0 r 520756 14065286 w 106360 2173284 d 0 0 f 0 0 iot 165840 0 th 0 0 0 pt 0 inp 0 0 608.610
07-12 19:00:26.506  1813  1813 I WifiHAL : Get link layer stats
07-12 19:00:26.507  1813  1813 I WifiHAL : GetLinkStatsCommand::create
07-12 19:00:26.507  1813  1813 D android.hardware.wifi@1.0-service-lazy: WifiRequest::create vendor command to iface 40, vendor_id=0x1a11, subcmd=0x1200, res=0
07-12 19:00:26.507  1813  1813 I android.hardware.wifi@1.0-service-lazy: WifiCommand::requestResponse err=-95
07-12 19:00:26.507  1813  1813 I WifiHAL : wifi_get_link_stats: result=-3
07-12 19:00:26.508  1437  1692 E WifiVendorHal: $r8$lambda$s6w0pmKyq6-tDdqCEDbOV_xqgVE(l.1179) failed {.code = ERROR_NOT_SUPPORTED, .description = }
07-12 19:00:26.515  1437  3078 D SemWifiUsabilityStatsMonitor: onWifiUsabilityStats - seqNum 179, isSameBssidAndFreq true
07-12 19:00:26.517  1437  1766 I SemWifiLinkQualityMonitor: Link Qos query: inf. ms / 0 Mbps
07-12 19:00:26.518  1881  1881 D NetworkController.WifiSignalController: notifyListener: visible=true, connected=true, inetCondition=1, isDefault=true, wifiTestReported=true, receivedInetCondition=-1, hideDuringMobileSwitching=false
07-12 19:00:26.548   901   901 I BufferQueueProducer: [StatusBar$_1881#83](this:0xb400007972586838,id:-1,api:0,p:-1,c:901) queueBuffer: fps=0.17 dur=6022.35 max=6022.35 min=6022.35
07-12 19:00:26.551   852   932 I hwcomposer: [HWCDisplay] [Display_0 (type:1)] fps:0.166044,dur:6022.51,max:6022.51,min:6022.51  
07-12 19:00:26.758  1437  1507 D PowerManagerService: UserActivityStateListenerState: 0
07-12 19:00:27.047  2183  2356 D BtGatt.GattService: onScanResult to scannerId: 8- eventType=0x1b, addressType=0, address=04FA83_2, primaryPhy=1, secondaryPhy=0, advertisingSid=0xff, txPower=127, rssi=-76, periodicAdvInt=0x0
07-12 19:00:27.068  2183  2356 D BtGatt.GattService: onScanResult to scannerId: 8- eventType=0x1b, addressType=0, address=04FA83_2, primaryPhy=1, secondaryPhy=0, advertisingSid=0xff, txPower=127, rssi=-77, periodicAdvInt=0x0
07-12 19:00:27.085  2183  2356 D BtGatt.GattService: onScanResult to scannerId: 6- eventType=0x0, addressType=1, address=32C731_D, primaryPhy=1, secondaryPhy=1, advertisingSid=0x2, txPower=127, rssi=-79, periodicAdvInt=0x0
07-12 19:00:27.088  2183  2356 D BtGatt.GattService: onScanResult to scannerId: 8- eventType=0x10, addressType=1, address=163DD5_B, primaryPhy=1, secondaryPhy=0, advertisingSid=0xff, txPower=127, rssi=-58, periodicAdvInt=0x0
07-12 19:00:27.092  2183  2356 D BtGatt.GattService: onScanResult to scannerId: 8- eventType=0x1b, addressType=0, address=04FA83_2, primaryPhy=1, secondaryPhy=0, advertisingSid=0xff, txPower=127, rssi=-79, periodicAdvInt=0x0
07-12 19:00:27.119  2183  2356 D BtGatt.GattService: onScanResult to scannerId: 8- eventType=0x1b, addressType=0, address=04FA83_2, primaryPhy=1, secondaryPhy=0, advertisingSid=0xff, txPower=127, rssi=-78, periodicAdvInt=0x0
07-12 19:00:27.137  1832  1832 I wpa_supplicant: Heartbeat 57
07-12 19:00:27.148  2183  2356 D BtGatt.GattService: onScanResult to scannerId: 8- eventType=0x1b, addressType=0, address=04FA83_2, primaryPhy=1, secondaryPhy=0, advertisingSid=0xff, txPower=127, rssi=-81, periodicAdvInt=0x0
07-12 19:00:27.177  2183  2356 D BtGatt.GattService: onScanResult to scannerId: 8- eventType=0x1b, addressType=0, address=04FA83_2, primaryPhy=1, secondaryPhy=0, advertisingSid=0xff, txPower=127, rssi=-76, periodicAdvInt=0x0
07-12 19:00:27.192  2183  2356 D BtGatt.GattService: onScanResult to scannerId: 8- eventType=0x10, addressType=1, address=163DD5_B, primaryPhy=1, secondaryPhy=0, advertisingSid=0xff, txPower=127, rssi=-58, periodicAdvInt=0x0
07-12 19:00:27.204  2183  2356 D BtGatt.GattService: onScanResult to scannerId: 8- eventType=0x1b, addressType=0, address=04FA83_2, primaryPhy=1, secondaryPhy=0, advertisingSid=0xff, txPower=127, rssi=-76, periodicAdvInt=0x0
07-12 19:00:27.232  2183  2356 D BtGatt.GattService: onScanResult to scannerId: 8- eventType=0x1b, addressType=0, address=04FA83_2, primaryPhy=1, secondaryPhy=0, advertisingSid=0xff, txPower=127, rssi=-78, periodicAdvInt=0x0
07-12 19:00:27.302  1881  1989 D MobileStatusTracker(1/1): onSignalStrengthsChanged level=3, vendorLevel=2
07-12 19:00:27.302  2807  3161 I EPDG -- SIM1 [SMARTCELLULAR]: onSignalStrengthsChanged: SignalStrength:{mCdma=Invalid,mGsm=Invalid,mWcdma=Invalid,mTdscdma=Invalid,mLte=CellSignalStrengthLte: rssi=-107 rsrp=-106 rsrq=-12 rssnr=3 cqiTableIndex=2147483647 cqi=2147483647 ta=2147483647 level=3 parametersUseForLevel=0,mNr=Invalid,SignalBarInfo{ lteLevel=2 },rat=14,primary=CellSignalStrengthLte}
07-12 19:00:27.303  2807  3219 I EPDG -- SIM1 [SMARTCELLULAR]: lastLteRSRP is -106 currentLteRSRP is -106 lastLteRSRQ is -12 currentLteRSRQ is -12 lastLteSNR is 2 currentLteSNR is 3
07-12 19:00:27.303  1881  1989 D MobileSignalController(1/1): notifyListener: enabled=true, connected=true, dataConnected=false, networkType=IWLAN (4G), emergencyOnly=false, roaming=false, isDefault=false, dataActivity=, level=2, ca=false, mmWave=false, disabledDataIcon=false, simCard=ETC
07-12 19:00:27.304  1881  1989 D NetworkController: SignalStrength from intent slotId=1
07-12 19:00:28.035  2183  2356 D BtGatt.GattService: onScanResult to scannerId: 8- eventType=0x1b, addressType=0, address=04FA83_2, primaryPhy=1, secondaryPhy=0, advertisingSid=0xff, txPower=127, rssi=-74, periodicAdvInt=0x0
07-12 19:00:28.038  2183  2356 D BtGatt.GattService: onScanResult to scannerId: 8- eventType=0x10, addressType=1, address=163DD5_B, primaryPhy=1, secondaryPhy=0, advertisingSid=0xff, txPower=127, rssi=-53, periodicAdvInt=0x0
07-12 19:00:28.060  2183  2356 D BtGatt.GattService: onScanResult to scannerId: 8- eventType=0x1b, addressType=0, address=04FA83_2, primaryPhy=1, secondaryPhy=0, advertisingSid=0xff, txPower=127, rssi=-74, periodicAdvInt=0x0
07-12 19:00:28.068  2183  2356 D BtGatt.GattService: onScanResult to scannerId: 8- eventType=0x1b, addressType=1, address=53C512_3, primaryPhy=1, secondaryPhy=0, advertisingSid=0xff, txPower=127, rssi=-91, periodicAdvInt=0x0
07-12 19:00:28.081  2183  2356 D BtGatt.GattService: onScanResult to scannerId: 8- eventType=0x1b, addressType=1, address=631F37_D, primaryPhy=1, secondaryPhy=0, advertisingSid=0xff, txPower=127, rssi=-82, periodicAdvInt=0x0
07-12 19:00:28.125  2183  2356 D BtGatt.GattService: onScanResult to scannerId: 8- eventType=0x1b, addressType=0, address=04FA83_2, primaryPhy=1, secondaryPhy=0, advertisingSid=0xff, txPower=127, rssi=-73, periodicAdvInt=0x0
07-12 19:00:28.137  2183  2356 D BtGatt.GattService: onScanResult to scannerId: 6- eventType=0x10, addressType=1, address=3CDC5F_D, primaryPhy=1, secondaryPhy=0, advertisingSid=0xff, txPower=127, rssi=-77, periodicAdvInt=0x0
07-12 19:00:28.138  2183  2356 D BtGatt.GattService: onScanResult to scannerId: 8- eventType=0x10, addressType=1, address=3CDC5F_D, primaryPhy=1, secondaryPhy=0, advertisingSid=0xff, txPower=127, rssi=-77, periodicAdvInt=0x0
07-12 19:00:28.142  2183  2356 D BtGatt.GattService: onScanResult to scannerId: 8- eventType=0x10, addressType=1, address=163DD5_B, primaryPhy=1, secondaryPhy=0, advertisingSid=0xff, txPower=127, rssi=-52, periodicAdvInt=0x0
07-12 19:00:28.149  3819  3819 I SDHMS:LOAD: type: LoadsFreqs, value: 0:0:0:1704659:1710000:1443000:828439:1800000:500000:5:299:0
07-12 19:00:28.188  2183  2356 D BtGatt.GattService: onScanResult to scannerId: 8- eventType=0x1b, addressType=0, address=04FA83_2, primaryPhy=1, secondaryPhy=0, advertisingSid=0xff, txPower=127, rssi=-74, periodicAdvInt=0x0
07-12 19:00:28.459  1881  1989 D MobileStatusTracker(0/2): onSignalStrengthsChanged level=4, vendorLevel=4
07-12 19:00:28.461  1881  1989 D MobileSignalController(0/2): notifyListener: enabled=true, connected=true, dataConnected=false, networkType=EDGE (E), emergencyOnly=false, roaming=false, isDefault=false, dataActivity=, level=4, ca=false, mmWave=false, disabledDataIcon=false, simCard=ETC
07-12 19:00:28.461  1881  1989 D NetworkController: SignalStrength from intent slotId=0
07-12 19:00:28.485   590   590 D io_stats: !@ 179,0 r 520781 14065486 w 106362 2173300 d 0 0 f 0 0 iot 165864 0 th 0 0 0 pt 0 inp 0 0 610.611
07-12 19:00:28.546  1881  1881 D SecPowerUI.Notification: showChargingNotice oldChargingType : 11 / currentChargingType : 11, oldChargingTime : 7235000 / mChargingTime : 7235000
07-12 19:00:28.546  1881  1881 D SecPowerUI.Notification: There is no change about charging status, so return!
07-12 19:00:28.583  1881  1989 D MobileStatusTracker(1/1): onSignalStrengthsChanged level=3, vendorLevel=2
07-12 19:00:28.583  2807  3161 I EPDG -- SIM1 [SMARTCELLULAR]: onSignalStrengthsChanged: SignalStrength:{mCdma=Invalid,mGsm=Invalid,mWcdma=Invalid,mTdscdma=Invalid,mLte=CellSignalStrengthLte: rssi=-107 rsrp=-107 rsrq=-12 rssnr=2 cqiTableIndex=2147483647 cqi=2147483647 ta=2147483647 level=3 parametersUseForLevel=0,mNr=Invalid,SignalBarInfo{ lteLevel=2 },rat=14,primary=CellSignalStrengthLte}
07-12 19:00:28.584  2807  3219 I EPDG -- SIM1 [SMARTCELLULAR]: lastLteRSRP is -106 currentLteRSRP is -107 lastLteRSRQ is -12 currentLteRSRQ is -12 lastLteSNR is 3 currentLteSNR is 2
07-12 19:00:28.584  1881  1989 D MobileSignalController(1/1): notifyListener: enabled=true, connected=true, dataConnected=false, networkType=IWLAN (4G), emergencyOnly=false, roaming=false, isDefault=false, dataActivity=, level=2, ca=false, mmWave=false, disabledDataIcon=false, simCard=ETC
07-12 19:00:28.585  1881  1989 D NetworkController: SignalStrength from intent slotId=1
07-12 19:00:28.829   865   912 I libPerfCtl: xgfGetFPS pid:-1 fps:0
07-12 19:00:28.830   865   912 I libPerfCtl: xgfGetFPS ioctl_ret:-1
07-12 19:00:28.866   865   926 I libPowerHal: perfUserScnCheckAll
07-12 19:00:28.867   865   926 I libPowerHal: perfScnDumpAll cmd:0
07-12 19:00:28.867   865   926 I libPowerHal: ========================
07-12 19:00:28.867   865   926 I libPowerHal: ========================
07-12 19:00:28.913  3819  4795 I SDHMS:D : SIOP:: AP:401 BAT:360 USB:0 CHG:396 PA:385 BLK:0 SUBBAT:0 SKIN:386 SKINF:386 SKINB:384 LRP:387 LRP2:386 LRF:386 LRB:387 LRF2:386 LRB2:384 AP2:386 CHG2:381 WIFI2:378 SPK2:350 
07-12 19:00:28.964  2183  2356 D BtGatt.GattService: onScanResult to scannerId: 8- eventType=0x1b, addressType=0, address=04FA83_2, primaryPhy=1, secondaryPhy=0, advertisingSid=0xff, txPower=127, rssi=-73, periodicAdvInt=0x0
07-12 19:00:28.985  2183  2356 D BtGatt.GattService: onScanResult to scannerId: 8- eventType=0x10, addressType=1, address=163DD5_B, primaryPhy=1, secondaryPhy=0, advertisingSid=0xff, txPower=127, rssi=-52, periodicAdvInt=0x0
07-12 19:00:29.014  2183  2356 D BtGatt.GattService: onScanResult to scannerId: 6- eventType=0x10, addressType=1, address=3CDC5F_D, primaryPhy=1, secondaryPhy=0, advertisingSid=0xff, txPower=127, rssi=-81, periodicAdvInt=0x0
07-12 19:00:29.015  2183  2356 D BtGatt.GattService: onScanResult to scannerId: 8- eventType=0x10, addressType=1, address=3CDC5F_D, primaryPhy=1, secondaryPhy=0, advertisingSid=0xff, txPower=127, rssi=-81, periodicAdvInt=0x0
07-12 19:00:29.017  2183  2356 D BtGatt.GattService: onScanResult to scannerId: 8- eventType=0x1b, addressType=0, address=04FA83_2, primaryPhy=1, secondaryPhy=0, advertisingSid=0xff, txPower=127, rssi=-73, periodicAdvInt=0x0
07-12 19:00:29.046  2183  2356 D BtGatt.GattService: onScanResult to scannerId: 8- eventType=0x1b, addressType=0, address=04FA83_2, primaryPhy=1, secondaryPhy=0, advertisingSid=0xff, txPower=127, rssi=-73, periodicAdvInt=0x0
07-12 19:00:29.067  2183  2356 D BtGatt.GattService: onScanResult to scannerId: 8- eventType=0x1b, addressType=0, address=04FA83_2, primaryPhy=1, secondaryPhy=0, advertisingSid=0xff, txPower=127, rssi=-74, periodicAdvInt=0x0
07-12 19:00:29.106  2183  2356 D BtGatt.GattService: onScanResult to scannerId: 8- eventType=0x1b, addressType=0, address=04FA83_2, primaryPhy=1, secondaryPhy=0, advertisingSid=0xff, txPower=127, rssi=-75, periodicAdvInt=0x0
07-12 19:00:29.134  2183  2356 D BtGatt.GattService: onScanResult to scannerId: 8- eventType=0x1b, addressType=0, address=04FA83_2, primaryPhy=1, secondaryPhy=0, advertisingSid=0xff, txPower=127, rssi=-73, periodicAdvInt=0x0
07-12 19:00:29.153   865   885 D power@timer: [mtkPowerTimer] visRead:0
07-12 19:00:29.163  2183  2356 D BtGatt.GattService: onScanResult to scannerId: 8- eventType=0x1b, addressType=0, address=04FA83_2, primaryPhy=1, secondaryPhy=0, advertisingSid=0xff, txPower=127, rssi=-73, periodicAdvInt=0x0
07-12 19:00:29.520  1813  1813 I WifiHAL : Get link layer stats
07-12 19:00:29.520  1813  1813 I WifiHAL : GetLinkStatsCommand::create
07-12 19:00:29.520  1813  1813 D android.hardware.wifi@1.0-service-lazy: WifiRequest::create vendor command to iface 40, vendor_id=0x1a11, subcmd=0x1200, res=0
07-12 19:00:29.521  1813  1813 I android.hardware.wifi@1.0-service-lazy: WifiCommand::requestResponse err=-95
07-12 19:00:29.521  1813  1813 I WifiHAL : wifi_get_link_stats: result=-3
07-12 19:00:29.522  1437  1692 E WifiVendorHal: $r8$lambda$s6w0pmKyq6-tDdqCEDbOV_xqgVE(l.1179) failed {.code = ERROR_NOT_SUPPORTED, .description = }
07-12 19:00:29.531  1437  3078 D SemWifiUsabilityStatsMonitor: onWifiUsabilityStats - seqNum 180, isSameBssidAndFreq true
07-12 19:00:29.532  1437  1766 I SemWifiLinkQualityMonitor: Link Qos query: inf. ms / 0 Mbps
07-12 19:00:29.745  2907  9815 I NearbyMediums: Found Fast Ble Advertisements :
07-12 19:00:29.745  2907  9815 I NearbyMediums: BleAdvertisement { version=2, socketVersion=2, isFast=true, serviceIdHash=null, data=[ 0x23 0x33 0x44 0x49 0x32 0x11 0x32 0x1a 0x06 0xf2 0x5e 0x6c 0x8c 0x08 0x09 0xa9 0x9c 0x90 0x24 0xf4 0x30 0xbf 0xe6 ], deviceToken=[ 0x8a 0xac ], rxAdvertisement=[ 0xa0 0x17 0xe9 0xe4 0xf2 0x4f 0xf0 0x85 0x07 0x67 0x13 0x7c 0x1d 0xba 0xf6 0x83 0x64 0xfa 0xd7 0x3b 0xf6 0xdd 0xde 0x76 0x0d 0x11 0x11 0x35 0x8b 0x9e 0xa7 0xe3 0x6b 0x20 0x84 0x15 0x05 0x60 0x00 0x00 0x84 0x15 0x06 0x60 0x00 0x00 0x84 0x15 0x04 0x60 0x00 0x00 0x83 0x15 0x01 0x16 0x71 ] } : 12 times.
07-12 19:00:29.745  2907  9815 I NearbyMediums: Total 12 fast advertisements from 1 unique advertisers.
07-12 19:00:29.746  2907  9815 I NearbyMediums: Current Tracked Scanning Clients are : {NearbyConnections.EnvironmentMonitor, NearbySharing}
07-12 19:00:29.809   904   925 D ccci_mdinit: (1):monitor_time_update_thread round:22 ########
07-12 19:00:29.926  2183  2356 D BtGatt.GattService: onScanResult to scannerId: 8- eventType=0x10, addressType=1, address=163DD5_B, primaryPhy=1, secondaryPhy=0, advertisingSid=0xff, txPower=127, rssi=-52, periodicAdvInt=0x0
07-12 19:00:29.947  2183  2356 D BtGatt.GattService: onScanResult to scannerId: 6- eventType=0x0, addressType=1, address=32C731_D, primaryPhy=1, secondaryPhy=1, advertisingSid=0x2, txPower=127, rssi=-73, periodicAdvInt=0x0
07-12 19:00:29.952  2183  2356 D BtGatt.GattService: onScanResult to scannerId: 8- eventType=0x1b, addressType=0, address=04FA83_2, primaryPhy=1, secondaryPhy=0, advertisingSid=0xff, txPower=127, rssi=-73, periodicAdvInt=0x0
07-12 19:00:29.976  2183  2356 D BtGatt.GattService: onScanResult to scannerId: 8- eventType=0x1b, addressType=0, address=04FA83_2, primaryPhy=1, secondaryPhy=0, advertisingSid=0xff, txPower=127, rssi=-73, periodicAdvInt=0x0
07-12 19:00:29.989  2183  2356 D BtGatt.GattService: onScanResult to scannerId: 8- eventType=0x1b, addressType=1, address=53C512_3, primaryPhy=1, secondaryPhy=0, advertisingSid=0xff, txPower=127, rssi=-90, periodicAdvInt=0x0
07-12 19:00:30.003  2183  2356 D BtGatt.GattService: onScanResult to scannerId: 8- eventType=0x1b, addressType=0, address=04FA83_2, primaryPhy=1, secondaryPhy=0, advertisingSid=0xff, txPower=127, rssi=-74, periodicAdvInt=0x0
07-12 19:00:30.017  2183  2356 D BtGatt.GattService: onScanResult to scannerId: 8- eventType=0x1b, addressType=1, address=631F37_D, primaryPhy=1, secondaryPhy=0, advertisingSid=0xff, txPower=127, rssi=-85, periodicAdvInt=0x0
07-12 19:00:30.079  2183  2356 D BtGatt.GattService: onScanResult to scannerId: 8- eventType=0x1b, addressType=0, address=04FA83_2, primaryPhy=1, secondaryPhy=0, advertisingSid=0xff, txPower=127, rssi=-72, periodicAdvInt=0x0
07-12 19:00:30.102  2183  2356 D BtGatt.GattService: onScanResult to scannerId: 8- eventType=0x1b, addressType=0, address=04FA83_2, primaryPhy=1, secondaryPhy=0, advertisingSid=0xff, txPower=127, rssi=-73, periodicAdvInt=0x0
07-12 19:00:30.347  1881  1989 D MobileStatusTracker(0/2): onSignalStrengthsChanged level=4, vendorLevel=4
07-12 19:00:30.349  1881  1989 D MobileSignalController(0/2): notifyListener: enabled=true, connected=true, dataConnected=false, networkType=EDGE (E), emergencyOnly=false, roaming=false, isDefault=false, dataActivity=, level=4, ca=false, mmWave=false, disabledDataIcon=false, simCard=ETC
07-12 19:00:30.350  1881  1989 D NetworkController: SignalStrength from intent slotId=0
07-12 19:00:30.486   590   590 D io_stats: !@ 179,0 r 520789 14065586 w 106365 2173316 d 0 0 f 0 0 iot 165876 0 th 0 0 0 pt 0 inp 0 0 612.612
07-12 19:00:30.641  1437  1651 D InputDispatcher: a17b2c3 com.mojojojoo.sosifyapp/com.mojojojoo.sosifyapp.MainActivity (server) is not responding. Waited 10007ms for MotionEvent
07-12 19:00:30.647  1437  1651 W InputDispatcher: Window a17b2c3 com.mojojojoo.sosifyapp/com.mojojojoo.sosifyapp.MainActivity (server) is unresponsive: a17b2c3 com.mojojojoo.sosifyapp/com.mojojojoo.sosifyapp.MainActivity (server) is not responding. Waited 10007ms for MotionEvent
07-12 19:00:30.647  1437  1651 W InputDispatcher: Canceling events for a17b2c3 com.mojojojoo.sosifyapp/com.mojojojoo.sosifyapp.MainActivity (server) because it is unresponsive
07-12 19:00:30.657  1437  1651 I WindowManager: ANR in Window{a17b2c3 u0 com.mojojojoo.sosifyapp/com.mojojojoo.sosifyapp.MainActivity}. Reason:a17b2c3 com.mojojojoo.sosifyapp/com.mojojojoo.sosifyapp.MainActivity (server) is not responding. Waited 10007ms for MotionEvent
07-12 19:00:30.750  1437  1651 D CompatibilityChangeReporter: Compat change id reported: 174042980; UID 10056; state: DISABLED
07-12 19:00:30.750  1437  1651 D CompatibilityChangeReporter: Compat change id reported: 181136395; UID 10056; state: DISABLED
07-12 19:00:30.751  1437  1651 D CompatibilityChangeReporter: Compat change id reported: 174042936; UID 10056; state: DISABLED
07-12 19:00:30.751  1437  1651 D CompatibilityChangeReporter: Compat change id reported: 184838306; UID 10056; state: DISABLED
07-12 19:00:30.751  1437  1651 D CompatibilityChangeReporter: Compat change id reported: 185004937; UID 10056; state: DISABLED
07-12 19:00:30.758  1437  1651 D CompatibilityChangeReporter: Compat change id reported: 174042980; UID 10251; state: DISABLED
07-12 19:00:30.759  1437  1651 D CompatibilityChangeReporter: Compat change id reported: 184838306; UID 10251; state: DISABLED
07-12 19:00:30.759  1437  1651 D CompatibilityChangeReporter: Compat change id reported: 185004937; UID 10251; state: DISABLED
07-12 19:00:30.773  1437  1651 W ActivityManager: anr : com.mojojojoo.sosifyapp,10251
07-12 19:00:30.807  3819  3819 I SDHMS:BarTender:Gatherer:AppError: update AppError : uid=10251, pkg=com.mojojojoo.sosifyapp, errorType=anr
07-12 19:00:30.833  3819  3819 I SDHMS:BarTender:Analyzer:AppError: analyze app error : uid=10251, pkg=com.mojojojoo.sosifyapp, appErrorCount=2
07-12 19:00:30.852  1245  1245 D connsyslogger: Open FIFO for close
07-12 19:00:30.883  2183  2356 D BtGatt.GattService: onScanResult to scannerId: 8- eventType=0x1b, addressType=0, address=04FA83_2, primaryPhy=1, secondaryPhy=0, advertisingSid=0xff, txPower=127, rssi=-72, periodicAdvInt=0x0
07-12 19:00:30.911  1437 26441 W ActivityManager: Unable to start service Intent { cmp=com.samsung.knox.securefolder/.common.provider.DebugService } U=0: not found
07-12 19:00:30.911  1437  1482 W libprocessgroup: Failed to open /dev/blkio//cgroup.procs: No such file or directory
07-12 19:00:30.913  1437 26441 D CompatibilityChangeReporter: Compat change id reported: 168419799; UID 10069; state: DISABLED
07-12 19:00:30.914  1437  1482 W libprocessgroup: Failed to open /dev/blkio//cgroup.procs: No such file or directory
07-12 19:00:30.914  2183  2356 D BtGatt.GattService: onScanResult to scannerId: 8- eventType=0x1b, addressType=0, address=04FA83_2, primaryPhy=1, secondaryPhy=0, advertisingSid=0xff, txPower=127, rssi=-73, periodicAdvInt=0x0
07-12 19:00:30.937  2183  2356 D BtGatt.GattService: onScanResult to scannerId: 8- eventType=0x1b, addressType=0, address=04FA83_2, primaryPhy=1, secondaryPhy=0, advertisingSid=0xff, txPower=127, rssi=-73, periodicAdvInt=0x0
07-12 19:00:30.964  2183  2356 D BtGatt.GattService: onScanResult to scannerId: 8- eventType=0x1b, addressType=0, address=04FA83_2, primaryPhy=1, secondaryPhy=0, advertisingSid=0xff, txPower=127, rssi=-72, periodicAdvInt=0x0
07-12 19:00:30.978  2183  2356 D BtGatt.GattService: onScanResult to scannerId: 8- eventType=0x10, addressType=1, address=163DD5_B, primaryPhy=1, secondaryPhy=0, advertisingSid=0xff, txPower=127, rssi=-51, periodicAdvInt=0x0
07-12 19:00:30.989  2183  2356 D BtGatt.GattService: onScanResult to scannerId: 8- eventType=0x1b, addressType=0, address=04FA83_2, primaryPhy=1, secondaryPhy=0, advertisingSid=0xff, txPower=127, rssi=-73, periodicAdvInt=0x0
07-12 19:00:30.993  1437 26441 D CompatibilityChangeReporter: Compat change id reported: 174042980; UID 10128; state: DISABLED
07-12 19:00:31.013  2183  2356 D BtGatt.GattService: onScanResult to scannerId: 6- eventType=0x10, addressType=1, address=3CDC5F_D, primaryPhy=1, secondaryPhy=0, advertisingSid=0xff, txPower=127, rssi=-78, periodicAdvInt=0x0
07-12 19:00:31.013  2183  2356 D BtGatt.GattService: onScanResult to scannerId: 8- eventType=0x10, addressType=1, address=3CDC5F_D, primaryPhy=1, secondaryPhy=0, advertisingSid=0xff, txPower=127, rssi=-78, periodicAdvInt=0x0
07-12 19:00:31.016  2183  2356 D BtGatt.GattService: onScanResult to scannerId: 8- eventType=0x1b, addressType=0, address=04FA83_2, primaryPhy=1, secondaryPhy=0, advertisingSid=0xff, txPower=127, rssi=-73, periodicAdvInt=0x0
07-12 19:00:31.020  1437 26441 D CompatibilityChangeReporter: Compat change id reported: 174042980; UID 10049; state: DISABLED
07-12 19:00:31.045  2183  2356 D BtGatt.GattService: onScanResult to scannerId: 8- eventType=0x1b, addressType=0, address=04FA83_2, primaryPhy=1, secondaryPhy=0, advertisingSid=0xff, txPower=127, rssi=-73, periodicAdvInt=0x0
07-12 19:00:31.053  1437 26441 D CompatibilityChangeReporter: Compat change id reported: 174042980; UID 1001; state: DISABLED
07-12 19:00:31.053  1437 26441 D CompatibilityChangeReporter: Compat change id reported: 174042980; UID 1000; state: DISABLED
07-12 19:00:31.055  1437 26441 D CompatibilityChangeReporter: Compat change id reported: 174042980; UID 5009; state: DISABLED
07-12 19:00:31.057  1437 26441 D CompatibilityChangeReporter: Compat change id reported: 174042980; UID 10063; state: DISABLED
07-12 19:00:31.058  1437 26441 D CompatibilityChangeReporter: Compat change id reported: 174042980; UID 10323; state: DISABLED
07-12 19:00:31.058  1437 26441 D CompatibilityChangeReporter: Compat change id reported: 174042980; UID 10317; state: DISABLED
07-12 19:00:31.060  1437 26441 D CompatibilityChangeReporter: Compat change id reported: 174042980; UID 10207; state: DISABLED
07-12 19:00:31.066  1437 26441 D CompatibilityChangeReporter: Compat change id reported: 174042980; UID 10062; state: DISABLED
07-12 19:00:31.066  1437 26441 D CompatibilityChangeReporter: Compat change id reported: 174042980; UID 10235; state: DISABLED
07-12 19:00:31.068  1437 26441 D CompatibilityChangeReporter: Compat change id reported: 174042980; UID 10247; state: DISABLED
07-12 19:00:31.072  1437 26441 D CompatibilityChangeReporter: Compat change id reported: 174042980; UID 10092; state: DISABLED
07-12 19:00:31.072  1437 26441 D CompatibilityChangeReporter: Compat change id reported: 174042980; UID 10096; state: DISABLED
07-12 19:00:31.075  1437 26441 D CompatibilityChangeReporter: Compat change id reported: 174042980; UID 10069; state: DISABLED
07-12 19:00:31.077  1437 26441 D CompatibilityChangeReporter: Compat change id reported: 174042980; UID 10290; state: DISABLED
07-12 19:00:31.078  1437 26441 D CompatibilityChangeReporter: Compat change id reported: 174042980; UID 10309; state: DISABLED
07-12 19:00:31.142  1881  1989 D MobileStatusTracker(1/1): onSignalStrengthsChanged level=3, vendorLevel=2
07-12 19:00:31.143  2807  3161 I EPDG -- SIM1 [SMARTCELLULAR]: onSignalStrengthsChanged: SignalStrength:{mCdma=Invalid,mGsm=Invalid,mWcdma=Invalid,mTdscdma=Invalid,mLte=CellSignalStrengthLte: rssi=-107 rsrp=-107 rsrq=-12 rssnr=1 cqiTableIndex=2147483647 cqi=2147483647 ta=2147483647 level=3 parametersUseForLevel=0,mNr=Invalid,SignalBarInfo{ lteLevel=2 },rat=14,primary=CellSignalStrengthLte}
07-12 19:00:31.144  2807  3219 I EPDG -- SIM1 [SMARTCELLULAR]: lastLteRSRP is -107 currentLteRSRP is -107 lastLteRSRQ is -12 currentLteRSRQ is -12 lastLteSNR is 2 currentLteSNR is 1
07-12 19:00:31.144  1881  1989 D MobileSignalController(1/1): notifyListener: enabled=true, connected=true, dataConnected=false, networkType=IWLAN (4G), emergencyOnly=false, roaming=false, isDefault=false, dataActivity=, level=2, ca=false, mmWave=false, disabledDataIcon=false, simCard=ETC
07-12 19:00:31.372  1437  3907 W system_server: Long monitor contention with owner AnrConsumer (26441) at void com.android.server.am.ActivityManagerService.dumpEverything(java.io.FileDescriptor, java.io.PrintWriter, java.lang.String[], int, boolean, java.lang.String, boolean, boolean, int, boolean)(ActivityManagerService.java:11505) waiters=0 in void com.android.server.am.ActivityManagerService.serviceDoneExecuting(android.os.IBinder, int, int, int) for 448ms
07-12 19:00:31.374  1437  2288 W system_server: Long monitor contention with owner AnrConsumer (26441) at void com.android.server.am.ActivityManagerService.dumpEverything(java.io.FileDescriptor, java.io.PrintWriter, java.lang.String[], int, boolean, java.lang.String, boolean, boolean, int, boolean)(ActivityManagerService.java:11505) waiters=1 in int com.android.server.am.ActivityManagerService.broadcastIntentWithFeature(android.app.IApplicationThread, java.lang.String, android.content.Intent, java.lang.String, android.content.IIntentReceiver, int, java.lang.String, android.os.Bundle, java.lang.String[], java.lang.String[], java.lang.String[], int, android.os.Bundle, boolean, boolean, int) for 230ms
07-12 19:00:31.377  1881  1989 D NetworkController: SignalStrength from intent slotId=1
07-12 19:00:31.380  1881  1989 D MobileStatusTracker(0/2): onSignalStrengthsChanged level=4, vendorLevel=4
07-12 19:00:31.382  1881  1989 D MobileSignalController(0/2): notifyListener: enabled=true, connected=true, dataConnected=false, networkType=EDGE (E), emergencyOnly=false, roaming=false, isDefault=false, dataActivity=, level=4, ca=false, mmWave=false, disabledDataIcon=false, simCard=ETC
07-12 19:00:31.382  1881  1989 D NetworkController: SignalStrength from intent slotId=0
07-12 19:00:31.427  1437  1487 D BatteryExternalStatsWorker: update stats : get-stats (63)
07-12 19:00:31.427  1437  1487 D BatteryExternalStatsWorker: Update Rail Energy data
07-12 19:00:31.429  1437  1487 D BatteryExternalStatsWorker: Fetch Bluetooth data
07-12 19:00:31.430  1437  1487 D BatteryExternalStatsWorker: Fetch modem data
07-12 19:00:31.434  1437  2290 W BatteryExternalStatsWorker: error reading Bluetooth stats: 11
07-12 19:00:31.459  1437  2290 D TelephonyManager: requestModemActivityInfo: Sending result to app: ModemActivityInfo{ mTimestamp=33692 mSleepTimeMs=2131 mIdleTimeMs=19363 mActivityStatsTechSpecificInfo=[{mRat=UNKNOWN,mFrequencyRange=UNKNOWN,mTxTimeMs[]=[290, 0, 0, 0, 550],mRxTimeMs=1770}]}
07-12 19:00:31.477  1437  1487 D BatteryExternalStatsWorker: Update CPU state
07-12 19:00:31.477  1437  1487 I KernelWakelockReader: readKernelWakelockStats(true)
07-12 19:00:31.480   615   620 W android.system.suspend@1.0-service: getWakeLockStats +
07-12 19:00:31.480   615   620 I android.system.suspend@1.0-service: name: PowerManagerService.Display, isActive: 1, LC: 613607, AC: 12, AT: 541393, TT: 568995
07-12 19:00:31.480   615   620 I android.system.suspend@1.0-service: name: PowerManager.SuspendLockout, isActive: 1, LC: 613607, AC: 12, AT: 541394, TT: 569002
07-12 19:00:31.519   615   620 W android.system.suspend@1.0-service: getWakeLockStats -
07-12 19:00:31.520  1437  1487 D KernelWakelockReader: name=PowerManagerService.WakeLocks	 isActive=true	 lastChange=613607	 activeCount=97	 activeTime=39839	 totalTime=414581	 version=5	 time_delta=166089000
07-12 19:00:31.520  1437  1487 D KernelWakelockReader: name=PowerManagerService.Broadcasts	 isActive=false	 lastChange=72357	 activeCount=2	 activeTime=0	 totalTime=1184	 version=5	 time_delta=0
07-12 19:00:31.520  1437  1487 D KernelWakelockReader: name=PowerManagerService.Display	 isActive=true	 lastChange=613607	 activeCount=12	 activeTime=541393	 totalTime=568995	 version=5	 time_delta=225248000
07-12 19:00:31.520  1437  1487 D KernelWakelockReader: name=PowerManager.SuspendLockout	 isActive=true	 lastChange=613607	 activeCount=12	 activeTime=541394	 totalTime=569002	 version=5	 time_delta=225248000
07-12 19:00:31.520  1437  1487 D KernelWakelockReader: name=PowerManagerService.Booting	 isActive=false	 lastChange=38911	 activeCount=1	 activeTime=0	 totalTime=21250	 version=5	 time_delta=0
07-12 19:00:31.520  1437  1487 I BatteryStatsImpl: updateKernelWakelocksLocked:: name=PowerManager.SuspendLockout / totalTime=569002000 / mCount=12 / version=5
07-12 19:00:31.520  1437  1487 I BatteryStatsImpl: updateKernelWakelocksLocked:: name=PowerManagerService.Display / totalTime=568995000 / mCount=12 / version=5
07-12 19:00:31.520  1437  1487 I BatteryStatsImpl: updateKernelWakelocksLocked:: name=PowerManagerService.WakeLocks / totalTime=414581000 / mCount=97 / version=5
07-12 19:00:31.520  1437  1487 I BatteryStatsImpl: updateKernelWakelocksLocked:: name=PowerManagerService.Broadcasts / totalTime=1184000 / mCount=2 / version=5
07-12 19:00:31.521  1437  1487 I BatteryStatsImpl: updateKernelWakelocksLocked:: name=PowerManagerService.Booting / totalTime=21250000 / mCount=1 / version=5
07-12 19:00:31.521  1437  1487 D BatteryExternalStatsWorker: Update Kernel wakelock & memory state
07-12 19:00:31.521  1437  1487 D BatteryExternalStatsWorker: Update RPM state
07-12 19:00:31.521  1437  1487 D BatteryExternalStatsWorker: mStats lock released
07-12 19:00:31.532  1437  1487 D BatteryExternalStatsWorker: Update modem state
07-12 19:00:31.532  1437  1487 D BatteryExternalStatsWorker: done updateExternalStatsLocked
07-12 19:00:31.845  2183  2356 D BtGatt.GattService: onScanResult to scannerId: 8- eventType=0x1b, addressType=0, address=04FA83_2, primaryPhy=1, secondaryPhy=0, advertisingSid=0xff, txPower=127, rssi=-76, periodicAdvInt=0x0
07-12 19:00:31.857  2183  2356 D BtGatt.GattService: onScanResult to scannerId: 6- eventType=0x10, addressType=1, address=3CDC5F_D, primaryPhy=1, secondaryPhy=0, advertisingSid=0xff, txPower=127, rssi=-85, periodicAdvInt=0x0
07-12 19:00:31.858  2183  2356 D BtGatt.GattService: onScanResult to scannerId: 8- eventType=0x10, addressType=1, address=3CDC5F_D, primaryPhy=1, secondaryPhy=0, advertisingSid=0xff, txPower=127, rssi=-85, periodicAdvInt=0x0
07-12 19:00:31.869  2183  2356 D BtGatt.GattService: onScanResult to scannerId: 8- eventType=0x1b, addressType=0, address=04FA83_2, primaryPhy=1, secondaryPhy=0, advertisingSid=0xff, txPower=127, rssi=-74, periodicAdvInt=0x0
07-12 19:00:31.874  1437 26441 D SystemDumpWriter_ANR: Successful to save dumpsys to log/dumpsys_ANR_WindowManager.txt
07-12 19:00:31.874  1437 26441 D SystemDumpWriter_ANR: save dumpsys, duration=1003
07-12 19:00:31.894  2183  2356 D BtGatt.GattService: onScanResult to scannerId: 8- eventType=0x1b, addressType=0, address=04FA83_2, primaryPhy=1, secondaryPhy=0, advertisingSid=0xff, txPower=127, rssi=-75, periodicAdvInt=0x0
07-12 19:00:31.912  2183  2356 D BtGatt.GattService: onScanResult to scannerId: 8- eventType=0x10, addressType=1, address=163DD5_B, primaryPhy=1, secondaryPhy=0, advertisingSid=0xff, txPower=127, rssi=-51, periodicAdvInt=0x0
07-12 19:00:31.915  2183  2356 D BtGatt.GattService: onScanResult to scannerId: 8- eventType=0x1b, addressType=0, address=04FA83_2, primaryPhy=1, secondaryPhy=0, advertisingSid=0xff, txPower=127, rssi=-77, periodicAdvInt=0x0
07-12 19:00:31.917  1437 26441 I ActivityManager: dumpStackTraces pids={2183=true, 2258=true, 2338=true, 2660=true, 2807=true, 2907=true, 2935=true, 2962=true, 3223=true, 3224=true, 3736=true, 3740=true, 3750=true, 3768=true, 3777=true, 3916=true, 3964=true, 3991=true, 4434=true, 4477=true, 4571=true, 5501=true, 5642=true, 5945=true, 6571=true, 7495=true, 8788=true, 9149=true, 13723=true, 17102=true, 18647=true, 19683=true, 20166=true, 20190=true, 21915=true, 22778=true, 23098=true, 23689=true, 23717=true, 23991=true, 24002=true, 24029=true, 24039=true, 24066=true, 24304=true, 24428=true, 24477=true, 24761=true, 24795=true, 24867=true, 25037=true, 25278=true, 25330=true, 25400=true, 25608=true, 25612=true, 25617=true, 25636=true, 25671=true, 25888=true, 26354=true, 26382=true} nativepids=[552, 616, 836, 837, 838, 839, 892, 901, 977, 1052, 1068, 1069, 1073, 1078, 1097, 1138, 2183]
07-12 19:00:31.939  2183  2356 D BtGatt.GattService: onScanResult to scannerId: 8- eventType=0x1b, addressType=1, address=631F37_D, primaryPhy=1, secondaryPhy=0, advertisingSid=0xff, txPower=127, rssi=-80, periodicAdvInt=0x0
07-12 19:00:31.943  2183  2356 D BtGatt.GattService: onScanResult to scannerId: 8- eventType=0x1b, addressType=0, address=04FA83_2, primaryPhy=1, secondaryPhy=0, advertisingSid=0xff, txPower=127, rssi=-73, periodicAdvInt=0x0
07-12 19:00:31.968  2183  2356 D BtGatt.GattService: onScanResult to scannerId: 8- eventType=0x1b, addressType=0, address=04FA83_2, primaryPhy=1, secondaryPhy=0, advertisingSid=0xff, txPower=127, rssi=-74, periodicAdvInt=0x0
07-12 19:00:31.992  2183  2356 D BtGatt.GattService: onScanResult to scannerId: 8- eventType=0x1b, addressType=0, address=04FA83_2, primaryPhy=1, secondaryPhy=0, advertisingSid=0xff, txPower=127, rssi=-75, periodicAdvInt=0x0
07-12 19:00:32.012  2183  2356 D BtGatt.GattService: onScanResult to scannerId: 8- eventType=0x10, addressType=1, address=163DD5_B, primaryPhy=1, secondaryPhy=0, advertisingSid=0xff, txPower=127, rssi=-52, periodicAdvInt=0x0
07-12 19:00:32.018  2183  2356 D BtGatt.GattService: onScanResult to scannerId: 8- eventType=0x1b, addressType=0, address=04FA83_2, primaryPhy=1, secondaryPhy=0, advertisingSid=0xff, txPower=127, rssi=-74, periodicAdvInt=0x0
07-12 19:00:32.154  1437  1449 I system_server: Background concurrent copying GC freed 25MB AllocSpace bytes, 38(1360KB) LOS objects, 17% free, 116MB/140MB, paused 947us,976us total 985.354ms
07-12 19:00:32.229  1881  1989 D MobileStatusTracker(0/2): onSignalStrengthsChanged level=4, vendorLevel=4
07-12 19:00:32.230  1881  1989 D MobileSignalController(0/2): notifyListener: enabled=true, connected=true, dataConnected=false, networkType=EDGE (E), emergencyOnly=false, roaming=false, isDefault=false, dataActivity=, level=4, ca=false, mmWave=false, disabledDataIcon=false, simCard=ETC
07-12 19:00:32.231  1881  1989 D NetworkController: SignalStrength from intent slotId=0
07-12 19:00:32.421  1881  1989 D MobileStatusTracker(1/1): onSignalStrengthsChanged level=3, vendorLevel=2
07-12 19:00:32.421  2807  3161 I EPDG -- SIM1 [SMARTCELLULAR]: onSignalStrengthsChanged: SignalStrength:{mCdma=Invalid,mGsm=Invalid,mWcdma=Invalid,mTdscdma=Invalid,mLte=CellSignalStrengthLte: rssi=-107 rsrp=-107 rsrq=-13 rssnr=1 cqiTableIndex=2147483647 cqi=2147483647 ta=2147483647 level=3 parametersUseForLevel=0,mNr=Invalid,SignalBarInfo{ lteLevel=2 },rat=14,primary=CellSignalStrengthLte}
07-12 19:00:32.422  2807  3219 I EPDG -- SIM1 [SMARTCELLULAR]: lastLteRSRP is -107 currentLteRSRP is -107 lastLteRSRQ is -12 currentLteRSRQ is -13 lastLteSNR is 1 currentLteSNR is 1
07-12 19:00:32.422  1881  1989 D MobileSignalController(1/1): notifyListener: enabled=true, connected=true, dataConnected=false, networkType=IWLAN (4G), emergencyOnly=false, roaming=false, isDefault=false, dataActivity=, level=2, ca=false, mmWave=false, disabledDataIcon=false, simCard=ETC
07-12 19:00:32.423  1881  1989 D NetworkController: SignalStrength from intent slotId=1
07-12 19:00:32.486   590   590 D io_stats: !@ 179,0 r 521520 14074074 w 106467 2174664 d 0 0 f 0 0 iot 166068 0 th 0 0 0 pt 0 inp 0 0 614.613
07-12 19:00:32.534  1813  1813 I WifiHAL : Get link layer stats
07-12 19:00:32.534  1813  1813 I WifiHAL : GetLinkStatsCommand::create
07-12 19:00:32.534  1813  1813 D android.hardware.wifi@1.0-service-lazy: WifiRequest::create vendor command to iface 40, vendor_id=0x1a11, subcmd=0x1200, res=0
07-12 19:00:32.534  1813  1813 I android.hardware.wifi@1.0-service-lazy: WifiCommand::requestResponse err=-95
07-12 19:00:32.534  1813  1813 I WifiHAL : wifi_get_link_stats: result=-3
07-12 19:00:32.535  1437  1692 E WifiVendorHal: $r8$lambda$s6w0pmKyq6-tDdqCEDbOV_xqgVE(l.1179) failed {.code = ERROR_NOT_SUPPORTED, .description = }
07-12 19:00:32.538  1437  3078 D SemWifiUsabilityStatsMonitor: onWifiUsabilityStats - seqNum 181, isSameBssidAndFreq true
07-12 19:00:32.539  1437  1766 I SemWifiLinkQualityMonitor: Link Qos query: inf. ms / 0 Mbps
07-12 19:00:32.687  1437 26441 I ActivityManager: Skipping next CPU consuming process, not a java proc: 1437
07-12 19:00:32.687  1437 26441 I ActivityManager: Skipping next CPU consuming process, not a java proc: 24598
07-12 19:00:32.687  1437 26441 I ActivityManager: Skipping next CPU consuming process, not a java proc: 167
07-12 19:00:32.687  1437 26441 I ActivityManager: Skipping next CPU consuming process, not a java proc: 25
07-12 19:00:32.687  1437 26441 I ActivityManager: Skipping next CPU consuming process, not a java proc: 241
07-12 19:00:32.687  1437 26441 I ActivityManager: Skipping next CPU consuming process, not a java proc: 856
07-12 19:00:32.687  1437 26441 I ActivityManager: Skipping next CPU consuming process, not a java proc: 1824
07-12 19:00:32.687  1437 26441 I ActivityManager: Skipping next CPU consuming process, not a java proc: 1847
07-12 19:00:32.687  1437 26441 I ActivityManager: Skipping next CPU consuming process, not a java proc: 1881
07-12 19:00:32.690  1437 26441 I ActivityManager: Dumping to /data/anr/anr_2026-07-12-19-00-32-689
07-12 19:00:32.690  1437 26441 I ActivityManager: Collecting stacks for pid 24598
07-12 19:00:32.694  1437 26441 I system_server: libdebuggerd_client: started dumping process 24598
07-12 19:00:32.696   653   653 I tombstoned: registered intercept for pid 24598 and type kDebuggerdJavaBacktrace
07-12 19:00:32.698 24598 24603 I jojoo.sosifyapp: Thread[2,tid=24603,WaitingInMainSignalCatcherLoop,Thread*=0xb400007b8260e000,peer=0x31802b8,"Signal Catcher"]: reacting to signal 3
07-12 19:00:32.698 24598 24603 I jojoo.sosifyapp: 
07-12 19:00:32.793  2183  2356 D BtGatt.GattService: onScanResult to scannerId: 8- eventType=0x1b, addressType=0, address=04FA83_2, primaryPhy=1, secondaryPhy=0, advertisingSid=0xff, txPower=127, rssi=-79, periodicAdvInt=0x0
07-12 19:00:32.823  2183  2356 D BtGatt.GattService: onScanResult to scannerId: 8- eventType=0x1b, addressType=0, address=04FA83_2, primaryPhy=1, secondaryPhy=0, advertisingSid=0xff, txPower=127, rssi=-78, periodicAdvInt=0x0
07-12 19:00:32.850  2183  2356 D BtGatt.GattService: onScanResult to scannerId: 8- eventType=0x1b, addressType=0, address=04FA83_2, primaryPhy=1, secondaryPhy=0, advertisingSid=0xff, txPower=127, rssi=-78, periodicAdvInt=0x0
07-12 19:00:32.857  2183  2356 D BtGatt.GattService: onScanResult to scannerId: 8- eventType=0x10, addressType=1, address=163DD5_B, primaryPhy=1, secondaryPhy=0, advertisingSid=0xff, txPower=127, rssi=-48, periodicAdvInt=0x0
07-12 19:00:32.875  2183  2356 D BtGatt.GattService: onScanResult to scannerId: 8- eventType=0x1b, addressType=0, address=04FA83_2, primaryPhy=1, secondaryPhy=0, advertisingSid=0xff, txPower=127, rssi=-81, periodicAdvInt=0x0
07-12 19:00:32.893  2183  2356 D BtGatt.GattService: onScanResult to scannerId: 8- eventType=0x1b, addressType=0, address=04FA83_2, primaryPhy=1, secondaryPhy=0, advertisingSid=0xff, txPower=127, rssi=-78, periodicAdvInt=0x0
07-12 19:00:32.924  2183  2356 D BtGatt.GattService: onScanResult to scannerId: 8- eventType=0x1b, addressType=0, address=04FA83_2, primaryPhy=1, secondaryPhy=0, advertisingSid=0xff, txPower=127, rssi=-80, periodicAdvInt=0x0
07-12 19:00:32.977  2183  2356 D BtGatt.GattService: onScanResult to scannerId: 8- eventType=0x1b, addressType=0, address=04FA83_2, primaryPhy=1, secondaryPhy=0, advertisingSid=0xff, txPower=127, rssi=-73, periodicAdvInt=0x0
07-12 19:00:32.998  2183  2356 D BtGatt.GattService: onScanResult to scannerId: 8- eventType=0x1b, addressType=0, address=04FA83_2, primaryPhy=1, secondaryPhy=0, advertisingSid=0xff, txPower=127, rssi=-72, periodicAdvInt=0x0
07-12 19:00:33.000  2183  2356 D BtGatt.GattService: onScanResult to scannerId: 6- eventType=0x10, addressType=1, address=3CDC5F_D, primaryPhy=1, secondaryPhy=0, advertisingSid=0xff, txPower=127, rssi=-82, periodicAdvInt=0x0
07-12 19:00:33.001  2183  2356 D BtGatt.GattService: onScanResult to scannerId: 8- eventType=0x10, addressType=1, address=3CDC5F_D, primaryPhy=1, secondaryPhy=0, advertisingSid=0xff, txPower=127, rssi=-82, periodicAdvInt=0x0
07-12 19:00:33.009  2183  2356 D BtGatt.GattService: onScanResult to scannerId: 8- eventType=0x1b, addressType=1, address=53C512_3, primaryPhy=1, secondaryPhy=0, advertisingSid=0xff, txPower=127, rssi=-97, periodicAdvInt=0x0
