07-12 19:00:17.627  1437  1629 I CAE     : parse(SensorHubParserProvider.java:201) - 1, 1, 55, 0, 33, 33, 0, 0, 0, 0, 0, 0, 0, 0, 0, 0, 0, 0, 119, 53, -108, 0, 119, 53, -108, 0, 0, 0, 0, 0, 0, 6, -105, -128, 0, 0, 0, 0,
07-12 19:00:17.627  1437  1629 I CAE     : parse(SLocationRunner.java:88) - SLocationRunner parse start : 3
07-12 19:00:17.628  1437  1629 D CAE     : display(ContextProvider.java:375) - ================= SLOCATION_RUNNER =================
07-12 19:00:17.628  2183  2356 D BtGatt.GattService: onScanResult to scannerId: 8- eventType=0x1b, addressType=0, address=04FA83_2, primaryPhy=1, secondaryPhy=0, advertisingSid=0xff, txPower=127, rssi=-72, periodicAdvInt=0x0
07-12 19:00:17.628  1437  1629 I CAE     : display(ContextProvider.java:391) - ExtraDataArray=[1, 1, 55, 0, 33, 33, 0, 0, 0, 0, 0, 0, 0, 0, 0, 0, 0, 0, 119, 53, -108, 0, 119, 53, -108, 0, 0, 0, 0, 0, 0, 6, -105, -128, 0, 0, 0, 0]
07-12 19:00:17.629  1437  1629 I CAE     : parse(SLocationRunner.java:96) - SLocationRunner parse end:38
07-12 19:00:17.629  1437  1629 D CAE     : onGetSensorHubData(SensorHubParserProvider.java:89) - onGetSensorHubData Event [event buffer len :10], AP_WAKEUP
07-12 19:00:17.629  1437  1629 I CAE     : parse(SensorHubParserProvider.java:190) - buffer size = 10
07-12 19:00:17.629  1437  1629 I CAE     : parse(SensorHubParserProvider.java:201) - 1, 1, 55, 0, 5, 2, 34, 0, 0, 0,
07-12 19:00:17.629  1437  1626 D SemContextService: Service.updateContext() : service = SLocation Core
07-12 19:00:17.630  1437  1629 I CAE     : parse(SLocationRunner.java:88) - SLocationRunner parse start : 3
07-12 19:00:17.630  1437  1437 D SemContextManager: onSemContextChanged() : event = SLocation Core
07-12 19:00:17.630  1437  1629 D CAE     : display(ContextProvider.java:375) - ================= SLOCATION_RUNNER =================
07-12 19:00:17.630  1437  1437 D SLocation: SLocationCoreSem - SemContextChanged type = 47, packet received
07-12 19:00:17.630  1437  1629 I CAE     : display(ContextProvider.java:391) - ExtraDataArray=[1, 1, 55, 0, 5, 2, 34, 0, 0, 0]
07-12 19:00:17.630  1437  2119 I SLocation: SemContextParser -  parse start : 3
07-12 19:00:17.630  1437  2119 I SLocation: SemContextParser -  packet Length : 33packet total size : 38
07-12 19:00:17.630  1437  1629 I CAE     : parse(SLocationRunner.java:96) - SLocationRunner parse end:10
07-12 19:00:17.630  1437  2119 I SLocation: SemContextParser - packet : [33, 0, 0, 0, 0, 0, 0, 0, 0, 0, 0, 0, 0, 119, 53, -108, 0, 119, 53, -108, 0, 0, 0, 0, 0, 0, 6, -105, -128, 0, 0, 0, 0]
07-12 19:00:17.630  1437  2119 D SLocation: GeofenceCoreManager - received Extra Data from core, len : 33
07-12 19:00:17.630  1437  1626 D SemContextService: Service.updateContext() : service = SLocation Core
07-12 19:00:17.631  1437  2119 D SLocation: ARDistanceGetARDistance - convertSensorHubTimeToElapsedTime -1783864217873
07-12 19:00:17.631  1437  2119 D SLocation: ARDistanceGetARDistance - no location from core pvt, only use distance info
07-12 19:00:17.631  1437  1437 D SemContextManager: onSemContextChanged() : event = SLocation Core
07-12 19:00:17.631  1437  1437 D SLocation: SLocationCoreSem - SemContextChanged type = 47, packet received
07-12 19:00:17.631  1437  2119 D SLocation: CommonCoreManager - received Extra Data from core, len : 33
07-12 19:00:17.631  2183  2356 D BtGatt.GattService: onScanResult to scannerId: 6- eventType=0x0, addressType=1, address=32C731_D, primaryPhy=1, secondaryPhy=1, advertisingSid=0x2, txPower=127, rssi=-71, periodicAdvInt=0x0
07-12 19:00:17.631  1437  2119 D SLocation: SCurrentLocationManager - handleCurrentLocationCoreDistance 0.0
07-12 19:00:17.631  1437  2119 D SLocation: TrackingReceiverFilterFmm - sum of ar distance : 0.0, update time : 599758, gps loc time : 0
07-12 19:00:17.631  1437  2119 D SLocation: SingleLastLocation - last locations is network/17.137/17.137, fused/100.0/100.0
07-12 19:00:17.632  1437  2119 D SLocation: TrackingReceiverFilter - sum of ar distance : 0.0, update time : 599758, gps loc time : 31794
07-12 19:00:17.632  1437  2119 I SLocation: SemContextParser -  parse start : 3
07-12 19:00:17.632  1437  2119 I SLocation: SemContextParser -  packet Length : 5packet total size : 10
07-12 19:00:17.632  1437  2119 I SLocation: SemContextParser - packet : [2, 34, 0, 0, 0]
07-12 19:00:17.632  1437  2119 D SLocation: SingleLastLocation - handleOnUpdateLastLocation 2
07-12 19:00:17.632  1437  2119 D SLocation: GeofenceCoreManager - received Extra Data from core, len : 5
07-12 19:00:17.632  1437  2119 D SLocation: GeofenceCoreManager - handleCommandCallback - UNKNOWN_CALLBACK 34 SUCCESS
07-12 19:00:17.632  1437  2119 D SLocation: ARDistanceLibManager - command callback received - CURRENT_LOCATION_REQUEST_DISTANCE ERROR CODE : ERROR_NONE
07-12 19:00:17.632  1437  2119 D SLocation: CommonCoreManager - received Extra Data from core, len : 5
07-12 19:00:17.649  2183  2356 D BtGatt.GattService: onScanResult to scannerId: 8- eventType=0x1b, addressType=1, address=53C512_3, primaryPhy=1, secondaryPhy=0, advertisingSid=0xff, txPower=127, rssi=-88, periodicAdvInt=0x0
07-12 19:00:17.889  2907 25294 I TFLite-in-PlayServices: Created interpreter.
07-12 19:00:17.927  2907 25294 I TFLite-in-PlayServices: Created interpreter.
07-12 19:00:17.944  2907 25294 I SemanticLocation: (REDACTED) [Inferrer] %s%s
07-12 19:00:18.050  3819  3819 I SDHMS:LOAD: type: LoadsFreqs, value: 0:0:0:1257459:1710000:850000:1069780:1800000:500000:0:0:0
07-12 19:00:18.254  2907  2912 I .gms.persistent: Background concurrent copying GC freed 28MB AllocSpace bytes, 25(1216KB) LOS objects, 43% free, 31MB/55MB, paused 188us,129us total 366.083ms
07-12 19:00:18.415  1437  1652 D InputReader: Btn_touch(11): value=1 when=600.542173
07-12 19:00:18.416  1437  1652 I InputReader: Touch event's action is 0x0 (id=2, t=0) [pCnt=1, s=0.33 ] when=600.542173
07-12 19:00:18.417  1437  1651 I InputDispatcher: Delivering touch to (1881): action: 0x4, f=0x0, d=0, '1cbe2fd', t=1 
07-12 19:00:18.417  1437  1651 I InputDispatcher: Delivering touch to (24598): action: 0x0, f=0x0, d=0, 'a17b2c3', t=1 
07-12 19:00:18.417  1437  1651 D PowerManagerService: [api] userActivityFromNative :  (event: 2 flags: 0 displayId: 0) eventTime = 600542
07-12 19:00:18.418  2183  2356 D BtGatt.GattService: onScanResult to scannerId: 8- eventType=0x1b, addressType=0, address=04FA83_2, primaryPhy=1, secondaryPhy=0, advertisingSid=0xff, txPower=127, rssi=-75, periodicAdvInt=0x0
07-12 19:00:18.418 24598 24598 I ViewRootImpl@8b9ce43[MainActivity]: ViewPostIme pointer 0
07-12 19:00:18.418  1437  1466 I GestureDetector: obtain mCurrentDownEvent. id: 621285376 caller: com.android.server.wm.SystemGesturesPointerEventListener.onPointerEvent:203 com.android.server.wm.PointerEventDispatcher.onInputEvent:53 android.view.InputEventReceiver.dispatchInputEvent:285 
07-12 19:00:18.419  1437  1651 D PowerManagerService: UserActivityStateListenerState: 1
07-12 19:00:18.419  1437  1466 I GestureDetector: obtain mCurrentDownEvent. id: 621285376 caller: com.android.server.wm.SystemPerformancePointerEventListener.onPointerEvent:89 com.android.server.wm.PointerEventDispatcher.onInputEvent:53 android.view.InputEventReceiver.dispatchInputEvent:285 
07-12 19:00:18.421  2183  2356 D BtGatt.GattService: onScanResult to scannerId: 6- eventType=0x10, addressType=1, address=2EBF9B_A, primaryPhy=1, secondaryPhy=0, advertisingSid=0xff, txPower=127, rssi=-73, periodicAdvInt=0x0
07-12 19:00:18.422  2183  2356 D BtGatt.GattService: onScanResult to scannerId: 8- eventType=0x10, addressType=1, address=2EBF9B_A, primaryPhy=1, secondaryPhy=0, advertisingSid=0xff, txPower=127, rssi=-73, periodicAdvInt=0x0
07-12 19:00:18.425  1437  1466 I GestureDetector: obtain mCurrentMotionEventRaw. action: 2 id: 632343928
07-12 19:00:18.426  1437  1466 I GestureDetector: obtain mCurrentMotionEventRaw. action: 2 id: 632343928
07-12 19:00:18.440  2183  2356 D BtGatt.GattService: onScanResult to scannerId: 8- eventType=0x1b, addressType=0, address=04FA83_2, primaryPhy=1, secondaryPhy=0, advertisingSid=0xff, txPower=127, rssi=-75, periodicAdvInt=0x0
07-12 19:00:18.447  2183  2356 D BtGatt.GattService: onScanResult to scannerId: 8- eventType=0x10, addressType=1, address=163DD5_B, primaryPhy=1, secondaryPhy=0, advertisingSid=0xff, txPower=127, rssi=-51, periodicAdvInt=0x0
07-12 19:00:18.460   901   901 I BufferQueueProducer: [com.mojojojoo.sosifyapp/com.mojojojoo.sosifyapp.MainActivity$_24598#277](this:0xb4000079724e5838,id:-1,api:0,p:-1,c:901) queueBuffer: fps=0.49 dur=6069.17 max=5724.58 min=144.71
07-12 19:00:18.466  2183  2356 D BtGatt.GattService: onScanResult to scannerId: 8- eventType=0x1b, addressType=0, address=04FA83_2, primaryPhy=1, secondaryPhy=0, advertisingSid=0xff, txPower=127, rssi=-75, periodicAdvInt=0x0
07-12 19:00:18.469  2183  2356 D BtGatt.GattService: onScanResult to scannerId: 8- eventType=0x1b, addressType=1, address=53C512_3, primaryPhy=1, secondaryPhy=0, advertisingSid=0xff, txPower=127, rssi=-90, periodicAdvInt=0x0
07-12 19:00:18.479   590   590 D io_stats: !@ 179,0 r 518993 14027062 w 106115 2169640 d 0 0 f 0 0 iot 165320 0 th 0 0 0 pt 0 inp 0 0 600.606
07-12 19:00:18.492  2183  2356 D BtGatt.GattService: onScanResult to scannerId: 8- eventType=0x1b, addressType=0, address=04FA83_2, primaryPhy=1, secondaryPhy=0, advertisingSid=0xff, txPower=127, rssi=-75, periodicAdvInt=0x0
07-12 19:00:18.496  2183  2356 D BtGatt.GattService: onScanResult to scannerId: 6- eventType=0x0, addressType=1, address=32C731_D, primaryPhy=1, secondaryPhy=1, advertisingSid=0x2, txPower=127, rssi=-74, periodicAdvInt=0x0
07-12 19:00:18.507  1881  1881 D SecPowerUI.Notification: showChargingNotice oldChargingType : 11 / currentChargingType : 11, oldChargingTime : 7235000 / mChargingTime : 7235000
07-12 19:00:18.507  1881  1881 D SecPowerUI.Notification: There is no change about charging status, so return!
07-12 19:00:18.543  1437  1652 D InputReader: Btn_touch(11): value=0 when=600.670553
07-12 19:00:18.543  1437  1652 I InputReader: Touch event's action is 0x1 (id=2, t=0) [pCnt=1, s=] when=600.670553
07-12 19:00:18.544  1437  1651 I InputDispatcher: Delivering touch to (24598): action: 0x1, f=0x0, d=0, 'a17b2c3', t=1 
07-12 19:00:18.547 24598 24598 I ViewRootImpl@8b9ce43[MainActivity]: ViewPostIme pointer 1
07-12 19:00:18.582   852   932 I hwcomposer: [HWCDisplay] [Display_0 (type:1)] fps:1.876027,dur:1066.08,max:945.47,min:120.62  
07-12 19:00:18.599  2183  2356 D BtGatt.GattService: onScanResult to scannerId: 8- eventType=0x1b, addressType=0, address=04FA83_2, primaryPhy=1, secondaryPhy=0, advertisingSid=0xff, txPower=127, rssi=-74, periodicAdvInt=0x0
07-12 19:00:18.604  2183  2356 D BtGatt.GattService: onScanResult to scannerId: 8- eventType=0x10, addressType=1, address=CDC48C_B, primaryPhy=1, secondaryPhy=0, advertisingSid=0xff, txPower=127, rssi=-86, periodicAdvInt=0x0
07-12 19:00:18.622  2183  2356 D BtGatt.GattService: onScanResult to scannerId: 8- eventType=0x1b, addressType=0, address=04FA83_2, primaryPhy=1, secondaryPhy=0, advertisingSid=0xff, txPower=127, rssi=-72, periodicAdvInt=0x0
07-12 19:00:18.629  1437  2288 I ActivityManager: Killing 3470:com.sec.android.app.clockpackage/u0a162 (adj 999): empty #31
07-12 19:00:18.630  1437  2288 I ActivityManager: Killing 8041:com.sec.android.gallery3d/u0a107 (adj 999): empty #32
07-12 19:00:18.632  2907  2907 D BoundBrokerSvc: onRebind: Intent { act=com.google.android.gms.libs.gmscorelogger.service.START dat=chimera-action:/... cmp=com.google.android.gms/.chimera.PersistentDirectBootAwareApiService }
07-12 19:00:18.636  1437  1478 I libprocessgroup: Successfully killed process cgroup uid 10162 pid 3470 in 5ms
07-12 19:00:18.662   838   838 I Zygote  : Process 3470 exited due to signal 9 (Killed)
07-12 19:00:18.662  3085  3085 I adbd    : Remote process closed the socket (on MSG_PEEK)
07-12 19:00:18.663  1437  1478 I libprocessgroup: Successfully killed process cgroup uid 10107 pid 8041 in 0ms
07-12 19:00:18.663   838   838 I Zygote  : Process 8041 exited due to signal 9 (Killed)
07-12 19:00:18.666  1437  2288 I ActivityManager: Killing 7867:com.sec.android.app.myfiles/u0a111 (adj 999): empty #31
07-12 19:00:18.674  1437  1478 I libprocessgroup: Successfully killed process cgroup uid 10111 pid 7867 in 7ms
07-12 19:00:18.702   838   838 I Zygote  : Process 7867 exited due to signal 9 (Killed)
07-12 19:00:18.718  1437  1466 I GestureDetector: handleMessage TAP
07-12 19:00:18.718  1437  1437 I GestureDetector: handleMessage TAP
07-12 19:00:18.741 24598 24663 W unknown:ReactNative: StatusBarModule: Ignored status bar change, current activity is edge-to-edge.
07-12 19:00:18.907  4434  4537 D nativeloader: Load /data/app/~~ju7FYrp2ZgnfZDciPHK_YQ==/com.google.android.googlequicksearchbox-Xcz4b14ryKM1OX97Bnsz8A==/base.apk!/lib/arm64-v8a/libelements.so using class loader ns clns-5 (caller=/data/app/~~ju7FYrp2ZgnfZDciPHK_YQ==/com.google.android.googlequicksearchbox-Xcz4b14ryKM1OX97Bnsz8A==/base.apk!classes2.dex): ok
07-12 19:00:18.908  3819  4795 I SDHMS:D : SIOP:: AP:394 BAT:360 USB:0 CHG:399 PA:388 BLK:0 SUBBAT:0 SKIN:388 SKINF:388 SKINB:386 LRP:389 LRP2:388 LRF:388 LRB:389 LRF2:388 LRB2:386 AP2:388 CHG2:384 WIFI2:380 SPK2:351 
07-12 19:00:19.119  4434  5802 W drck    : (REDACTED) Error reading dmabuf proc %s
07-12 19:00:19.119  4434  5802 W drck    : java.io.FileNotFoundException: /proc/4434/dmabuf_rss: open failed: ENOENT (No such file or directory)
07-12 19:00:19.119  4434  5802 W drck    : 	at libcore.io.IoBridge.open(IoBridge.java:574)
07-12 19:00:19.119  4434  5802 W drck    : 	at java.io.FileInputStream.<init>(FileInputStream.java:179)
07-12 19:00:19.119  4434  5802 W drck    : 	at fixl.a(PG:10)
07-12 19:00:19.119  4434  5802 W drck    : 	at drmr.f(PG:43)
07-12 19:00:19.119  4434  5802 W drck    : 	at drmr.b(PG:215)
07-12 19:00:19.119  4434  5802 W drck    : 	at drmi.apply(PG:19)
07-12 19:00:19.119  4434  5802 W drck    : 	at fkck.c(PG:3)
07-12 19:00:19.119  4434  5802 W drck    : 	at fkcm.run(PG:47)
07-12 19:00:19.119  4434  5802 W drck    : 	at java.util.concurrent.Executors$RunnableAdapter.call(Executors.java:520)
07-12 19:00:19.119  4434  5802 W drck    : 	at java.util.concurrent.FutureTask.run(FutureTask.java:328)
07-12 19:00:19.119  4434  5802 W drck    : 	at java.util.concurrent.ScheduledThreadPoolExecutor$ScheduledFutureTask.run(ScheduledThreadPoolExecutor.java:323)
07-12 19:00:19.119  4434  5802 W drck    : 	at java.util.concurrent.ThreadPoolExecutor.runWorker(ThreadPoolExecutor.java:1100)
07-12 19:00:19.119  4434  5802 W drck    : 	at java.util.concurrent.ThreadPoolExecutor$Worker.run(ThreadPoolExecutor.java:624)
07-12 19:00:19.119  4434  5802 W drck    : 	at drch.run(PG:12)
07-12 19:00:19.119  4434  5802 W drck    : 	at java.lang.Thread.run(Thread.java:1572)
07-12 19:00:19.119  4434  5802 W drck    : Caused by: android.system.ErrnoException: open failed: ENOENT (No such file or directory)
07-12 19:00:19.119  4434  5802 W drck    : 	at libcore.io.Linux.open(Native Method)
07-12 19:00:19.119  4434  5802 W drck    : 	at libcore.io.ForwardingOs.open(ForwardingOs.java:579)
07-12 19:00:19.119  4434  5802 W drck    : 	at libcore.io.BlockGuardOs.open(BlockGuardOs.java:274)
07-12 19:00:19.119  4434  5802 W drck    : 	at libcore.io.ForwardingOs.open(ForwardingOs.java:579)
07-12 19:00:19.119  4434  5802 W drck    : 	at android.app.ActivityThread$AndroidOs.open(ActivityThread.java:8624)
07-12 19:00:19.119  4434  5802 W drck    : 	at libcore.io.IoBridge.open(IoBridge.java:560)
07-12 19:00:19.119  4434  5802 W drck    : 	... 14 more
07-12 19:00:19.303  4434  4470 V ClearcutMetricXmitter: Transmission is done.
07-12 19:00:19.336  3991  6692 I AppsEdge.Badge: getBadgeIconType 0
07-12 19:00:19.340  1437  1482 W libprocessgroup: Failed to open /dev/blkio//cgroup.procs: No such file or directory
07-12 19:00:19.346 26382 26396 I BadgeProvider: query, [selection] : null
07-12 19:00:19.357  3991  6692 I AppsEdge.Badge: key=com.whatsapp.w4b:0 count=5
07-12 19:00:19.357  3991  6692 I AppsEdge.Badge: key=com.linkedin.android:0 count=70
07-12 19:00:19.357  3991  6692 I AppsEdge.Badge: key=com.google.android.apps.messaging:0 count=3
07-12 19:00:19.357  3991  6692 I AppsEdge.Badge: key=com.google.android.gm:0 count=2
07-12 19:00:19.381  2183  2356 D BtGatt.GattService: onScanResult to scannerId: 8- eventType=0x10, addressType=1, address=163DD5_B, primaryPhy=1, secondaryPhy=0, advertisingSid=0xff, txPower=127, rssi=-45, periodicAdvInt=0x0
07-12 19:00:19.384  2183  2356 D BtGatt.GattService: onScanResult to scannerId: 8- eventType=0x1b, addressType=0, address=04FA83_2, primaryPhy=1, secondaryPhy=0, advertisingSid=0xff, txPower=127, rssi=-78, periodicAdvInt=0x0
07-12 19:00:19.410  2183  2356 D BtGatt.GattService: onScanResult to scannerId: 8- eventType=0x1b, addressType=0, address=04FA83_2, primaryPhy=1, secondaryPhy=0, advertisingSid=0xff, txPower=127, rssi=-79, periodicAdvInt=0x0
07-12 19:00:19.434  2183  2356 D BtGatt.GattService: onScanResult to scannerId: 8- eventType=0x1b, addressType=0, address=04FA83_2, primaryPhy=1, secondaryPhy=0, advertisingSid=0xff, txPower=127, rssi=-80, periodicAdvInt=0x0
07-12 19:00:19.455  2183  2356 D BtGatt.GattService: onScanResult to scannerId: 8- eventType=0x1b, addressType=0, address=04FA83_2, primaryPhy=1, secondaryPhy=0, advertisingSid=0xff, txPower=127, rssi=-74, periodicAdvInt=0x0
07-12 19:00:19.475  2183  2356 D BtGatt.GattService: onScanResult to scannerId: 8- eventType=0x1b, addressType=0, address=04FA83_2, primaryPhy=1, secondaryPhy=0, advertisingSid=0xff, txPower=127, rssi=-73, periodicAdvInt=0x0
07-12 19:00:19.485  2183  2356 D BtGatt.GattService: onScanResult to scannerId: 8- eventType=0x10, addressType=1, address=163DD5_B, primaryPhy=1, secondaryPhy=0, advertisingSid=0xff, txPower=127, rssi=-43, periodicAdvInt=0x0
07-12 19:00:19.502  2183  2356 D BtGatt.GattService: onScanResult to scannerId: 8- eventType=0x1b, addressType=0, address=04FA83_2, primaryPhy=1, secondaryPhy=0, advertisingSid=0xff, txPower=127, rssi=-76, periodicAdvInt=0x0
07-12 19:00:19.514  2183  2356 D BtGatt.GattService: onScanResult to scannerId: 8- eventType=0x1b, addressType=1, address=631F37_D, primaryPhy=1, secondaryPhy=0, advertisingSid=0xff, txPower=127, rssi=-82, periodicAdvInt=0x0
07-12 19:00:19.531  2183  2356 D BtGatt.GattService: onScanResult to scannerId: 8- eventType=0x1b, addressType=0, address=04FA83_2, primaryPhy=1, secondaryPhy=0, advertisingSid=0xff, txPower=127, rssi=-74, periodicAdvInt=0x0
07-12 19:00:19.555  2183  2356 D BtGatt.GattService: onScanResult to scannerId: 8- eventType=0x1b, addressType=0, address=04FA83_2, primaryPhy=1, secondaryPhy=0, advertisingSid=0xff, txPower=127, rssi=-75, periodicAdvInt=0x0
07-12 19:00:19.566  2183  2356 D BtGatt.GattService: onScanResult to scannerId: 6- eventType=0x10, addressType=1, address=2EBF9B_A, primaryPhy=1, secondaryPhy=0, advertisingSid=0xff, txPower=127, rssi=-69, periodicAdvInt=0x0
07-12 19:00:19.567  2183  2356 D BtGatt.GattService: onScanResult to scannerId: 8- eventType=0x10, addressType=1, address=2EBF9B_A, primaryPhy=1, secondaryPhy=0, advertisingSid=0xff, txPower=127, rssi=-69, periodicAdvInt=0x0
07-12 19:00:19.569  2183  2356 D BtGatt.GattService: onScanResult to scannerId: 8- eventType=0x1b, addressType=1, address=53C512_3, primaryPhy=1, secondaryPhy=0, advertisingSid=0xff, txPower=127, rssi=-85, periodicAdvInt=0x0
07-12 19:00:19.679 25330 25418 W droid.apps.docs: Monitor::Inflate: Install failed 0x4530718
07-12 19:00:19.742  2907  9815 I NearbyMediums: Found Fast Ble Advertisements :
07-12 19:00:19.742  2907  9815 I NearbyMediums: BleAdvertisement { version=2, socketVersion=2, isFast=true, serviceIdHash=null, data=[ 0x23 0x33 0x44 0x49 0x32 0x11 0x32 0x1a 0x06 0xf2 0x5e 0x6c 0x8c 0x08 0x09 0xa9 0x9c 0x90 0x24 0xf4 0x30 0xbf 0xe6 ], deviceToken=[ 0x8a 0xac ], rxAdvertisement=[ 0xa0 0x17 0xe9 0xe4 0xf2 0x4f 0xf0 0x85 0x07 0x67 0x13 0x7c 0x1d 0xba 0xf6 0x83 0x64 0xfa 0xd7 0x3b 0xf6 0xdd 0xde 0x76 0x0d 0x11 0x11 0x35 0x8b 0x9e 0xa7 0xe3 0x6b 0x20 0x84 0x15 0x05 0x60 0x00 0x00 0x84 0x15 0x06 0x60 0x00 0x00 0x84 0x15 0x04 0x60 0x00 0x00 0x83 0x15 0x01 0x16 0x71 ] } : 14 times.
07-12 19:00:19.742  2907  9815 I NearbyMediums: Total 14 fast advertisements from 1 unique advertisers.
07-12 19:00:19.742  2907  9815 I NearbyMediums: Current Tracked Scanning Clients are : {NearbyConnections.EnvironmentMonitor, NearbySharing}
07-12 19:00:20.199  1437  1755 I ChimeraAggressivePolicyHandler: executePolicy() - triggerSource: TRIGGER_SOURCE_LMKD
07-12 19:00:20.200  1437  1755 I ChimeraAggressivePolicyHandler: available memory: 1289288, free memory target: 1126400, quit chimera
07-12 19:00:20.341  2183  2356 D BtGatt.GattService: onScanResult to scannerId: 8- eventType=0x1b, addressType=0, address=04FA83_2, primaryPhy=1, secondaryPhy=0, advertisingSid=0xff, txPower=127, rssi=-70, periodicAdvInt=0x0
07-12 19:00:20.347  2183  2356 D BtGatt.GattService: onScanResult to scannerId: 8- eventType=0x1b, addressType=1, address=631F37_D, primaryPhy=1, secondaryPhy=0, advertisingSid=0xff, txPower=127, rssi=-88, periodicAdvInt=0x0
07-12 19:00:20.366  2183  2356 D BtGatt.GattService: onScanResult to scannerId: 8- eventType=0x1b, addressType=0, address=04FA83_2, primaryPhy=1, secondaryPhy=0, advertisingSid=0xff, txPower=127, rssi=-69, periodicAdvInt=0x0
07-12 19:00:20.382  2183  2356 D BtGatt.GattService: onScanResult to scannerId: 8- eventType=0x1b, addressType=1, address=53C512_3, primaryPhy=1, secondaryPhy=0, advertisingSid=0xff, txPower=127, rssi=-89, periodicAdvInt=0x0
07-12 19:00:20.395  2183  2356 D BtGatt.GattService: onScanResult to scannerId: 8- eventType=0x1b, addressType=0, address=04FA83_2, primaryPhy=1, secondaryPhy=0, advertisingSid=0xff, txPower=127, rssi=-68, periodicAdvInt=0x0
07-12 19:00:20.415  2183  2356 D BtGatt.GattService: onScanResult to scannerId: 8- eventType=0x1b, addressType=0, address=04FA83_2, primaryPhy=1, secondaryPhy=0, advertisingSid=0xff, txPower=127, rssi=-69, periodicAdvInt=0x0
07-12 19:00:20.421  2183  2356 D BtGatt.GattService: onScanResult to scannerId: 6- eventType=0x10, addressType=1, address=3CDC5F_D, primaryPhy=1, secondaryPhy=0, advertisingSid=0xff, txPower=127, rssi=-72, periodicAdvInt=0x0
07-12 19:00:20.422  2183  2356 D BtGatt.GattService: onScanResult to scannerId: 8- eventType=0x10, addressType=1, address=3CDC5F_D, primaryPhy=1, secondaryPhy=0, advertisingSid=0xff, txPower=127, rssi=-72, periodicAdvInt=0x0
07-12 19:00:20.429  2183  2356 D BtGatt.GattService: onScanResult to scannerId: 8- eventType=0x10, addressType=1, address=163DD5_B, primaryPhy=1, secondaryPhy=0, advertisingSid=0xff, txPower=127, rssi=-52, periodicAdvInt=0x0
07-12 19:00:20.443  2183  2356 D BtGatt.GattService: onScanResult to scannerId: 8- eventType=0x1b, addressType=0, address=04FA83_2, primaryPhy=1, secondaryPhy=0, advertisingSid=0xff, txPower=127, rssi=-69, periodicAdvInt=0x0
07-12 19:00:20.473  2183  2356 D BtGatt.GattService: onScanResult to scannerId: 8- eventType=0x1b, addressType=0, address=04FA83_2, primaryPhy=1, secondaryPhy=0, advertisingSid=0xff, txPower=127, rssi=-73, periodicAdvInt=0x0
07-12 19:00:20.480   590   590 D io_stats: !@ 179,0 r 520462 14060382 w 106169 2171796 d 0 0 f 0 0 iot 165704 0 th 0 0 0 pt 0 inp 0 0 602.607
07-12 19:00:20.481  1813  1813 I WifiHAL : Get link layer stats
07-12 19:00:20.481  1813  1813 I WifiHAL : GetLinkStatsCommand::create
07-12 19:00:20.481  1813  1813 D android.hardware.wifi@1.0-service-lazy: WifiRequest::create vendor command to iface 40, vendor_id=0x1a11, subcmd=0x1200, res=0
07-12 19:00:20.482  1813  1813 I android.hardware.wifi@1.0-service-lazy: WifiCommand::requestResponse err=-95
07-12 19:00:20.482  1813  1813 I WifiHAL : wifi_get_link_stats: result=-3
07-12 19:00:20.483  1437  1692 E WifiVendorHal: $r8$lambda$s6w0pmKyq6-tDdqCEDbOV_xqgVE(l.1179) failed {.code = ERROR_NOT_SUPPORTED, .description = }
07-12 19:00:20.488  1437  3078 D SemWifiUsabilityStatsMonitor: onWifiUsabilityStats - seqNum 177, isSameBssidAndFreq true
07-12 19:00:20.491  1437  1766 I SemWifiLinkQualityMonitor: Link Qos query: inf. ms / 0 Mbps
07-12 19:00:20.492  1881  1881 D NetworkController.WifiSignalController: notifyListener: visible=true, connected=true, inetCondition=1, isDefault=true, wifiTestReported=true, receivedInetCondition=-1, hideDuringMobileSwitching=false
07-12 19:00:20.492  2183  2356 D BtGatt.GattService: onScanResult to scannerId: 8- eventType=0x1b, addressType=0, address=04FA83_2, primaryPhy=1, secondaryPhy=0, advertisingSid=0xff, txPower=127, rssi=-71, periodicAdvInt=0x0
07-12 19:00:20.503  2183  2356 D BtGatt.GattService: onScanResult to scannerId: 6- eventType=0x0, addressType=1, address=32C731_D, primaryPhy=1, secondaryPhy=1, advertisingSid=0x2, txPower=127, rssi=-82, periodicAdvInt=0x0
07-12 19:00:20.518  2183  2356 D BtGatt.GattService: onScanResult to scannerId: 8- eventType=0x1b, addressType=0, address=04FA83_2, primaryPhy=1, secondaryPhy=0, advertisingSid=0xff, txPower=127, rssi=-72, periodicAdvInt=0x0
07-12 19:00:20.526   901   901 I BufferQueueProducer: [StatusBar$_1881#83](this:0xb400007972586838,id:-1,api:0,p:-1,c:901) queueBuffer: fps=0.33 dur=3011.77 max=3011.77 min=3011.77
07-12 19:00:20.528   852   932 I hwcomposer: [HWCDisplay] [Display_0 (type:1)] fps:3.596709,dur:1946.22,max:1735.24,min:10.94  
07-12 19:00:20.632  1437  1652 D InputReader: Btn_touch(11): value=1 when=602.759269
07-12 19:00:20.633  1437  1652 I InputReader: Touch event's action is 0x0 (id=2, t=0) [pCnt=1, s=0.34 ] when=602.759269
07-12 19:00:20.633  1437  1651 I InputDispatcher: Delivering touch to (1881): action: 0x4, f=0x0, d=0, '1cbe2fd', t=1 
07-12 19:00:20.633  1437  1651 I InputDispatcher: Delivering touch to (24598): action: 0x0, f=0x0, d=0, 'a17b2c3', t=1 
07-12 19:00:20.633  1437  1651 D PowerManagerService: [api] userActivityFromNative :  (event: 2 flags: 0 displayId: 0) eventTime = 602759
07-12 19:00:20.634  1437  1466 I GestureDetector: obtain mCurrentDownEvent. id: 30358875 caller: com.android.server.wm.SystemGesturesPointerEventListener.onPointerEvent:203 com.android.server.wm.PointerEventDispatcher.onInputEvent:53 android.view.InputEventReceiver.dispatchInputEvent:285 
07-12 19:00:20.634  1437  1466 I GestureDetector: obtain mCurrentDownEvent. id: 30358875 caller: com.android.server.wm.SystemPerformancePointerEventListener.onPointerEvent:89 com.android.server.wm.PointerEventDispatcher.onInputEvent:53 android.view.InputEventReceiver.dispatchInputEvent:285 
07-12 19:00:20.637  1437  1466 I GestureDetector: obtain mCurrentMotionEventRaw. action: 2 id: 722238878
07-12 19:00:20.637  1437  1466 I GestureDetector: obtain mCurrentMotionEventRaw. action: 2 id: 722238878
07-12 19:00:20.716  1437  1652 D InputReader: Btn_touch(11): value=0 when=602.843275
07-12 19:00:20.716  1437  1652 I InputReader: Touch event's action is 0x1 (id=2, t=0) [pCnt=1, s=] when=602.843275
07-12 19:00:20.717  1437  1651 I InputDispatcher: Delivering touch to (24598): action: 0x1, f=0x0, d=0, 'a17b2c3', t=1 
07-12 19:00:20.851  1245  1245 D connsyslogger: Open FIFO for close
07-12 19:00:20.901  1881  1989 D MobileStatusTracker(1/1): onSignalStrengthsChanged level=3, vendorLevel=2
07-12 19:00:20.901  2807  3161 I EPDG -- SIM1 [SMARTCELLULAR]: onSignalStrengthsChanged: SignalStrength:{mCdma=Invalid,mGsm=Invalid,mWcdma=Invalid,mTdscdma=Invalid,mLte=CellSignalStrengthLte: rssi=-107 rsrp=-106 rsrq=-11 rssnr=2 cqiTableIndex=2147483647 cqi=2147483647 ta=2147483647 level=3 parametersUseForLevel=0,mNr=Invalid,SignalBarInfo{ lteLevel=2 },rat=14,primary=CellSignalStrengthLte}
07-12 19:00:20.901  2807  3219 I EPDG -- SIM1 [SMARTCELLULAR]: lastLteRSRP is -106 currentLteRSRP is -106 lastLteRSRQ is -12 currentLteRSRQ is -11 lastLteSNR is 2 currentLteSNR is 2
07-12 19:00:20.902  1881  1989 D MobileSignalController(1/1): notifyListener: enabled=true, connected=true, dataConnected=false, networkType=IWLAN (4G), emergencyOnly=false, roaming=false, isDefault=false, dataActivity=, level=2, ca=false, mmWave=false, disabledDataIcon=false, simCard=ETC
07-12 19:00:20.902  1881  1989 D NetworkController: SignalStrength from intent slotId=1
07-12 19:00:20.934  1437  1466 I GestureDetector: handleMessage TAP
07-12 19:00:20.934  1437  1437 I GestureDetector: handleMessage TAP
07-12 19:00:21.290  2183  2356 D BtGatt.GattService: onScanResult to scannerId: 8- eventType=0x1b, addressType=0, address=04FA83_2, primaryPhy=1, secondaryPhy=0, advertisingSid=0xff, txPower=127, rssi=-71, periodicAdvInt=0x0
07-12 19:00:21.312  2183  2356 D BtGatt.GattService: onScanResult to scannerId: 8- eventType=0x1b, addressType=0, address=04FA83_2, primaryPhy=1, secondaryPhy=0, advertisingSid=0xff, txPower=127, rssi=-72, periodicAdvInt=0x0
07-12 19:00:21.325  2183  2356 D BtGatt.GattService: onScanResult to scannerId: 8- eventType=0x1a, addressType=1, address=52AF23_A, primaryPhy=1, secondaryPhy=0, advertisingSid=0xff, txPower=127, rssi=-81, periodicAdvInt=0x0
07-12 19:00:21.341  2183  2356 D BtGatt.GattService: onScanResult to scannerId: 8- eventType=0x1b, addressType=0, address=04FA83_2, primaryPhy=1, secondaryPhy=0, advertisingSid=0xff, txPower=127, rssi=-70, periodicAdvInt=0x0
07-12 19:00:21.359  2183  2356 D BtGatt.GattService: onScanResult to scannerId: 6- eventType=0x0, addressType=1, address=32C731_D, primaryPhy=1, secondaryPhy=1, advertisingSid=0x2, txPower=127, rssi=-73, periodicAdvInt=0x0
07-12 19:00:21.370  2183  2356 D BtGatt.GattService: onScanResult to scannerId: 8- eventType=0x1b, addressType=0, address=04FA83_2, primaryPhy=1, secondaryPhy=0, advertisingSid=0xff, txPower=127, rssi=-71, periodicAdvInt=0x0
07-12 19:00:21.396  2183  2356 D BtGatt.GattService: onScanResult to scannerId: 8- eventType=0x10, addressType=1, address=163DD5_B, primaryPhy=1, secondaryPhy=0, advertisingSid=0xff, txPower=127, rssi=-49, periodicAdvInt=0x0
07-12 19:00:21.398  2183  2356 D BtGatt.GattService: onScanResult to scannerId: 8- eventType=0x1b, addressType=0, address=04FA83_2, primaryPhy=1, secondaryPhy=0, advertisingSid=0xff, txPower=127, rssi=-71, periodicAdvInt=0x0
07-12 19:00:21.407   541   541 I lmkd    : 0(delay), 50(swap), 2(freelimit), 0(reentrymode) memory pressure events were skipped after a kill!
07-12 19:00:21.424  2183  2356 D BtGatt.GattService: onScanResult to scannerId: 8- eventType=0x1b, addressType=0, address=04FA83_2, primaryPhy=1, secondaryPhy=0, advertisingSid=0xff, txPower=127, rssi=-71, periodicAdvInt=0x0
07-12 19:00:21.442  2183  2356 D BtGatt.GattService: onScanResult to scannerId: 8- eventType=0x1b, addressType=1, address=631F37_D, primaryPhy=1, secondaryPhy=0, advertisingSid=0xff, txPower=127, rssi=-79, periodicAdvInt=0x0
07-12 19:00:21.449  2183  2356 D BtGatt.GattService: onScanResult to scannerId: 8- eventType=0x1b, addressType=0, address=04FA83_2, primaryPhy=1, secondaryPhy=0, advertisingSid=0xff, txPower=127, rssi=-72, periodicAdvInt=0x0
07-12 19:00:21.470  2183  2356 D BtGatt.GattService: onScanResult to scannerId: 8- eventType=0x1b, addressType=0, address=04FA83_2, primaryPhy=1, secondaryPhy=0, advertisingSid=0xff, txPower=127, rssi=-71, periodicAdvInt=0x0
07-12 19:00:21.476  2183  2356 D BtGatt.GattService: onScanResult to scannerId: 8- eventType=0x1b, addressType=1, address=53C512_3, primaryPhy=1, secondaryPhy=0, advertisingSid=0xff, txPower=127, rssi=-87, periodicAdvInt=0x0
07-12 19:00:22.189  1881  1989 D MobileStatusTracker(1/1): onSignalStrengthsChanged level=3, vendorLevel=2
07-12 19:00:22.190  2807  3161 I EPDG -- SIM1 [SMARTCELLULAR]: onSignalStrengthsChanged: SignalStrength:{mCdma=Invalid,mGsm=Invalid,mWcdma=Invalid,mTdscdma=Invalid,mLte=CellSignalStrengthLte: rssi=-107 rsrp=-106 rsrq=-12 rssnr=2 cqiTableIndex=2147483647 cqi=2147483647 ta=2147483647 level=3 parametersUseForLevel=0,mNr=Invalid,SignalBarInfo{ lteLevel=2 },rat=14,primary=CellSignalStrengthLte}
07-12 19:00:22.191  2807  3219 I EPDG -- SIM1 [SMARTCELLULAR]: lastLteRSRP is -106 currentLteRSRP is -106 lastLteRSRQ is -11 currentLteRSRQ is -12 lastLteSNR is 2 currentLteSNR is 2
07-12 19:00:22.191  1881  1989 D MobileSignalController(1/1): notifyListener: enabled=true, connected=true, dataConnected=false, networkType=IWLAN (4G), emergencyOnly=false, roaming=false, isDefault=false, dataActivity=, level=2, ca=false, mmWave=false, disabledDataIcon=false, simCard=ETC
07-12 19:00:22.193  1881  1989 D NetworkController: SignalStrength from intent slotId=1
07-12 19:00:22.263  2183  2356 D BtGatt.GattService: onScanResult to scannerId: 8- eventType=0x1b, addressType=0, address=04FA83_2, primaryPhy=1, secondaryPhy=0, advertisingSid=0xff, txPower=127, rssi=-73, periodicAdvInt=0x0
07-12 19:00:22.277  2183  2356 D BtGatt.GattService: onScanResult to scannerId: 8- eventType=0x1b, addressType=1, address=631F37_D, primaryPhy=1, secondaryPhy=0, advertisingSid=0xff, txPower=127, rssi=-87, periodicAdvInt=0x0
07-12 19:00:22.287  2183  2356 D BtGatt.GattService: onScanResult to scannerId: 8- eventType=0x1b, addressType=0, address=04FA83_2, primaryPhy=1, secondaryPhy=0, advertisingSid=0xff, txPower=127, rssi=-75, periodicAdvInt=0x0
07-12 19:00:22.313  2183  2356 D BtGatt.GattService: onScanResult to scannerId: 8- eventType=0x1b, addressType=1, address=53C512_3, primaryPhy=1, secondaryPhy=0, advertisingSid=0xff, txPower=127, rssi=-100, periodicAdvInt=0x0
07-12 19:00:22.330  2183  2356 D BtGatt.GattService: onScanResult to scannerId: 8- eventType=0x1b, addressType=0, address=04FA83_2, primaryPhy=1, secondaryPhy=0, advertisingSid=0xff, txPower=127, rssi=-75, periodicAdvInt=0x0
07-12 19:00:22.350  2183  2356 D BtGatt.GattService: onScanResult to scannerId: 8- eventType=0x10, addressType=1, address=163DD5_B, primaryPhy=1, secondaryPhy=0, advertisingSid=0xff, txPower=127, rssi=-56, periodicAdvInt=0x0
07-12 19:00:22.366  2183  2356 D BtGatt.GattService: onScanResult to scannerId: 8- eventType=0x1a, addressType=1, address=52AF23_A, primaryPhy=1, secondaryPhy=0, advertisingSid=0xff, txPower=127, rssi=-94, periodicAdvInt=0x0
07-12 19:00:22.415  2183  2356 D BtGatt.GattService: onScanResult to scannerId: 6- eventType=0x10, addressType=1, address=3CDC5F_D, primaryPhy=1, secondaryPhy=0, advertisingSid=0xff, txPower=127, rssi=-86, periodicAdvInt=0x0
07-12 19:00:22.415  2183  2356 D BtGatt.GattService: onScanResult to scannerId: 8- eventType=0x10, addressType=1, address=3CDC5F_D, primaryPhy=1, secondaryPhy=0, advertisingSid=0xff, txPower=127, rssi=-86, periodicAdvInt=0x0
07-12 19:00:22.425 25037 25037 I ASF_FSA[3.5.22.24]: ConnectionManager.hasConnections - [receiver] aware = 0, wlan = 0, internet = 0, p2p connected = true
07-12 19:00:22.426 25037 25037 I ASF_FSA[3.5.22.24]: ServiceTerminator.scheduleTermination -  [ReceiverService] schedule termination in 90000 ms
07-12 19:00:22.432 25037 25037 I ASF_UTILS[3.5.22.24]: AllshareTimer.cancel -  [taskName]ServiceTerminator****:****:****:****:****:****:****:TerminationTask (ReceiverService)
07-12 19:00:22.432 25037 25037 I ASF_UTILS[3.5.22.24]: AllshareTimer.start -  [taskName]ServiceTerminator****:****:****:****:****:****:****:TerminationTask (ReceiverService) [delay]90000 [period]0
07-12 19:00:22.482   590   590 D io_stats: !@ 179,0 r 520536 14062186 w 106341 2173168 d 0 0 f 0 0 iot 165768 0 th 0 0 0 pt 0 inp 0 0 604.608
07-12 19:00:23.211  2183  2356 D BtGatt.GattService: onScanResult to scannerId: 8- eventType=0x1b, addressType=0, address=04FA83_2, primaryPhy=1, secondaryPhy=0, advertisingSid=0xff, txPower=127, rssi=-72, periodicAdvInt=0x0
07-12 19:00:23.233  2183  2356 D BtGatt.GattService: onScanResult to scannerId: 8- eventType=0x1b, addressType=0, address=04FA83_2, primaryPhy=1, secondaryPhy=0, advertisingSid=0xff, txPower=127, rssi=-72, periodicAdvInt=0x0
07-12 19:00:23.256  2183  2356 D BtGatt.GattService: onScanResult to scannerId: 8- eventType=0x1b, addressType=0, address=04FA83_2, primaryPhy=1, secondaryPhy=0, advertisingSid=0xff, txPower=127, rssi=-73, periodicAdvInt=0x0
07-12 19:00:23.276  2183  2356 D BtGatt.GattService: onScanResult to scannerId: 6- eventType=0x10, addressType=1, address=3CDC5F_D, primaryPhy=1, secondaryPhy=0, advertisingSid=0xff, txPower=127, rssi=-82, periodicAdvInt=0x0
07-12 19:00:23.277  2183  2356 D BtGatt.GattService: onScanResult to scannerId: 8- eventType=0x10, addressType=1, address=3CDC5F_D, primaryPhy=1, secondaryPhy=0, advertisingSid=0xff, txPower=127, rssi=-82, periodicAdvInt=0x0
07-12 19:00:23.285  2183  2356 D BtGatt.GattService: onScanResult to scannerId: 8- eventType=0x1b, addressType=0, address=04FA83_2, primaryPhy=1, secondaryPhy=0, advertisingSid=0xff, txPower=127, rssi=-72, periodicAdvInt=0x0
07-12 19:00:23.301  2183  2356 D BtGatt.GattService: onScanResult to scannerId: 8- eventType=0x10, addressType=1, address=163DD5_B, primaryPhy=1, secondaryPhy=0, advertisingSid=0xff, txPower=127, rssi=-50, periodicAdvInt=0x0
07-12 19:00:23.314  2183  2356 D BtGatt.GattService: onScanResult to scannerId: 8- eventType=0x1b, addressType=0, address=04FA83_2, primaryPhy=1, secondaryPhy=0, advertisingSid=0xff, txPower=127, rssi=-72, periodicAdvInt=0x0
07-12 19:00:23.337  2183  2356 D BtGatt.GattService: onScanResult to scannerId: 8- eventType=0x1b, addressType=0, address=04FA83_2, primaryPhy=1, secondaryPhy=0, advertisingSid=0xff, txPower=127, rssi=-72, periodicAdvInt=0x0
07-12 19:00:23.363  2183  2356 D BtGatt.GattService: onScanResult to scannerId: 8- eventType=0x1b, addressType=0, address=04FA83_2, primaryPhy=1, secondaryPhy=0, advertisingSid=0xff, txPower=127, rssi=-72, periodicAdvInt=0x0
07-12 19:00:23.365  2183  2356 D BtGatt.GattService: onScanResult to scannerId: 6- eventType=0x0, addressType=1, address=32C731_D, primaryPhy=1, secondaryPhy=1, advertisingSid=0x2, txPower=127, rssi=-81, periodicAdvInt=0x0
07-12 19:00:23.382  2183  2356 D BtGatt.GattService: onScanResult to scannerId: 8- eventType=0x1b, addressType=1, address=631F37_D, primaryPhy=1, secondaryPhy=0, advertisingSid=0xff, txPower=127, rssi=-88, periodicAdvInt=0x0
07-12 19:00:23.384  2183  2356 D BtGatt.GattService: onScanResult to scannerId: 8- eventType=0x1b, addressType=0, address=04FA83_2, primaryPhy=1, secondaryPhy=0, advertisingSid=0xff, txPower=127, rssi=-72, periodicAdvInt=0x0
07-12 19:00:23.493  1813  1813 I WifiHAL : Get link layer stats
07-12 19:00:23.493  1813  1813 I WifiHAL : GetLinkStatsCommand::create
07-12 19:00:23.493  1813  1813 D android.hardware.wifi@1.0-service-lazy: WifiRequest::create vendor command to iface 40, vendor_id=0x1a11, subcmd=0x1200, res=0
07-12 19:00:23.494  1813  1813 I android.hardware.wifi@1.0-service-lazy: WifiCommand::requestResponse err=-95
07-12 19:00:23.494  1813  1813 I WifiHAL : wifi_get_link_stats: result=-3
07-12 19:00:23.495  1437  1692 E WifiVendorHal: $r8$lambda$s6w0pmKyq6-tDdqCEDbOV_xqgVE(l.1179) failed {.code = ERROR_NOT_SUPPORTED, .description = }
07-12 19:00:23.501  1437  3078 D SemWifiUsabilityStatsMonitor: onWifiUsabilityStats - seqNum 178, isSameBssidAndFreq true
07-12 19:00:23.503  1437  1766 I SemWifiLinkQualityMonitor: Link Qos query: inf. ms / 0 Mbps
07-12 19:00:23.529   853   853 E android.hardware.health@2.1-service-samsung: Could not open /sys/class/power_supply/battery/lrp
07-12 19:00:23.531  1437  1835 D BatteryService: Sending ACTION_BATTERY_CHANGED: level:63, status:2, health:2, ac:false, usb:true, wireless:false, pogo:false, misc:0x20000, charge_type:1, charger_type:0, voltage:3900, temperature:360, online:4, current_avg:93, ps:false, hvc:false, capacity:280000, current_event:0x0, current_now:78, mcc:0, mcv:0, cc:3195000, present:true, scale:100, technology:Li-ion
07-12 19:00:23.534  1437  1635 D MotionRecognitionService: [SAR]  onReceive : ACTION_BATTERY_CHANGED, Plugged: 2
07-12 19:00:23.535  1437  1437 D PhoneWindowManagerExt: ACTION_BATTERY_CHANGED - Level=63, status=2
07-12 19:00:23.535  1437  1799 I DeviceBatteryInfoService: action: android.intent.action.BATTERY_CHANGED
07-12 19:00:23.535  1437  1799 I DeviceBatteryInfoService: phone battery level: 63
07-12 19:00:23.535  1437  1799 I DeviceBatteryInfoService: phone battery status: 2
07-12 19:00:23.536  1437  1437 D AdaptiveBrightnessLongtermModelBuilder: Received android.intent.action.BATTERY_CHANGED
07-12 19:00:23.536  1437  1437 D SemWifiApBroadcastReceiver: Received : android.intent.action.BATTERY_CHANGED
07-12 19:00:23.538  1847  1847 D SemBigDataInfoController: Intent: android.intent.action.BATTERY_CHANGED
07-12 19:00:23.538  1847  1847 D SemBigDataInfoController: Intent: android.intent.action.BATTERY_CHANGED
07-12 19:00:23.539  1881  1881 I PowerUI : mBootCompleted = true |  mFullyConnected = true
07-12 19:00:23.540  1881  1881 I PowerUI : BATTERY_HEALTH_CHECK extraHealth=2 mBatteryMiscEvent=131072
07-12 19:00:23.540  1881  1881 W PowerUI : Plug reason
07-12 19:00:23.540  1881  1881 W PowerUI : Skip charging animation - by plug status
07-12 19:00:23.540  1881  1881 D PowerUI : priorPlugType = 2 mPlugType = 2 priorBatteryStatus = 2 mBatteryStatus = 2
07-12 19:00:23.540  1881  1881 W PowerUI : Plug reason
07-12 19:00:23.540  1881  1881 W PowerUI : Skip charging sound - by plug status
07-12 19:00:23.540  1881  1881 I PowerUI : oldMisalign : false, curMisalign : false
07-12 19:00:23.540  1881  3366 D SecPowerUI.Notification: dismissing low battery warning: level=63
07-12 19:00:23.540  1881  3366 D SecPowerUI.Notification: updateNotification mWarning=false mPlaySound=false
07-12 19:00:23.540  1881  3366 D SecPowerUI.Notification: SecBatteryStatsSnapshot{batteryLevel=63, currentBatteryMode=0, chargingTime=7235000, chargingType=11, batteryHealth=2, automaticTestMode=false, isHiccupState=false}
07-12 19:00:23.542  1881  3366 D SecPowerUI.Notification: 1. restoreScreenTimeOut - saved_value : :
07-12 19:00:23.542  1881  3366 E SecPowerUI.Notification: no saved value, so we do nothing !!
07-12 19:00:23.543  1881  1881 D SecPowerUI.Notification: showChargingNotice oldChargingType : 11 / currentChargingType : 11, oldChargingTime : 7235000 / mChargingTime : 7235000
07-12 19:00:23.543  1881  1881 D SecPowerUI.Notification: There is no change about charging status, so return!
07-12 19:00:23.543  1881  1881 D PowerUI : Battery swelling mode - priorBatterySwellingMode = 0 mBatterySwellingMode = 0 mBatteryStatus = 2
07-12 19:00:23.543  1881  1881 I PowerUI : mBatteryMiscEvent = 131072
07-12 19:00:23.545  1881  1881 I PowerUI : checkShouldTurnOffProtectBattery : 0, Scheduling start ? : false
07-12 19:00:23.545  1881  1881 I PowerUI : Clear time
07-12 19:00:23.546  1437  2288 D SettingsProvider: isChangeAllowed() : name = charger_connected_time
07-12 19:00:23.546  1437  2288 D SettingsProvider: edmUri: content://com.sec.knox.provider/RestrictionPolicy3
07-12 19:00:23.546  1437  2288 D SettingsProvider: projectionArgs: isSettingsChangesAllowed
07-12 19:00:23.546  1437  2288 D SettingsProvider: selectionArgs: false
07-12 19:00:23.546  1437  2288 D SettingsProvider: selectionArgs: 10046
07-12 19:00:23.546  1437  2288 D SecContentProvider: query(), uri = 17 selection = isSettingsChangesAllowed
07-12 19:00:23.546  1437  2288 D SecContentProvider: called from android.uid.systemui:10046
07-12 19:00:23.546  1437  2288 D RestrictionPolicy: isSettingsChangesAllowedAsUser, userId 0 : true
07-12 19:00:23.547  1437  2288 D SettingsProvider: ret = 1
07-12 19:00:23.548  1881  1881 D KeyguardUpdateMonitor: received broadcast android.intent.action.BATTERY_CHANGED
07-12 19:00:23.549  1881  1881 D SamsungBatteryMeterDrawable: onBatteryLevelChanged isSomethingChanged: false
07-12 19:00:23.549  1881  1881 D SamsungBatteryMeterDrawable: onBatteryLevelChanged isSomethingChanged: false
07-12 19:00:23.550  1881  1881 D SamsungBatteryMeterDrawable: onBatteryLevelChanged isSomethingChanged: false
07-12 19:00:23.550  1881  1881 D SamsungBatteryMeterDrawable: onBatteryLevelChanged isSomethingChanged: false
07-12 19:00:23.550  1881  1881 I AODBatteryManager: updateBatteryData: ACTION_BATTERY_CHANGED
07-12 19:00:23.552  1881  1881 I AODBatteryManager: saveBatteryData : AOD BatteryData [mBatteryLevel=63, mBatteryStatus=CHARGING, mBatteryPlugType=USB, mBatteryPlugged=true, mRemainingChargeTime=7235000, mBatteryChargingType=1, mBatteryChargerType=NORMAL, mBatteryOnline=USB, mBatterySwellingMode=NONE, mBatteryProtectMode=false]
07-12 19:00:23.552  1881  1881 D KeyguardUpdateMonitor: handleBatteryUpdate
07-12 19:00:23.634  1437  1507 D PowerManagerService: UserActivityStateListenerState: 0
07-12 19:00:23.754  1437  1652 D InputReader: Btn_touch(11): value=1 when=605.881228
07-12 19:00:23.755  1437  1652 I InputReader: Touch event's action is 0x0 (id=2, t=0) [pCnt=1, s=0.35 ] when=605.881228
07-12 19:00:23.755  1437  1651 I InputDispatcher: Delivering touch to (1881): action: 0x4, f=0x0, d=0, '1cbe2fd', t=1 
07-12 19:00:23.755  1437  1651 I InputDispatcher: Delivering touch to (24598): action: 0x0, f=0x0, d=0, 'a17b2c3', t=1 
07-12 19:00:23.756  1437  1651 D PowerManagerService: [api] userActivityFromNative :  (event: 2 flags: 0 displayId: 0) eventTime = 605881
07-12 19:00:23.756  1437  1466 I GestureDetector: obtain mCurrentDownEvent. id: 519371061 caller: com.android.server.wm.SystemGesturesPointerEventListener.onPointerEvent:203 com.android.server.wm.PointerEventDispatcher.onInputEvent:53 android.view.InputEventReceiver.dispatchInputEvent:285 
07-12 19:00:23.757  1437  1651 D PowerManagerService: UserActivityStateListenerState: 1
07-12 19:00:23.757  1437  1466 I GestureDetector: obtain mCurrentDownEvent. id: 519371061 caller: com.android.server.wm.SystemPerformancePointerEventListener.onPointerEvent:89 com.android.server.wm.PointerEventDispatcher.onInputEvent:53 android.view.InputEventReceiver.dispatchInputEvent:285 
07-12 19:00:23.758  1881  1989 D MobileStatusTracker(0/2): onSignalStrengthsChanged level=4, vendorLevel=4
07-12 19:00:23.760  1881  1989 D MobileSignalController(0/2): notifyListener: enabled=true, connected=true, dataConnected=false, networkType=EDGE (E), emergencyOnly=false, roaming=false, isDefault=false, dataActivity=, level=4, ca=false, mmWave=false, disabledDataIcon=false, simCard=ETC
07-12 19:00:23.760  1881  1989 D NetworkController: SignalStrength from intent slotId=0
07-12 19:00:23.768  1437  1466 I GestureDetector: obtain mCurrentMotionEventRaw. action: 2 id: 171564896
07-12 19:00:23.768  1437  1466 I GestureDetector: obtain mCurrentMotionEventRaw. action: 2 id: 171564896
07-12 19:00:23.839  1437  1652 D InputReader: Btn_touch(11): value=0 when=605.965755
07-12 19:00:23.839  1437  1652 I InputReader: Touch event's action is 0x1 (id=2, t=0) [pCnt=1, s=] when=605.965755
07-12 19:00:23.839  1437  1651 I InputDispatcher: Delivering touch to (24598): action: 0x1, f=0x0, d=0, 'a17b2c3', t=1 
07-12 19:00:24.030  1437  1476 W ActivityManager: Stopping service due to app idle: u0a310 -1m19s939ms com.whatsapp.w4b/com.whatsapp.messageservice.messaging.MessageService
07-12 19:00:24.056  1437  1466 I GestureDetector: handleMessage TAP
07-12 19:00:24.056  1437  1437 I GestureDetector: handleMessage TAP
07-12 19:00:24.175  2183  2356 D BtGatt.GattService: onScanResult to scannerId: 8- eventType=0x1b, addressType=0, address=04FA83_2, primaryPhy=1, secondaryPhy=0, advertisingSid=0xff, txPower=127, rssi=-76, periodicAdvInt=0x0
07-12 19:00:24.199  2183  2356 D BtGatt.GattService: onScanResult to scannerId: 8- eventType=0x1b, addressType=0, address=04FA83_2, primaryPhy=1, secondaryPhy=0, advertisingSid=0xff, txPower=127, rssi=-73, periodicAdvInt=0x0
07-12 19:00:24.203  2183  2356 D BtGatt.GattService: onScanResult to scannerId: 8- eventType=0x1b, addressType=1, address=631F37_D, primaryPhy=1, secondaryPhy=0, advertisingSid=0xff, txPower=127, rssi=-78, periodicAdvInt=0x0
07-12 19:00:24.220  2183  2356 D BtGatt.GattService: onScanResult to scannerId: 8- eventType=0x1b, addressType=0, address=04FA83_2, primaryPhy=1, secondaryPhy=0, advertisingSid=0xff, txPower=127, rssi=-75, periodicAdvInt=0x0
07-12 19:00:24.220  1881  1989 D MobileStatusTracker(0/2): onSignalStrengthsChanged level=4, vendorLevel=4
07-12 19:00:24.221  1881  1989 D MobileSignalController(0/2): notifyListener: enabled=true, connected=true, dataConnected=false, networkType=EDGE (E), emergencyOnly=false, roaming=false, isDefault=false, dataActivity=, level=4, ca=false, mmWave=false, disabledDataIcon=false, simCard=ETC
07-12 19:00:24.221  1881  1989 D NetworkController: SignalStrength from intent slotId=0
07-12 19:00:24.224  2183  2356 D BtGatt.GattService: onScanResult to scannerId: 6- eventType=0x0, addressType=1, address=32C731_D, primaryPhy=1, secondaryPhy=1, advertisingSid=0x2, txPower=127, rssi=-74, periodicAdvInt=0x0
07-12 19:00:24.227  2183  2356 D BtGatt.GattService: onScanResult to scannerId: 8- eventType=0x1b, addressType=1, address=53C512_3, primaryPhy=1, secondaryPhy=0, advertisingSid=0xff, txPower=127, rssi=-91, periodicAdvInt=0x0
07-12 19:00:24.244  2183  2356 D BtGatt.GattService: onScanResult to scannerId: 8- eventType=0x10, addressType=1, address=163DD5_B, primaryPhy=1, secondaryPhy=0, advertisingSid=0xff, txPower=127, rssi=-52, periodicAdvInt=0x0
07-12 19:00:24.273  2183  2356 D BtGatt.GattService: onScanResult to scannerId: 8- eventType=0x1b, addressType=0, address=04FA83_2, primaryPhy=1, secondaryPhy=0, advertisingSid=0xff, txPower=127, rssi=-76, periodicAdvInt=0x0
07-12 19:00:24.298  2183  2356 D BtGatt.GattService: onScanResult to scannerId: 8- eventType=0x1b, addressType=0, address=04FA83_2, primaryPhy=1, secondaryPhy=0, advertisingSid=0xff, txPower=127, rssi=-76, periodicAdvInt=0x0
07-12 19:00:24.324  2183  2356 D BtGatt.GattService: onScanResult to scannerId: 8- eventType=0x1b, addressType=0, address=04FA83_2, primaryPhy=1, secondaryPhy=0, advertisingSid=0xff, txPower=127, rssi=-74, periodicAdvInt=0x0
07-12 19:00:24.352  2183  2356 D BtGatt.GattService: onScanResult to scannerId: 8- eventType=0x1b, addressType=0, address=04FA83_2, primaryPhy=1, secondaryPhy=0, advertisingSid=0xff, txPower=127, rssi=-72, periodicAdvInt=0x0
